
> ernos@2026.2.27 test /Users/mettamazza/Desktop/ErnOS
> node scripts/test-parallel.mjs


[1m[46m RUN [49m[22m [36mv4.0.18 [39m[90m/Users/mettamazza/Desktop/ErnOS[39m


[1m[46m RUN [49m[22m [36mv4.0.18 [39m[90m/Users/mettamazza/Desktop/ErnOS[39m


[1m[46m RUN [49m[22m [36mv4.0.18 [39m[90m/Users/mettamazza/Desktop/ErnOS[39m

 [32m✓[39m extensions/matrix/src/matrix/monitor/events.test.ts [2m([22m[2m6 tests[22m[2m)[22m[32m 158[2mms[22m[39m
 [32m✓[39m extensions/voice-call/src/media-stream.test.ts [2m([22m[2m6 tests[22m[2m)[22m[32m 150[2mms[22m[39m
 [32m✓[39m extensions/matrix/src/matrix/send.test.ts [2m([22m[2m5 tests[22m[2m)[22m[33m 881[2mms[22m[39m
 [32m✓[39m extensions/memory-lancedb/index.test.ts [2m([22m[2m12 tests[22m[2m | [22m[33m1 skipped[39m[2m)[22m[32m 169[2mms[22m[39m
 [32m✓[39m src/process/exec.test.ts [2m([22m[2m6 tests[22m[2m)[22m[33m 1423[2mms[22m[39m
     [33m[2m✓[22m[39m resets no output timer when command keeps emitting output [33m 1261[2mms[22m[39m
 [32m✓[39m test/scripts/ios-team-id.test.ts [2m([22m[2m4 tests[22m[2m)[22m[33m 1658[2mms[22m[39m
     [33m[2m✓[22m[39m falls back to Xcode-managed provisioning profiles when preference teams are empty [33m 592[2mms[22m[39m
     [33m[2m✓[22m[39m honors IOS_PREFERRED_TEAM_ID when multiple profile teams are available [33m 424[2mms[22m[39m
     [33m[2m✓[22m[39m matches preferred team IDs even when parser output uses CRLF line endings [33m 359[2mms[22m[39m
 [32m✓[39m src/agents/pi-embedded-runner.run-embedded-pi-agent.auth-profile-rotation.test.ts [2m([22m[2m13 tests[22m[2m)[22m[33m 2856[2mms[22m[39m
 [32m✓[39m src/agents/subagent-announce.format.test.ts [2m([22m[2m50 tests[22m[2m)[22m[33m 3032[2mms[22m[39m
 [32m✓[39m src/commands/doctor.warns-per-agent-sandbox-docker-browser-prune.test.ts [2m([22m[2m2 tests[22m[2m)[22m[33m 1491[2mms[22m[39m
 [32m✓[39m src/commands/doctor.runs-legacy-state-migrations-yes-mode-without.test.ts [2m([22m[2m4 tests[22m[2m)[22m[33m 3411[2mms[22m[39m
 [32m✓[39m src/commands/doctor.warns-state-directory-is-missing.test.ts [2m([22m[2m3 tests[22m[2m)[22m[33m 1193[2mms[22m[39m
 [32m✓[39m src/secrets/resolve.test.ts [2m([22m[2m14 tests[22m[2m)[22m[33m 1478[2mms[22m[39m
 [32m✓[39m src/commands/doctor-sandbox.warns-sandbox-enabled-without-docker.test.ts [2m([22m[2m4 tests[22m[2m)[22m[33m 1054[2mms[22m[39m
     [33m[2m✓[22m[39m warns when sandbox mode is enabled but Docker is not available [33m 1052[2mms[22m[39m
 [32m✓[39m src/plugins/wired-hooks-after-tool-call.test.ts [2m([22m[2m3 tests[22m[2m)[22m[33m 1095[2mms[22m[39m
 [32m✓[39m src/discord/voice/manager.test.ts [2m([22m[2m5 tests[22m[2m)[22m[33m 5151[2mms[22m[39m
 [32m✓[39m src/discord/monitor.tool-result.accepts-guild-messages-mentionpatterns-match.test.ts [2m([22m[2m7 tests[22m[2m)[22m[33m 2463[2mms[22m[39m
 [32m✓[39m src/line/monitor.lifecycle.test.ts [2m([22m[2m3 tests[22m[2m)[22m[33m 5333[2mms[22m[39m
     [33m[2m✓[22m[39m waits for abort before resolving [33m 5331[2mms[22m[39m
 [32m✓[39m src/telegram/bot.media.stickers-and-fragments.test.ts [2m([22m[2m4 tests[22m[2m)[22m[33m 5164[2mms[22m[39m
 [32m✓[39m src/telegram/bot.media.downloads-media-file-path-no-file-download.test.ts [2m([22m[2m6 tests[22m[2m)[22m[33m 5231[2mms[22m[39m
 [32m✓[39m src/web/auto-reply.web-auto-reply.reconnects-after-connection-close.test.ts [2m([22m[2m5 tests[22m[2m)[22m[33m 5267[2mms[22m[39m
 [32m✓[39m src/auto-reply/reply.triggers.trigger-handling.targets-active-session-native-stop.test.ts [2m([22m[2m3 tests[22m[2m)[22m[33m 2806[2mms[22m[39m
 [32m✓[39m src/agents/subagent-registry.lifecycle-retry-grace.test.ts [2m([22m[2m2 tests[22m[2m)[22m[33m 874[2mms[22m[39m
 [32m✓[39m src/agents/subagent-registry.nested.test.ts [2m([22m[2m4 tests[22m[2m)[22m[33m 890[2mms[22m[39m
 [32m✓[39m src/security/temp-path-guard.test.ts [2m([22m[2m3 tests[22m[2m)[22m[32m 242[2mms[22m[39m
 [32m✓[39m src/agents/pi-embedded-runner.test.ts [2m([22m[2m3 tests[22m[2m)[22m[33m 5731[2mms[22m[39m
 [32m✓[39m src/agents/subagent-registry.archive.test.ts [2m([22m[2m2 tests[22m[2m)[22m[33m 926[2mms[22m[39m
 [32m✓[39m src/agents/observer/observer.test.ts [2m([22m[2m12 tests[22m[2m)[22m[33m 410[2mms[22m[39m
     [33m[2m✓[22m[39m skips audit for very short responses (< 20 chars) [33m 403[2mms[22m[39m
 [32m✓[39m src/agents/sandbox-agent-config.agent-specific-sandbox-config.test.ts [2m([22m[2m9 tests[22m[2m)[22m[33m 1123[2mms[22m[39m
 [32m✓[39m src/commands/models.set.test.ts [2m([22m[2m5 tests[22m[2m)[22m[33m 583[2mms[22m[39m
 [32m✓[39m src/discord/monitor/provider.test.ts [2m([22m[2m3 tests[22m[2m)[22m[33m 917[2mms[22m[39m
     [33m[2m✓[22m[39m stops thread bindings when startup fails before lifecycle begins [33m 915[2mms[22m[39m
 [32m✓[39m src/cli/program.nodes-media.test.ts [2m([22m[2m10 tests[22m[2m)[22m[33m 889[2mms[22m[39m
 [32m✓[39m src/commands/models.list.test.ts [2m([22m[2m11 tests[22m[2m)[22m[33m 524[2mms[22m[39m
 [32m✓[39m src/browser/pw-ai.test.ts [2m([22m[2m6 tests[22m[2m)[22m[33m 744[2mms[22m[39m
 [32m✓[39m src/config/config.meta-timestamp-coercion.test.ts [2m([22m[2m5 tests[22m[2m)[22m[33m 919[2mms[22m[39m
     [33m[2m✓[22m[39m accepts a numeric Unix timestamp and coerces it to an ISO string [33m 670[2mms[22m[39m
 [32m✓[39m src/cli/program.nodes-basic.test.ts [2m([22m[2m7 tests[22m[2m)[22m[33m 694[2mms[22m[39m
 [32m✓[39m src/commands/onboard-channels.test.ts [2m([22m[2m10 tests[22m[2m)[22m[33m 1053[2mms[22m[39m
 [32m✓[39m src/cli/update-cli.test.ts [2m([22m[2m29 tests[22m[2m)[22m[33m 662[2mms[22m[39m
 [32m✓[39m src/browser/extension-relay.test.ts [2m([22m[2m21 tests[22m[2m)[22m[33m 777[2mms[22m[39m
     [33m[2m✓[22m[39m keeps CDP clients alive across a brief extension reconnect [33m 405[2mms[22m[39m
 [32m✓[39m src/agents/skills.test.ts [2m([22m[2m12 tests[22m[2m)[22m[33m 493[2mms[22m[39m
 [32m✓[39m src/agents/pi-model-discovery.compat.test.ts [2m([22m[2m1 test[22m[2m)[22m[33m 671[2mms[22m[39m
     [33m[2m✓[22m[39m loads when InMemoryAuthStorageBackend is not exported [33m 670[2mms[22m[39m
 [32m✓[39m src/docker-setup.test.ts [2m([22m[2m8 tests[22m[2m)[22m[33m 618[2mms[22m[39m
 [32m✓[39m src/agents/skills.buildworkspaceskillsnapshot.test.ts [2m([22m[2m8 tests[22m[2m)[22m[33m 343[2mms[22m[39m
 [32m✓[39m src/agents/skills.build-workspace-skills-prompt.syncs-merged-skills-into-target-workspace.test.ts [2m([22m[2m5 tests[22m[2m)[22m[33m 331[2mms[22m[39m
 [32m✓[39m src/gateway/server.config-apply.test.ts [2m([22m[2m2 tests[22m[2m)[22m[33m 5901[2mms[22m[39m
 [32m✓[39m src/gateway/server.config-patch.test.ts [2m([22m[2m3 tests[22m[2m)[22m[33m 5874[2mms[22m[39m
 [32m✓[39m src/gateway/server.node-invoke-approval-bypass.test.ts [2m([22m[2m3 tests[22m[2m)[22m[33m 6092[2mms[22m[39m
 [32m✓[39m src/memory/index.test.ts [2m([22m[2m9 tests[22m[2m)[22m[32m 174[2mms[22m[39m
 [32m✓[39m src/gateway/server.chat.gateway-server-chat.test.ts [2m([22m[2m4 tests[22m[2m)[22m[33m 6044[2mms[22m[39m
 [32m✓[39m src/agents/skills.agents-skills-directory.test.ts [2m([22m[2m3 tests[22m[2m)[22m[32m 162[2mms[22m[39m
│
◇  Config ───────────────────────────────────────────────────╮
│                                                            │
│  Config invalid; doctor will run with best-effort config.  │
│                                                            │
├────────────────────────────────────────────────────────────╯
│
◇  Config ───────────────────────────────────────────────────╮
│                                                            │
│  Config invalid; doctor will run with best-effort config.  │
│                                                            │
├────────────────────────────────────────────────────────────╯
│
◇  Doctor changes ───────╮
│                        │
│  - gateway.auth.extra  │
│  - bridge              │
│                        │
├────────────────────────╯
│
◇  Config ───────────────────────────────────────────────────╮
│                                                            │
│  Config invalid; doctor will run with best-effort config.  │
│                                                            │
├────────────────────────────────────────────────────────────╯
│
◇  Doctor changes ──────────────────────────────────────────────────╮
│                                                                   │
│  Normalized channels.discord.streaming boolean → enum (partial).  │
│                                                                   │
├───────────────────────────────────────────────────────────────────╯
│
◇  Doctor changes ─────────────────────────────╮
│                                              │
│  Discord configured, enabled automatically.  │
│                                              │
├──────────────────────────────────────────────╯
│
◇  Doctor changes ───────────────╮
│                                │
│  - channels.discord.lifecycle  │
│                                │
├────────────────────────────────╯
│
◇  Doctor changes ───────────────────────────────────────────────╮
│                                                                │
│  Moved channels.telegram single-account top-level values into  │
│  channels.telegram.accounts.default.                           │
│                                                                │
├────────────────────────────────────────────────────────────────╯
│
◇  Doctor changes ──────────────────────────────╮
│                                               │
│  Telegram configured, enabled automatically.  │
│                                               │
├───────────────────────────────────────────────╯
│
◇  Doctor changes ────────────────────────────────────────────────────────╮
│                                                                         │
│  - channels.telegram.groups.-100123.allowFrom: resolved tg:@topicUser   │
│    -> 333                                                               │
│  - channels.telegram.groups.-100123.topics.99.allowFrom: resolved       │
│    @accountUser -> 444                                                  │
│  - channels.telegram.accounts.alerts.allowFrom: resolved @accountUser   │
│    -> 444                                                               │
│  - channels.telegram.accounts.default.allowFrom: resolved @testuser ->  │
│    111                                                                  │
│  - channels.telegram.accounts.default.groupAllowFrom: resolved          │
│    groupUser -> 222                                                     │
│                                                                         │
├─────────────────────────────────────────────────────────────────────────╯
│
◇  Config ───────────────────────────────────────────────────╮
│                                                            │
│  Config invalid; doctor will run with best-effort config.  │
│                                                            │
├────────────────────────────────────────────────────────────╯
│
◇  Doctor changes ──────────────────────────────────────────────╮
│                                                               │
│  Moved channels.discord single-account top-level values into  │
│  channels.discord.accounts.default.                           │
│                                                               │
├───────────────────────────────────────────────────────────────╯
│
◇  Doctor changes ─────────────────────────────╮
│                                              │
│  Discord configured, enabled automatically.  │
│                                              │
├──────────────────────────────────────────────╯
│
◇  Doctor changes ─────────────────────────────────────────────────────────╮
│                                                                          │
│  - channels.discord.dm.allowFrom: converted 1 numeric entry to strings   │
│  - channels.discord.dm.groupChannels: converted 1 numeric entry to       │
│    strings                                                               │
│  - channels.discord.execApprovals.approvers: converted 1 numeric entry   │
│    to strings                                                            │
│  - channels.discord.guilds.100.users: converted 1 numeric entry to       │
│    strings                                                               │
│  - channels.discord.guilds.100.roles: converted 1 numeric entry to       │
│    strings                                                               │
│  - channels.discord.guilds.100.channels.general.users: converted 1       │
│    numeric entry to strings                                              │
│  - channels.discord.guilds.100.channels.general.roles: converted 1       │
│    numeric entry to strings                                              │
│  - channels.discord.accounts.work.allowFrom: converted 1 numeric entry   │
│    to strings                                                            │
│  - channels.discord.accounts.work.dm.allowFrom: converted 1 numeric      │
│    entry to strings                                                      │
│  - channels.discord.accounts.work.dm.groupChannels: converted 1 numeric  │
│    entry to strings                                                      │
│  - channels.discord.accounts.work.execApprovals.approvers: converted 1   │
│    numeric entry to strings                                              │
│  - channels.discord.accounts.work.guilds.200.users: converted 1 numeric  │
│    entry to strings                                                      │
│  - channels.discord.accounts.work.guilds.200.roles: converted 1 numeric  │
│    entry to strings                                                      │
│  - channels.discord.accounts.work.guilds.200.channels.help.users:        │
│    converted 1 numeric entry to strings                                  │
│  - channels.discord.accounts.work.guilds.200.channels.help.roles:        │
│    converted 1 numeric entry to strings                                  │
│  - channels.discord.accounts.default.allowFrom: converted 1 numeric      │
│    entry to strings                                                      │
│                                                                          │
├──────────────────────────────────────────────────────────────────────────╯
│
◇  Doctor changes ─────────────────────────────╮
│                                              │
│  Discord configured, enabled automatically.  │
│                                              │
├──────────────────────────────────────────────╯
│
◇  Config ───────────────────────────────────────────────────╮
│                                                            │
│  Config invalid; doctor will run with best-effort config.  │
│                                                            │
├────────────────────────────────────────────────────────────╯
│
◇  Doctor changes ─────────────────────────────╮
│                                              │
│  Discord configured, enabled automatically.  │
│                                              │
├──────────────────────────────────────────────╯
│
◇  Doctor changes ──────────────────────────────────────────╮
│                                                           │
│  - channels.discord.allowFrom: set to ["*"] (required by  │
│    dmPolicy="open")                                       │
│                                                           │
├───────────────────────────────────────────────────────────╯
│
◇  Config ───────────────────────────────────────────────────╮
│                                                            │
│  Config invalid; doctor will run with best-effort config.  │
│                                                            │
├────────────────────────────────────────────────────────────╯
│
◇  Doctor changes ───────────────────────────╮
│                                            │
│  Slack configured, enabled automatically.  │
│                                            │
├────────────────────────────────────────────╯
│
◇  Doctor changes ──────────────────────────────────────────────────────╮
│                                                                       │
│  - channels.slack.allowFrom: added "*" (required by dmPolicy="open")  │
│                                                                       │
├───────────────────────────────────────────────────────────────────────╯
│
◇  Config ───────────────────────────────────────────────────╮
│                                                            │
│  Config invalid; doctor will run with best-effort config.  │
│                                                            │
├────────────────────────────────────────────────────────────╯
│
◇  Doctor changes ────────────────────────────────────────────────────╮
│                                                                     │
│  Moved channels.discord.dm.allowFrom → channels.discord.allowFrom.  │
│  Removed empty channels.discord.dm after migration.                 │
│                                                                     │
├─────────────────────────────────────────────────────────────────────╯
│
◇  Doctor changes ─────────────────────────────╮
│                                              │
│  Discord configured, enabled automatically.  │
│                                              │
├──────────────────────────────────────────────╯
│
◇  Doctor changes ────────────────────────────────────────────────────────╮
│                                                                         │
│  - channels.discord.allowFrom: added "*" (required by dmPolicy="open")  │
│                                                                         │
├─────────────────────────────────────────────────────────────────────────╯
│
◇  Doctor changes ─────────────────────────────╮
│                                              │
│  Discord configured, enabled automatically.  │
│                                              │
├──────────────────────────────────────────────╯
│
◇  Config ───────────────────────────────────────────────────╮
│                                                            │
│  Config invalid; doctor will run with best-effort config.  │
│                                                            │
├────────────────────────────────────────────────────────────╯
│
◇  Doctor changes ──────────────────────────────────────────────╮
│                                                               │
│  Moved channels.discord single-account top-level values into  │
│  channels.discord.accounts.default.                           │
│                                                               │
├───────────────────────────────────────────────────────────────╯
│
◇  Doctor changes ─────────────────────────────╮
│                                              │
│  Discord configured, enabled automatically.  │
│                                              │
├──────────────────────────────────────────────╯
│
◇  Doctor changes ────────────────────────────────────────────────────────╮
│                                                                         │
│  - channels.discord.accounts.work.allowFrom: set to ["*"] (required by  │
│    dmPolicy="open")                                                     │
│                                                                         │
├─────────────────────────────────────────────────────────────────────────╯
│
◇  Config ───────────────────────────────────────────────────╮
│                                                            │
│  Config invalid; doctor will run with best-effort config.  │
│                                                            │
├────────────────────────────────────────────────────────────╯
│
◇  Doctor changes ──────────────────────────────╮
│                                               │
│  Telegram configured, enabled automatically.  │
│                                               │
├───────────────────────────────────────────────╯
│
◇  Doctor changes ──────────────────────────────────────────────────────╮
│                                                                       │
│  - channels.telegram.allowFrom: restored 1 sender entry from pairing  │
│    store (dmPolicy="allowlist").                                      │
│                                                                       │
├───────────────────────────────────────────────────────────────────────╯
│
◇  Doctor changes ──────────────────────────────╮
│                                               │
│  WhatsApp configured, enabled automatically.  │
│                                               │
├───────────────────────────────────────────────╯
│
◇  Doctor changes ───────────────────────────────────────────────────────╮
│                                                                        │
│  - channels.whatsapp.groups.123@g.us.toolsBySender: migrated 1 legacy  │
│    key to typed id: entries (owner (kept existing id:owner), alice ->  │
│    id:alice).                                                          │
│  - channels.whatsapp.groups.123@g.us.toolsBySender: removed 1 legacy   │
│    key where typed id: entries already existed.                        │
│                                                                        │
├────────────────────────────────────────────────────────────────────────╯
│
◇  Config ───────────────────────────────────────────────────╮
│                                                            │
│  Config invalid; doctor will run with best-effort config.  │
│                                                            │
├────────────────────────────────────────────────────────────╯
│
◇  Doctor changes ─────────────────────────────────╮
│                                                  │
│  Google Chat configured, enabled automatically.  │
│                                                  │
├──────────────────────────────────────────────────╯
│
◇  Doctor changes ────────────────────────────────────────────────╮
│                                                                 │
│  - channels.googlechat.dm.allowFrom: set to ["*"] (required by  │
│    dmPolicy="open")                                             │
│                                                                 │
├─────────────────────────────────────────────────────────────────╯
│
◇  Config ───────────────────────────────────────────────────╮
│                                                            │
│  Config invalid; doctor will run with best-effort config.  │
│                                                            │
├────────────────────────────────────────────────────────────╯
│
◇  Doctor changes ─────────────────────────────────╮
│                                                  │
│  Google Chat configured, enabled automatically.  │
│                                                  │
├──────────────────────────────────────────────────╯
│
◇  Doctor warnings ─────────────────────────────────────────────────────╮
│                                                                       │
│  - channels.googlechat: accounts.default is missing and no valid      │
│    account-scoped binding exists for configured accounts (work).      │
│    Channel-only bindings (no accountId) match only default. Add       │
│    bindings[].match.accountId for one of these accounts (or "*"), or  │
│    add channels.googlechat.accounts.default.                          │
│                                                                       │
├───────────────────────────────────────────────────────────────────────╯
│
◇  Doctor changes ─────────────────────────────────────────────────╮
│                                                                  │
│  - channels.googlechat.accounts.work.dm.allowFrom: set to ["*"]  │
│    (required by dmPolicy="open")                                 │
│                                                                  │
├──────────────────────────────────────────────────────────────────╯
│
◇  Config ───────────────────────────────────────────────────╮
│                                                            │
│  Config invalid; doctor will run with best-effort config.  │
│                                                            │
├────────────────────────────────────────────────────────────╯
│
◇  Doctor changes ─────────────────────────────────╮
│                                                  │
│  Google Chat configured, enabled automatically.  │
│                                                  │
├──────────────────────────────────────────────────╯
│
◇  Doctor changes ────────────────────────────────────────────────╮
│                                                                 │
│  - channels.googlechat.dm.allowFrom: set to ["*"] (required by  │
│    dmPolicy="open")                                             │
│                                                                 │
├─────────────────────────────────────────────────────────────────╯
│
◇  Doctor changes ──────────────────╮
│                                   │
│  - channels.googlechat.allowFrom  │
│                                   │
├───────────────────────────────────╯
 [32m✓[39m src/commands/doctor-config-flow.test.ts [2m([22m[2m17 tests[22m[2m)[22m[32m 263[2mms[22m[39m
 [32m✓[39m src/auto-reply/reply/agent-runner.runreplyagent.test.ts [2m([22m[2m36 tests[22m[2m)[22m[33m 477[2mms[22m[39m
 [32m✓[39m src/auto-reply/reply.directive.directive-behavior.defaults-think-low-reasoning-capable-models-no.test.ts [2m([22m[2m7 tests[22m[2m)[22m[33m 425[2mms[22m[39m
 [32m✓[39m src/gateway/server.auth.test.ts [2m([22m[2m39 tests[22m[2m)[22m[33m 6705[2mms[22m[39m
 [32m✓[39m src/security/audit.test.ts [2m([22m[2m79 tests[22m[2m)[22m[33m 517[2mms[22m[39m
 [32m✓[39m src/hooks/bundled/session-memory/handler.test.ts [2m([22m[2m16 tests[22m[2m)[22m[32m 202[2mms[22m[39m
 [32m✓[39m src/config/config.plugin-validation.test.ts [2m([22m[2m11 tests[22m[2m)[22m[32m 233[2mms[22m[39m
 [32m✓[39m src/commands/agent.test.ts [2m([22m[2m24 tests[22m[2m)[22m[33m 386[2mms[22m[39m
 [32m✓[39m src/commands/agent.acp.test.ts [2m([22m[2m5 tests[22m[2m)[22m[33m 306[2mms[22m[39m
 [32m✓[39m src/auto-reply/reply/session.test.ts [2m([22m[2m35 tests[22m[2m)[22m[32m 275[2mms[22m[39m
 [32m✓[39m src/cli/program.smoke.test.ts [2m([22m[2m5 tests[22m[2m)[22m[33m 387[2mms[22m[39m
 [32m✓[39m extensions/nostr/src/nostr-profile.fuzz.test.ts [2m([22m[2m51 tests[22m[2m)[22m[32m 99[2mms[22m[39m
 [32m✓[39m src/memory/qmd-manager.test.ts [2m([22m[2m48 tests[22m[2m)[22m[32m 212[2mms[22m[39m
 [32m✓[39m extensions/feishu/src/monitor.webhook-security.test.ts [2m([22m[2m3 tests[22m[2m)[22m[32m 129[2mms[22m[39m
 [32m✓[39m extensions/bluebubbles/src/monitor.test.ts [2m([22m[2m68 tests[22m[2m)[22m[32m 214[2mms[22m[39m
 [32m✓[39m test/git-hooks-pre-commit.test.ts [2m([22m[2m1 test[22m[2m)[22m[32m 255[2mms[22m[39m
 [32m✓[39m src/auto-reply/reply.directive.directive-behavior.prefers-alias-matches-fuzzy-selection-is-ambiguous.test.ts [2m([22m[2m5 tests[22m[2m)[22m[33m 489[2mms[22m[39m
 [32m✓[39m src/auto-reply/reply.directive.directive-behavior.applies-inline-reasoning-mixed-messages-acks-immediately.test.ts [2m([22m[2m7 tests[22m[2m)[22m[33m 384[2mms[22m[39m
 [32m✓[39m src/agents/bash-tools.test.ts [2m([22m[2m15 tests[22m[2m)[22m[32m 228[2mms[22m[39m
 [32m✓[39m extensions/mattermost/src/mattermost/reconnect.test.ts [2m([22m[2m9 tests[22m[2m)[22m[32m 70[2mms[22m[39m
 [32m✓[39m src/commands/onboard-non-interactive.provider-auth.test.ts [2m([22m[2m33 tests[22m[2m)[22m[33m 357[2mms[22m[39m
 [32m✓[39m src/config/io.write-config.test.ts [2m([22m[2m15 tests[22m[2m)[22m[32m 146[2mms[22m[39m
 [32m✓[39m src/process/supervisor/supervisor.test.ts [2m([22m[2m5 tests[22m[2m)[22m[33m 339[2mms[22m[39m
 [32m✓[39m src/agents/skills.build-workspace-skills-prompt.prefers-workspace-skills-managed-skills.test.ts [2m([22m[2m3 tests[22m[2m)[22m[33m 360[2mms[22m[39m
 [32m✓[39m src/config/schema.test.ts [2m([22m[2m5 tests[22m[2m)[22m[33m 342[2mms[22m[39m
     [33m[2m✓[22m[39m exports schema + hints [33m 321[2mms[22m[39m
 [32m✓[39m src/agents/bash-tools.exec.background-abort.test.ts [2m([22m[2m5 tests[22m[2m)[22m[33m 360[2mms[22m[39m
 [32m✓[39m src/agents/workspace.test.ts [2m([22m[2m15 tests[22m[2m)[22m[32m 144[2mms[22m[39m
 [32m✓[39m src/cron/service.issue-regressions.test.ts [2m([22m[2m24 tests[22m[2m)[22m[33m 318[2mms[22m[39m
 [32m✓[39m src/agents/skills-install.test.ts [2m([22m[2m2 tests[22m[2m)[22m[32m 165[2mms[22m[39m
 [32m✓[39m src/media-understanding/apply.test.ts [2m([22m[2m28 tests[22m[2m)[22m[33m 408[2mms[22m[39m
 [32m✓[39m src/config/schema.tags.test.ts [2m([22m[2m4 tests[22m[2m)[22m[33m 326[2mms[22m[39m
     [33m[2m✓[22m[39m covers core/built-in config paths with tags [33m 322[2mms[22m[39m
 [32m✓[39m src/telegram/webhook.test.ts [2m([22m[2m11 tests[22m[2m)[22m[32m 298[2mms[22m[39m
 [32m✓[39m src/gateway/server-methods/server-methods.test.ts [2m([22m[2m39 tests[22m[2m)[22m[33m 4033[2mms[22m[39m
     [33m[2m✓[22m[39m stores versioned system.run binding and sorted env keys on approval request [33m 2002[2mms[22m[39m
     [33m[2m✓[22m[39m prefers systemRunPlanV2 canonical command/cwd when present [33m 2000[2mms[22m[39m
 [32m✓[39m src/telegram/bot.create-telegram-bot.test.ts [2m([22m[2m45 tests[22m[2m)[22m[33m 480[2mms[22m[39m
 [32m✓[39m src/agents/bash-tools.exec.approval-id.test.ts [2m([22m[2m8 tests[22m[2m)[22m[32m 267[2mms[22m[39m
 [32m✓[39m src/plugins/install.test.ts [2m([22m[2m17 tests[22m[2m)[22m[33m 508[2mms[22m[39m
[90mstdout[2m | src/gateway/server.models-voicewake-misc.test.ts
[22m[39m[MemoryStore] Initializing the Five-Tier Central Nervous System...
KnowledgeGraph connected to Neo4j successfully.

[90mstdout[2m | src/gateway/server.models-voicewake-misc.test.ts
[22m[39mKnowledgeGraph Schema Initialized.

[90mstdout[2m | src/gateway/server.models-voicewake-misc.test.ts
[22m[39m[IMA] Autonomy Loop STARTED (idle threshold: 45s)

[90mstdout[2m | src/gateway/server.models-voicewake-misc.test.ts
[22m[39m[IMA] Autonomy Loop STOPPED.

 [31m❯[39m src/gateway/server.models-voicewake-misc.test.ts [2m([22m[2m11 tests[22m[2m | [22m[31m2 failed[39m[2m)[22m[33m 2217[2mms[22m[39m
     [32m✓[39m voicewake.get returns defaults and voicewake.set broadcasts[32m 19[2mms[22m[39m
     [32m✓[39m pushes voicewake.changed to nodes on connect and on updates[32m 30[2mms[22m[39m
[31m     [31m×[31m models.list returns model catalog[39m[32m 38[2mms[22m[39m
[31m     [31m×[31m models.list filters to allowlisted configured models by default[39m[32m 7[2mms[22m[39m
     [32m✓[39m models.list includes synthetic entries for allowlist models absent from catalog[32m 43[2mms[22m[39m
     [32m✓[39m models.list rejects unknown params[32m 5[2mms[22m[39m
     [32m✓[39m hello-ok advertises the gateway port for canvas host[32m 3[2mms[22m[39m
     [32m✓[39m send dedupes by idempotencyKey[32m 57[2mms[22m[39m
     [32m✓[39m auto-enables configured channel plugins on startup[32m 22[2mms[22m[39m
     [32m✓[39m refuses to start when port already bound[32m 12[2mms[22m[39m
     [32m✓[39m releases port after close[32m 23[2mms[22m[39m
 [32m✓[39m src/gateway/server.hooks.test.ts [2m([22m[2m7 tests[22m[2m)[22m[33m 2225[2mms[22m[39m
 [32m✓[39m src/gateway/server.talk-config.test.ts [2m([22m[2m4 tests[22m[2m)[22m[33m 2279[2mms[22m[39m
 [32m✓[39m src/commands/auth-choice.test.ts [2m([22m[2m26 tests[22m[2m)[22m[33m 425[2mms[22m[39m
 [32m✓[39m src/plugins/loader.test.ts [2m([22m[2m23 tests[22m[2m)[22m[33m 458[2mms[22m[39m
 [32m✓[39m src/agents/sandbox/registry.test.ts [2m([22m[2m6 tests[22m[2m)[22m[32m 294[2mms[22m[39m
 [32m✓[39m src/gateway/server.sessions.gateway-server-sessions-a.test.ts [2m([22m[2m19 tests[22m[2m)[22m[33m 2769[2mms[22m[39m
 [32m✓[39m src/secrets/audit.test.ts [2m([22m[2m4 tests[22m[2m)[22m[33m 361[2mms[22m[39m
 [32m✓[39m extensions/acpx/src/runtime.test.ts [2m([22m[2m12 tests[22m[2m)[22m[33m 3306[2mms[22m[39m
     [33m[2m✓[22m[39m passes the shared ACP adapter contract suite [33m 667[2mms[22m[39m
     [33m[2m✓[22m[39m supports cancel and close using encoded runtime handle state [33m 303[2mms[22m[39m
     [33m[2m✓[22m[39m exposes control capabilities and runs set-mode/set/status commands [33m 600[2mms[22m[39m
     [33m[2m✓[22m[39m skips prompt execution when runTurn starts with an already-aborted signal [33m 312[2mms[22m[39m
 [32m✓[39m src/media/store.test.ts [2m([22m[2m18 tests[22m[2m)[22m[32m 184[2mms[22m[39m
 [32m✓[39m src/agents/sandbox/validate-sandbox-security.test.ts [2m([22m[2m24 tests[22m[2m)[22m[33m 336[2mms[22m[39m
 [32m✓[39m src/gateway/server.cron.test.ts [2m([22m[2m3 tests[22m[2m)[22m[33m 2694[2mms[22m[39m
 [32m✓[39m src/agents/sandbox-skills.test.ts [2m([22m[2m2 tests[22m[2m)[22m[32m 293[2mms[22m[39m
 [32m✓[39m src/agents/skills-install-fallback.test.ts [2m([22m[2m3 tests[22m[2m)[22m[33m 391[2mms[22m[39m
 [32m✓[39m src/infra/boundary-path.test.ts [2m([22m[2m5 tests[22m[2m)[22m[32m 211[2mms[22m[39m
 [32m✓[39m src/config/sessions.test.ts [2m([22m[2m35 tests[22m[2m)[22m[33m 441[2mms[22m[39m
 [32m✓[39m src/agents/tools/web-tools.fetch.test.ts [2m([22m[2m14 tests[22m[2m)[22m[32m 294[2mms[22m[39m
 [32m✓[39m src/agents/skills.loadworkspaceskillentries.test.ts [2m([22m[2m3 tests[22m[2m)[22m[32m 181[2mms[22m[39m
 [32m✓[39m extensions/zalo/src/monitor.webhook.test.ts [2m([22m[2m5 tests[22m[2m)[22m[32m 84[2mms[22m[39m
 [32m✓[39m src/commands/doctor-state-migrations.test.ts [2m([22m[2m22 tests[22m[2m)[22m[32m 191[2mms[22m[39m
 [32m✓[39m src/config/sessions/store.pruning.integration.test.ts [2m([22m[2m10 tests[22m[2m)[22m[32m 137[2mms[22m[39m
 [32m✓[39m extensions/voice-call/src/manager.test.ts [2m([22m[2m12 tests[22m[2m)[22m[32m 39[2mms[22m[39m
 [32m✓[39m extensions/feishu/src/bot.test.ts [2m([22m[2m9 tests[22m[2m)[22m[32m 93[2mms[22m[39m
 [32m✓[39m src/web/auto-reply.web-auto-reply.compresses-common-formats-jpeg-cap.test.ts [2m([22m[2m6 tests[22m[2m)[22m[33m 356[2mms[22m[39m
 [32m✓[39m src/cron/isolated-agent.uses-last-non-empty-agent-text-as.test.ts [2m([22m[2m19 tests[22m[2m)[22m[33m 451[2mms[22m[39m
 [32m✓[39m src/infra/gateway-lock.test.ts [2m([22m[2m9 tests[22m[2m)[22m[32m 114[2mms[22m[39m
 [32m✓[39m src/agents/bash-tools.process.send-keys.test.ts [2m([22m[2m2 tests[22m[2m)[22m[32m 205[2mms[22m[39m
 [32m✓[39m src/agents/bash-tools.exec.path.test.ts [2m([22m[2m7 tests[22m[2m)[22m[32m 214[2mms[22m[39m
 [32m✓[39m src/agents/tools/image-tool.test.ts [2m([22m[2m26 tests[22m[2m)[22m[32m 215[2mms[22m[39m
 [32m✓[39m src/memory/manager.batch.test.ts [2m([22m[2m3 tests[22m[2m)[22m[32m 158[2mms[22m[39m
 [32m✓[39m src/agents/bash-tools.exec.script-preflight.test.ts [2m([22m[2m4 tests[22m[2m)[22m[32m 273[2mms[22m[39m
 [32m✓[39m src/hooks/install.test.ts [2m([22m[2m14 tests[22m[2m)[22m[33m 332[2mms[22m[39m
 [32m✓[39m src/config/sessions/sessions.test.ts [2m([22m[2m13 tests[22m[2m)[22m[32m 167[2mms[22m[39m
 [32m✓[39m src/gateway/server.reload.test.ts [2m([22m[2m6 tests[22m[2m)[22m[33m 2576[2mms[22m[39m
 [32m✓[39m src/auto-reply/reply.directive.directive-behavior.shows-current-verbose-level-verbose-has-no.test.ts [2m([22m[2m7 tests[22m[2m)[22m[33m 374[2mms[22m[39m
 [32m✓[39m src/agents/tools/web-fetch.ssrf.test.ts [2m([22m[2m5 tests[22m[2m)[22m[32m 195[2mms[22m[39m
 [32m✓[39m src/telegram/bot.test.ts [2m([22m[2m40 tests[22m[2m)[22m[32m 273[2mms[22m[39m
 [32m✓[39m src/agents/tool-images.test.ts [2m([22m[2m5 tests[22m[2m)[22m[32m 157[2mms[22m[39m
 [32m✓[39m src/browser/chrome.test.ts [2m([22m[2m15 tests[22m[2m)[22m[32m 136[2mms[22m[39m
 [32m✓[39m src/gateway/server.tools-catalog.test.ts [2m([22m[2m2 tests[22m[2m)[22m[33m 2571[2mms[22m[39m
 [32m✓[39m src/secrets/apply.test.ts [2m([22m[2m7 tests[22m[2m)[22m[32m 214[2mms[22m[39m
 [32m✓[39m src/infra/update-runner.test.ts [2m([22m[2m16 tests[22m[2m)[22m[32m 199[2mms[22m[39m
 [32m✓[39m src/gateway/server.chat.gateway-server-chat-b.test.ts [2m([22m[2m6 tests[22m[2m)[22m[33m 2759[2mms[22m[39m
 [32m✓[39m src/gateway/server.agent.gateway-server-agent-a.test.ts [2m([22m[2m18 tests[22m[2m)[22m[33m 2739[2mms[22m[39m
 [32m✓[39m src/gateway/server.channels.test.ts [2m([22m[2m3 tests[22m[2m)[22m[33m 2524[2mms[22m[39m
 [32m✓[39m src/config/plugin-auto-enable.test.ts [2m([22m[2m20 tests[22m[2m)[22m[32m 134[2mms[22m[39m
 [32m✓[39m src/slack/monitor/slash.test.ts [2m([22m[2m24 tests[22m[2m)[22m[32m 129[2mms[22m[39m
 [32m✓[39m src/agents/tools/web-tools.readability.test.ts [2m([22m[2m2 tests[22m[2m)[22m[32m 111[2mms[22m[39m
 [32m✓[39m src/cli/daemon-cli.coverage.test.ts [2m([22m[2m5 tests[22m[2m)[22m[32m 159[2mms[22m[39m
 [32m✓[39m extensions/feishu/src/media.test.ts [2m([22m[2m9 tests[22m[2m)[22m[32m 18[2mms[22m[39m
 [32m✓[39m src/browser/server.agent-contract-form-layout-act-commands.test.ts [2m([22m[2m14 tests[22m[2m)[22m[32m 159[2mms[22m[39m
 [32m✓[39m src/channels/plugins/plugins-core.test.ts [2m([22m[2m25 tests[22m[2m)[22m[32m 189[2mms[22m[39m
 [32m✓[39m src/browser/screenshot.test.ts [2m([22m[2m2 tests[22m[2m)[22m[32m 131[2mms[22m[39m
 [32m✓[39m src/cron/isolated-agent.skips-delivery-without-whatsapp-recipient-besteffortdeliver-true.test.ts [2m([22m[2m11 tests[22m[2m)[22m[32m 226[2mms[22m[39m
 [32m✓[39m src/gateway/server.health.test.ts [2m([22m[2m8 tests[22m[2m)[22m[33m 2514[2mms[22m[39m
 [32m✓[39m src/infra/heartbeat-runner.returns-default-unset.test.ts [2m([22m[2m24 tests[22m[2m)[22m[33m 349[2mms[22m[39m
 [32m✓[39m extensions/sprout/src/sprout-tool.test.ts [2m([22m[2m12 tests[22m[2m)[22m[32m 170[2mms[22m[39m
 [32m✓[39m src/memory/batch-voyage.test.ts [2m([22m[2m2 tests[22m[2m)[22m[32m 160[2mms[22m[39m
 [32m✓[39m src/cron/service.issue-16156-list-skips-cron.test.ts [2m([22m[2m3 tests[22m[2m)[22m[32m 73[2mms[22m[39m
 [32m✓[39m src/web/media.test.ts [2m([22m[2m23 tests[22m[2m)[22m[32m 181[2mms[22m[39m
 [32m✓[39m src/config/redact-snapshot.test.ts [2m([22m[2m37 tests[22m[2m)[22m[32m 130[2mms[22m[39m
 [32m✓[39m src/agents/bedrock-discovery.test.ts [2m([22m[2m5 tests[22m[2m)[22m[32m 142[2mms[22m[39m
 [32m✓[39m src/infra/archive.test.ts [2m([22m[2m11 tests[22m[2m)[22m[32m 124[2mms[22m[39m
 [32m✓[39m extensions/bluebubbles/src/media-send.test.ts [2m([22m[2m8 tests[22m[2m)[22m[32m 68[2mms[22m[39m
 [32m✓[39m src/config/config.nix-integration-u3-u5-u9.test.ts [2m([22m[2m19 tests[22m[2m)[22m[32m 171[2mms[22m[39m
 [32m✓[39m src/agents/tools/web-fetch-visibility.test.ts [2m([22m[2m41 tests[22m[2m)[22m[32m 155[2mms[22m[39m
 [32m✓[39m src/infra/device-pairing.test.ts [2m([22m[2m11 tests[22m[2m)[22m[32m 128[2mms[22m[39m
 [32m✓[39m src/config/config.legacy-config-detection.accepts-imessage-dmpolicy.test.ts [2m([22m[2m29 tests[22m[2m)[22m[32m 130[2mms[22m[39m
 [32m✓[39m extensions/nextcloud-talk/src/channel.startup.test.ts [2m([22m[2m2 tests[22m[2m)[22m[32m 44[2mms[22m[39m
 [32m✓[39m src/agents/session-write-lock.test.ts [2m([22m[2m14 tests[22m[2m)[22m[32m 135[2mms[22m[39m
 [32m✓[39m extensions/googlechat/src/channel.startup.test.ts [2m([22m[2m1 test[22m[2m)[22m[32m 46[2mms[22m[39m
 [32m✓[39m src/slack/monitor/message-handler/prepare.test.ts [2m([22m[2m16 tests[22m[2m)[22m[32m 176[2mms[22m[39m
 [32m✓[39m src/agents/pi-tools.before-tool-call.test.ts [2m([22m[2m10 tests[22m[2m)[22m[32m 92[2mms[22m[39m
 [32m✓[39m src/pairing/pairing-store.test.ts [2m([22m[2m14 tests[22m[2m)[22m[32m 171[2mms[22m[39m
 [32m✓[39m src/memory/manager.embedding-batches.test.ts [2m([22m[2m4 tests[22m[2m)[22m[32m 116[2mms[22m[39m
 [32m✓[39m src/infra/fs-safe.test.ts [2m([22m[2m11 tests[22m[2m)[22m[32m 42[2mms[22m[39m
 [32m✓[39m src/agents/apply-patch.test.ts [2m([22m[2m13 tests[22m[2m)[22m[32m 90[2mms[22m[39m
 [32m✓[39m src/acp/control-plane/manager.test.ts [2m([22m[2m25 tests[22m[2m)[22m[32m 110[2mms[22m[39m
 [32m✓[39m src/telegram/bot-native-command-menu.test.ts [2m([22m[2m5 tests[22m[2m)[22m[32m 107[2mms[22m[39m
 [32m✓[39m src/cron/service.persists-delivered-status.test.ts [2m([22m[2m6 tests[22m[2m)[22m[32m 154[2mms[22m[39m
 [32m✓[39m src/integrations/embodiment/embodiment-bridge.test.ts [2m([22m[2m8 tests[22m[2m)[22m[32m 106[2mms[22m[39m
 [32m✓[39m src/hooks/loader.test.ts [2m([22m[2m13 tests[22m[2m)[22m[32m 105[2mms[22m[39m
 [32m✓[39m src/security/fix.test.ts [2m([22m[2m5 tests[22m[2m)[22m[32m 99[2mms[22m[39m
 [32m✓[39m src/infra/outbound/outbound.test.ts [2m([22m[2m58 tests[22m[2m)[22m[32m 204[2mms[22m[39m
 [32m✓[39m src/browser/pw-tools-core.screenshots-element-selector.test.ts [2m([22m[2m6 tests[22m[2m)[22m[32m 113[2mms[22m[39m
 [32m✓[39m src/gateway/server.skills-status.test.ts [2m([22m[2m1 test[22m[2m)[22m[33m 2278[2mms[22m[39m
 [32m✓[39m src/commands/channels.add.test.ts [2m([22m[2m2 tests[22m[2m)[22m[32m 151[2mms[22m[39m
 [32m✓[39m src/memory/manager.async-search.test.ts [2m([22m[2m2 tests[22m[2m)[22m[32m 75[2mms[22m[39m
 [32m✓[39m src/infra/provider-usage.auth.normalizes-keys.test.ts [2m([22m[2m15 tests[22m[2m)[22m[32m 133[2mms[22m[39m
 [32m✓[39m src/gateway/server.auth.browser-hardening.test.ts [2m([22m[2m3 tests[22m[2m)[22m[33m 2104[2mms[22m[39m
 [32m✓[39m src/gateway/openresponses-http.test.ts [2m([22m[2m5 tests[22m[2m)[22m[33m 2287[2mms[22m[39m
 [32m✓[39m src/slack/monitor.tool-result.test.ts [2m([22m[2m24 tests[22m[2m)[22m[32m 158[2mms[22m[39m
 [32m✓[39m src/gateway/openai-http.test.ts [2m([22m[2m4 tests[22m[2m)[22m[33m 2221[2mms[22m[39m
 [32m✓[39m src/infra/heartbeat-runner.respects-ackmaxchars-heartbeat-acks.test.ts [2m([22m[2m12 tests[22m[2m)[22m[32m 204[2mms[22m[39m
 [32m✓[39m src/memory/stream.test.ts [2m([22m[2m7 tests[22m[2m)[22m[32m 262[2mms[22m[39m
 [32m✓[39m src/web/auto-reply.broadcast-groups.broadcasts-sequentially-configured-order.test.ts [2m([22m[2m3 tests[22m[2m)[22m[32m 135[2mms[22m[39m
 [32m✓[39m src/gateway/client.watchdog.test.ts [2m([22m[2m2 tests[22m[2m)[22m[32m 286[2mms[22m[39m
 [32m✓[39m src/agents/skills.compact-skill-paths.test.ts [2m([22m[2m2 tests[22m[2m)[22m[32m 137[2mms[22m[39m
 [32m✓[39m src/commands/doctor-config-flow.safe-bins.test.ts [2m([22m[2m3 tests[22m[2m)[22m[32m 122[2mms[22m[39m
 [32m✓[39m extensions/nostr/src/nostr-profile.test.ts [2m([22m[2m31 tests[22m[2m)[22m[32m 35[2mms[22m[39m
 [32m✓[39m src/gateway/server.sessions-send.test.ts [2m([22m[2m2 tests[22m[2m)[22m[33m 599[2mms[22m[39m
 [32m✓[39m src/acp/server.startup.test.ts [2m([22m[2m2 tests[22m[2m)[22m[32m 89[2mms[22m[39m
 [32m✓[39m extensions/sprout/src/windows-spawn.test.ts [2m([22m[2m5 tests[22m[2m)[22m[32m 58[2mms[22m[39m
 [32m✓[39m src/gateway/gateway.test.ts [2m([22m[2m2 tests[22m[2m)[22m[33m 758[2mms[22m[39m
     [33m[2m✓[22m[39m runs a mock OpenAI tool call end-to-end via gateway agent loop [33m 615[2mms[22m[39m
 [32m✓[39m src/gateway/call.test.ts [2m([22m[2m29 tests[22m[2m)[22m[32m 95[2mms[22m[39m
 [32m✓[39m src/gateway/openresponses-parity.test.ts [2m([22m[2m14 tests[22m[2m)[22m[32m 103[2mms[22m[39m
 [32m✓[39m extensions/twitch/src/onboarding.test.ts [2m([22m[2m15 tests[22m[2m)[22m[32m 33[2mms[22m[39m
 [32m✓[39m src/agents/subagent-registry.persistence.test.ts [2m([22m[2m8 tests[22m[2m)[22m[32m 77[2mms[22m[39m
 [32m✓[39m extensions/msteams/src/attachments.test.ts [2m([22m[2m25 tests[22m[2m)[22m[32m 68[2mms[22m[39m
 [32m✓[39m src/commands/doctor-config-flow.include-warning.test.ts [2m([22m[2m1 test[22m[2m)[22m[32m 50[2mms[22m[39m
 [32m✓[39m src/auto-reply/reply/agent-runner.misc.runreplyagent.test.ts [2m([22m[2m22 tests[22m[2m)[22m[32m 107[2mms[22m[39m
 [32m✓[39m src/agents/workspace.bootstrap-cache.test.ts [2m([22m[2m7 tests[22m[2m)[22m[32m 106[2mms[22m[39m
 [32m✓[39m src/commands/doctor.migrates-routing-allowfrom-channels-whatsapp-allowfrom.test.ts [2m([22m[2m3 tests[22m[2m)[22m[32m 98[2mms[22m[39m
 [32m✓[39m extensions/nextcloud-talk/src/replay-guard.test.ts [2m([22m[2m2 tests[22m[2m)[22m[32m 25[2mms[22m[39m
 [32m✓[39m extensions/feishu/src/bot.checkBotMentioned.test.ts [2m([22m[2m10 tests[22m[2m)[22m[32m 3[2mms[22m[39m
 [32m✓[39m src/cli/program/preaction.test.ts [2m([22m[2m8 tests[22m[2m)[22m[32m 96[2mms[22m[39m
 [32m✓[39m src/memory/internal.test.ts [2m([22m[2m13 tests[22m[2m)[22m[32m 47[2mms[22m[39m
 [32m✓[39m src/cli/nodes-cli.coverage.test.ts [2m([22m[2m4 tests[22m[2m)[22m[32m 89[2mms[22m[39m
 [32m✓[39m src/commands/health.snapshot.test.ts [2m([22m[2m6 tests[22m[2m)[22m[32m 114[2mms[22m[39m
 [32m✓[39m extensions/google-gemini-cli-auth/oauth.test.ts [2m([22m[2m8 tests[22m[2m)[22m[32m 46[2mms[22m[39m
 [32m✓[39m src/cron/service.every-jobs-fire.test.ts [2m([22m[2m3 tests[22m[2m)[22m[32m 93[2mms[22m[39m
 [32m✓[39m src/auto-reply/reply.block-streaming.test.ts [2m([22m[2m3 tests[22m[2m)[22m[32m 103[2mms[22m[39m
 [32m✓[39m src/cli/gateway-cli.coverage.test.ts [2m([22m[2m8 tests[22m[2m)[22m[32m 119[2mms[22m[39m
 [32m✓[39m src/gateway/boot.test.ts [2m([22m[2m11 tests[22m[2m)[22m[32m 174[2mms[22m[39m
 [32m✓[39m src/cron/isolated-agent.delivers-response-has-heartbeat-ok-but-includes.test.ts [2m([22m[2m4 tests[22m[2m)[22m[32m 111[2mms[22m[39m
 [32m✓[39m src/cli/memory-cli.test.ts [2m([22m[2m20 tests[22m[2m)[22m[32m 65[2mms[22m[39m
 [32m✓[39m src/agents/tools/web-tools.enabled-defaults.test.ts [2m([22m[2m29 tests[22m[2m)[22m[32m 226[2mms[22m[39m
 [32m✓[39m src/gateway/control-ui.http.test.ts [2m([22m[2m12 tests[22m[2m)[22m[32m 80[2mms[22m[39m
 [32m✓[39m src/web/auto-reply.web-auto-reply.monitor-logging.test.ts [2m([22m[2m2 tests[22m[2m)[22m[32m 58[2mms[22m[39m
 [32m✓[39m src/agents/pi-tools-agent-config.test.ts [2m([22m[2m21 tests[22m[2m)[22m[32m 133[2mms[22m[39m
 [32m✓[39m src/agents/bash-tools.exec.pty.test.ts [2m([22m[2m1 test[22m[2m)[22m[32m 119[2mms[22m[39m
 [32m✓[39m src/agents/sandbox-paths.test.ts [2m([22m[2m20 tests[22m[2m)[22m[32m 53[2mms[22m[39m
 [32m✓[39m src/commands/doctor-config-flow.missing-default-account-bindings.integration.test.ts [2m([22m[2m1 test[22m[2m)[22m[32m 93[2mms[22m[39m
 [32m✓[39m src/gateway/tools-invoke-http.test.ts [2m([22m[2m12 tests[22m[2m)[22m[32m 47[2mms[22m[39m
 [32m✓[39m src/canvas-host/server.test.ts [2m([22m[2m6 tests[22m[2m)[22m[32m 95[2mms[22m[39m
 [32m✓[39m src/daemon/schtasks.test.ts [2m([22m[2m14 tests[22m[2m)[22m[32m 55[2mms[22m[39m
 [32m✓[39m src/memory/manager.read-file.test.ts [2m([22m[2m4 tests[22m[2m)[22m[32m 74[2mms[22m[39m
 [32m✓[39m src/agents/pi-tools.workspace-paths.test.ts [2m([22m[2m7 tests[22m[2m)[22m[32m 112[2mms[22m[39m
 [32m✓[39m src/cron/service.read-ops-nonblocking.test.ts [2m([22m[2m3 tests[22m[2m)[22m[32m 96[2mms[22m[39m
 [32m✓[39m src/infra/system-presence.version.test.ts [2m([22m[2m3 tests[22m[2m)[22m[32m 75[2mms[22m[39m
 [32m✓[39m src/gateway/channel-health-monitor.test.ts [2m([22m[2m16 tests[22m[2m)[22m[32m 40[2mms[22m[39m
 [32m✓[39m src/gateway/server.roles-allowlist-update.test.ts [2m([22m[2m5 tests[22m[2m)[22m[32m 264[2mms[22m[39m
 [32m✓[39m test/integration/memory-pipeline.test.ts [2m([22m[2m10 tests[22m[2m)[22m[32m 67[2mms[22m[39m
 [32m✓[39m src/agents/session-tool-result-guard.tool-result-persist-hook.test.ts [2m([22m[2m3 tests[22m[2m)[22m[32m 95[2mms[22m[39m
 [32m✓[39m src/gateway/server.canvas-auth.test.ts [2m([22m[2m4 tests[22m[2m)[22m[32m 79[2mms[22m[39m
 [32m✓[39m src/agents/auth-profiles/oauth.fallback-to-main-agent.test.ts [2m([22m[2m7 tests[22m[2m)[22m[32m 66[2mms[22m[39m
 [32m✓[39m src/telegram/send.test.ts [2m([22m[2m51 tests[22m[2m)[22m[32m 81[2mms[22m[39m
 [32m✓[39m src/config/schema.hints.test.ts [2m([22m[2m7 tests[22m[2m)[22m[32m 84[2mms[22m[39m
 [32m✓[39m src/gateway/server.agent.gateway-server-agent-b.test.ts [2m([22m[2m10 tests[22m[2m)[22m[33m 519[2mms[22m[39m
 [32m✓[39m src/cron/service.delivery-plan.test.ts [2m([22m[2m3 tests[22m[2m)[22m[32m 69[2mms[22m[39m
 [32m✓[39m src/memory/temporal.test.ts [2m([22m[2m13 tests[22m[2m)[22m[32m 71[2mms[22m[39m
 [32m✓[39m src/agents/models-config.fills-missing-provider-apikey-from-env-var.test.ts [2m([22m[2m6 tests[22m[2m)[22m[32m 63[2mms[22m[39m
 [32m✓[39m src/telegram/monitor.test.ts [2m([22m[2m13 tests[22m[2m)[22m[32m 75[2mms[22m[39m
 [32m✓[39m src/gateway/tools-invoke-http.cron-regression.test.ts [2m([22m[2m3 tests[22m[2m)[22m[32m 27[2mms[22m[39m
 [32m✓[39m src/cron/run-log.test.ts [2m([22m[2m8 tests[22m[2m)[22m[32m 63[2mms[22m[39m
 [32m✓[39m src/gateway/server-cron.test.ts [2m([22m[2m2 tests[22m[2m)[22m[32m 80[2mms[22m[39m
 [32m✓[39m src/gateway/server.plugin-http-auth.test.ts [2m([22m[2m7 tests[22m[2m)[22m[32m 70[2mms[22m[39m
 [32m✓[39m src/agents/tool-images.log.test.ts [2m([22m[2m2 tests[22m[2m)[22m[32m 67[2mms[22m[39m
 [32m✓[39m src/gateway/server-channels.test.ts [2m([22m[2m3 tests[22m[2m)[22m[32m 28[2mms[22m[39m
 [32m✓[39m extensions/voice-call/src/webhook.test.ts [2m([22m[2m6 tests[22m[2m)[22m[32m 30[2mms[22m[39m
 [32m✓[39m src/cron/service.store.migration.test.ts [2m([22m[2m5 tests[22m[2m)[22m[32m 98[2mms[22m[39m
 [32m✓[39m src/gateway/hooks-mapping.test.ts [2m([22m[2m21 tests[22m[2m)[22m[32m 51[2mms[22m[39m
 [32m✓[39m extensions/line/src/channel.startup.test.ts [2m([22m[2m3 tests[22m[2m)[22m[32m 27[2mms[22m[39m
 [32m✓[39m src/gateway/client.test.ts [2m([22m[2m12 tests[22m[2m)[22m[32m 27[2mms[22m[39m
 [32m✓[39m src/gateway/session-utils.fs.test.ts [2m([22m[2m34 tests[22m[2m)[22m[32m 53[2mms[22m[39m
 [32m✓[39m src/slack/monitor/media.test.ts [2m([22m[2m24 tests[22m[2m)[22m[32m 68[2mms[22m[39m
 [32m✓[39m src/infra/outbound/message-action-runner.test.ts [2m([22m[2m33 tests[22m[2m)[22m[32m 91[2mms[22m[39m
 [32m✓[39m extensions/nostr/src/nostr-bus.test.ts [2m([22m[2m32 tests[22m[2m)[22m[32m 24[2mms[22m[39m
 [32m✓[39m src/cron/service.restart-catchup.test.ts [2m([22m[2m2 tests[22m[2m)[22m[32m 82[2mms[22m[39m
 [32m✓[39m src/infra/heartbeat-runner.ghost-reminder.test.ts [2m([22m[2m6 tests[22m[2m)[22m[32m 120[2mms[22m[39m
 [32m✓[39m src/config/config.pruning-defaults.test.ts [2m([22m[2m6 tests[22m[2m)[22m[32m 88[2mms[22m[39m
 [32m✓[39m extensions/nostr/src/types.test.ts [2m([22m[2m12 tests[22m[2m)[22m[32m 22[2mms[22m[39m
 [32m✓[39m src/gateway/server-methods/agents-mutate.test.ts [2m([22m[2m25 tests[22m[2m)[22m[32m 13[2mms[22m[39m
 [32m✓[39m src/cli/config-cli.test.ts [2m([22m[2m11 tests[22m[2m)[22m[32m 71[2mms[22m[39m
 [32m✓[39m src/agents/claude-cli-runner.test.ts [2m([22m[2m3 tests[22m[2m)[22m[32m 66[2mms[22m[39m
 [32m✓[39m extensions/nostr/src/nostr-state-store.test.ts [2m([22m[2m7 tests[22m[2m)[22m[32m 16[2mms[22m[39m
 [32m✓[39m src/gateway/net.test.ts [2m([22m[2m37 tests[22m[2m)[22m[32m 15[2mms[22m[39m
 [32m✓[39m src/commands/models.list.auth-sync.test.ts [2m([22m[2m2 tests[22m[2m)[22m[32m 73[2mms[22m[39m
 [32m✓[39m extensions/tlon/src/urbit/send.test.ts [2m([22m[2m1 test[22m[2m)[22m[32m 12[2mms[22m[39m
 [32m✓[39m src/browser/server.agent-contract-snapshot-endpoints.test.ts [2m([22m[2m2 tests[22m[2m)[22m[32m 73[2mms[22m[39m
 [32m✓[39m src/agents/ernos-tools.subagents.sessions-spawn.lifecycle.test.ts [2m([22m[2m5 tests[22m[2m)[22m[32m 80[2mms[22m[39m
 [32m✓[39m src/auto-reply/reply/export-html/template.security.test.ts [2m([22m[2m3 tests[22m[2m)[22m[32m 65[2mms[22m[39m
 [32m✓[39m src/browser/paths.test.ts [2m([22m[2m15 tests[22m[2m)[22m[32m 66[2mms[22m[39m
 [32m✓[39m src/hooks/hooks-install.test.ts [2m([22m[2m1 test[22m[2m)[22m[32m 45[2mms[22m[39m
 [32m✓[39m src/agents/cli-runner.test.ts [2m([22m[2m5 tests[22m[2m)[22m[32m 65[2mms[22m[39m
 [32m✓[39m src/commands/gateway-status.test.ts [2m([22m[2m7 tests[22m[2m)[22m[32m 66[2mms[22m[39m
 [32m✓[39m src/agents/system-prompt-stability.test.ts [2m([22m[2m4 tests[22m[2m)[22m[32m 64[2mms[22m[39m
 [32m✓[39m src/gateway/gateway-misc.test.ts [2m([22m[2m19 tests[22m[2m)[22m[32m 43[2mms[22m[39m
 [32m✓[39m src/security/skill-scanner.test.ts [2m([22m[2m25 tests[22m[2m)[22m[32m 45[2mms[22m[39m
 [32m✓[39m src/gateway/session-utils.test.ts [2m([22m[2m43 tests[22m[2m)[22m[32m 15[2mms[22m[39m
 [32m✓[39m src/gateway/auth.test.ts [2m([22m[2m31 tests[22m[2m)[22m[32m 13[2mms[22m[39m
 [32m✓[39m src/telegram/draft-stream.test.ts [2m([22m[2m17 tests[22m[2m)[22m[32m 60[2mms[22m[39m
 [32m✓[39m src/infra/update-startup.test.ts [2m([22m[2m10 tests[22m[2m)[22m[32m 73[2mms[22m[39m
 [32m✓[39m src/config/env-preserve-io.test.ts [2m([22m[2m4 tests[22m[2m)[22m[32m 72[2mms[22m[39m
 [32m✓[39m src/gateway/node-invoke-system-run-approval.test.ts [2m([22m[2m14 tests[22m[2m)[22m[32m 13[2mms[22m[39m
 [32m✓[39m src/gateway/server-methods/update.test.ts [2m([22m[2m6 tests[22m[2m)[22m[32m 16[2mms[22m[39m
 [32m✓[39m src/security/skill-integrity.test.ts [2m([22m[2m7 tests[22m[2m)[22m[32m 28[2mms[22m[39m
 [32m✓[39m src/agents/pi-tools.create-ernos-coding-tools.adds-claude-style-aliases-schemas-without-dropping.test.ts [2m([22m[2m25 tests[22m[2m)[22m[32m 51[2mms[22m[39m
 [32m✓[39m src/process/command-queue.test.ts [2m([22m[2m16 tests[22m[2m)[22m[32m 61[2mms[22m[39m
 [32m✓[39m src/gateway/node-invoke-system-run-approval-match.test.ts [2m([22m[2m7 tests[22m[2m)[22m[32m 11[2mms[22m[39m
 [32m✓[39m src/gateway/server-runtime-config.test.ts [2m([22m[2m19 tests[22m[2m)[22m[32m 13[2mms[22m[39m
 [32m✓[39m src/memory/manager.atomic-reindex.test.ts [2m([22m[2m1 test[22m[2m)[22m[32m 118[2mms[22m[39m
 [32m✓[39m src/web/auto-reply/monitor/process-message.inbound-contract.test.ts [2m([22m[2m8 tests[22m[2m)[22m[32m 115[2mms[22m[39m
 [32m✓[39m src/gateway/config-reload.test.ts [2m([22m[2m14 tests[22m[2m)[22m[32m 11[2mms[22m[39m
 [32m✓[39m src/browser/server.post-tabs-open-profile-unknown-returns-404.test.ts [2m([22m[2m3 tests[22m[2m)[22m[32m 65[2mms[22m[39m
 [32m✓[39m src/gateway/server-methods/chat.directive-tags.test.ts [2m([22m[2m6 tests[22m[2m)[22m[32m 27[2mms[22m[39m
 [32m✓[39m src/agents/ernos-tools.sessions.test.ts [2m([22m[2m18 tests[22m[2m)[22m[32m 79[2mms[22m[39m
 [32m✓[39m src/gateway/server-methods/tools-catalog.test.ts [2m([22m[2m4 tests[22m[2m)[22m[32m 11[2mms[22m[39m
 [32m✓[39m src/gateway/system-run-approval-binding.test.ts [2m([22m[2m6 tests[22m[2m)[22m[32m 10[2mms[22m[39m
 [32m✓[39m src/gateway/system-run-approval-binding.contract.test.ts [2m([22m[2m5 tests[22m[2m)[22m[32m 10[2mms[22m[39m
 [32m✓[39m src/commands/doctor.migrates-slack-discord-dm-policy-aliases.test.ts [2m([22m[2m1 test[22m[2m)[22m[32m 93[2mms[22m[39m
 [32m✓[39m src/wizard/onboarding.test.ts [2m([22m[2m5 tests[22m[2m)[22m[32m 54[2mms[22m[39m
 [32m✓[39m src/gateway/server-methods/nodes.invoke-wake.test.ts [2m([22m[2m3 tests[22m[2m)[22m[32m 17[2mms[22m[39m
 [32m✓[39m src/config/sessions.cache.test.ts [2m([22m[2m8 tests[22m[2m)[22m[32m 64[2mms[22m[39m
 [32m✓[39m src/gateway/auth-rate-limit.test.ts [2m([22m[2m18 tests[22m[2m)[22m[32m 16[2mms[22m[39m
 [32m✓[39m src/telegram/fetch.test.ts [2m([22m[2m11 tests[22m[2m)[22m[32m 118[2mms[22m[39m
 [32m✓[39m src/auto-reply/reply/route-reply.test.ts [2m([22m[2m17 tests[22m[2m)[22m[32m 68[2mms[22m[39m
 [32m✓[39m src/telegram/bot-native-commands.session-meta.test.ts [2m([22m[2m2 tests[22m[2m)[22m[32m 59[2mms[22m[39m
 [32m✓[39m src/gateway/origin-check.test.ts [2m([22m[2m6 tests[22m[2m)[22m[32m 7[2mms[22m[39m
 [32m✓[39m src/browser/pw-tools-core.last-file-chooser-arm-wins.test.ts [2m([22m[2m3 tests[22m[2m)[22m[32m 60[2mms[22m[39m
 [32m✓[39m src/gateway/chat-attachments.test.ts [2m([22m[2m10 tests[22m[2m)[22m[32m 8[2mms[22m[39m
 [32m✓[39m src/agents/skills-status.test.ts [2m([22m[2m1 test[22m[2m)[22m[32m 53[2mms[22m[39m
 [32m✓[39m src/gateway/server-methods/agent.test.ts [2m([22m[2m11 tests[22m[2m)[22m[32m 18[2mms[22m[39m
 [32m✓[39m src/media/server.test.ts [2m([22m[2m9 tests[22m[2m)[22m[32m 51[2mms[22m[39m
 [32m✓[39m src/gateway/server-methods/chat.abort-persistence.test.ts [2m([22m[2m4 tests[22m[2m)[22m[32m 23[2mms[22m[39m
 [32m✓[39m extensions/voice-call/src/providers/plivo.test.ts [2m([22m[2m2 tests[22m[2m)[22m[32m 4[2mms[22m[39m
 [32m✓[39m src/commands/onboard-non-interactive.gateway.test.ts [2m([22m[2m3 tests[22m[2m)[22m[32m 47[2mms[22m[39m
 [32m✓[39m src/gateway/server-methods/send.test.ts [2m([22m[2m19 tests[22m[2m)[22m[32m 11[2mms[22m[39m
 [32m✓[39m extensions/llm-task/src/llm-task-tool.test.ts [2m([22m[2m8 tests[22m[2m)[22m[32m 22[2mms[22m[39m
 [32m✓[39m src/infra/session-cost-usage.test.ts [2m([22m[2m9 tests[22m[2m)[22m[32m 57[2mms[22m[39m
 [32m✓[39m src/auto-reply/reply/abort.test.ts [2m([22m[2m16 tests[22m[2m)[22m[32m 63[2mms[22m[39m
 [32m✓[39m src/gateway/server-methods/usage.sessions-usage.test.ts [2m([22m[2m6 tests[22m[2m)[22m[32m 11[2mms[22m[39m
 [32m✓[39m src/agents/skills.buildworkspaceskillstatus.test.ts [2m([22m[2m4 tests[22m[2m)[22m[32m 55[2mms[22m[39m
 [32m✓[39m src/agents/skills.build-workspace-skills-prompt.applies-bundled-allowlist-without-affecting-workspace-skills.test.ts [2m([22m[2m1 test[22m[2m)[22m[32m 79[2mms[22m[39m
 [32m✓[39m src/agents/pi-embedded-runner/run/images.test.ts [2m([22m[2m27 tests[22m[2m)[22m[32m 71[2mms[22m[39m
 [32m✓[39m src/browser/cdp.test.ts [2m([22m[2m10 tests[22m[2m)[22m[32m 60[2mms[22m[39m
 [32m✓[39m extensions/msteams/src/conversation-store-fs.test.ts [2m([22m[2m1 test[22m[2m)[22m[32m 25[2mms[22m[39m
 [32m✓[39m src/agents/sandbox-create-args.test.ts [2m([22m[2m14 tests[22m[2m)[22m[32m 55[2mms[22m[39m
 [32m✓[39m src/infra/install-source-utils.test.ts [2m([22m[2m13 tests[22m[2m)[22m[32m 41[2mms[22m[39m
 [32m✓[39m src/gateway/sessions-patch.test.ts [2m([22m[2m20 tests[22m[2m)[22m[32m 7[2mms[22m[39m
 [32m✓[39m extensions/msteams/src/polls-store.test.ts [2m([22m[2m2 tests[22m[2m)[22m[32m 15[2mms[22m[39m
 [32m✓[39m src/config/config.identity-defaults.test.ts [2m([22m[2m6 tests[22m[2m)[22m[32m 50[2mms[22m[39m
 [32m✓[39m src/cli/gateway-cli/run.option-collisions.test.ts [2m([22m[2m5 tests[22m[2m)[22m[32m 38[2mms[22m[39m
 [32m✓[39m src/gateway/server-chat.agent-events.test.ts [2m([22m[2m15 tests[22m[2m)[22m[32m 8[2mms[22m[39m
 [32m✓[39m src/gateway/protocol/cron-validators.test.ts [2m([22m[2m10 tests[22m[2m)[22m[32m 7[2mms[22m[39m
 [32m✓[39m src/cli/program/build-program.version-alias.test.ts [2m([22m[2m2 tests[22m[2m)[22m[32m 73[2mms[22m[39m
 [32m✓[39m src/auto-reply/reply/commands.test.ts [2m([22m[2m42 tests[22m[2m)[22m[32m 63[2mms[22m[39m
 [32m✓[39m src/gateway/server-startup-memory.test.ts [2m([22m[2m4 tests[22m[2m)[22m[32m 6[2mms[22m[39m
 [32m✓[39m src/signal/monitor/event-handler.inbound-contract.test.ts [2m([22m[2m4 tests[22m[2m)[22m[32m 60[2mms[22m[39m
 [32m✓[39m src/agents/skills/refresh.test.ts [2m([22m[2m1 test[22m[2m)[22m[32m 66[2mms[22m[39m
 [32m✓[39m src/browser/server.evaluate-disabled-does-not-block-storage.test.ts [2m([22m[2m1 test[22m[2m)[22m[32m 48[2mms[22m[39m
 [32m✓[39m src/cron/service.skips-main-jobs-empty-systemevent-text.test.ts [2m([22m[2m3 tests[22m[2m)[22m[32m 52[2mms[22m[39m
 [32m✓[39m src/slack/monitor/monitor.test.ts [2m([22m[2m22 tests[22m[2m)[22m[32m 51[2mms[22m[39m
 [32m✓[39m src/agents/models-config.skips-writing-models-json-no-env-token.test.ts [2m([22m[2m4 tests[22m[2m)[22m[32m 53[2mms[22m[39m
 [32m✓[39m src/infra/heartbeat-runner.model-override.test.ts [2m([22m[2m5 tests[22m[2m)[22m[32m 69[2mms[22m[39m
 [32m✓[39m src/gateway/server-startup-log.test.ts [2m([22m[2m3 tests[22m[2m)[22m[32m 6[2mms[22m[39m
 [32m✓[39m src/cli/nodes-camera.test.ts [2m([22m[2m15 tests[22m[2m)[22m[32m 48[2mms[22m[39m
 [32m✓[39m src/cli/acp-cli.option-collisions.test.ts [2m([22m[2m7 tests[22m[2m)[22m[32m 44[2mms[22m[39m
 [32m✓[39m src/agents/pi-tools.safe-bins.test.ts [2m([22m[2m6 tests[22m[2m)[22m[32m 54[2mms[22m[39m
 [32m✓[39m src/gateway/server-http.hooks-request-timeout.test.ts [2m([22m[2m4 tests[22m[2m)[22m[32m 9[2mms[22m[39m
 [32m✓[39m src/commands/signal-install.test.ts [2m([22m[2m18 tests[22m[2m)[22m[32m 45[2mms[22m[39m
 [32m✓[39m src/auto-reply/reply.heartbeat-typing.test.ts [2m([22m[2m2 tests[22m[2m)[22m[32m 60[2mms[22m[39m
 [32m✓[39m src/cron/service.prevents-duplicate-timers.test.ts [2m([22m[2m1 test[22m[2m)[22m[32m 58[2mms[22m[39m
 [32m✓[39m src/cli/program/register.status-health-sessions.test.ts [2m([22m[2m9 tests[22m[2m)[22m[32m 45[2mms[22m[39m
 [32m✓[39m src/web/outbound.test.ts [2m([22m[2m10 tests[22m[2m)[22m[32m 47[2mms[22m[39m
 [32m✓[39m src/gateway/hooks.test.ts [2m([22m[2m17 tests[22m[2m)[22m[32m 6[2mms[22m[39m
 [32m✓[39m src/cli/program/register.agent.test.ts [2m([22m[2m13 tests[22m[2m)[22m[32m 42[2mms[22m[39m
 [32m✓[39m src/commands/onboard-auth.test.ts [2m([22m[2m31 tests[22m[2m)[22m[32m 65[2mms[22m[39m
 [32m✓[39m src/gateway/server/plugins-http.test.ts [2m([22m[2m4 tests[22m[2m)[22m[32m 4[2mms[22m[39m
 [32m✓[39m src/gateway/server-node-events.test.ts [2m([22m[2m14 tests[22m[2m)[22m[32m 7[2mms[22m[39m
 [32m✓[39m src/gateway/startup-auth.test.ts [2m([22m[2m13 tests[22m[2m)[22m[32m 5[2mms[22m[39m
 [32m✓[39m src/gateway/ws-log.test.ts [2m([22m[2m4 tests[22m[2m)[22m[32m 5[2mms[22m[39m
 [32m✓[39m src/discord/monitor/model-picker-preferences.test.ts [2m([22m[2m3 tests[22m[2m)[22m[32m 39[2mms[22m[39m
 [32m✓[39m src/gateway/server-methods/doctor.test.ts [2m([22m[2m3 tests[22m[2m)[22m[32m 4[2mms[22m[39m
 [32m✓[39m src/gateway/security-path.test.ts [2m([22m[2m12 tests[22m[2m)[22m[32m 4[2mms[22m[39m
 [32m✓[39m src/gateway/chat-abort.test.ts [2m([22m[2m4 tests[22m[2m)[22m[32m 6[2mms[22m[39m
 [32m✓[39m src/cron/isolated-agent.direct-delivery-forum-topics.test.ts [2m([22m[2m2 tests[22m[2m)[22m[32m 90[2mms[22m[39m
 [32m✓[39m src/gateway/credentials.test.ts [2m([22m[2m14 tests[22m[2m)[22m[32m 3[2mms[22m[39m
 [32m✓[39m src/gateway/server-methods/secrets.test.ts [2m([22m[2m2 tests[22m[2m)[22m[32m 4[2mms[22m[39m
 [32m✓[39m extensions/msteams/src/messenger.test.ts [2m([22m[2m11 tests[22m[2m)[22m[32m 16[2mms[22m[39m
 [32m✓[39m src/agents/bash-tools.exec.pty-cleanup.test.ts [2m([22m[2m2 tests[22m[2m)[22m[32m 39[2mms[22m[39m
 [32m✓[39m src/auto-reply/reply.raw-body.test.ts [2m([22m[2m1 test[22m[2m)[22m[32m 51[2mms[22m[39m
 [32m✓[39m src/gateway/server.ios-client-id.test.ts [2m([22m[2m3 tests[22m[2m)[22m[32m 3[2mms[22m[39m
 [32m✓[39m src/gateway/http-auth-helpers.test.ts [2m([22m[2m2 tests[22m[2m)[22m[32m 4[2mms[22m[39m
 [32m✓[39m extensions/nostr/src/nostr-bus.fuzz.test.ts [2m([22m[2m76 tests[22m[2m)[22m[32m 15[2mms[22m[39m
 [32m✓[39m src/discord/monitor/message-handler.process.test.ts [2m([22m[2m19 tests[22m[2m)[22m[32m 45[2mms[22m[39m
 [32m✓[39m src/config/plugins-runtime-boundary.test.ts [2m([22m[2m3 tests[22m[2m)[22m[32m 38[2mms[22m[39m
 [32m✓[39m src/gateway/server-methods.control-plane-rate-limit.test.ts [2m([22m[2m4 tests[22m[2m)[22m[32m 6[2mms[22m[39m
 [32m✓[39m src/cron/service.runs-one-shot-main-job-disables-it.test.ts [2m([22m[2m14 tests[22m[2m)[22m[32m 46[2mms[22m[39m
 [32m✓[39m src/agents/model-catalog.test.ts [2m([22m[2m6 tests[22m[2m)[22m[32m 31[2mms[22m[39m
 [32m✓[39m src/line/bot-handlers.test.ts [2m([22m[2m5 tests[22m[2m)[22m[32m 48[2mms[22m[39m
 [32m✓[39m src/gateway/server-methods/usage.test.ts [2m([22m[2m12 tests[22m[2m)[22m[32m 5[2mms[22m[39m
 [32m✓[39m src/gateway/server/ws-connection/auth-context.test.ts [2m([22m[2m5 tests[22m[2m)[22m[32m 3[2mms[22m[39m
 [32m✓[39m src/gateway/server-restart-sentinel.test.ts [2m([22m[2m1 test[22m[2m)[22m[32m 4[2mms[22m[39m
 [32m✓[39m src/plugins/uninstall.test.ts [2m([22m[2m23 tests[22m[2m)[22m[32m 49[2mms[22m[39m
 [32m✓[39m src/gateway/credential-precedence.parity.test.ts [2m([22m[2m4 tests[22m[2m)[22m[32m 4[2mms[22m[39m
 [32m✓[39m src/media/input-files.fetch-guard.test.ts [2m([22m[2m5 tests[22m[2m)[22m[32m 38[2mms[22m[39m
 [32m✓[39m src/gateway/server-methods/push.test.ts [2m([22m[2m3 tests[22m[2m)[22m[32m 3[2mms[22m[39m
 [32m✓[39m src/config/config.compaction-settings.test.ts [2m([22m[2m3 tests[22m[2m)[22m[32m 36[2mms[22m[39m
 [32m✓[39m src/auto-reply/status.test.ts [2m([22m[2m25 tests[22m[2m)[22m[32m 36[2mms[22m[39m
 [32m✓[39m src/gateway/chat-sanitize.test.ts [2m([22m[2m9 tests[22m[2m)[22m[32m 3[2mms[22m[39m
 [32m✓[39m extensions/bluebubbles/src/actions.test.ts [2m([22m[2m29 tests[22m[2m)[22m[32m 12[2mms[22m[39m
 [32m✓[39m src/gateway/server/presence-events.test.ts [2m([22m[2m1 test[22m[2m)[22m[32m 3[2mms[22m[39m
 [32m✓[39m src/plugins/discovery.test.ts [2m([22m[2m11 tests[22m[2m)[22m[32m 60[2mms[22m[39m
 [32m✓[39m src/telegram/update-offset-store.test.ts [2m([22m[2m5 tests[22m[2m)[22m[32m 46[2mms[22m[39m
 [32m✓[39m src/gateway/agent-prompt.test.ts [2m([22m[2m6 tests[22m[2m)[22m[32m 3[2mms[22m[39m
 [32m✓[39m src/gateway/server/ws-connection/unauthorized-flood-guard.test.ts [2m([22m[2m4 tests[22m[2m)[22m[32m 3[2mms[22m[39m
 [32m✓[39m src/gateway/server-methods/chat.inject.parentid.test.ts [2m([22m[2m1 test[22m[2m)[22m[32m 4[2mms[22m[39m
 [32m✓[39m extensions/diagnostics-otel/src/service.test.ts [2m([22m[2m8 tests[22m[2m)[22m[32m 12[2mms[22m[39m
 [32m✓[39m src/gateway/live-tool-probe-utils.test.ts [2m([22m[2m8 tests[22m[2m)[22m[32m 3[2mms[22m[39m
 [32m✓[39m src/gateway/http-endpoint-helpers.test.ts [2m([22m[2m4 tests[22m[2m)[22m[32m 3[2mms[22m[39m
 [32m✓[39m src/gateway/server-restart-deferral.test.ts [2m([22m[2m4 tests[22m[2m)[22m[32m 4[2mms[22m[39m
 [32m✓[39m src/memory/manager.sync-errors-do-not-crash.test.ts [2m([22m[2m1 test[22m[2m)[22m[32m 45[2mms[22m[39m
 [32m✓[39m src/gateway/probe.test.ts [2m([22m[2m1 test[22m[2m)[22m[32m 3[2mms[22m[39m
 [32m✓[39m src/agents/skills-install.download.test.ts [2m([22m[2m5 tests[22m[2m)[22m[32m 53[2mms[22m[39m
 [32m✓[39m src/gateway/server-methods/nodes.canvas-capability-refresh.test.ts [2m([22m[2m2 tests[22m[2m)[22m[32m 3[2mms[22m[39m
 [32m✓[39m src/gateway/server-plugins.test.ts [2m([22m[2m1 test[22m[2m)[22m[32m 3[2mms[22m[39m
 [32m✓[39m src/agents/pi-tools.create-ernos-coding-tools.adds-claude-style-aliases-schemas-without-dropping-d.test.ts [2m([22m[2m3 tests[22m[2m)[22m[32m 46[2mms[22m[39m
 [32m✓[39m src/web/auto-reply.broadcast-groups.skips-unknown-broadcast-agent-ids-agents-list.test.ts [2m([22m[2m1 test[22m[2m)[22m[32m 44[2mms[22m[39m
 [32m✓[39m src/gateway/assistant-identity.test.ts [2m([22m[2m3 tests[22m[2m)[22m[32m 3[2mms[22m[39m
 [32m✓[39m src/gateway/server-discovery.test.ts [2m([22m[2m3 tests[22m[2m)[22m[32m 3[2mms[22m[39m
 [32m✓[39m src/gateway/device-auth.test.ts [2m([22m[2m2 tests[22m[2m)[22m[32m 4[2mms[22m[39m
 [32m✓[39m src/gateway/server/ws-connection/connect-policy.test.ts [2m([22m[2m4 tests[22m[2m)[22m[32m 2[2mms[22m[39m
 [32m✓[39m src/gateway/role-policy.test.ts [2m([22m[2m3 tests[22m[2m)[22m[32m 2[2mms[22m[39m
 [32m✓[39m src/infra/infra-runtime.test.ts [2m([22m[2m14 tests[22m[2m)[22m[32m 25[2mms[22m[39m
 [32m✓[39m src/gateway/control-ui-csp.test.ts [2m([22m[2m1 test[22m[2m)[22m[32m 2[2mms[22m[39m
 [32m✓[39m src/gateway/protocol/index.test.ts [2m([22m[2m6 tests[22m[2m)[22m[32m 2[2mms[22m[39m
 [32m✓[39m src/cron/session-reaper.test.ts [2m([22m[2m16 tests[22m[2m)[22m[32m 35[2mms[22m[39m
 [32m✓[39m src/agents/bootstrap-files.test.ts [2m([22m[2m3 tests[22m[2m)[22m[32m 15[2mms[22m[39m
 [32m✓[39m src/cron/isolated-agent.auth-profile-propagation.test.ts [2m([22m[2m1 test[22m[2m)[22m[32m 38[2mms[22m[39m
 [32m✓[39m src/discord/send.creates-thread.test.ts [2m([22m[2m22 tests[22m[2m)[22m[32m 35[2mms[22m[39m
 [32m✓[39m src/gateway/server-methods/skills.update.normalizes-api-key.test.ts [2m([22m[2m1 test[22m[2m)[22m[32m 3[2mms[22m[39m
 [32m✓[39m src/signal/monitor.tool-result.sends-tool-summaries-responseprefix.test.ts [2m([22m[2m16 tests[22m[2m)[22m[32m 39[2mms[22m[39m
 [32m✓[39m src/node-host/invoke-system-run.test.ts [2m([22m[2m15 tests[22m[2m)[22m[32m 34[2mms[22m[39m
 [32m✓[39m src/web/auto-reply.typing-controller-idle.test.ts [2m([22m[2m1 test[22m[2m)[22m[32m 39[2mms[22m[39m
 [32m✓[39m src/browser/bridge-server.auth.test.ts [2m([22m[2m3 tests[22m[2m)[22m[32m 34[2mms[22m[39m
 [32m✓[39m src/memory/embeddings.test.ts [2m([22m[2m18 tests[22m[2m)[22m[32m 87[2mms[22m[39m
 [32m✓[39m src/discord/send.sends-basic-channel-messages.test.ts [2m([22m[2m27 tests[22m[2m)[22m[32m 31[2mms[22m[39m
 [32m✓[39m src/discord/resolve-users.test.ts [2m([22m[2m9 tests[22m[2m)[22m[32m 31[2mms[22m[39m
 [32m✓[39m extensions/irc/src/onboarding.test.ts [2m([22m[2m2 tests[22m[2m)[22m[32m 5[2mms[22m[39m
 [32m✓[39m src/config/io.compat.test.ts [2m([22m[2m6 tests[22m[2m)[22m[32m 24[2mms[22m[39m
 [32m✓[39m src/agents/pi-tools.sandbox-mounted-paths.workspace-only.test.ts [2m([22m[2m4 tests[22m[2m)[22m[32m 29[2mms[22m[39m
 [32m✓[39m src/web/monitor-inbox.streams-inbound-messages.test.ts [2m([22m[2m8 tests[22m[2m)[22m[32m 31[2mms[22m[39m
 [32m✓[39m src/agents/system-prompt-params.test.ts [2m([22m[2m5 tests[22m[2m)[22m[32m 33[2mms[22m[39m
 [32m✓[39m src/agents/model-fallback.test.ts [2m([22m[2m43 tests[22m[2m)[22m[32m 31[2mms[22m[39m
 [32m✓[39m extensions/nostr/src/nostr-profile-http.test.ts [2m([22m[2m17 tests[22m[2m)[22m[32m 12[2mms[22m[39m
 [32m✓[39m extensions/bluebubbles/src/chat.test.ts [2m([22m[2m37 tests[22m[2m)[22m[32m 10[2mms[22m[39m
 [32m✓[39m src/auto-reply/reply.media-note.test.ts [2m([22m[2m1 test[22m[2m)[22m[32m 37[2mms[22m[39m
 [32m✓[39m src/daemon/service-audit.test.ts [2m([22m[2m11 tests[22m[2m)[22m[32m 27[2mms[22m[39m
 [32m✓[39m src/slack/monitor.threading.missing-thread-ts.test.ts [2m([22m[2m3 tests[22m[2m)[22m[32m 37[2mms[22m[39m
 [32m✓[39m src/agents/subagent-registry.steer-restart.test.ts [2m([22m[2m10 tests[22m[2m)[22m[32m 25[2mms[22m[39m
 [32m✓[39m src/telegram/audit.test.ts [2m([22m[2m3 tests[22m[2m)[22m[32m 29[2mms[22m[39m
 [32m✓[39m src/gateway/method-scopes.test.ts [2m([22m[2m7 tests[22m[2m)[22m[32m 3[2mms[22m[39m

[31m⎯⎯⎯⎯⎯⎯⎯[39m[1m[41m Failed Tests 2 [49m[22m[31m⎯⎯⎯⎯⎯⎯⎯[39m

[41m[1m FAIL [22m[49m src/gateway/server.models-voicewake-misc.test.ts[2m > [22mgateway server models + voicewake[2m > [22mmodels.list returns model catalog
[31m[1mAssertionError[22m: expected [ Array(756) ] to deeply equal [ { id: 'claude-test-a', …(3) }, …(3) ][39m

[32m- Expected[39m
[31m+ Received[39m

[2m  [[22m
[2m    {[22m
[2m      "contextWindow": 200000,[22m
[32m-     "id": "claude-test-a",[39m
[32m-     "name": "A-Model",[39m
[31m+     "id": "anthropic.claude-3-haiku-20240307-v1:0",[39m
[31m+     "input": [[39m
[31m+       "text",[39m
[31m+       "image",[39m
[31m+     ],[39m
[31m+     "name": "Claude Haiku 3",[39m
[31m+     "provider": "amazon-bedrock",[39m
[31m+     "reasoning": false,[39m
[31m+   },[39m
[31m+   {[39m
[31m+     "contextWindow": 200000,[39m
[31m+     "id": "anthropic.claude-3-5-haiku-20241022-v1:0",[39m
[31m+     "input": [[39m
[31m+       "text",[39m
[31m+       "image",[39m
[31m+     ],[39m
[31m+     "name": "Claude Haiku 3.5",[39m
[31m+     "provider": "amazon-bedrock",[39m
[31m+     "reasoning": false,[39m
[31m+   },[39m
[31m+   {[39m
[31m+     "contextWindow": 200000,[39m
[31m+     "id": "anthropic.claude-haiku-4-5-20251001-v1:0",[39m
[31m+     "input": [[39m
[31m+       "text",[39m
[31m+       "image",[39m
[31m+     ],[39m
[31m+     "name": "Claude Haiku 4.5",[39m
[31m+     "provider": "amazon-bedrock",[39m
[31m+     "reasoning": true,[39m
[31m+   },[39m
[31m+   {[39m
[31m+     "contextWindow": 200000,[39m
[31m+     "id": "eu.anthropic.claude-haiku-4-5-20251001-v1:0",[39m
[31m+     "input": [[39m
[31m+       "text",[39m
[31m+       "image",[39m
[31m+     ],[39m
[31m+     "name": "Claude Haiku 4.5 (EU)",[39m
[31m+     "provider": "amazon-bedrock",[39m
[31m+     "reasoning": true,[39m
[31m+   },[39m
[31m+   {[39m
[31m+     "contextWindow": 200000,[39m
[31m+     "id": "global.anthropic.claude-haiku-4-5-20251001-v1:0",[39m
[31m+     "input": [[39m
[31m+       "text",[39m
[31m+       "image",[39m
[31m+     ],[39m
[31m+     "name": "Claude Haiku 4.5 (Global)",[39m
[31m+     "provider": "amazon-bedrock",[39m
[31m+     "reasoning": true,[39m
[31m+   },[39m
[31m+   {[39m
[31m+     "contextWindow": 200000,[39m
[31m+     "id": "us.anthropic.claude-haiku-4-5-20251001-v1:0",[39m
[31m+     "input": [[39m
[31m+       "text",[39m
[31m+       "image",[39m
[31m+     ],[39m
[31m+     "name": "Claude Haiku 4.5 (US)",[39m
[31m+     "provider": "amazon-bedrock",[39m
[31m+     "reasoning": true,[39m
[31m+   },[39m
[31m+   {[39m
[31m+     "contextWindow": 200000,[39m
[31m+     "id": "anthropic.claude-3-opus-20240229-v1:0",[39m
[31m+     "input": [[39m
[31m+       "text",[39m
[31m+       "image",[39m
[31m+     ],[39m
[31m+     "name": "Claude Opus 3",[39m
[31m+     "provider": "amazon-bedrock",[39m
[31m+     "reasoning": false,[39m
[31m+   },[39m
[31m+   {[39m
[31m+     "contextWindow": 200000,[39m
[31m+     "id": "anthropic.claude-opus-4-20250514-v1:0",[39m
[31m+     "input": [[39m
[31m+       "text",[39m
[31m+       "image",[39m
[31m+     ],[39m
[31m+     "name": "Claude Opus 4",[39m
[31m+     "provider": "amazon-bedrock",[39m
[31m+     "reasoning": true,[39m
[31m+   },[39m
[31m+   {[39m
[31m+     "contextWindow": 200000,[39m
[31m+     "id": "us.anthropic.claude-opus-4-20250514-v1:0",[39m
[31m+     "input": [[39m
[31m+       "text",[39m
[31m+       "image",[39m
[31m+     ],[39m
[31m+     "name": "Claude Opus 4 (US)",[39m
[31m+     "provider": "amazon-bedrock",[39m
[31m+     "reasoning": true,[39m
[31m+   },[39m
[31m+   {[39m
[31m+     "contextWindow": 200000,[39m
[31m+     "id": "anthropic.claude-opus-4-1-20250805-v1:0",[39m
[31m+     "input": [[39m
[31m+       "text",[39m
[31m+       "image",[39m
[31m+     ],[39m
[31m+     "name": "Claude Opus 4.1",[39m
[31m+     "provider": "amazon-bedrock",[39m
[31m+     "reasoning": true,[39m
[31m+   },[39m
[31m+   {[39m
[31m+     "contextWindow": 200000,[39m
[31m+     "id": "us.anthropic.claude-opus-4-1-20250805-v1:0",[39m
[31m+     "input": [[39m
[31m+       "text",[39m
[31m+       "image",[39m
[31m+     ],[39m
[31m+     "name": "Claude Opus 4.1 (US)",[39m
[31m+     "provider": "amazon-bedrock",[39m
[31m+     "reasoning": true,[39m
[31m+   },[39m
[31m+   {[39m
[31m+     "contextWindow": 200000,[39m
[31m+     "id": "anthropic.claude-opus-4-5-20251101-v1:0",[39m
[31m+     "input": [[39m
[31m+       "text",[39m
[31m+       "image",[39m
[31m+     ],[39m
[31m+     "name": "Claude Opus 4.5",[39m
[31m+     "provider": "amazon-bedrock",[39m
[31m+     "reasoning": true,[39m
[31m+   },[39m
[31m+   {[39m
[31m+     "contextWindow": 200000,[39m
[31m+     "id": "eu.anthropic.claude-opus-4-5-20251101-v1:0",[39m
[31m+     "input": [[39m
[31m+       "text",[39m
[31m+       "image",[39m
[31m+     ],[39m
[31m+     "name": "Claude Opus 4.5 (EU)",[39m
[31m+     "provider": "amazon-bedrock",[39m
[31m+     "reasoning": true,[39m
[31m+   },[39m
[31m+   {[39m
[31m+     "contextWindow": 200000,[39m
[31m+     "id": "global.anthropic.claude-opus-4-5-20251101-v1:0",[39m
[31m+     "input": [[39m
[31m+       "text",[39m
[31m+       "image",[39m
[31m+     ],[39m
[31m+     "name": "Claude Opus 4.5 (Global)",[39m
[31m+     "provider": "amazon-bedrock",[39m
[31m+     "reasoning": true,[39m
[31m+   },[39m
[31m+   {[39m
[31m+     "contextWindow": 200000,[39m
[31m+     "id": "us.anthropic.claude-opus-4-5-20251101-v1:0",[39m
[31m+     "input": [[39m
[31m+       "text",[39m
[31m+       "image",[39m
[31m+     ],[39m
[31m+     "name": "Claude Opus 4.5 (US)",[39m
[31m+     "provider": "amazon-bedrock",[39m
[31m+     "reasoning": true,[39m
[31m+   },[39m
[31m+   {[39m
[31m+     "contextWindow": 200000,[39m
[31m+     "id": "anthropic.claude-opus-4-6-v1",[39m
[31m+     "input": [[39m
[31m+       "text",[39m
[31m+       "image",[39m
[31m+     ],[39m
[31m+     "name": "Claude Opus 4.6",[39m
[31m+     "provider": "amazon-bedrock",[39m
[31m+     "reasoning": true,[39m
[31m+   },[39m
[31m+   {[39m
[31m+     "contextWindow": 200000,[39m
[31m+     "id": "eu.anthropic.claude-opus-4-6-v1",[39m
[31m+     "input": [[39m
[31m+       "text",[39m
[31m+       "image",[39m
[31m+     ],[39m
[31m+     "name": "Claude Opus 4.6 (EU)",[39m
[31m+     "provider": "amazon-bedrock",[39m
[31m+     "reasoning": true,[39m
[31m+   },[39m
[31m+   {[39m
[31m+     "contextWindow": 200000,[39m
[31m+     "id": "global.anthropic.claude-opus-4-6-v1",[39m
[31m+     "input": [[39m
[31m+       "text",[39m
[31m+       "image",[39m
[31m+     ],[39m
[31m+     "name": "Claude Opus 4.6 (Global)",[39m
[31m+     "provider": "amazon-bedrock",[39m
[31m+     "reasoning": true,[39m
[31m+   },[39m
[31m+   {[39m
[31m+     "contextWindow": 200000,[39m
[31m+     "id": "us.anthropic.claude-opus-4-6-v1",[39m
[31m+     "input": [[39m
[31m+       "text",[39m
[31m+       "image",[39m
[31m+     ],[39m
[31m+     "name": "Claude Opus 4.6 (US)",[39m
[31m+     "provider": "amazon-bedrock",[39m
[31m+     "reasoning": true,[39m
[31m+   },[39m
[31m+   {[39m
[31m+     "contextWindow": 200000,[39m
[31m+     "id": "anthropic.claude-3-sonnet-20240229-v1:0",[39m
[31m+     "input": [[39m
[31m+       "text",[39m
[31m+       "image",[39m
[31m+     ],[39m
[31m+     "name": "Claude Sonnet 3",[39m
[31m+     "provider": "amazon-bedrock",[39m
[31m+     "reasoning": false,[39m
[31m+   },[39m
[31m+   {[39m
[31m+     "contextWindow": 200000,[39m
[31m+     "id": "anthropic.claude-3-5-sonnet-20240620-v1:0",[39m
[31m+     "input": [[39m
[31m+       "text",[39m
[31m+       "image",[39m
[31m+     ],[39m
[31m+     "name": "Claude Sonnet 3.5",[39m
[31m+     "provider": "amazon-bedrock",[39m
[31m+     "reasoning": false,[39m
[31m+   },[39m
[31m+   {[39m
[31m+     "contextWindow": 200000,[39m
[31m+     "id": "anthropic.claude-3-5-sonnet-20241022-v2:0",[39m
[31m+     "input": [[39m
[31m+       "text",[39m
[31m+       "image",[39m
[31m+     ],[39m
[31m+     "name": "Claude Sonnet 3.5 v2",[39m
[31m+     "provider": "amazon-bedrock",[39m
[31m+     "reasoning": false,[39m
[31m+   },[39m
[31m+   {[39m
[31m+     "contextWindow": 200000,[39m
[31m+     "id": "anthropic.claude-3-7-sonnet-20250219-v1:0",[39m
[31m+     "input": [[39m
[31m+       "text",[39m
[31m+       "image",[39m
[31m+     ],[39m
[31m+     "name": "Claude Sonnet 3.7",[39m
[31m+     "provider": "amazon-bedrock",[39m
[31m+     "reasoning": false,[39m
[31m+   },[39m
[31m+   {[39m
[31m+     "contextWindow": 200000,[39m
[31m+     "id": "anthropic.claude-sonnet-4-20250514-v1:0",[39m
[31m+     "input": [[39m
[31m+       "text",[39m
[31m+       "image",[39m
[31m+     ],[39m
[31m+     "name": "Claude Sonnet 4",[39m
[31m+     "provider": "amazon-bedrock",[39m
[31m+     "reasoning": true,[39m
[31m+   },[39m
[31m+   {[39m
[31m+     "contextWindow": 200000,[39m
[31m+     "id": "eu.anthropic.claude-sonnet-4-20250514-v1:0",[39m
[31m+     "input": [[39m
[31m+       "text",[39m
[31m+       "image",[39m
[31m+     ],[39m
[31m+     "name": "Claude Sonnet 4 (EU)",[39m
[31m+     "provider": "amazon-bedrock",[39m
[31m+     "reasoning": true,[39m
[31m+   },[39m
[31m+   {[39m
[31m+     "contextWindow": 200000,[39m
[31m+     "id": "global.anthropic.claude-sonnet-4-20250514-v1:0",[39m
[31m+     "input": [[39m
[31m+       "text",[39m
[31m+       "image",[39m
[31m+     ],[39m
[31m+     "name": "Claude Sonnet 4 (Global)",[39m
[31m+     "provider": "amazon-bedrock",[39m
[31m+     "reasoning": true,[39m
[31m+   },[39m
[31m+   {[39m
[31m+     "contextWindow": 200000,[39m
[31m+     "id": "us.anthropic.claude-sonnet-4-20250514-v1:0",[39m
[31m+     "input": [[39m
[31m+       "text",[39m
[31m+       "image",[39m
[31m+     ],[39m
[31m+     "name": "Claude Sonnet 4 (US)",[39m
[31m+     "provider": "amazon-bedrock",[39m
[31m+     "reasoning": true,[39m
[31m+   },[39m
[31m+   {[39m
[31m+     "contextWindow": 200000,[39m
[31m+     "id": "anthropic.claude-sonnet-4-5-20250929-v1:0",[39m
[31m+     "input": [[39m
[31m+       "text",[39m
[31m+       "image",[39m
[31m+     ],[39m
[31m+     "name": "Claude Sonnet 4.5",[39m
[31m+     "provider": "amazon-bedrock",[39m
[31m+     "reasoning": true,[39m
[31m+   },[39m
[31m+   {[39m
[31m+     "contextWindow": 200000,[39m
[31m+     "id": "eu.anthropic.claude-sonnet-4-5-20250929-v1:0",[39m
[31m+     "input": [[39m
[31m+       "text",[39m
[31m+       "image",[39m
[31m+     ],[39m
[31m+     "name": "Claude Sonnet 4.5 (EU)",[39m
[31m+     "provider": "amazon-bedrock",[39m
[31m+     "reasoning": true,[39m
[31m+   },[39m
[31m+   {[39m
[31m+     "contextWindow": 200000,[39m
[31m+     "id": "global.anthropic.claude-sonnet-4-5-20250929-v1:0",[39m
[31m+     "input": [[39m
[31m+       "text",[39m
[31m+       "image",[39m
[31m+     ],[39m
[31m+     "name": "Claude Sonnet 4.5 (Global)",[39m
[31m+     "provider": "amazon-bedrock",[39m
[31m+     "reasoning": true,[39m
[31m+   },[39m
[31m+   {[39m
[31m+     "contextWindow": 200000,[39m
[31m+     "id": "us.anthropic.claude-sonnet-4-5-20250929-v1:0",[39m
[31m+     "input": [[39m
[31m+       "text",[39m
[31m+       "image",[39m
[31m+     ],[39m
[31m+     "name": "Claude Sonnet 4.5 (US)",[39m
[31m+     "provider": "amazon-bedrock",[39m
[31m+     "reasoning": true,[39m
[31m+   },[39m
[31m+   {[39m
[31m+     "contextWindow": 200000,[39m
[31m+     "id": "anthropic.claude-sonnet-4-6",[39m
[31m+     "input": [[39m
[31m+       "text",[39m
[31m+       "image",[39m
[31m+     ],[39m
[31m+     "name": "Claude Sonnet 4.6",[39m
[31m+     "provider": "amazon-bedrock",[39m
[31m+     "reasoning": true,[39m
[31m+   },[39m
[31m+   {[39m
[31m+     "contextWindow": 200000,[39m
[31m+     "id": "eu.anthropic.claude-sonnet-4-6",[39m
[31m+     "input": [[39m
[31m+       "text",[39m
[31m+       "image",[39m
[31m+     ],[39m
[31m+     "name": "Claude Sonnet 4.6 (EU)",[39m
[31m+     "provider": "amazon-bedrock",[39m
[31m+     "reasoning": true,[39m
[31m+   },[39m
[31m+   {[39m
[31m+     "contextWindow": 200000,[39m
[31m+     "id": "global.anthropic.claude-sonnet-4-6",[39m
[31m+     "input": [[39m
[31m+       "text",[39m
[31m+       "image",[39m
[31m+     ],[39m
[31m+     "name": "Claude Sonnet 4.6 (Global)",[39m
[31m+     "provider": "amazon-bedrock",[39m
[31m+     "reasoning": true,[39m
[31m+   },[39m
[31m+   {[39m
[31m+     "contextWindow": 200000,[39m
[31m+     "id": "us.anthropic.claude-sonnet-4-6",[39m
[31m+     "input": [[39m
[31m+       "text",[39m
[31m+       "image",[39m
[31m+     ],[39m
[31m+     "name": "Claude Sonnet 4.6 (US)",[39m
[31m+     "provider": "amazon-bedrock",[39m
[31m+     "reasoning": true,[39m
[31m+   },[39m
[31m+   {[39m
[31m+     "contextWindow": 128000,[39m
[31m+     "id": "cohere.command-r-v1:0",[39m
[31m+     "input": [[39m
[31m+       "text",[39m
[31m+     ],[39m
[31m+     "name": "Command R",[39m
[31m+     "provider": "amazon-bedrock",[39m
[31m+     "reasoning": false,[39m
[31m+   },[39m
[31m+   {[39m
[31m+     "contextWindow": 128000,[39m
[31m+     "id": "cohere.command-r-plus-v1:0",[39m
[31m+     "input": [[39m
[31m+       "text",[39m
[31m+     ],[39m
[31m+     "name": "Command R+",[39m
[31m+     "provider": "amazon-bedrock",[39m
[31m+     "reasoning": false,[39m
[31m+   },[39m
[31m+   {[39m
[31m+     "contextWindow": 128000,[39m
[31m+     "id": "deepseek.r1-v1:0",[39m
[31m+     "input": [[39m
[31m+       "text",[39m
[31m+     ],[39m
[31m+     "name": "DeepSeek-R1",[39m
[31m+     "provider": "amazon-bedrock",[39m
[31m+     "reasoning": true,[39m
[31m+   },[39m
[31m+   {[39m
[31m+     "contextWindow": 163840,[39m
[31m+     "id": "deepseek.v3-v1:0",[39m
[31m+     "input": [[39m
[31m+       "text",[39m
[31m+     ],[39m
[31m+     "name": "DeepSeek-V3.1",[39m
[31m+     "provider": "amazon-bedrock",[39m
[31m+     "reasoning": true,[39m
[31m+   },[39m
[31m+   {[39m
[31m+     "contextWindow": 163840,[39m
[31m+     "id": "deepseek.v3.2-v1:0",[39m
[31m+     "input": [[39m
[31m+       "text",[39m
[31m+     ],[39m
[31m+     "name": "DeepSeek-V3.2",[39m
[31m+     "provider": "amazon-bedrock",[39m
[31m+     "reasoning": true,[39m
[31m+   },[39m
[31m+   {[39m
[31m+     "contextWindow": 128000,[39m
[31m+     "id": "google.gemma-3-4b-it",[39m
[31m+     "input": [[39m
[31m+       "text",[39m
[31m+       "image",[39m
[31m+     ],[39m
[31m+     "name": "Gemma 3 4B IT",[39m
[31m+     "provider": "amazon-bedrock",[39m
[31m+     "reasoning": false,[39m
[31m+   },[39m
[31m+   {[39m
[31m+     "contextWindow": 204800,[39m
[31m+     "id": "zai.glm-4.7",[39m
[31m+     "input": [[39m
[31m+       "text",[39m
[31m+     ],[39m
[31m+     "name": "GLM-4.7",[39m
[31m+     "provider": "amazon-bedrock",[39m
[31m+     "reasoning": true,[39m
[31m+   },[39m
[31m+   {[39m
[31m+     "contextWindow": 200000,[39m
[31m+     "id": "zai.glm-4.7-flash",[39m
[31m+     "input": [[39m
[31m+       "text",[39m
[31m+     ],[39m
[31m+     "name": "GLM-4.7-Flash",[39m
[31m+     "provider": "amazon-bedrock",[39m
[31m+     "reasoning": true,[39m
[31m+   },[39m
[31m+   {[39m
[31m+     "contextWindow": 202752,[39m
[31m+     "id": "google.gemma-3-27b-it",[39m
[31m+     "input": [[39m
[31m+       "text",[39m
[31m+       "image",[39m
[31m+     ],[39m
[31m+     "name": "Google Gemma 3 27B Instruct",[39m
[31m+     "provider": "amazon-bedrock",[39m
[31m+     "reasoning": false,[39m
[31m+   },[39m
[31m+   {[39m
[31m+     "contextWindow": 128000,[39m
[31m+     "id": "openai.gpt-oss-safeguard-120b",[39m
[31m+     "input": [[39m
[31m+       "text",[39m
[31m+     ],[39m
[31m+     "name": "GPT OSS Safeguard 120B",[39m
[31m+     "provider": "amazon-bedrock",[39m
[31m+     "reasoning": false,[39m
[31m+   },[39m
[31m+   {[39m
[31m+     "contextWindow": 128000,[39m
[31m+     "id": "openai.gpt-oss-safeguard-20b",[39m
[31m+     "input": [[39m
[31m+       "text",[39m
[31m+     ],[39m
[31m+     "name": "GPT OSS Safeguard 20B",[39m
[31m+     "provider": "amazon-bedrock",[39m
[31m+     "reasoning": false,[39m
[31m+   },[39m
[31m+   {[39m
[31m+     "contextWindow": 128000,[39m
[31m+     "id": "openai.gpt-oss-120b-1:0",[39m
[31m+     "input": [[39m
[31m+       "text",[39m
[31m+     ],[39m
[31m+     "name": "gpt-oss-120b",[39m
[31m+     "provider": "amazon-bedrock",[39m
[31m+     "reasoning": false,[39m
[31m+   },[39m
[31m+   {[39m
[31m+     "contextWindow": 128000,[39m
[31m+     "id": "openai.gpt-oss-20b-1:0",[39m
[31m+     "input": [[39m
[31m+       "text",[39m
[31m+     ],[39m
[31m+     "name": "gpt-oss-20b",[39m
[31m+     "provider": "amazon-bedrock",[39m
[31m+     "reasoning": false,[39m
[31m+   },[39m
[31m+   {[39m
[31m+     "contextWindow": 256000,[39m
[31m+     "id": "moonshot.kimi-k2-thinking",[39m
[31m+     "input": [[39m
[31m+       "text",[39m
[31m+     ],[39m
[31m+     "name": "Kimi K2 Thinking",[39m
[31m+     "provider": "amazon-bedrock",[39m
[31m+     "reasoning": true,[39m
[31m+   },[39m
[31m+   {[39m
[31m+     "contextWindow": 256000,[39m
[31m+     "id": "moonshotai.kimi-k2.5",[39m
[31m+     "input": [[39m
[31m+       "text",[39m
[31m+       "image",[39m
[31m+     ],[39m
[31m+     "name": "Kimi K2.5",[39m
[31m+     "provider": "amazon-bedrock",[39m
[31m+     "reasoning": true,[39m
[31m+   },[39m
[31m+   {[39m
[31m+     "contextWindow": 128000,[39m
[31m+     "id": "meta.llama3-1-70b-instruct-v1:0",[39m
[31m+     "input": [[39m
[31m+       "text",[39m
[31m+     ],[39m
[31m+     "name": "Llama 3.1 70B Instruct",[39m
[31m+     "provider": "amazon-bedrock",[39m
[31m+     "reasoning": false,[39m
[31m+   },[39m
[31m+   {[39m
[31m+     "contextWindow": 128000,[39m
[31m+     "id": "meta.llama3-1-8b-instruct-v1:0",[39m
[31m+     "input": [[39m
[31m+       "text",[39m
[31m+     ],[39m
[31m+     "name": "Llama 3.1 8B Instruct",[39m
[31m+     "provider": "amazon-bedrock",[39m
[31m+     "reasoning": false,[39m
[31m+   },[39m
[31m+   {[39m
[31m+     "contextWindow": 128000,[39m
[31m+     "id": "meta.llama3-2-11b-instruct-v1:0",[39m
[31m+     "input": [[39m
[31m+       "text",[39m
[31m+       "image",[39m
[31m+     ],[39m
[31m+     "name": "Llama 3.2 11B Instruct",[39m
[31m+     "provider": "amazon-bedrock",[39m
[31m+     "reasoning": false,[39m
[31m+   },[39m
[31m+   {[39m
[31m+     "contextWindow": 131000,[39m
[31m+     "id": "meta.llama3-2-1b-instruct-v1:0",[39m
[31m+     "input": [[39m
[31m+       "text",[39m
[31m+     ],[39m
[31m+     "name": "Llama 3.2 1B Instruct",[39m
[31m+     "provider": "amazon-bedrock",[39m
[31m+     "reasoning": false,[39m
[31m+   },[39m
[31m+   {[39m
[31m+     "contextWindow": 131000,[39m
[31m+     "id": "meta.llama3-2-3b-instruct-v1:0",[39m
[31m+     "input": [[39m
[31m+       "text",[39m
[31m+     ],[39m
[31m+     "name": "Llama 3.2 3B Instruct",[39m
[31m+     "provider": "amazon-bedrock",[39m
[31m+     "reasoning": false,[39m
[31m+   },[39m
[31m+   {[39m
[31m+     "contextWindow": 128000,[39m
[31m+     "id": "meta.llama3-2-90b-instruct-v1:0",[39m
[31m+     "input": [[39m
[31m+       "text",[39m
[31m+       "image",[39m
[31m+     ],[39m
[31m+     "name": "Llama 3.2 90B Instruct",[39m
[31m+     "provider": "amazon-bedrock",[39m
[31m+     "reasoning": false,[39m
[31m+   },[39m
[31m+   {[39m
[31m+     "contextWindow": 128000,[39m
[31m+     "id": "meta.llama3-3-70b-instruct-v1:0",[39m
[31m+     "input": [[39m
[31m+       "text",[39m
[31m+     ],[39m
[31m+     "name": "Llama 3.3 70B Instruct",[39m
[31m+     "provider": "amazon-bedrock",[39m
[31m+     "reasoning": false,[39m
[31m+   },[39m
[31m+   {[39m
[31m+     "contextWindow": 1000000,[39m
[31m+     "id": "meta.llama4-maverick-17b-instruct-v1:0",[39m
[31m+     "input": [[39m
[31m+       "text",[39m
[31m+       "image",[39m
[31m+     ],[39m
[31m+     "name": "Llama 4 Maverick 17B Instruct",[39m
[31m+     "provider": "amazon-bedrock",[39m
[31m+     "reasoning": false,[39m
[31m+   },[39m
[31m+   {[39m
[31m+     "contextWindow": 3500000,[39m
[31m+     "id": "meta.llama4-scout-17b-instruct-v1:0",[39m
[31m+     "input": [[39m
[31m+       "text",[39m
[31m+       "image",[39m
[31m+     ],[39m
[31m+     "name": "Llama 4 Scout 17B Instruct",[39m
[31m+     "provider": "amazon-bedrock",[39m
[31m+     "reasoning": false,[39m
[31m+   },[39m
[31m+   {[39m
[31m+     "contextWindow": 204608,[39m
[31m+     "id": "minimax.minimax-m2",[39m
[31m+     "input": [[39m
[31m+       "text",[39m
[31m+     ],[39m
[31m+     "name": "MiniMax M2",[39m
[31m+     "provider": "amazon-bedrock",[39m
[31m+     "reasoning": true,[39m
[31m+   },[39m
[31m+   {[39m
[31m+     "contextWindow": 204800,[39m
[31m+     "id": "minimax.minimax-m2.1",[39m
[31m+     "input": [[39m
[31m+       "text",[39m
[31m+     ],[39m
[31m+     "name": "MiniMax M2.1",[39m
[31m+     "provider": "amazon-bedrock",[39m
[31m+     "reasoning": true,[39m
[31m+   },[39m
[31m+   {[39m
[31m+     "contextWindow": 128000,[39m
[31m+     "id": "mistral.ministral-3-14b-instruct",[39m
[31m+     "input": [[39m
[31m+       "text",[39m
[31m+     ],[39m
[31m+     "name": "Ministral 14B 3.0",[39m
[31m+     "provider": "amazon-bedrock",[39m
[31m+     "reasoning": false,[39m
[31m+   },[39m
[31m+   {[39m
[31m+     "contextWindow": 128000,[39m
[31m+     "id": "mistral.ministral-3-8b-instruct",[39m
[31m+     "input": [[39m
[31m+       "text",[39m
[31m+     ],[39m
[31m+     "name": "Ministral 3 8B",[39m
[31m+     "provider": "amazon-bedrock",[39m
[31m+     "reasoning": false,[39m
[31m+   },[39m
[31m+   {[39m
[31m+     "contextWindow": 128000,[39m
[31m+     "id": "mistral.mistral-large-2402-v1:0",[39m
[31m+     "input": [[39m
[31m+       "text",[39m
[31m+     ],[39m
[31m+     "name": "Mistral Large (24.02)",[39m
[31m+     "provider": "amazon-bedrock",[39m
[31m+     "reasoning": false,[39m
[31m+   },[39m
[31m+   {[39m
[31m+     "contextWindow": 128000,[39m
[31m+     "id": "amazon.nova-2-lite-v1:0",[39m
[31m+     "input": [[39m
[31m+       "text",[39m
[31m+       "image",[39m
[31m+     ],[39m
[31m+     "name": "Nova 2 Lite",[39m
[31m+     "provider": "amazon-bedrock",[39m
[31m+     "reasoning": false,[39m
[31m+   },[39m
[31m+   {[39m
[31m+     "contextWindow": 300000,[39m
[31m+     "id": "amazon.nova-lite-v1:0",[39m
[31m+     "input": [[39m
[31m+       "text",[39m
[31m+       "image",[39m
[31m+     ],[39m
[31m+     "name": "Nova Lite",[39m
[31m+     "provider": "amazon-bedrock",[39m
[31m+     "reasoning": false,[39m
[31m+   },[39m
[31m+   {[39m
[31m+     "contextWindow": 128000,[39m
[31m+     "id": "amazon.nova-micro-v1:0",[39m
[31m+     "input": [[39m
[31m+       "text",[39m
[31m+     ],[39m
[31m+     "name": "Nova Micro",[39m
[31m+     "provider": "amazon-bedrock",[39m
[31m+     "reasoning": false,[39m
[31m+   },[39m
[31m+   {[39m
[31m+     "contextWindow": 1000000,[39m
[31m+     "id": "amazon.nova-premier-v1:0",[39m
[31m+     "input": [[39m
[31m+       "text",[39m
[31m+       "image",[39m
[31m+     ],[39m
[31m+     "name": "Nova Premier",[39m
[31m+     "provider": "amazon-bedrock",[39m
[31m+     "reasoning": true,[39m
[31m+   },[39m
[31m+   {[39m
[31m+     "contextWindow": 300000,[39m
[31m+     "id": "amazon.nova-pro-v1:0",[39m
[31m+     "input": [[39m
[31m+       "text",[39m
[31m+       "image",[39m
[31m+     ],[39m
[31m+     "name": "Nova Pro",[39m
[31m+     "provider": "amazon-bedrock",[39m
[31m+     "reasoning": false,[39m
[31m+   },[39m
[31m+   {[39m
[31m+     "contextWindow": 128000,[39m
[31m+     "id": "nvidia.nemotron-nano-12b-v2",[39m
[31m+     "input": [[39m
[31m+       "text",[39m
[31m+       "image",[39m
[31m+     ],[39m
[31m+     "name": "NVIDIA Nemotron Nano 12B v2 VL BF16",[39m
[31m+     "provider": "amazon-bedrock",[39m
[31m+     "reasoning": false,[39m
[31m+   },[39m
[31m+   {[39m
[31m+     "contextWindow": 128000,[39m
[31m+     "id": "nvidia.nemotron-nano-9b-v2",[39m
[31m+     "input": [[39m
[31m+       "text",[39m
[31m+     ],[39m
[31m+     "name": "NVIDIA Nemotron Nano 9B v2",[39m
[31m+     "provider": "amazon-bedrock",[39m
[31m+     "reasoning": false,[39m
[31m+   },[39m
[31m+   {[39m
[31m+     "contextWindow": 122880,[39m
[31m+     "id": "writer.palmyra-x4-v1:0",[39m
[31m+     "input": [[39m
[31m+       "text",[39m
[31m+     ],[39m
[31m+     "name": "Palmyra X4",[39m
[31m+     "provider": "amazon-bedrock",[39m
[31m+     "reasoning": true,[39m
[31m+   },[39m
[31m+   {[39m
[31m+     "contextWindow": 1040000,[39m
[31m+     "id": "writer.palmyra-x5-v1:0",[39m
[31m+     "input": [[39m
[31m+       "text",[39m
[31m+     ],[39m
[31m+     "name": "Palmyra X5",[39m
[31m+     "provider": "amazon-bedrock",[39m
[31m+     "reasoning": true,[39m
[31m+   },[39m
[31m+   {[39m
[31m+     "contextWindow": 262000,[39m
[31m+     "id": "qwen.qwen3-next-80b-a3b",[39m
[31m+     "input": [[39m
[31m+       "text",[39m
[31m+     ],[39m
[31m+     "name": "Qwen/Qwen3-Next-80B-A3B-Instruct",[39m
[31m+     "provider": "amazon-bedrock",[39m
[31m+     "reasoning": false,[39m
[31m+   },[39m
[31m+   {[39m
[31m+     "contextWindow": 262000,[39m
[31m+     "id": "qwen.qwen3-vl-235b-a22b",[39m
[31m+     "input": [[39m
[31m+       "text",[39m
[31m+       "image",[39m
[31m+     ],[39m
[31m+     "name": "Qwen/Qwen3-VL-235B-A22B-Instruct",[39m
[31m+     "provider": "amazon-bedrock",[39m
[31m+     "reasoning": false,[39m
[31m+   },[39m
[31m+   {[39m
[31m+     "contextWindow": 262144,[39m
[31m+     "id": "qwen.qwen3-235b-a22b-2507-v1:0",[39m
[31m+     "input": [[39m
[31m+       "text",[39m
[31m+     ],[39m
[31m+     "name": "Qwen3 235B A22B 2507",[39m
[31m+     "provider": "amazon-bedrock",[39m
[31m+     "reasoning": false,[39m
[31m+   },[39m
[31m+   {[39m
[31m+     "contextWindow": 16384,[39m
[31m+     "id": "qwen.qwen3-32b-v1:0",[39m
[31m+     "input": [[39m
[31m+       "text",[39m
[31m+     ],[39m
[31m+     "name": "Qwen3 32B (dense)",[39m
[31m+     "provider": "amazon-bedrock",[39m
[31m+     "reasoning": true,[39m
[31m+   },[39m
[31m+   {[39m
[31m+     "contextWindow": 262144,[39m
[31m+     "id": "qwen.qwen3-coder-30b-a3b-v1:0",[39m
[31m+     "input": [[39m
[31m+       "text",[39m
[31m+     ],[39m
[31m+     "name": "Qwen3 Coder 30B A3B Instruct",[39m
[31m+     "provider": "amazon-bedrock",[39m
[31m+     "reasoning": false,[39m
[31m+   },[39m
[31m+   {[39m
[31m+     "contextWindow": 131072,[39m
[31m+     "id": "qwen.qwen3-coder-480b-a35b-v1:0",[39m
[31m+     "input": [[39m
[31m+       "text",[39m
[31m+     ],[39m
[31m+     "name": "Qwen3 Coder 480B A35B Instruct",[39m
[31m+     "provider": "amazon-bedrock",[39m
[31m+     "reasoning": false,[39m
[31m+   },[39m
[31m+   {[39m
[31m+     "contextWindow": 128000,[39m
[31m+     "id": "amazon.titan-text-express-v1",[39m
[31m+     "input": [[39m
[31m+       "text",[39m
[31m+     ],[39m
[31m+     "name": "Titan Text G1 - Express",[39m
[31m+     "provider": "amazon-bedrock",[39m
[31m+     "reasoning": false,[39m
[31m+   },[39m
[31m+   {[39m
[31m+     "contextWindow": 128000,[39m
[31m+     "id": "amazon.titan-text-express-v1:0:8k",[39m
[31m+     "input": [[39m
[31m+       "text",[39m
[31m+     ],[39m
[31m+     "name": "Titan Text G1 - Express",[39m
[31m+     "provider": "amazon-bedrock",[39m
[31m+     "reasoning": false,[39m
[31m+   },[39m
[31m+   {[39m
[31m+     "contextWindow": 128000,[39m
[31m+     "id": "mistral.voxtral-mini-3b-2507",[39m
[31m+     "input": [[39m
[31m+       "text",[39m
[31m+     ],[39m
[31m+     "name": "Voxtral Mini 3B 2507",[39m
[31m+     "provider": "amazon-bedrock",[39m
[31m+     "reasoning": false,[39m
[31m+   },[39m
[31m+   {[39m
[31m+     "contextWindow": 32000,[39m
[31m+     "id": "mistral.voxtral-small-24b-2507",[39m
[31m+     "input": [[39m
[31m+       "text",[39m
[31m+     ],[39m
[31m+     "name": "Voxtral Small 24B 2507",[39m
[31m+     "provider": "amazon-bedrock",[39m
[31m+     "reasoning": false,[39m
[31m+   },[39m
[31m+   {[39m
[31m+     "contextWindow": 200000,[39m
[31m+     "id": "claude-3-haiku-20240307",[39m
[31m+     "input": [[39m
[31m+       "text",[39m
[31m+       "image",[39m
[31m+     ],[39m
[31m+     "name": "Claude Haiku 3",[39m
[31m+     "provider": "anthropic",[39m
[31m+     "reasoning": false,[39m
[31m+   },[39m
[31m+   {[39m
[31m+     "contextWindow": 200000,[39m
[31m+     "id": "claude-3-5-haiku-20241022",[39m
[31m+     "input": [[39m
[31m+       "text",[39m
[31m+       "image",[39m
[31m+     ],[39m
[31m+     "name": "Claude Haiku 3.5",[39m
[2m      "provider": "anthropic",[22m
[31m+     "reasoning": false,[39m
[2m    },[22m
[2m    {[22m
[32m-     "contextWindow": 1000,[39m
[32m-     "id": "claude-test-b",[39m
[32m-     "name": "B-Model",[39m
[31m+     "contextWindow": 200000,[39m
[31m+     "id": "claude-3-5-haiku-latest",[39m
[31m+     "input": [[39m
[31m+       "text",[39m
[31m+       "image",[39m
[31m+     ],[39m
[31m+     "name": "Claude Haiku 3.5 (latest)",[39m
[31m+     "provider": "anthropic",[39m
[31m+     "reasoning": false,[39m
[31m+   },[39m
[31m+   {[39m
[31m+     "contextWindow": 200000,[39m
[31m+     "id": "claude-haiku-4-5-20251001",[39m
[31m+     "input": [[39m
[31m+       "text",[39m
[31m+       "image",[39m
[31m+     ],[39m
[31m+     "name": "Claude Haiku 4.5",[39m
[31m+     "provider": "anthropic",[39m
[31m+     "reasoning": true,[39m
[31m+   },[39m
[31m+   {[39m
[31m+     "contextWindow": 200000,[39m
[31m+     "id": "claude-haiku-4-5",[39m
[31m+     "input": [[39m
[31m+       "text",[39m
[31m+       "image",[39m
[31m+     ],[39m
[31m+     "name": "Claude Haiku 4.5 (latest)",[39m
[31m+     "provider": "anthropic",[39m
[31m+     "reasoning": true,[39m
[31m+   },[39m
[31m+   {[39m
[31m+     "contextWindow": 200000,[39m
[31m+     "id": "claude-3-opus-20240229",[39m
[31m+     "input": [[39m
[31m+       "text",[39m
[31m+       "image",[39m
[31m+     ],[39m
[31m+     "name": "Claude Opus 3",[39m
[31m+     "provider": "anthropic",[39m
[31m+     "reasoning": false,[39m
[31m+   },[39m
[31m+   {[39m
[31m+     "contextWindow": 200000,[39m
[31m+     "id": "claude-opus-4-20250514",[39m
[31m+     "input": [[39m
[31m+       "text",[39m
[31m+       "image",[39m
[31m+     ],[39m
[31m+     "name": "Claude Opus 4",[39m
[31m+     "provider": "anthropic",[39m
[31m+     "reasoning": true,[39m
[31m+   },[39m
[31m+   {[39m
[31m+     "contextWindow": 200000,[39m
[31m+     "id": "claude-opus-4-0",[39m
[31m+     "input": [[39m
[31m+       "text",[39m
[31m+       "image",[39m
[31m+     ],[39m
[31m+     "name": "Claude Opus 4 (latest)",[39m
[31m+     "provider": "anthropic",[39m
[31m+     "reasoning": true,[39m
[31m+   },[39m
[31m+   {[39m
[31m+     "contextWindow": 200000,[39m
[31m+     "id": "claude-opus-4-1-20250805",[39m
[31m+     "input": [[39m
[31m+       "text",[39m
[31m+       "image",[39m
[31m+     ],[39m
[31m+     "name": "Claude Opus 4.1",[39m
[31m+     "provider": "anthropic",[39m
[31m+     "reasoning": true,[39m
[31m+   },[39m
[31m+   {[39m
[31m+     "contextWindow": 200000,[39m
[31m+     "id": "claude-opus-4-1",[39m
[31m+     "input": [[39m
[31m+       "text",[39m
[31m+       "image",[39m
[31m+     ],[39m
[31m+     "name": "Claude Opus 4.1 (latest)",[39m
[31m+     "provider": "anthropic",[39m
[31m+     "reasoning": true,[39m
[31m+   },[39m
[31m+   {[39m
[31m+     "contextWindow": 200000,[39m
[31m+     "id": "claude-opus-4-5-20251101",[39m
[31m+     "input": [[39m
[31m+       "text",[39m
[31m+       "image",[39m
[31m+     ],[39m
[31m+     "name": "Claude Opus 4.5",[39m
[31m+     "provider": "anthropic",[39m
[31m+     "reasoning": true,[39m
[31m+   },[39m
[31m+   {[39m
[31m+     "contextWindow": 200000,[39m
[31m+     "id": "claude-opus-4-5",[39m
[31m+     "input": [[39m
[31m+       "text",[39m
[31m+       "image",[39m
[31m+     ],[39m
[31m+     "name": "Claude Opus 4.5 (latest)",[39m
[31m+     "provider": "anthropic",[39m
[31m+     "reasoning": true,[39m
[31m+   },[39m
[31m+   {[39m
[31m+     "contextWindow": 200000,[39m
[31m+     "id": "claude-opus-4-6",[39m
[31m+     "input": [[39m
[31m+       "text",[39m
[31m+       "image",[39m
[31m+     ],[39m
[31m+     "name": "Claude Opus 4.6",[39m
[31m+     "provider": "anthropic",[39m
[31m+     "reasoning": true,[39m
[31m+   },[39m
[31m+   {[39m
[31m+     "contextWindow": 200000,[39m
[31m+     "id": "claude-3-sonnet-20240229",[39m
[31m+     "input": [[39m
[31m+       "text",[39m
[31m+       "image",[39m
[31m+     ],[39m
[31m+     "name": "Claude Sonnet 3",[39m
[31m+     "provider": "anthropic",[39m
[31m+     "reasoning": false,[39m
[31m+   },[39m
[31m+   {[39m
[31m+     "contextWindow": 200000,[39m
[31m+     "id": "claude-3-5-sonnet-20240620",[39m
[31m+     "input": [[39m
[31m+       "text",[39m
[31m+       "image",[39m
[31m+     ],[39m
[31m+     "name": "Claude Sonnet 3.5",[39m
[31m+     "provider": "anthropic",[39m
[31m+     "reasoning": false,[39m
[31m+   },[39m
[31m+   {[39m
[31m+     "contextWindow": 200000,[39m
[31m+     "id": "claude-3-5-sonnet-20241022",[39m
[31m+     "input": [[39m
[31m+       "text",[39m
[31m+       "image",[39m
[31m+     ],[39m
[31m+     "name": "Claude Sonnet 3.5 v2",[39m
[31m+     "provider": "anthropic",[39m
[31m+     "reasoning": false,[39m
[31m+   },[39m
[31m+   {[39m
[31m+     "contextWindow": 200000,[39m
[31m+     "id": "claude-3-7-sonnet-20250219",[39m
[31m+     "input": [[39m
[31m+       "text",[39m
[31m+       "image",[39m
[31m+     ],[39m
[31m+     "name": "Claude Sonnet 3.7",[39m
[2m      "provider": "anthropic",[22m
[31m+     "reasoning": true,[39m
[31m+   },[39m
[31m+   {[39m
[31m+     "contextWindow": 200000,[39m
[31m+     "id": "claude-3-7-sonnet-latest",[39m
[31m+     "input": [[39m
[31m+       "text",[39m
[31m+       "image",[39m
[31m+     ],[39m
[31m+     "name": "Claude Sonnet 3.7 (latest)",[39m
[31m+     "provider": "anthropic",[39m
[31m+     "reasoning": true,[39m
[31m+   },[39m
[31m+   {[39m
[31m+     "contextWindow": 200000,[39m
[31m+     "id": "claude-sonnet-4-20250514",[39m
[31m+     "input": [[39m
[31m+       "text",[39m
[31m+       "image",[39m
[31m+     ],[39m
[31m+     "name": "Claude Sonnet 4",[39m
[31m+     "provider": "anthropic",[39m
[31m+     "reasoning": true,[39m
[31m+   },[39m
[31m+   {[39m
[31m+     "contextWindow": 200000,[39m
[31m+     "id": "claude-sonnet-4-0",[39m
[31m+     "input": [[39m
[31m+       "text",[39m
[31m+       "image",[39m
[31m+     ],[39m
[31m+     "name": "Claude Sonnet 4 (latest)",[39m
[31m+     "provider": "anthropic",[39m
[31m+     "reasoning": true,[39m
[31m+   },[39m
[31m+   {[39m
[31m+     "contextWindow": 200000,[39m
[31m+     "id": "claude-sonnet-4-5-20250929",[39m
[31m+     "input": [[39m
[31m+       "text",[39m
[31m+       "image",[39m
[31m+     ],[39m
[31m+     "name": "Claude Sonnet 4.5",[39m
[31m+     "provider": "anthropic",[39m
[31m+     "reasoning": true,[39m
[31m+   },[39m
[31m+   {[39m
[31m+     "contextWindow": 200000,[39m
[31m+     "id": "claude-sonnet-4-5",[39m
[31m+     "input": [[39m
[31m+       "text",[39m
[31m+       "image",[39m
[31m+     ],[39m
[31m+     "name": "Claude Sonnet 4.5 (latest)",[39m
[31m+     "provider": "anthropic",[39m
[31m+     "reasoning": true,[39m
[31m+   },[39m
[31m+   {[39m
[31m+     "contextWindow": 200000,[39m
[31m+     "id": "claude-sonnet-4-6",[39m
[31m+     "input": [[39m
[31m+       "text",[39m
[31m+       "image",[39m
[31m+     ],[39m
[31m+     "name": "Claude Sonnet 4.6",[39m
[31m+     "provider": "anthropic",[39m
[31m+     "reasoning": true,[39m
[31m+   },[39m
[31m+   {[39m
[31m+     "contextWindow": 200000,[39m
[31m+     "id": "codex-mini-latest",[39m
[31m+     "input": [[39m
[31m+       "text",[39m
[31m+     ],[39m
[31m+     "name": "Codex Mini",[39m
[31m+     "provider": "azure-openai-responses",[39m
[31m+     "reasoning": true,[39m
[31m+   },[39m
[31m+   {[39m
[31m+     "contextWindow": 8192,[39m
[31m+     "id": "gpt-4",[39m
[31m+     "input": [[39m
[31m+       "text",[39m
[31m+     ],[39m
[31m+     "name": "GPT-4",[39m
[31m+     "provider": "azure-openai-responses",[39m
[31m+     "reasoning": false,[39m
[31m+   },[39m
[31m+   {[39m
[31m+     "contextWindow": 128000,[39m
[31m+     "id": "gpt-4-turbo",[39m
[31m+     "input": [[39m
[31m+       "text",[39m
[31m+       "image",[39m
[31m+     ],[39m
[31m+     "name": "GPT-4 Turbo",[39m
[31m+     "provider": "azure-openai-responses",[39m
[31m+     "reasoning": false,[39m
[31m+   },[39m
[31m+   {[39m
[31m+     "contextWindow": 1047576,[39m
[31m+     "id": "gpt-4.1",[39m
[31m+     "input": [[39m
[31m+       "text",[39m
[31m+       "image",[39m
[31m+     ],[39m
[31m+     "name": "GPT-4.1",[39m
[31m+     "provider": "azure-openai-responses",[39m
[31m+     "reasoning": false,[39m
[31m+   },[39m
[31m+   {[39m
[31m+     "contextWindow": 1047576,[39m
[31m+     "id": "gpt-4.1-mini",[39m
[31m+     "input": [[39m
[31m+       "text",[39m
[31m+       "image",[39m
[31m+     ],[39m
[31m+     "name": "GPT-4.1 mini",[39m
[31m+     "provider": "azure-openai-responses",[39m
[31m+     "reasoning": false,[39m
[31m+   },[39m
[31m+   {[39m
[31m+     "contextWindow": 1047576,[39m
[31m+     "id": "gpt-4.1-nano",[39m
[31m+     "input": [[39m
[31m+       "text",[39m
[31m+       "image",[39m
[31m+     ],[39m
[31m+     "name": "GPT-4.1 nano",[39m
[31m+     "provider": "azure-openai-responses",[39m
[31m+     "reasoning": false,[39m
[31m+   },[39m
[31m+   {[39m
[31m+     "contextWindow": 128000,[39m
[31m+     "id": "gpt-4o",[39m
[31m+     "input": [[39m
[31m+       "text",[39m
[31m+       "image",[39m
[31m+     ],[39m
[31m+     "name": "GPT-4o",[39m
[31m+     "provider": "azure-openai-responses",[39m
[31m+     "reasoning": false,[39m
[31m+   },[39m
[31m+   {[39m
[31m+     "contextWindow": 128000,[39m
[31m+     "id": "gpt-4o-2024-05-13",[39m
[31m+     "input": [[39m
[31m+       "text",[39m
[31m+       "image",[39m
[31m+     ],[39m
[31m+     "name": "GPT-4o (2024-05-13)",[39m
[31m+     "provider": "azure-openai-responses",[39m
[31m+     "reasoning": false,[39m
[31m+   },[39m
[31m+   {[39m
[31m+     "contextWindow": 128000,[39m
[31m+     "id": "gpt-4o-2024-08-06",[39m
[31m+     "input": [[39m
[31m+       "text",[39m
[31m+       "image",[39m
[31m+     ],[39m
[31m+     "name": "GPT-4o (2024-08-06)",[39m
[31m+     "provider": "azure-openai-responses",[39m
[31m+     "reasoning": false,[39m
[31m+   },[39m
[31m+   {[39m
[31m+     "contextWindow": 128000,[39m
[31m+     "id": "gpt-4o-2024-11-20",[39m
[31m+     "input": [[39m
[31m+       "text",[39m
[31m+       "image",[39m
[31m+     ],[39m
[31m+     "name": "GPT-4o (2024-11-20)",[39m
[31m+     "provider": "azure-openai-responses",[39m
[31m+     "reasoning": false,[39m
[31m+   },[39m
[31m+   {[39m
[31m+     "contextWindow": 128000,[39m
[31m+     "id": "gpt-4o-mini",[39m
[31m+     "input": [[39m
[31m+       "text",[39m
[31m+       "image",[39m
[31m+     ],[39m
[31m+     "name": "GPT-4o mini",[39m
[31m+     "provider": "azure-openai-responses",[39m
[31m+     "reasoning": false,[39m
[31m+   },[39m
[31m+   {[39m
[31m+     "contextWindow": 400000,[39m
[31m+     "id": "gpt-5",[39m
[31m+     "input": [[39m
[31m+       "text",[39m
[31m+       "image",[39m
[31m+     ],[39m
[31m+     "name": "GPT-5",[39m
[31m+     "provider": "azure-openai-responses",[39m
[31m+     "reasoning": true,[39m
[31m+   },[39m
[31m+   {[39m
[31m+     "contextWindow": 128000,[39m
[31m+     "id": "gpt-5-chat-latest",[39m
[31m+     "input": [[39m
[31m+       "text",[39m
[31m+       "image",[39m
[31m+     ],[39m
[31m+     "name": "GPT-5 Chat Latest",[39m
[31m+     "provider": "azure-openai-responses",[39m
[31m+     "reasoning": false,[39m
[31m+   },[39m
[31m+   {[39m
[31m+     "contextWindow": 400000,[39m
[31m+     "id": "gpt-5-mini",[39m
[31m+     "input": [[39m
[31m+       "text",[39m
[31m+       "image",[39m
[31m+     ],[39m
[31m+     "name": "GPT-5 Mini",[39m
[31m+     "provider": "azure-openai-responses",[39m
[31m+     "reasoning": true,[39m
[31m+   },[39m
[31m+   {[39m
[31m+     "contextWindow": 400000,[39m
[31m+     "id": "gpt-5-nano",[39m
[31m+     "input": [[39m
[31m+       "text",[39m
[31m+       "image",[39m
[31m+     ],[39m
[31m+     "name": "GPT-5 Nano",[39m
[31m+     "provider": "azure-openai-responses",[39m
[31m+     "reasoning": true,[39m
[31m+   },[39m
[31m+   {[39m
[31m+     "contextWindow": 400000,[39m
[31m+     "id": "gpt-5-pro",[39m
[31m+     "input": [[39m
[31m+       "text",[39m
[31m+       "image",[39m
[31m+     ],[39m
[31m+     "name": "GPT-5 Pro",[39m
[31m+     "provider": "azure-openai-responses",[39m
[31m+     "reasoning": true,[39m
[31m+   },[39m
[31m+   {[39m
[31m+     "contextWindow": 400000,[39m
[31m+     "id": "gpt-5-codex",[39m
[31m+     "input": [[39m
[31m+       "text",[39m
[31m+       "image",[39m
[31m+     ],[39m
[31m+     "name": "GPT-5-Codex",[39m
[31m+     "provider": "azure-openai-responses",[39m
[31m+     "reasoning": true,[39m
[31m+   },[39m
[31m+   {[39m
[31m+     "contextWindow": 400000,[39m
[31m+     "id": "gpt-5.1",[39m
[31m+     "input": [[39m
[31m+       "text",[39m
[31m+       "image",[39m
[31m+     ],[39m
[31m+     "name": "GPT-5.1",[39m
[31m+     "provider": "azure-openai-responses",[39m
[31m+     "reasoning": true,[39m
[31m+   },[39m
[31m+   {[39m
[31m+     "contextWindow": 128000,[39m
[31m+     "id": "gpt-5.1-chat-latest",[39m
[31m+     "input": [[39m
[31m+       "text",[39m
[31m+       "image",[39m
[31m+     ],[39m
[31m+     "name": "GPT-5.1 Chat",[39m
[31m+     "provider": "azure-openai-responses",[39m
[31m+     "reasoning": true,[39m
[31m+   },[39m
[31m+   {[39m
[31m+     "contextWindow": 400000,[39m
[31m+     "id": "gpt-5.1-codex",[39m
[31m+     "input": [[39m
[31m+       "text",[39m
[31m+       "image",[39m
[31m+     ],[39m
[31m+     "name": "GPT-5.1 Codex",[39m
[31m+     "provider": "azure-openai-responses",[39m
[31m+     "reasoning": true,[39m
[31m+   },[39m
[31m+   {[39m
[31m+     "contextWindow": 400000,[39m
[31m+     "id": "gpt-5.1-codex-max",[39m
[31m+     "input": [[39m
[31m+       "text",[39m
[31m+       "image",[39m
[31m+     ],[39m
[31m+     "name": "GPT-5.1 Codex Max",[39m
[31m+     "provider": "azure-openai-responses",[39m
[31m+     "reasoning": true,[39m
[31m+   },[39m
[31m+   {[39m
[31m+     "contextWindow": 400000,[39m
[31m+     "id": "gpt-5.1-codex-mini",[39m
[31m+     "input": [[39m
[31m+       "text",[39m
[31m+       "image",[39m
[31m+     ],[39m
[31m+     "name": "GPT-5.1 Codex mini",[39m
[31m+     "provider": "azure-openai-responses",[39m
[31m+     "reasoning": true,[39m
[31m+   },[39m
[31m+   {[39m
[31m+     "contextWindow": 400000,[39m
[31m+     "id": "gpt-5.2",[39m
[31m+     "input": [[39m
[31m+       "text",[39m
[31m+       "image",[39m
[31m+     ],[39m
[31m+     "name": "GPT-5.2",[39m
[31m+     "provider": "azure-openai-responses",[39m
[31m+     "reasoning": true,[39m
[31m+   },[39m
[31m+   {[39m
[31m+     "contextWindow": 128000,[39m
[31m+     "id": "gpt-5.2-chat-latest",[39m
[31m+     "input": [[39m
[31m+       "text",[39m
[31m+       "image",[39m
[31m+     ],[39m
[31m+     "name": "GPT-5.2 Chat",[39m
[31m+     "provider": "azure-openai-responses",[39m
[31m+     "reasoning": true,[39m
[31m+   },[39m
[31m+   {[39m
[31m+     "contextWindow": 400000,[39m
[31m+     "id": "gpt-5.2-codex",[39m
[31m+     "input": [[39m
[31m+       "text",[39m
[31m+       "image",[39m
[31m+     ],[39m
[31m+     "name": "GPT-5.2 Codex",[39m
[31m+     "provider": "azure-openai-responses",[39m
[31m+     "reasoning": true,[39m
[31m+   },[39m
[31m+   {[39m
[31m+     "contextWindow": 400000,[39m
[31m+     "id": "gpt-5.2-pro",[39m
[31m+     "input": [[39m
[31m+       "text",[39m
[31m+       "image",[39m
[31m+     ],[39m
[31m+     "name": "GPT-5.2 Pro",[39m
[31m+     "provider": "azure-openai-responses",[39m
[31m+     "reasoning": true,[39m
[31m+   },[39m
[31m+   {[39m
[31m+     "contextWindow": 400000,[39m
[31m+     "id": "gpt-5.3-codex",[39m
[31m+     "input": [[39m
[31m+       "text",[39m
[31m+       "image",[39m
[31m+     ],[39m
[31m+     "name": "GPT-5.3 Codex",[39m
[31m+     "provider": "azure-openai-responses",[39m
[31m+     "reasoning": true,[39m
[31m+   },[39m
[31m+   {[39m
[31m+     "contextWindow": 128000,[39m
[31m+     "id": "gpt-5.3-codex-spark",[39m
[31m+     "input": [[39m
[31m+       "text",[39m
[31m+       "image",[39m
[31m+     ],[39m
[31m+     "name": "GPT-5.3 Codex Spark",[39m
[31m+     "provider": "azure-openai-responses",[39m
[31m+     "reasoning": true,[39m
[2m    },[22m
[2m    {[22m
[31m+     "contextWindow": 200000,[39m
[31m+     "id": "o1",[39m
[31m+     "input": [[39m
[31m+       "text",[39m
[31m+       "image",[39m
[31m+     ],[39m
[31m+     "name": "o1",[39m
[31m+     "provider": "azure-openai-responses",[39m
[31m+     "reasoning": true,[39m
[31m+   },[39m
[31m+   {[39m
[31m+     "contextWindow": 200000,[39m
[31m+     "id": "o1-pro",[39m
[31m+     "input": [[39m
[31m+       "text",[39m
[31m+       "image",[39m
[31m+     ],[39m
[31m+     "name": "o1-pro",[39m
[31m+     "provider": "azure-openai-responses",[39m
[31m+     "reasoning": true,[39m
[31m+   },[39m
[31m+   {[39m
[31m+     "contextWindow": 200000,[39m
[31m+     "id": "o3",[39m
[31m+     "input": [[39m
[31m+       "text",[39m
[31m+       "image",[39m
[31m+     ],[39m
[31m+     "name": "o3",[39m
[31m+     "provider": "azure-openai-responses",[39m
[31m+     "reasoning": true,[39m
[31m+   },[39m
[31m+   {[39m
[31m+     "contextWindow": 200000,[39m
[31m+     "id": "o3-deep-research",[39m
[31m+     "input": [[39m
[31m+       "text",[39m
[31m+       "image",[39m
[31m+     ],[39m
[31m+     "name": "o3-deep-research",[39m
[31m+     "provider": "azure-openai-responses",[39m
[31m+     "reasoning": true,[39m
[31m+   },[39m
[31m+   {[39m
[31m+     "contextWindow": 200000,[39m
[31m+     "id": "o3-mini",[39m
[31m+     "input": [[39m
[31m+       "text",[39m
[31m+     ],[39m
[31m+     "name": "o3-mini",[39m
[31m+     "provider": "azure-openai-responses",[39m
[31m+     "reasoning": true,[39m
[31m+   },[39m
[31m+   {[39m
[31m+     "contextWindow": 200000,[39m
[31m+     "id": "o3-pro",[39m
[31m+     "input": [[39m
[31m+       "text",[39m
[31m+       "image",[39m
[31m+     ],[39m
[31m+     "name": "o3-pro",[39m
[31m+     "provider": "azure-openai-responses",[39m
[31m+     "reasoning": true,[39m
[31m+   },[39m
[31m+   {[39m
[31m+     "contextWindow": 200000,[39m
[31m+     "id": "o4-mini",[39m
[31m+     "input": [[39m
[31m+       "text",[39m
[31m+       "image",[39m
[31m+     ],[39m
[31m+     "name": "o4-mini",[39m
[31m+     "provider": "azure-openai-responses",[39m
[31m+     "reasoning": true,[39m
[31m+   },[39m
[31m+   {[39m
[31m+     "contextWindow": 200000,[39m
[31m+     "id": "o4-mini-deep-research",[39m
[31m+     "input": [[39m
[31m+       "text",[39m
[31m+       "image",[39m
[31m+     ],[39m
[31m+     "name": "o4-mini-deep-research",[39m
[31m+     "provider": "azure-openai-responses",[39m
[31m+     "reasoning": true,[39m
[31m+   },[39m
[31m+   {[39m
[31m+     "contextWindow": 131072,[39m
[31m+     "id": "gpt-oss-120b",[39m
[31m+     "input": [[39m
[31m+       "text",[39m
[31m+     ],[39m
[31m+     "name": "GPT OSS 120B",[39m
[31m+     "provider": "cerebras",[39m
[31m+     "reasoning": true,[39m
[31m+   },[39m
[31m+   {[39m
[31m+     "contextWindow": 32000,[39m
[31m+     "id": "llama3.1-8b",[39m
[31m+     "input": [[39m
[31m+       "text",[39m
[31m+     ],[39m
[31m+     "name": "Llama 3.1 8B",[39m
[31m+     "provider": "cerebras",[39m
[31m+     "reasoning": false,[39m
[31m+   },[39m
[31m+   {[39m
[31m+     "contextWindow": 131000,[39m
[31m+     "id": "qwen-3-235b-a22b-instruct-2507",[39m
[31m+     "input": [[39m
[31m+       "text",[39m
[31m+     ],[39m
[31m+     "name": "Qwen 3 235B Instruct",[39m
[31m+     "provider": "cerebras",[39m
[31m+     "reasoning": false,[39m
[31m+   },[39m
[31m+   {[39m
[31m+     "contextWindow": 131072,[39m
[31m+     "id": "zai-glm-4.7",[39m
[31m+     "input": [[39m
[31m+       "text",[39m
[31m+     ],[39m
[31m+     "name": "Z.AI GLM-4.7",[39m
[31m+     "provider": "cerebras",[39m
[31m+     "reasoning": false,[39m
[31m+   },[39m
[31m+   {[39m
[31m+     "contextWindow": 128000,[39m
[31m+     "id": "claude-haiku-4.5",[39m
[31m+     "input": [[39m
[31m+       "text",[39m
[31m+       "image",[39m
[31m+     ],[39m
[31m+     "name": "Claude Haiku 4.5",[39m
[31m+     "provider": "github-copilot",[39m
[31m+     "reasoning": true,[39m
[31m+   },[39m
[31m+   {[39m
[31m+     "contextWindow": 128000,[39m
[31m+     "id": "claude-opus-4.5",[39m
[31m+     "input": [[39m
[31m+       "text",[39m
[31m+       "image",[39m
[31m+     ],[39m
[31m+     "name": "Claude Opus 4.5",[39m
[31m+     "provider": "github-copilot",[39m
[31m+     "reasoning": true,[39m
[31m+   },[39m
[31m+   {[39m
[31m+     "contextWindow": 128000,[39m
[31m+     "id": "claude-opus-4.6",[39m
[31m+     "input": [[39m
[31m+       "text",[39m
[31m+       "image",[39m
[31m+     ],[39m
[31m+     "name": "Claude Opus 4.6",[39m
[31m+     "provider": "github-copilot",[39m
[31m+     "reasoning": true,[39m
[31m+   },[39m
[31m+   {[39m
[31m+     "contextWindow": 128000,[39m
[31m+     "id": "claude-sonnet-4",[39m
[31m+     "input": [[39m
[31m+       "text",[39m
[31m+       "image",[39m
[31m+     ],[39m
[31m+     "name": "Claude Sonnet 4",[39m
[31m+     "provider": "github-copilot",[39m
[31m+     "reasoning": true,[39m
[31m+   },[39m
[31m+   {[39m
[31m+     "contextWindow": 128000,[39m
[31m+     "id": "claude-sonnet-4.5",[39m
[31m+     "input": [[39m
[31m+       "text",[39m
[31m+       "image",[39m
[31m+     ],[39m
[31m+     "name": "Claude Sonnet 4.5",[39m
[31m+     "provider": "github-copilot",[39m
[31m+     "reasoning": true,[39m
[31m+   },[39m
[31m+   {[39m
[31m+     "contextWindow": 128000,[39m
[31m+     "id": "claude-sonnet-4.6",[39m
[31m+     "input": [[39m
[31m+       "text",[39m
[31m+       "image",[39m
[31m+     ],[39m
[31m+     "name": "Claude Sonnet 4.6",[39m
[31m+     "provider": "github-copilot",[39m
[31m+     "reasoning": true,[39m
[31m+   },[39m
[31m+   {[39m
[31m+     "contextWindow": 128000,[39m
[31m+     "id": "gemini-2.5-pro",[39m
[31m+     "input": [[39m
[31m+       "text",[39m
[31m+       "image",[39m
[31m+     ],[39m
[31m+     "name": "Gemini 2.5 Pro",[39m
[31m+     "provider": "github-copilot",[39m
[31m+     "reasoning": false,[39m
[31m+   },[39m
[31m+   {[39m
[31m+     "contextWindow": 128000,[39m
[31m+     "id": "gemini-3-flash-preview",[39m
[31m+     "input": [[39m
[31m+       "text",[39m
[31m+       "image",[39m
[31m+     ],[39m
[31m+     "name": "Gemini 3 Flash",[39m
[31m+     "provider": "github-copilot",[39m
[31m+     "reasoning": true,[39m
[31m+   },[39m
[31m+   {[39m
[31m+     "contextWindow": 128000,[39m
[31m+     "id": "gemini-3-pro-preview",[39m
[31m+     "input": [[39m
[31m+       "text",[39m
[31m+       "image",[39m
[31m+     ],[39m
[31m+     "name": "Gemini 3 Pro Preview",[39m
[31m+     "provider": "github-copilot",[39m
[31m+     "reasoning": true,[39m
[31m+   },[39m
[31m+   {[39m
[31m+     "contextWindow": 128000,[39m
[31m+     "id": "gemini-3.1-pro-preview",[39m
[31m+     "input": [[39m
[31m+       "text",[39m
[31m+       "image",[39m
[31m+     ],[39m
[31m+     "name": "Gemini 3.1 Pro Preview",[39m
[31m+     "provider": "github-copilot",[39m
[31m+     "reasoning": true,[39m
[31m+   },[39m
[31m+   {[39m
[31m+     "contextWindow": 64000,[39m
[31m+     "id": "gpt-4.1",[39m
[31m+     "input": [[39m
[31m+       "text",[39m
[31m+       "image",[39m
[31m+     ],[39m
[31m+     "name": "GPT-4.1",[39m
[31m+     "provider": "github-copilot",[39m
[31m+     "reasoning": false,[39m
[31m+   },[39m
[31m+   {[39m
[31m+     "contextWindow": 64000,[39m
[31m+     "id": "gpt-4o",[39m
[31m+     "input": [[39m
[31m+       "text",[39m
[31m+       "image",[39m
[31m+     ],[39m
[31m+     "name": "GPT-4o",[39m
[31m+     "provider": "github-copilot",[39m
[31m+     "reasoning": false,[39m
[31m+   },[39m
[31m+   {[39m
[31m+     "contextWindow": 128000,[39m
[31m+     "id": "gpt-5",[39m
[31m+     "input": [[39m
[31m+       "text",[39m
[31m+       "image",[39m
[31m+     ],[39m
[31m+     "name": "GPT-5",[39m
[31m+     "provider": "github-copilot",[39m
[31m+     "reasoning": true,[39m
[31m+   },[39m
[31m+   {[39m
[31m+     "contextWindow": 128000,[39m
[31m+     "id": "gpt-5-mini",[39m
[31m+     "input": [[39m
[31m+       "text",[39m
[31m+       "image",[39m
[31m+     ],[39m
[31m+     "name": "GPT-5-mini",[39m
[31m+     "provider": "github-copilot",[39m
[31m+     "reasoning": true,[39m
[31m+   },[39m
[31m+   {[39m
[31m+     "contextWindow": 128000,[39m
[31m+     "id": "gpt-5.1",[39m
[31m+     "input": [[39m
[31m+       "text",[39m
[31m+       "image",[39m
[31m+     ],[39m
[31m+     "name": "GPT-5.1",[39m
[31m+     "provider": "github-copilot",[39m
[31m+     "reasoning": true,[39m
[31m+   },[39m
[31m+   {[39m
[31m+     "contextWindow": 128000,[39m
[31m+     "id": "gpt-5.1-codex",[39m
[31m+     "input": [[39m
[31m+       "text",[39m
[31m+       "image",[39m
[31m+     ],[39m
[31m+     "name": "GPT-5.1-Codex",[39m
[31m+     "provider": "github-copilot",[39m
[31m+     "reasoning": true,[39m
[31m+   },[39m
[31m+   {[39m
[31m+     "contextWindow": 128000,[39m
[31m+     "id": "gpt-5.1-codex-max",[39m
[31m+     "input": [[39m
[31m+       "text",[39m
[31m+       "image",[39m
[31m+     ],[39m
[31m+     "name": "GPT-5.1-Codex-max",[39m
[31m+     "provider": "github-copilot",[39m
[31m+     "reasoning": true,[39m
[31m+   },[39m
[31m+   {[39m
[31m+     "contextWindow": 128000,[39m
[31m+     "id": "gpt-5.1-codex-mini",[39m
[31m+     "input": [[39m
[31m+       "text",[39m
[31m+       "image",[39m
[31m+     ],[39m
[31m+     "name": "GPT-5.1-Codex-mini",[39m
[31m+     "provider": "github-copilot",[39m
[31m+     "reasoning": true,[39m
[31m+   },[39m
[31m+   {[39m
[31m+     "contextWindow": 128000,[39m
[31m+     "id": "gpt-5.2",[39m
[31m+     "input": [[39m
[31m+       "text",[39m
[31m+       "image",[39m
[31m+     ],[39m
[31m+     "name": "GPT-5.2",[39m
[31m+     "provider": "github-copilot",[39m
[31m+     "reasoning": true,[39m
[31m+   },[39m
[31m+   {[39m
[31m+     "contextWindow": 272000,[39m
[31m+     "id": "gpt-5.2-codex",[39m
[31m+     "input": [[39m
[31m+       "text",[39m
[31m+       "image",[39m
[31m+     ],[39m
[31m+     "name": "GPT-5.2-Codex",[39m
[31m+     "provider": "github-copilot",[39m
[31m+     "reasoning": true,[39m
[31m+   },[39m
[31m+   {[39m
[31m+     "contextWindow": 128000,[39m
[31m+     "id": "grok-code-fast-1",[39m
[31m+     "input": [[39m
[31m+       "text",[39m
[31m+     ],[39m
[31m+     "name": "Grok Code Fast 1",[39m
[31m+     "provider": "github-copilot",[39m
[31m+     "reasoning": true,[39m
[31m+   },[39m
[31m+   {[39m
[31m+     "contextWindow": 1000000,[39m
[31m+     "id": "gemini-1.5-flash",[39m
[31m+     "input": [[39m
[31m+       "text",[39m
[31m+       "image",[39m
[31m+     ],[39m
[31m+     "name": "Gemini 1.5 Flash",[39m
[31m+     "provider": "google",[39m
[31m+     "reasoning": false,[39m
[31m+   },[39m
[31m+   {[39m
[31m+     "contextWindow": 1000000,[39m
[31m+     "id": "gemini-1.5-flash-8b",[39m
[31m+     "input": [[39m
[31m+       "text",[39m
[31m+       "image",[39m
[31m+     ],[39m
[31m+     "name": "Gemini 1.5 Flash-8B",[39m
[31m+     "provider": "google",[39m
[31m+     "reasoning": false,[39m
[31m+   },[39m
[31m+   {[39m
[31m+     "contextWindow": 1000000,[39m
[31m+     "id": "gemini-1.5-pro",[39m
[31m+     "input": [[39m
[31m+       "text",[39m
[31m+       "image",[39m
[31m+     ],[39m
[31m+     "name": "Gemini 1.5 Pro",[39m
[31m+     "provider": "google",[39m
[31m+     "reasoning": false,[39m
[31m+   },[39m
[31m+   {[39m
[31m+     "contextWindow": 1048576,[39m
[31m+     "id": "gemini-2.0-flash",[39m
[31m+     "input": [[39m
[31m+       "text",[39m
[31m+       "image",[39m
[31m+     ],[39m
[31m+     "name": "Gemini 2.0 Flash",[39m
[31m+     "provider": "google",[39m
[31m+     "reasoning": false,[39m
[31m+   },[39m
[31m+   {[39m
[31m+     "contextWindow": 1048576,[39m
[31m+     "id": "gemini-2.0-flash-lite",[39m
[31m+     "input": [[39m
[31m+       "text",[39m
[31m+       "image",[39m
[31m+     ],[39m
[31m+     "name": "Gemini 2.0 Flash Lite",[39m
[31m+     "provider": "google",[39m
[31m+     "reasoning": false,[39m
[31m+   },[39m
[31m+   {[39m
[31m+     "contextWindow": 1048576,[39m
[31m+     "id": "gemini-2.5-flash",[39m
[31m+     "input": [[39m
[31m+       "text",[39m
[31m+       "image",[39m
[31m+     ],[39m
[31m+     "name": "Gemini 2.5 Flash",[39m
[31m+     "provider": "google",[39m
[31m+     "reasoning": true,[39m
[31m+   },[39m
[31m+   {[39m
[31m+     "contextWindow": 1048576,[39m
[31m+     "id": "gemini-2.5-flash-lite",[39m
[31m+     "input": [[39m
[31m+       "text",[39m
[31m+       "image",[39m
[31m+     ],[39m
[31m+     "name": "Gemini 2.5 Flash Lite",[39m
[31m+     "provider": "google",[39m
[31m+     "reasoning": true,[39m
[31m+   },[39m
[31m+   {[39m
[31m+     "contextWindow": 1048576,[39m
[31m+     "id": "gemini-2.5-flash-lite-preview-06-17",[39m
[31m+     "input": [[39m
[31m+       "text",[39m
[31m+       "image",[39m
[31m+     ],[39m
[31m+     "name": "Gemini 2.5 Flash Lite Preview 06-17",[39m
[31m+     "provider": "google",[39m
[31m+     "reasoning": true,[39m
[31m+   },[39m
[31m+   {[39m
[31m+     "contextWindow": 1048576,[39m
[31m+     "id": "gemini-2.5-flash-lite-preview-09-2025",[39m
[31m+     "input": [[39m
[31m+       "text",[39m
[31m+       "image",[39m
[31m+     ],[39m
[31m+     "name": "Gemini 2.5 Flash Lite Preview 09-25",[39m
[31m+     "provider": "google",[39m
[31m+     "reasoning": true,[39m
[31m+   },[39m
[31m+   {[39m
[31m+     "contextWindow": 1048576,[39m
[31m+     "id": "gemini-2.5-flash-preview-04-17",[39m
[31m+     "input": [[39m
[31m+       "text",[39m
[31m+       "image",[39m
[31m+     ],[39m
[31m+     "name": "Gemini 2.5 Flash Preview 04-17",[39m
[31m+     "provider": "google",[39m
[31m+     "reasoning": true,[39m
[31m+   },[39m
[31m+   {[39m
[31m+     "contextWindow": 1048576,[39m
[31m+     "id": "gemini-2.5-flash-preview-05-20",[39m
[31m+     "input": [[39m
[31m+       "text",[39m
[31m+       "image",[39m
[31m+     ],[39m
[31m+     "name": "Gemini 2.5 Flash Preview 05-20",[39m
[31m+     "provider": "google",[39m
[31m+     "reasoning": true,[39m
[31m+   },[39m
[31m+   {[39m
[31m+     "contextWindow": 1048576,[39m
[31m+     "id": "gemini-2.5-flash-preview-09-2025",[39m
[31m+     "input": [[39m
[31m+       "text",[39m
[31m+       "image",[39m
[31m+     ],[39m
[31m+     "name": "Gemini 2.5 Flash Preview 09-25",[39m
[31m+     "provider": "google",[39m
[31m+     "reasoning": true,[39m
[31m+   },[39m
[31m+   {[39m
[31m+     "contextWindow": 1048576,[39m
[31m+     "id": "gemini-2.5-pro",[39m
[31m+     "input": [[39m
[31m+       "text",[39m
[31m+       "image",[39m
[31m+     ],[39m
[31m+     "name": "Gemini 2.5 Pro",[39m
[31m+     "provider": "google",[39m
[31m+     "reasoning": true,[39m
[31m+   },[39m
[31m+   {[39m
[31m+     "contextWindow": 1048576,[39m
[31m+     "id": "gemini-2.5-pro-preview-05-06",[39m
[31m+     "input": [[39m
[31m+       "text",[39m
[31m+       "image",[39m
[31m+     ],[39m
[31m+     "name": "Gemini 2.5 Pro Preview 05-06",[39m
[31m+     "provider": "google",[39m
[31m+     "reasoning": true,[39m
[31m+   },[39m
[31m+   {[39m
[31m+     "contextWindow": 1048576,[39m
[31m+     "id": "gemini-2.5-pro-preview-06-05",[39m
[31m+     "input": [[39m
[31m+       "text",[39m
[31m+       "image",[39m
[31m+     ],[39m
[31m+     "name": "Gemini 2.5 Pro Preview 06-05",[39m
[31m+     "provider": "google",[39m
[31m+     "reasoning": true,[39m
[31m+   },[39m
[31m+   {[39m
[31m+     "contextWindow": 1048576,[39m
[31m+     "id": "gemini-3-flash-preview",[39m
[31m+     "input": [[39m
[31m+       "text",[39m
[31m+       "image",[39m
[31m+     ],[39m
[31m+     "name": "Gemini 3 Flash Preview",[39m
[31m+     "provider": "google",[39m
[31m+     "reasoning": true,[39m
[31m+   },[39m
[31m+   {[39m
[31m+     "contextWindow": 1000000,[39m
[31m+     "id": "gemini-3-pro-preview",[39m
[31m+     "input": [[39m
[31m+       "text",[39m
[31m+       "image",[39m
[31m+     ],[39m
[31m+     "name": "Gemini 3 Pro Preview",[39m
[31m+     "provider": "google",[39m
[31m+     "reasoning": true,[39m
[31m+   },[39m
[31m+   {[39m
[31m+     "contextWindow": 1048576,[39m
[31m+     "id": "gemini-3.1-pro-preview",[39m
[31m+     "input": [[39m
[31m+       "text",[39m
[31m+       "image",[39m
[31m+     ],[39m
[31m+     "name": "Gemini 3.1 Pro Preview",[39m
[31m+     "provider": "google",[39m
[31m+     "reasoning": true,[39m
[31m+   },[39m
[31m+   {[39m
[31m+     "contextWindow": 1048576,[39m
[31m+     "id": "gemini-3.1-pro-preview-customtools",[39m
[31m+     "input": [[39m
[31m+       "text",[39m
[31m+       "image",[39m
[31m+     ],[39m
[31m+     "name": "Gemini 3.1 Pro Preview Custom Tools",[39m
[31m+     "provider": "google",[39m
[31m+     "reasoning": true,[39m
[31m+   },[39m
[31m+   {[39m
[31m+     "contextWindow": 1048576,[39m
[31m+     "id": "gemini-flash-latest",[39m
[31m+     "input": [[39m
[31m+       "text",[39m
[31m+       "image",[39m
[31m+     ],[39m
[31m+     "name": "Gemini Flash Latest",[39m
[31m+     "provider": "google",[39m
[31m+     "reasoning": true,[39m
[31m+   },[39m
[31m+   {[39m
[31m+     "contextWindow": 1048576,[39m
[31m+     "id": "gemini-flash-lite-latest",[39m
[31m+     "input": [[39m
[31m+       "text",[39m
[31m+       "image",[39m
[31m+     ],[39m
[31m+     "name": "Gemini Flash-Lite Latest",[39m
[31m+     "provider": "google",[39m
[31m+     "reasoning": true,[39m
[31m+   },[39m
[31m+   {[39m
[31m+     "contextWindow": 128000,[39m
[31m+     "id": "gemini-live-2.5-flash",[39m
[31m+     "input": [[39m
[31m+       "text",[39m
[31m+       "image",[39m
[31m+     ],[39m
[31m+     "name": "Gemini Live 2.5 Flash",[39m
[31m+     "provider": "google",[39m
[31m+     "reasoning": true,[39m
[31m+   },[39m
[31m+   {[39m
[31m+     "contextWindow": 131072,[39m
[31m+     "id": "gemini-live-2.5-flash-preview-native-audio",[39m
[31m+     "input": [[39m
[31m+       "text",[39m
[31m+     ],[39m
[31m+     "name": "Gemini Live 2.5 Flash Preview Native Audio",[39m
[31m+     "provider": "google",[39m
[31m+     "reasoning": true,[39m
[31m+   },[39m
[31m+   {[39m
[31m+     "contextWindow": 200000,[39m
[31m+     "id": "claude-opus-4-5-thinking",[39m
[31m+     "input": [[39m
[31m+       "text",[39m
[31m+       "image",[39m
[31m+     ],[39m
[31m+     "name": "Claude Opus 4.5 Thinking (Antigravity)",[39m
[31m+     "provider": "google-antigravity",[39m
[31m+     "reasoning": true,[39m
[31m+   },[39m
[31m+   {[39m
[31m+     "contextWindow": 200000,[39m
[31m+     "id": "claude-opus-4-6-thinking",[39m
[31m+     "input": [[39m
[31m+       "text",[39m
[31m+       "image",[39m
[31m+     ],[39m
[31m+     "name": "Claude Opus 4.6 Thinking (Antigravity)",[39m
[31m+     "provider": "google-antigravity",[39m
[31m+     "reasoning": true,[39m
[31m+   },[39m
[31m+   {[39m
[31m+     "contextWindow": 200000,[39m
[31m+     "id": "claude-sonnet-4-5",[39m
[31m+     "input": [[39m
[31m+       "text",[39m
[31m+       "image",[39m
[31m+     ],[39m
[31m+     "name": "Claude Sonnet 4.5 (Antigravity)",[39m
[31m+     "provider": "google-antigravity",[39m
[31m+     "reasoning": false,[39m
[31m+   },[39m
[31m+   {[39m
[31m+     "contextWindow": 200000,[39m
[31m+     "id": "claude-sonnet-4-5-thinking",[39m
[31m+     "input": [[39m
[31m+       "text",[39m
[31m+       "image",[39m
[31m+     ],[39m
[31m+     "name": "Claude Sonnet 4.5 Thinking (Antigravity)",[39m
[31m+     "provider": "google-antigravity",[39m
[31m+     "reasoning": true,[39m
[31m+   },[39m
[31m+   {[39m
[31m+     "contextWindow": 1048576,[39m
[31m+     "id": "gemini-3-flash",[39m
[31m+     "input": [[39m
[31m+       "text",[39m
[31m+       "image",[39m
[31m+     ],[39m
[31m+     "name": "Gemini 3 Flash (Antigravity)",[39m
[31m+     "provider": "google-antigravity",[39m
[31m+     "reasoning": true,[39m
[31m+   },[39m
[31m+   {[39m
[31m+     "contextWindow": 1048576,[39m
[31m+     "id": "gemini-3-pro-high",[39m
[31m+     "input": [[39m
[31m+       "text",[39m
[31m+       "image",[39m
[31m+     ],[39m
[31m+     "name": "Gemini 3 Pro High (Antigravity)",[39m
[31m+     "provider": "google-antigravity",[39m
[31m+     "reasoning": true,[39m
[31m+   },[39m
[31m+   {[39m
[31m+     "contextWindow": 1048576,[39m
[31m+     "id": "gemini-3-pro-low",[39m
[31m+     "input": [[39m
[31m+       "text",[39m
[31m+       "image",[39m
[31m+     ],[39m
[31m+     "name": "Gemini 3 Pro Low (Antigravity)",[39m
[31m+     "provider": "google-antigravity",[39m
[31m+     "reasoning": true,[39m
[31m+   },[39m
[31m+   {[39m
[31m+     "contextWindow": 131072,[39m
[31m+     "id": "gpt-oss-120b-medium",[39m
[31m+     "input": [[39m
[31m+       "text",[39m
[31m+     ],[39m
[31m+     "name": "GPT-OSS 120B Medium (Antigravity)",[39m
[31m+     "provider": "google-antigravity",[39m
[31m+     "reasoning": false,[39m
[31m+   },[39m
[31m+   {[39m
[31m+     "contextWindow": 1048576,[39m
[31m+     "id": "gemini-2.0-flash",[39m
[31m+     "input": [[39m
[31m+       "text",[39m
[31m+       "image",[39m
[31m+     ],[39m
[31m+     "name": "Gemini 2.0 Flash (Cloud Code Assist)",[39m
[31m+     "provider": "google-gemini-cli",[39m
[31m+     "reasoning": false,[39m
[31m+   },[39m
[31m+   {[39m
[31m+     "contextWindow": 1048576,[39m
[31m+     "id": "gemini-2.5-flash",[39m
[31m+     "input": [[39m
[31m+       "text",[39m
[31m+       "image",[39m
[31m+     ],[39m
[31m+     "name": "Gemini 2.5 Flash (Cloud Code Assist)",[39m
[31m+     "provider": "google-gemini-cli",[39m
[31m+     "reasoning": true,[39m
[31m+   },[39m
[31m+   {[39m
[31m+     "contextWindow": 1048576,[39m
[31m+     "id": "gemini-2.5-pro",[39m
[31m+     "input": [[39m
[31m+       "text",[39m
[31m+       "image",[39m
[31m+     ],[39m
[31m+     "name": "Gemini 2.5 Pro (Cloud Code Assist)",[39m
[31m+     "provider": "google-gemini-cli",[39m
[31m+     "reasoning": true,[39m
[31m+   },[39m
[31m+   {[39m
[31m+     "contextWindow": 1048576,[39m
[31m+     "id": "gemini-3-flash-preview",[39m
[31m+     "input": [[39m
[31m+       "text",[39m
[31m+       "image",[39m
[31m+     ],[39m
[31m+     "name": "Gemini 3 Flash Preview (Cloud Code Assist)",[39m
[31m+     "provider": "google-gemini-cli",[39m
[31m+     "reasoning": true,[39m
[31m+   },[39m
[31m+   {[39m
[31m+     "contextWindow": 1048576,[39m
[31m+     "id": "gemini-3-pro-preview",[39m
[31m+     "input": [[39m
[31m+       "text",[39m
[31m+       "image",[39m
[31m+     ],[39m
[31m+     "name": "Gemini 3 Pro Preview (Cloud Code Assist)",[39m
[31m+     "provider": "google-gemini-cli",[39m
[31m+     "reasoning": true,[39m
[31m+   },[39m
[31m+   {[39m
[31m+     "contextWindow": 1048576,[39m
[31m+     "id": "gemini-3.1-pro-preview",[39m
[31m+     "input": [[39m
[31m+       "text",[39m
[31m+       "image",[39m
[31m+     ],[39m
[31m+     "name": "Gemini 3.1 Pro Preview (Cloud Code Assist)",[39m
[31m+     "provider": "google-gemini-cli",[39m
[31m+     "reasoning": true,[39m
[31m+   },[39m
[31m+   {[39m
[31m+     "contextWindow": 1000000,[39m
[31m+     "id": "gemini-1.5-flash",[39m
[31m+     "input": [[39m
[31m+       "text",[39m
[31m+       "image",[39m
[31m+     ],[39m
[31m+     "name": "Gemini 1.5 Flash (Vertex)",[39m
[31m+     "provider": "google-vertex",[39m
[31m+     "reasoning": false,[39m
[31m+   },[39m
[31m+   {[39m
[31m+     "contextWindow": 1000000,[39m
[31m+     "id": "gemini-1.5-flash-8b",[39m
[31m+     "input": [[39m
[31m+       "text",[39m
[31m+       "image",[39m
[31m+     ],[39m
[31m+     "name": "Gemini 1.5 Flash-8B (Vertex)",[39m
[31m+     "provider": "google-vertex",[39m
[31m+     "reasoning": false,[39m
[31m+   },[39m
[31m+   {[39m
[31m+     "contextWindow": 1000000,[39m
[31m+     "id": "gemini-1.5-pro",[39m
[31m+     "input": [[39m
[31m+       "text",[39m
[31m+       "image",[39m
[31m+     ],[39m
[31m+     "name": "Gemini 1.5 Pro (Vertex)",[39m
[31m+     "provider": "google-vertex",[39m
[31m+     "reasoning": false,[39m
[31m+   },[39m
[31m+   {[39m
[31m+     "contextWindow": 1048576,[39m
[31m+     "id": "gemini-2.0-flash",[39m
[31m+     "input": [[39m
[31m+       "text",[39m
[31m+       "image",[39m
[31m+     ],[39m
[31m+     "name": "Gemini 2.0 Flash (Vertex)",[39m
[31m+     "provider": "google-vertex",[39m
[31m+     "reasoning": false,[39m
[31m+   },[39m
[31m+   {[39m
[31m+     "contextWindow": 1048576,[39m
[31m+     "id": "gemini-2.0-flash-lite",[39m
[31m+     "input": [[39m
[31m+       "text",[39m
[31m+       "image",[39m
[31m+     ],[39m
[31m+     "name": "Gemini 2.0 Flash Lite (Vertex)",[39m
[31m+     "provider": "google-vertex",[39m
[31m+     "reasoning": true,[39m
[31m+   },[39m
[31m+   {[39m
[31m+     "contextWindow": 1048576,[39m
[31m+     "id": "gemini-2.5-flash",[39m
[31m+     "input": [[39m
[31m+       "text",[39m
[31m+       "image",[39m
[31m+     ],[39m
[31m+     "name": "Gemini 2.5 Flash (Vertex)",[39m
[31m+     "provider": "google-vertex",[39m
[31m+     "reasoning": true,[39m
[31m+   },[39m
[31m+   {[39m
[31m+     "contextWindow": 1048576,[39m
[31m+     "id": "gemini-2.5-flash-lite",[39m
[31m+     "input": [[39m
[31m+       "text",[39m
[31m+       "image",[39m
[31m+     ],[39m
[31m+     "name": "Gemini 2.5 Flash Lite (Vertex)",[39m
[31m+     "provider": "google-vertex",[39m
[31m+     "reasoning": true,[39m
[31m+   },[39m
[31m+   {[39m
[31m+     "contextWindow": 1048576,[39m
[31m+     "id": "gemini-2.5-flash-lite-preview-09-2025",[39m
[31m+     "input": [[39m
[31m+       "text",[39m
[31m+       "image",[39m
[31m+     ],[39m
[31m+     "name": "Gemini 2.5 Flash Lite Preview 09-25 (Vertex)",[39m
[31m+     "provider": "google-vertex",[39m
[31m+     "reasoning": true,[39m
[31m+   },[39m
[31m+   {[39m
[31m+     "contextWindow": 1048576,[39m
[31m+     "id": "gemini-2.5-pro",[39m
[31m+     "input": [[39m
[31m+       "text",[39m
[31m+       "image",[39m
[31m+     ],[39m
[31m+     "name": "Gemini 2.5 Pro (Vertex)",[39m
[31m+     "provider": "google-vertex",[39m
[31m+     "reasoning": true,[39m
[31m+   },[39m
[31m+   {[39m
[31m+     "contextWindow": 1048576,[39m
[31m+     "id": "gemini-3-flash-preview",[39m
[31m+     "input": [[39m
[31m+       "text",[39m
[31m+       "image",[39m
[31m+     ],[39m
[31m+     "name": "Gemini 3 Flash Preview (Vertex)",[39m
[31m+     "provider": "google-vertex",[39m
[31m+     "reasoning": true,[39m
[31m+   },[39m
[31m+   {[39m
[31m+     "contextWindow": 1000000,[39m
[31m+     "id": "gemini-3-pro-preview",[39m
[31m+     "input": [[39m
[31m+       "text",[39m
[31m+       "image",[39m
[31m+     ],[39m
[31m+     "name": "Gemini 3 Pro Preview (Vertex)",[39m
[31m+     "provider": "google-vertex",[39m
[31m+     "reasoning": true,[39m
[31m+   },[39m
[31m+   {[39m
[31m+     "contextWindow": 1048576,[39m
[31m+     "id": "gemini-3.1-pro-preview",[39m
[31m+     "input": [[39m
[31m+       "text",[39m
[31m+       "image",[39m
[31m+     ],[39m
[31m+     "name": "Gemini 3.1 Pro Preview (Vertex)",[39m
[31m+     "provider": "google-vertex",[39m
[31m+     "reasoning": true,[39m
[31m+   },[39m
[31m+   {[39m
[31m+     "contextWindow": 131072,[39m
[31m+     "id": "deepseek-r1-distill-llama-70b",[39m
[31m+     "input": [[39m
[31m+       "text",[39m
[31m+     ],[39m
[31m+     "name": "DeepSeek R1 Distill Llama 70B",[39m
[31m+     "provider": "groq",[39m
[31m+     "reasoning": true,[39m
[31m+   },[39m
[31m+   {[39m
[31m+     "contextWindow": 8192,[39m
[31m+     "id": "gemma2-9b-it",[39m
[31m+     "input": [[39m
[31m+       "text",[39m
[31m+     ],[39m
[31m+     "name": "Gemma 2 9B",[39m
[31m+     "provider": "groq",[39m
[31m+     "reasoning": false,[39m
[31m+   },[39m
[31m+   {[39m
[31m+     "contextWindow": 131072,[39m
[31m+     "id": "openai/gpt-oss-120b",[39m
[31m+     "input": [[39m
[31m+       "text",[39m
[31m+     ],[39m
[31m+     "name": "GPT OSS 120B",[39m
[31m+     "provider": "groq",[39m
[31m+     "reasoning": true,[39m
[31m+   },[39m
[31m+   {[39m
[31m+     "contextWindow": 131072,[39m
[31m+     "id": "openai/gpt-oss-20b",[39m
[31m+     "input": [[39m
[31m+       "text",[39m
[31m+     ],[39m
[31m+     "name": "GPT OSS 20B",[39m
[31m+     "provider": "groq",[39m
[31m+     "reasoning": true,[39m
[31m+   },[39m
[31m+   {[39m
[31m+     "contextWindow": 131072,[39m
[31m+     "id": "moonshotai/kimi-k2-instruct",[39m
[31m+     "input": [[39m
[31m+       "text",[39m
[31m+     ],[39m
[31m+     "name": "Kimi K2 Instruct",[39m
[31m+     "provider": "groq",[39m
[31m+     "reasoning": false,[39m
[31m+   },[39m
[31m+   {[39m
[31m+     "contextWindow": 262144,[39m
[31m+     "id": "moonshotai/kimi-k2-instruct-0905",[39m
[31m+     "input": [[39m
[31m+       "text",[39m
[31m+     ],[39m
[31m+     "name": "Kimi K2 Instruct 0905",[39m
[31m+     "provider": "groq",[39m
[31m+     "reasoning": false,[39m
[31m+   },[39m
[31m+   {[39m
[31m+     "contextWindow": 8192,[39m
[31m+     "id": "llama3-70b-8192",[39m
[31m+     "input": [[39m
[31m+       "text",[39m
[31m+     ],[39m
[31m+     "name": "Llama 3 70B",[39m
[31m+     "provider": "groq",[39m
[31m+     "reasoning": false,[39m
[31m+   },[39m
[31m+   {[39m
[31m+     "contextWindow": 8192,[39m
[31m+     "id": "llama3-8b-8192",[39m
[31m+     "input": [[39m
[31m+       "text",[39m
[31m+     ],[39m
[31m+     "name": "Llama 3 8B",[39m
[31m+     "provider": "groq",[39m
[31m+     "reasoning": false,[39m
[31m+   },[39m
[31m+   {[39m
[31m+     "contextWindow": 131072,[39m
[31m+     "id": "llama-3.1-8b-instant",[39m
[31m+     "input": [[39m
[31m+       "text",[39m
[31m+     ],[39m
[31m+     "name": "Llama 3.1 8B Instant",[39m
[31m+     "provider": "groq",[39m
[31m+     "reasoning": false,[39m
[31m+   },[39m
[31m+   {[39m
[31m+     "contextWindow": 131072,[39m
[31m+     "id": "llama-3.3-70b-versatile",[39m
[31m+     "input": [[39m
[31m+       "text",[39m
[31m+     ],[39m
[31m+     "name": "Llama 3.3 70B Versatile",[39m
[31m+     "provider": "groq",[39m
[31m+     "reasoning": false,[39m
[31m+   },[39m
[31m+   {[39m
[31m+     "contextWindow": 131072,[39m
[31m+     "id": "meta-llama/llama-4-maverick-17b-128e-instruct",[39m
[31m+     "input": [[39m
[31m+       "text",[39m
[31m+       "image",[39m
[31m+     ],[39m
[31m+     "name": "Llama 4 Maverick 17B",[39m
[31m+     "provider": "groq",[39m
[31m+     "reasoning": false,[39m
[31m+   },[39m
[31m+   {[39m
[31m+     "contextWindow": 131072,[39m
[31m+     "id": "meta-llama/llama-4-scout-17b-16e-instruct",[39m
[31m+     "input": [[39m
[31m+       "text",[39m
[31m+       "image",[39m
[31m+     ],[39m
[31m+     "name": "Llama 4 Scout 17B",[39m
[31m+     "provider": "groq",[39m
[31m+     "reasoning": false,[39m
[31m+   },[39m
[31m+   {[39m
[31m+     "contextWindow": 32768,[39m
[31m+     "id": "mistral-saba-24b",[39m
[31m+     "input": [[39m
[31m+       "text",[39m
[31m+     ],[39m
[31m+     "name": "Mistral Saba 24B",[39m
[31m+     "provider": "groq",[39m
[31m+     "reasoning": false,[39m
[31m+   },[39m
[31m+   {[39m
[31m+     "contextWindow": 131072,[39m
[31m+     "id": "qwen-qwq-32b",[39m
[31m+     "input": [[39m
[31m+       "text",[39m
[31m+     ],[39m
[31m+     "name": "Qwen QwQ 32B",[39m
[31m+     "provider": "groq",[39m
[31m+     "reasoning": true,[39m
[31m+   },[39m
[31m+   {[39m
[31m+     "contextWindow": 131072,[39m
[31m+     "id": "qwen/qwen3-32b",[39m
[31m+     "input": [[39m
[31m+       "text",[39m
[31m+     ],[39m
[31m+     "name": "Qwen3 32B",[39m
[31m+     "provider": "groq",[39m
[31m+     "reasoning": true,[39m
[31m+   },[39m
[31m+   {[39m
[31m+     "contextWindow": 163840,[39m
[31m+     "id": "deepseek-ai/DeepSeek-R1-0528",[39m
[31m+     "input": [[39m
[31m+       "text",[39m
[31m+     ],[39m
[31m+     "name": "DeepSeek-R1-0528",[39m
[31m+     "provider": "huggingface",[39m
[31m+     "reasoning": true,[39m
[31m+   },[39m
[31m+   {[39m
[31m+     "contextWindow": 163840,[39m
[31m+     "id": "deepseek-ai/DeepSeek-V3.2",[39m
[31m+     "input": [[39m
[31m+       "text",[39m
[31m+     ],[39m
[31m+     "name": "DeepSeek-V3.2",[39m
[31m+     "provider": "huggingface",[39m
[31m+     "reasoning": true,[39m
[31m+   },[39m
[31m+   {[39m
[31m+     "contextWindow": 204800,[39m
[31m+     "id": "zai-org/GLM-4.7",[39m
[31m+     "input": [[39m
[31m+       "text",[39m
[31m+     ],[39m
[31m+     "name": "GLM-4.7",[39m
[31m+     "provider": "huggingface",[39m
[31m+     "reasoning": true,[39m
[31m+   },[39m
[31m+   {[39m
[31m+     "contextWindow": 200000,[39m
[31m+     "id": "zai-org/GLM-4.7-Flash",[39m
[31m+     "input": [[39m
[31m+       "text",[39m
[31m+     ],[39m
[31m+     "name": "GLM-4.7-Flash",[39m
[31m+     "provider": "huggingface",[39m
[31m+     "reasoning": true,[39m
[31m+   },[39m
[31m+   {[39m
[31m+     "contextWindow": 202752,[39m
[31m+     "id": "zai-org/GLM-5",[39m
[31m+     "input": [[39m
[31m+       "text",[39m
[31m+     ],[39m
[31m+     "name": "GLM-5",[39m
[31m+     "provider": "huggingface",[39m
[31m+     "reasoning": true,[39m
[31m+   },[39m
[31m+   {[39m
[31m+     "contextWindow": 131072,[39m
[31m+     "id": "moonshotai/Kimi-K2-Instruct",[39m
[31m+     "input": [[39m
[31m+       "text",[39m
[31m+     ],[39m
[31m+     "name": "Kimi-K2-Instruct",[39m
[31m+     "provider": "huggingface",[39m
[31m+     "reasoning": false,[39m
[31m+   },[39m
[31m+   {[39m
[31m+     "contextWindow": 262144,[39m
[31m+     "id": "moonshotai/Kimi-K2-Instruct-0905",[39m
[31m+     "input": [[39m
[31m+       "text",[39m
[31m+     ],[39m
[31m+     "name": "Kimi-K2-Instruct-0905",[39m
[31m+     "provider": "huggingface",[39m
[31m+     "reasoning": false,[39m
[31m+   },[39m
[31m+   {[39m
[31m+     "contextWindow": 262144,[39m
[31m+     "id": "moonshotai/Kimi-K2-Thinking",[39m
[31m+     "input": [[39m
[31m+       "text",[39m
[31m+     ],[39m
[31m+     "name": "Kimi-K2-Thinking",[39m
[31m+     "provider": "huggingface",[39m
[31m+     "reasoning": true,[39m
[31m+   },[39m
[31m+   {[39m
[31m+     "contextWindow": 262144,[39m
[31m+     "id": "moonshotai/Kimi-K2.5",[39m
[31m+     "input": [[39m
[31m+       "text",[39m
[31m+       "image",[39m
[31m+     ],[39m
[31m+     "name": "Kimi-K2.5",[39m
[31m+     "provider": "huggingface",[39m
[31m+     "reasoning": true,[39m
[31m+   },[39m
[31m+   {[39m
[31m+     "contextWindow": 262144,[39m
[31m+     "id": "XiaomiMiMo/MiMo-V2-Flash",[39m
[31m+     "input": [[39m
[31m+       "text",[39m
[31m+     ],[39m
[31m+     "name": "MiMo-V2-Flash",[39m
[31m+     "provider": "huggingface",[39m
[31m+     "reasoning": true,[39m
[31m+   },[39m
[31m+   {[39m
[31m+     "contextWindow": 204800,[39m
[31m+     "id": "MiniMaxAI/MiniMax-M2.1",[39m
[31m+     "input": [[39m
[31m+       "text",[39m
[31m+     ],[39m
[31m+     "name": "MiniMax-M2.1",[39m
[31m+     "provider": "huggingface",[39m
[31m+     "reasoning": true,[39m
[31m+   },[39m
[31m+   {[39m
[31m+     "contextWindow": 204800,[39m
[31m+     "id": "MiniMaxAI/MiniMax-M2.5",[39m
[31m+     "input": [[39m
[31m+       "text",[39m
[31m+     ],[39m
[31m+     "name": "MiniMax-M2.5",[39m
[31m+     "provider": "huggingface",[39m
[31m+     "reasoning": true,[39m
[31m+   },[39m
[31m+   {[39m
[31m+     "contextWindow": 262144,[39m
[31m+     "id": "Qwen/Qwen3-235B-A22B-Thinking-2507",[39m
[31m+     "input": [[39m
[31m+       "text",[39m
[31m+     ],[39m
[31m+     "name": "Qwen3-235B-A22B-Thinking-2507",[39m
[31m+     "provider": "huggingface",[39m
[31m+     "reasoning": true,[39m
[31m+   },[39m
[31m+   {[39m
[31m+     "contextWindow": 262144,[39m
[31m+     "id": "Qwen/Qwen3-Coder-480B-A35B-Instruct",[39m
[31m+     "input": [[39m
[31m+       "text",[39m
[31m+     ],[39m
[31m+     "name": "Qwen3-Coder-480B-A35B-Instruct",[39m
[31m+     "provider": "huggingface",[39m
[31m+     "reasoning": false,[39m
[31m+   },[39m
[31m+   {[39m
[31m+     "contextWindow": 262144,[39m
[31m+     "id": "Qwen/Qwen3-Coder-Next",[39m
[31m+     "input": [[39m
[31m+       "text",[39m
[31m+     ],[39m
[31m+     "name": "Qwen3-Coder-Next",[39m
[31m+     "provider": "huggingface",[39m
[31m+     "reasoning": false,[39m
[31m+   },[39m
[31m+   {[39m
[31m+     "contextWindow": 262144,[39m
[31m+     "id": "Qwen/Qwen3-Next-80B-A3B-Instruct",[39m
[31m+     "input": [[39m
[31m+       "text",[39m
[31m+     ],[39m
[31m+     "name": "Qwen3-Next-80B-A3B-Instruct",[39m
[31m+     "provider": "huggingface",[39m
[31m+     "reasoning": false,[39m
[31m+   },[39m
[31m+   {[39m
[31m+     "contextWindow": 262144,[39m
[31m+     "id": "Qwen/Qwen3-Next-80B-A3B-Thinking",[39m
[31m+     "input": [[39m
[31m+       "text",[39m
[31m+     ],[39m
[31m+     "name": "Qwen3-Next-80B-A3B-Thinking",[39m
[31m+     "provider": "huggingface",[39m
[31m+     "reasoning": false,[39m
[31m+   },[39m
[31m+   {[39m
[31m+     "contextWindow": 262144,[39m
[31m+     "id": "Qwen/Qwen3.5-397B-A17B",[39m
[31m+     "input": [[39m
[31m+       "text",[39m
[31m+       "image",[39m
[31m+     ],[39m
[31m+     "name": "Qwen3.5-397B-A17B",[39m
[31m+     "provider": "huggingface",[39m
[31m+     "reasoning": true,[39m
[31m+   },[39m
[31m+   {[39m
[31m+     "contextWindow": 262144,[39m
[31m+     "id": "kimi-k2-thinking",[39m
[31m+     "input": [[39m
[31m+       "text",[39m
[31m+     ],[39m
[31m+     "name": "Kimi K2 Thinking",[39m
[31m+     "provider": "kimi-coding",[39m
[31m+     "reasoning": true,[39m
[31m+   },[39m
[31m+   {[39m
[31m+     "contextWindow": 262144,[39m
[31m+     "id": "k2p5",[39m
[31m+     "input": [[39m
[31m+       "text",[39m
[31m+       "image",[39m
[31m+     ],[39m
[31m+     "name": "Kimi K2.5",[39m
[31m+     "provider": "kimi-coding",[39m
[31m+     "reasoning": true,[39m
[31m+   },[39m
[31m+   {[39m
[31m+     "contextWindow": 196608,[39m
[31m+     "id": "MiniMax-M2",[39m
[31m+     "input": [[39m
[31m+       "text",[39m
[31m+     ],[39m
[31m+     "name": "MiniMax-M2",[39m
[31m+     "provider": "minimax",[39m
[31m+     "reasoning": true,[39m
[31m+   },[39m
[31m+   {[39m
[31m+     "contextWindow": 204800,[39m
[31m+     "id": "MiniMax-M2.1",[39m
[31m+     "input": [[39m
[31m+       "text",[39m
[31m+     ],[39m
[31m+     "name": "MiniMax-M2.1",[39m
[31m+     "provider": "minimax",[39m
[31m+     "reasoning": true,[39m
[31m+   },[39m
[31m+   {[39m
[31m+     "contextWindow": 204800,[39m
[31m+     "id": "MiniMax-M2.5",[39m
[31m+     "input": [[39m
[31m+       "text",[39m
[31m+     ],[39m
[31m+     "name": "MiniMax-M2.5",[39m
[31m+     "provider": "minimax",[39m
[31m+     "reasoning": true,[39m
[31m+   },[39m
[31m+   {[39m
[31m+     "contextWindow": 204800,[39m
[31m+     "id": "MiniMax-M2.5-highspeed",[39m
[31m+     "input": [[39m
[31m+       "text",[39m
[31m+     ],[39m
[31m+     "name": "MiniMax-M2.5-highspeed",[39m
[31m+     "provider": "minimax",[39m
[31m+     "reasoning": true,[39m
[31m+   },[39m
[31m+   {[39m
[31m+     "contextWindow": 196608,[39m
[31m+     "id": "MiniMax-M2",[39m
[31m+     "input": [[39m
[31m+       "text",[39m
[31m+     ],[39m
[31m+     "name": "MiniMax-M2",[39m
[31m+     "provider": "minimax-cn",[39m
[31m+     "reasoning": true,[39m
[31m+   },[39m
[31m+   {[39m
[31m+     "contextWindow": 204800,[39m
[31m+     "id": "MiniMax-M2.1",[39m
[31m+     "input": [[39m
[31m+       "text",[39m
[31m+     ],[39m
[31m+     "name": "MiniMax-M2.1",[39m
[31m+     "provider": "minimax-cn",[39m
[31m+     "reasoning": true,[39m
[31m+   },[39m
[31m+   {[39m
[31m+     "contextWindow": 204800,[39m
[31m+     "id": "MiniMax-M2.5",[39m
[31m+     "input": [[39m
[31m+       "text",[39m
[31m+     ],[39m
[31m+     "name": "MiniMax-M2.5",[39m
[31m+     "provider": "minimax-cn",[39m
[31m+     "reasoning": true,[39m
[31m+   },[39m
[31m+   {[39m
[31m+     "contextWindow": 204800,[39m
[31m+     "id": "MiniMax-M2.5-highspeed",[39m
[31m+     "input": [[39m
[31m+       "text",[39m
[31m+     ],[39m
[31m+     "name": "MiniMax-M2.5-highspeed",[39m
[31m+     "provider": "minimax-cn",[39m
[31m+     "reasoning": true,[39m
[31m+   },[39m
[31m+   {[39m
[31m+     "contextWindow": 256000,[39m
[31m+     "id": "codestral-latest",[39m
[31m+     "input": [[39m
[31m+       "text",[39m
[31m+     ],[39m
[31m+     "name": "Codestral",[39m
[31m+     "provider": "mistral",[39m
[31m+     "reasoning": false,[39m
[31m+   },[39m
[31m+   {[39m
[31m+     "contextWindow": 262144,[39m
[31m+     "id": "devstral-2512",[39m
[31m+     "input": [[39m
[31m+       "text",[39m
[31m+     ],[39m
[31m+     "name": "Devstral 2",[39m
[31m+     "provider": "mistral",[39m
[31m+     "reasoning": false,[39m
[31m+   },[39m
[31m+   {[39m
[31m+     "contextWindow": 262144,[39m
[31m+     "id": "devstral-medium-latest",[39m
[31m+     "input": [[39m
[31m+       "text",[39m
[31m+     ],[39m
[31m+     "name": "Devstral 2",[39m
[31m+     "provider": "mistral",[39m
[31m+     "reasoning": false,[39m
[31m+   },[39m
[31m+   {[39m
[31m+     "contextWindow": 128000,[39m
[31m+     "id": "devstral-medium-2507",[39m
[31m+     "input": [[39m
[31m+       "text",[39m
[31m+     ],[39m
[31m+     "name": "Devstral Medium",[39m
[31m+     "provider": "mistral",[39m
[31m+     "reasoning": false,[39m
[31m+   },[39m
[31m+   {[39m
[31m+     "contextWindow": 128000,[39m
[31m+     "id": "devstral-small-2507",[39m
[31m+     "input": [[39m
[31m+       "text",[39m
[31m+     ],[39m
[31m+     "name": "Devstral Small",[39m
[31m+     "provider": "mistral",[39m
[31m+     "reasoning": false,[39m
[31m+   },[39m
[31m+   {[39m
[31m+     "contextWindow": 256000,[39m
[31m+     "id": "labs-devstral-small-2512",[39m
[31m+     "input": [[39m
[31m+       "text",[39m
[31m+       "image",[39m
[31m+     ],[39m
[31m+     "name": "Devstral Small 2",[39m
[31m+     "provider": "mistral",[39m
[31m+     "reasoning": false,[39m
[31m+   },[39m
[31m+   {[39m
[31m+     "contextWindow": 128000,[39m
[31m+     "id": "devstral-small-2505",[39m
[31m+     "input": [[39m
[31m+       "text",[39m
[31m+     ],[39m
[31m+     "name": "Devstral Small 2505",[39m
[31m+     "provider": "mistral",[39m
[31m+     "reasoning": false,[39m
[31m+   },[39m
[31m+   {[39m
[31m+     "contextWindow": 128000,[39m
[31m+     "id": "magistral-medium-latest",[39m
[31m+     "input": [[39m
[31m+       "text",[39m
[31m+     ],[39m
[31m+     "name": "Magistral Medium",[39m
[31m+     "provider": "mistral",[39m
[31m+     "reasoning": true,[39m
[31m+   },[39m
[31m+   {[39m
[31m+     "contextWindow": 128000,[39m
[31m+     "id": "magistral-small",[39m
[31m+     "input": [[39m
[31m+       "text",[39m
[31m+     ],[39m
[31m+     "name": "Magistral Small",[39m
[31m+     "provider": "mistral",[39m
[31m+     "reasoning": true,[39m
[31m+   },[39m
[31m+   {[39m
[31m+     "contextWindow": 128000,[39m
[31m+     "id": "ministral-3b-latest",[39m
[31m+     "input": [[39m
[31m+       "text",[39m
[31m+     ],[39m
[31m+     "name": "Ministral 3B",[39m
[31m+     "provider": "mistral",[39m
[31m+     "reasoning": false,[39m
[31m+   },[39m
[31m+   {[39m
[31m+     "contextWindow": 128000,[39m
[31m+     "id": "ministral-8b-latest",[39m
[31m+     "input": [[39m
[31m+       "text",[39m
[31m+     ],[39m
[31m+     "name": "Ministral 8B",[39m
[31m+     "provider": "mistral",[39m
[31m+     "reasoning": false,[39m
[31m+   },[39m
[31m+   {[39m
[2m      "contextWindow": 8000,[22m
[32m-     "id": "gpt-test-a",[39m
[32m-     "name": "A-Model",[39m
[31m+     "id": "open-mistral-7b",[39m
[31m+     "input": [[39m
[31m+       "text",[39m
[31m+     ],[39m
[31m+     "name": "Mistral 7B",[39m
[31m+     "provider": "mistral",[39m
[31m+     "reasoning": false,[39m
[31m+   },[39m
[31m+   {[39m
[31m+     "contextWindow": 262144,[39m
[31m+     "id": "mistral-large-latest",[39m
[31m+     "input": [[39m
[31m+       "text",[39m
[31m+       "image",[39m
[31m+     ],[39m
[31m+     "name": "Mistral Large",[39m
[31m+     "provider": "mistral",[39m
[31m+     "reasoning": false,[39m
[31m+   },[39m
[31m+   {[39m
[31m+     "contextWindow": 131072,[39m
[31m+     "id": "mistral-large-2411",[39m
[31m+     "input": [[39m
[31m+       "text",[39m
[31m+     ],[39m
[31m+     "name": "Mistral Large 2.1",[39m
[31m+     "provider": "mistral",[39m
[31m+     "reasoning": false,[39m
[31m+   },[39m
[31m+   {[39m
[31m+     "contextWindow": 262144,[39m
[31m+     "id": "mistral-large-2512",[39m
[31m+     "input": [[39m
[31m+       "text",[39m
[31m+       "image",[39m
[31m+     ],[39m
[31m+     "name": "Mistral Large 3",[39m
[31m+     "provider": "mistral",[39m
[31m+     "reasoning": false,[39m
[31m+   },[39m
[31m+   {[39m
[31m+     "contextWindow": 128000,[39m
[31m+     "id": "mistral-medium-latest",[39m
[31m+     "input": [[39m
[31m+       "text",[39m
[31m+       "image",[39m
[31m+     ],[39m
[31m+     "name": "Mistral Medium",[39m
[31m+     "provider": "mistral",[39m
[31m+     "reasoning": false,[39m
[31m+   },[39m
[31m+   {[39m
[31m+     "contextWindow": 131072,[39m
[31m+     "id": "mistral-medium-2505",[39m
[31m+     "input": [[39m
[31m+       "text",[39m
[31m+       "image",[39m
[31m+     ],[39m
[31m+     "name": "Mistral Medium 3",[39m
[31m+     "provider": "mistral",[39m
[31m+     "reasoning": false,[39m
[31m+   },[39m
[31m+   {[39m
[31m+     "contextWindow": 262144,[39m
[31m+     "id": "mistral-medium-2508",[39m
[31m+     "input": [[39m
[31m+       "text",[39m
[31m+       "image",[39m
[31m+     ],[39m
[31m+     "name": "Mistral Medium 3.1",[39m
[31m+     "provider": "mistral",[39m
[31m+     "reasoning": false,[39m
[31m+   },[39m
[31m+   {[39m
[31m+     "contextWindow": 128000,[39m
[31m+     "id": "mistral-nemo",[39m
[31m+     "input": [[39m
[31m+       "text",[39m
[31m+     ],[39m
[31m+     "name": "Mistral Nemo",[39m
[31m+     "provider": "mistral",[39m
[31m+     "reasoning": false,[39m
[31m+   },[39m
[31m+   {[39m
[31m+     "contextWindow": 128000,[39m
[31m+     "id": "mistral-small-latest",[39m
[31m+     "input": [[39m
[31m+       "text",[39m
[31m+       "image",[39m
[31m+     ],[39m
[31m+     "name": "Mistral Small",[39m
[31m+     "provider": "mistral",[39m
[31m+     "reasoning": false,[39m
[31m+   },[39m
[31m+   {[39m
[31m+     "contextWindow": 128000,[39m
[31m+     "id": "mistral-small-2506",[39m
[31m+     "input": [[39m
[31m+       "text",[39m
[31m+       "image",[39m
[31m+     ],[39m
[31m+     "name": "Mistral Small 3.2",[39m
[31m+     "provider": "mistral",[39m
[31m+     "reasoning": false,[39m
[31m+   },[39m
[31m+   {[39m
[31m+     "contextWindow": 64000,[39m
[31m+     "id": "open-mixtral-8x22b",[39m
[31m+     "input": [[39m
[31m+       "text",[39m
[31m+     ],[39m
[31m+     "name": "Mixtral 8x22B",[39m
[31m+     "provider": "mistral",[39m
[31m+     "reasoning": false,[39m
[31m+   },[39m
[31m+   {[39m
[31m+     "contextWindow": 32000,[39m
[31m+     "id": "open-mixtral-8x7b",[39m
[31m+     "input": [[39m
[31m+       "text",[39m
[31m+     ],[39m
[31m+     "name": "Mixtral 8x7B",[39m
[31m+     "provider": "mistral",[39m
[31m+     "reasoning": false,[39m
[31m+   },[39m
[31m+   {[39m
[31m+     "contextWindow": 128000,[39m
[31m+     "id": "pixtral-12b",[39m
[31m+     "input": [[39m
[31m+       "text",[39m
[31m+       "image",[39m
[31m+     ],[39m
[31m+     "name": "Pixtral 12B",[39m
[31m+     "provider": "mistral",[39m
[31m+     "reasoning": false,[39m
[31m+   },[39m
[31m+   {[39m
[31m+     "contextWindow": 128000,[39m
[31m+     "id": "pixtral-large-latest",[39m
[31m+     "input": [[39m
[31m+       "text",[39m
[31m+       "image",[39m
[31m+     ],[39m
[31m+     "name": "Pixtral Large",[39m
[31m+     "provider": "mistral",[39m
[31m+     "reasoning": false,[39m
[31m+   },[39m
[31m+   {[39m
[31m+     "contextWindow": 200000,[39m
[31m+     "id": "codex-mini-latest",[39m
[31m+     "input": [[39m
[31m+       "text",[39m
[31m+     ],[39m
[31m+     "name": "Codex Mini",[39m
[31m+     "provider": "openai",[39m
[31m+     "reasoning": true,[39m
[31m+   },[39m
[31m+   {[39m
[31m+     "contextWindow": 8192,[39m
[31m+     "id": "gpt-4",[39m
[31m+     "input": [[39m
[31m+       "text",[39m
[31m+     ],[39m
[31m+     "name": "GPT-4",[39m
[31m+     "provider": "openai",[39m
[31m+     "reasoning": false,[39m
[31m+   },[39m
[31m+   {[39m
[31m+     "contextWindow": 128000,[39m
[31m+     "id": "gpt-4-turbo",[39m
[31m+     "input": [[39m
[31m+       "text",[39m
[31m+       "image",[39m
[31m+     ],[39m
[31m+     "name": "GPT-4 Turbo",[39m
[31m+     "provider": "openai",[39m
[31m+     "reasoning": false,[39m
[31m+   },[39m
[31m+   {[39m
[31m+     "contextWindow": 1047576,[39m
[31m+     "id": "gpt-4.1",[39m
[31m+     "input": [[39m
[31m+       "text",[39m
[31m+       "image",[39m
[31m+     ],[39m
[31m+     "name": "GPT-4.1",[39m
[31m+     "provider": "openai",[39m
[31m+     "reasoning": false,[39m
[31m+   },[39m
[31m+   {[39m
[31m+     "contextWindow": 1047576,[39m
[31m+     "id": "gpt-4.1-mini",[39m
[31m+     "input": [[39m
[31m+       "text",[39m
[31m+       "image",[39m
[31m+     ],[39m
[31m+     "name": "GPT-4.1 mini",[39m
[31m+     "provider": "openai",[39m
[31m+     "reasoning": false,[39m
[31m+   },[39m
[31m+   {[39m
[31m+     "contextWindow": 1047576,[39m
[31m+     "id": "gpt-4.1-nano",[39m
[31m+     "input": [[39m
[31m+       "text",[39m
[31m+       "image",[39m
[31m+     ],[39m
[31m+     "name": "GPT-4.1 nano",[39m
[2m      "provider": "openai",[22m
[31m+     "reasoning": false,[39m
[2m    },[22m
[2m    {[22m
[32m-     "id": "gpt-test-z",[39m
[32m-     "name": "gpt-test-z",[39m
[31m+     "contextWindow": 128000,[39m
[31m+     "id": "gpt-4o",[39m
[31m+     "input": [[39m
[31m+       "text",[39m
[31m+       "image",[39m
[31m+     ],[39m
[31m+     "name": "GPT-4o",[39m
[31m+     "provider": "openai",[39m
[31m+     "reasoning": false,[39m
[31m+   },[39m
[31m+   {[39m
[31m+     "contextWindow": 128000,[39m
[31m+     "id": "gpt-4o-2024-05-13",[39m
[31m+     "input": [[39m
[31m+       "text",[39m
[31m+       "image",[39m
[31m+     ],[39m
[31m+     "name": "GPT-4o (2024-05-13)",[39m
[31m+     "provider": "openai",[39m
[31m+     "reasoning": false,[39m
[31m+   },[39m
[31m+   {[39m
[31m+     "contextWindow": 128000,[39m
[31m+     "id": "gpt-4o-2024-08-06",[39m
[31m+     "input": [[39m
[31m+       "text",[39m
[31m+       "image",[39m
[31m+     ],[39m
[31m+     "name": "GPT-4o (2024-08-06)",[39m
[31m+     "provider": "openai",[39m
[31m+     "reasoning": false,[39m
[31m+   },[39m
[31m+   {[39m
[31m+     "contextWindow": 128000,[39m
[31m+     "id": "gpt-4o-2024-11-20",[39m
[31m+     "input": [[39m
[31m+       "text",[39m
[31m+       "image",[39m
[31m+     ],[39m
[31m+     "name": "GPT-4o (2024-11-20)",[39m
[31m+     "provider": "openai",[39m
[31m+     "reasoning": false,[39m
[31m+   },[39m
[31m+   {[39m
[31m+     "contextWindow": 128000,[39m
[31m+     "id": "gpt-4o-mini",[39m
[31m+     "input": [[39m
[31m+       "text",[39m
[31m+       "image",[39m
[31m+     ],[39m
[31m+     "name": "GPT-4o mini",[39m
[31m+     "provider": "openai",[39m
[31m+     "reasoning": false,[39m
[31m+   },[39m
[31m+   {[39m
[31m+     "contextWindow": 400000,[39m
[31m+     "id": "gpt-5",[39m
[31m+     "input": [[39m
[31m+       "text",[39m
[31m+       "image",[39m
[31m+     ],[39m
[31m+     "name": "GPT-5",[39m
[31m+     "provider": "openai",[39m
[31m+     "reasoning": true,[39m
[31m+   },[39m
[31m+   {[39m
[31m+     "contextWindow": 128000,[39m
[31m+     "id": "gpt-5-chat-latest",[39m
[31m+     "input": [[39m
[31m+       "text",[39m
[31m+       "image",[39m
[31m+     ],[39m
[31m+     "name": "GPT-5 Chat Latest",[39m
[31m+     "provider": "openai",[39m
[31m+     "reasoning": false,[39m
[31m+   },[39m
[31m+   {[39m
[31m+     "contextWindow": 400000,[39m
[31m+     "id": "gpt-5-mini",[39m
[31m+     "input": [[39m
[31m+       "text",[39m
[31m+       "image",[39m
[31m+     ],[39m
[31m+     "name": "GPT-5 Mini",[39m
[31m+     "provider": "openai",[39m
[31m+     "reasoning": true,[39m
[31m+   },[39m
[31m+   {[39m
[31m+     "contextWindow": 400000,[39m
[31m+     "id": "gpt-5-nano",[39m
[31m+     "input": [[39m
[31m+       "text",[39m
[31m+       "image",[39m
[31m+     ],[39m
[31m+     "name": "GPT-5 Nano",[39m
[31m+     "provider": "openai",[39m
[31m+     "reasoning": true,[39m
[31m+   },[39m
[31m+   {[39m
[31m+     "contextWindow": 400000,[39m
[31m+     "id": "gpt-5-pro",[39m
[31m+     "input": [[39m
[31m+       "text",[39m
[31m+       "image",[39m
[31m+     ],[39m
[31m+     "name": "GPT-5 Pro",[39m
[31m+     "provider": "openai",[39m
[31m+     "reasoning": true,[39m
[31m+   },[39m
[31m+   {[39m
[31m+     "contextWindow": 400000,[39m
[31m+     "id": "gpt-5-codex",[39m
[31m+     "input": [[39m
[31m+       "text",[39m
[31m+       "image",[39m
[31m+     ],[39m
[31m+     "name": "GPT-5-Codex",[39m
[31m+     "provider": "openai",[39m
[31m+     "reasoning": true,[39m
[31m+   },[39m
[31m+   {[39m
[31m+     "contextWindow": 400000,[39m
[31m+     "id": "gpt-5.1",[39m
[31m+     "input": [[39m
[31m+       "text",[39m
[31m+       "image",[39m
[31m+     ],[39m
[31m+     "name": "GPT-5.1",[39m
[31m+     "provider": "openai",[39m
[31m+     "reasoning": true,[39m
[31m+   },[39m
[31m+   {[39m
[31m+     "contextWindow": 128000,[39m
[31m+     "id": "gpt-5.1-chat-latest",[39m
[31m+     "input": [[39m
[31m+       "text",[39m
[31m+       "image",[39m
[31m+     ],[39m
[31m+     "name": "GPT-5.1 Chat",[39m
[31m+     "provider": "openai",[39m
[31m+     "reasoning": true,[39m
[31m+   },[39m
[31m+   {[39m
[31m+     "contextWindow": 400000,[39m
[31m+     "id": "gpt-5.1-codex",[39m
[31m+     "input": [[39m
[31m+       "text",[39m
[31m+       "image",[39m
[31m+     ],[39m
[31m+     "name": "GPT-5.1 Codex",[39m
[31m+     "provider": "openai",[39m
[31m+     "reasoning": true,[39m
[31m+   },[39m
[31m+   {[39m
[31m+     "contextWindow": 400000,[39m
[31m+     "id": "gpt-5.1-codex-max",[39m
[31m+     "input": [[39m
[31m+       "text",[39m
[31m+       "image",[39m
[31m+     ],[39m
[31m+     "name": "GPT-5.1 Codex Max",[39m
[31m+     "provider": "openai",[39m
[31m+     "reasoning": true,[39m
[31m+   },[39m
[31m+   {[39m
[31m+     "contextWindow": 400000,[39m
[31m+     "id": "gpt-5.1-codex-mini",[39m
[31m+     "input": [[39m
[31m+       "text",[39m
[31m+       "image",[39m
[31m+     ],[39m
[31m+     "name": "GPT-5.1 Codex mini",[39m
[31m+     "provider": "openai",[39m
[31m+     "reasoning": true,[39m
[31m+   },[39m
[31m+   {[39m
[31m+     "contextWindow": 400000,[39m
[31m+     "id": "gpt-5.2",[39m
[31m+     "input": [[39m
[31m+       "text",[39m
[31m+       "image",[39m
[31m+     ],[39m
[31m+     "name": "GPT-5.2",[39m
[31m+     "provider": "openai",[39m
[31m+     "reasoning": true,[39m
[31m+   },[39m
[31m+   {[39m
[31m+     "contextWindow": 128000,[39m
[31m+     "id": "gpt-5.2-chat-latest",[39m
[31m+     "input": [[39m
[31m+       "text",[39m
[31m+       "image",[39m
[31m+     ],[39m
[31m+     "name": "GPT-5.2 Chat",[39m
[31m+     "provider": "openai",[39m
[31m+     "reasoning": true,[39m
[31m+   },[39m
[31m+   {[39m
[31m+     "contextWindow": 400000,[39m
[31m+     "id": "gpt-5.2-codex",[39m
[31m+     "input": [[39m
[31m+       "text",[39m
[31m+       "image",[39m
[31m+     ],[39m
[31m+     "name": "GPT-5.2 Codex",[39m
[31m+     "provider": "openai",[39m
[31m+     "reasoning": true,[39m
[31m+   },[39m
[31m+   {[39m
[31m+     "contextWindow": 400000,[39m
[31m+     "id": "gpt-5.2-pro",[39m
[31m+     "input": [[39m
[31m+       "text",[39m
[31m+       "image",[39m
[31m+     ],[39m
[31m+     "name": "GPT-5.2 Pro",[39m
[31m+     "provider": "openai",[39m
[31m+     "reasoning": true,[39m
[31m+   },[39m
[31m+   {[39m
[31m+     "contextWindow": 400000,[39m
[31m+     "id": "gpt-5.3-codex",[39m
[31m+     "input": [[39m
[31m+       "text",[39m
[31m+       "image",[39m
[31m+     ],[39m
[31m+     "name": "GPT-5.3 Codex",[39m
[31m+     "provider": "openai",[39m
[31m+     "reasoning": true,[39m
[31m+   },[39m
[31m+   {[39m
[31m+     "contextWindow": 128000,[39m
[31m+     "id": "gpt-5.3-codex-spark",[39m
[31m+     "input": [[39m
[31m+       "text",[39m
[31m+       "image",[39m
[31m+     ],[39m
[31m+     "name": "GPT-5.3 Codex Spark",[39m
[31m+     "provider": "openai",[39m
[31m+     "reasoning": true,[39m
[31m+   },[39m
[31m+   {[39m
[31m+     "contextWindow": 200000,[39m
[31m+     "id": "o1",[39m
[31m+     "input": [[39m
[31m+       "text",[39m
[31m+       "image",[39m
[31m+     ],[39m
[31m+     "name": "o1",[39m
[31m+     "provider": "openai",[39m
[31m+     "reasoning": true,[39m
[31m+   },[39m
[31m+   {[39m
[31m+     "contextWindow": 200000,[39m
[31m+     "id": "o1-pro",[39m
[31m+     "input": [[39m
[31m+       "text",[39m
[31m+       "image",[39m
[31m+     ],[39m
[31m+     "name": "o1-pro",[39m
[31m+     "provider": "openai",[39m
[31m+     "reasoning": true,[39m
[31m+   },[39m
[31m+   {[39m
[31m+     "contextWindow": 200000,[39m
[31m+     "id": "o3",[39m
[31m+     "input": [[39m
[31m+       "text",[39m
[31m+       "image",[39m
[31m+     ],[39m
[31m+     "name": "o3",[39m
[31m+     "provider": "openai",[39m
[31m+     "reasoning": true,[39m
[31m+   },[39m
[31m+   {[39m
[31m+     "contextWindow": 200000,[39m
[31m+     "id": "o3-deep-research",[39m
[31m+     "input": [[39m
[31m+       "text",[39m
[31m+       "image",[39m
[31m+     ],[39m
[31m+     "name": "o3-deep-research",[39m
[31m+     "provider": "openai",[39m
[31m+     "reasoning": true,[39m
[31m+   },[39m
[31m+   {[39m
[31m+     "contextWindow": 200000,[39m
[31m+     "id": "o3-mini",[39m
[31m+     "input": [[39m
[31m+       "text",[39m
[31m+     ],[39m
[31m+     "name": "o3-mini",[39m
[31m+     "provider": "openai",[39m
[31m+     "reasoning": true,[39m
[31m+   },[39m
[31m+   {[39m
[31m+     "contextWindow": 200000,[39m
[31m+     "id": "o3-pro",[39m
[31m+     "input": [[39m
[31m+       "text",[39m
[31m+       "image",[39m
[31m+     ],[39m
[31m+     "name": "o3-pro",[39m
[2m      "provider": "openai",[22m
[31m+     "reasoning": true,[39m
[31m+   },[39m
[31m+   {[39m
[31m+     "contextWindow": 200000,[39m
[31m+     "id": "o4-mini",[39m
[31m+     "input": [[39m
[31m+       "text",[39m
[31m+       "image",[39m
[31m+     ],[39m
[31m+     "name": "o4-mini",[39m
[31m+     "provider": "openai",[39m
[31m+     "reasoning": true,[39m
[31m+   },[39m
[31m+   {[39m
[31m+     "contextWindow": 200000,[39m
[31m+     "id": "o4-mini-deep-research",[39m
[31m+     "input": [[39m
[31m+       "text",[39m
[31m+       "image",[39m
[31m+     ],[39m
[31m+     "name": "o4-mini-deep-research",[39m
[31m+     "provider": "openai",[39m
[31m+     "reasoning": true,[39m
[31m+   },[39m
[31m+   {[39m
[31m+     "contextWindow": 272000,[39m
[31m+     "id": "gpt-5.1",[39m
[31m+     "input": [[39m
[31m+       "text",[39m
[31m+       "image",[39m
[31m+     ],[39m
[31m+     "name": "GPT-5.1",[39m
[31m+     "provider": "openai-codex",[39m
[31m+     "reasoning": true,[39m
[31m+   },[39m
[31m+   {[39m
[31m+     "contextWindow": 272000,[39m
[31m+     "id": "gpt-5.1-codex-max",[39m
[31m+     "input": [[39m
[31m+       "text",[39m
[31m+       "image",[39m
[31m+     ],[39m
[31m+     "name": "GPT-5.1 Codex Max",[39m
[31m+     "provider": "openai-codex",[39m
[31m+     "reasoning": true,[39m
[31m+   },[39m
[31m+   {[39m
[31m+     "contextWindow": 272000,[39m
[31m+     "id": "gpt-5.1-codex-mini",[39m
[31m+     "input": [[39m
[31m+       "text",[39m
[31m+       "image",[39m
[31m+     ],[39m
[31m+     "name": "GPT-5.1 Codex Mini",[39m
[31m+     "provider": "openai-codex",[39m
[31m+     "reasoning": true,[39m
[31m+   },[39m
[31m+   {[39m
[31m+     "contextWindow": 272000,[39m
[31m+     "id": "gpt-5.2",[39m
[31m+     "input": [[39m
[31m+       "text",[39m
[31m+       "image",[39m
[31m+     ],[39m
[31m+     "name": "GPT-5.2",[39m
[31m+     "provider": "openai-codex",[39m
[31m+     "reasoning": true,[39m
[31m+   },[39m
[31m+   {[39m
[31m+     "contextWindow": 272000,[39m
[31m+     "id": "gpt-5.2-codex",[39m
[31m+     "input": [[39m
[31m+       "text",[39m
[31m+       "image",[39m
[31m+     ],[39m
[31m+     "name": "GPT-5.2 Codex",[39m
[31m+     "provider": "openai-codex",[39m
[31m+     "reasoning": true,[39m
[31m+   },[39m
[31m+   {[39m
[31m+     "contextWindow": 272000,[39m
[31m+     "id": "gpt-5.3-codex",[39m
[31m+     "input": [[39m
[31m+       "text",[39m
[31m+       "image",[39m
[31m+     ],[39m
[31m+     "name": "GPT-5.3 Codex",[39m
[31m+     "provider": "openai-codex",[39m
[31m+     "reasoning": true,[39m
[31m+   },[39m
[31m+   {[39m
[31m+     "contextWindow": 128000,[39m
[31m+     "id": "gpt-5.3-codex-spark",[39m
[31m+     "input": [[39m
[31m+       "text",[39m
[31m+     ],[39m
[31m+     "name": "GPT-5.3 Codex Spark",[39m
[31m+     "provider": "openai-codex",[39m
[31m+     "reasoning": true,[39m
[31m+   },[39m
[31m+   {[39m
[31m+     "contextWindow": 200000,[39m
[31m+     "id": "big-pickle",[39m
[31m+     "input": [[39m
[31m+       "text",[39m
[31m+     ],[39m
[31m+     "name": "Big Pickle",[39m
[31m+     "provider": "opencode",[39m
[31m+     "reasoning": true,[39m
[31m+   },[39m
[31m+   {[39m
[31m+     "contextWindow": 200000,[39m
[31m+     "id": "claude-3-5-haiku",[39m
[31m+     "input": [[39m
[31m+       "text",[39m
[31m+       "image",[39m
[31m+     ],[39m
[31m+     "name": "Claude Haiku 3.5",[39m
[31m+     "provider": "opencode",[39m
[31m+     "reasoning": false,[39m
[31m+   },[39m
[31m+   {[39m
[31m+     "contextWindow": 200000,[39m
[31m+     "id": "claude-haiku-4-5",[39m
[31m+     "input": [[39m
[31m+       "text",[39m
[31m+       "image",[39m
[31m+     ],[39m
[31m+     "name": "Claude Haiku 4.5",[39m
[31m+     "provider": "opencode",[39m
[31m+     "reasoning": true,[39m
[31m+   },[39m
[31m+   {[39m
[31m+     "contextWindow": 200000,[39m
[31m+     "id": "claude-opus-4-1",[39m
[31m+     "input": [[39m
[31m+       "text",[39m
[31m+       "image",[39m
[31m+     ],[39m
[31m+     "name": "Claude Opus 4.1",[39m
[31m+     "provider": "opencode",[39m
[31m+     "reasoning": true,[39m
[31m+   },[39m
[31m+   {[39m
[31m+     "contextWindow": 200000,[39m
[31m+     "id": "claude-opus-4-5",[39m
[31m+     "input": [[39m
[31m+       "text",[39m
[31m+       "image",[39m
[31m+     ],[39m
[31m+     "name": "Claude Opus 4.5",[39m
[31m+     "provider": "opencode",[39m
[31m+     "reasoning": true,[39m
[31m+   },[39m
[31m+   {[39m
[31m+     "contextWindow": 200000,[39m
[31m+     "id": "claude-opus-4-6",[39m
[31m+     "input": [[39m
[31m+       "text",[39m
[31m+       "image",[39m
[31m+     ],[39m
[31m+     "name": "Claude Opus 4.6",[39m
[31m+     "provider": "opencode",[39m
[31m+     "reasoning": true,[39m
[31m+   },[39m
[31m+   {[39m
[31m+     "contextWindow": 200000,[39m
[31m+     "id": "claude-sonnet-4",[39m
[31m+     "input": [[39m
[31m+       "text",[39m
[31m+       "image",[39m
[31m+     ],[39m
[31m+     "name": "Claude Sonnet 4",[39m
[31m+     "provider": "opencode",[39m
[31m+     "reasoning": true,[39m
[31m+   },[39m
[31m+   {[39m
[31m+     "contextWindow": 200000,[39m
[31m+     "id": "claude-sonnet-4-5",[39m
[31m+     "input": [[39m
[31m+       "text",[39m
[31m+       "image",[39m
[31m+     ],[39m
[31m+     "name": "Claude Sonnet 4.5",[39m
[31m+     "provider": "opencode",[39m
[31m+     "reasoning": true,[39m
[31m+   },[39m
[31m+   {[39m
[31m+     "contextWindow": 1000000,[39m
[31m+     "id": "claude-sonnet-4-6",[39m
[31m+     "input": [[39m
[31m+       "text",[39m
[31m+       "image",[39m
[31m+     ],[39m
[31m+     "name": "Claude Sonnet 4.6",[39m
[31m+     "provider": "opencode",[39m
[31m+     "reasoning": true,[39m
[31m+   },[39m
[31m+   {[39m
[31m+     "contextWindow": 1048576,[39m
[31m+     "id": "gemini-3-flash",[39m
[31m+     "input": [[39m
[31m+       "text",[39m
[31m+       "image",[39m
[31m+     ],[39m
[31m+     "name": "Gemini 3 Flash",[39m
[31m+     "provider": "opencode",[39m
[31m+     "reasoning": true,[39m
[31m+   },[39m
[31m+   {[39m
[31m+     "contextWindow": 1048576,[39m
[31m+     "id": "gemini-3-pro",[39m
[31m+     "input": [[39m
[31m+       "text",[39m
[31m+       "image",[39m
[31m+     ],[39m
[31m+     "name": "Gemini 3 Pro",[39m
[31m+     "provider": "opencode",[39m
[31m+     "reasoning": true,[39m
[31m+   },[39m
[31m+   {[39m
[31m+     "contextWindow": 1048576,[39m
[31m+     "id": "gemini-3.1-pro",[39m
[31m+     "input": [[39m
[31m+       "text",[39m
[31m+       "image",[39m
[31m+     ],[39m
[31m+     "name": "Gemini 3.1 Pro Preview",[39m
[31m+     "provider": "opencode",[39m
[31m+     "reasoning": true,[39m
[31m+   },[39m
[31m+   {[39m
[31m+     "contextWindow": 204800,[39m
[31m+     "id": "glm-4.6",[39m
[31m+     "input": [[39m
[31m+       "text",[39m
[31m+     ],[39m
[31m+     "name": "GLM-4.6",[39m
[31m+     "provider": "opencode",[39m
[31m+     "reasoning": true,[39m
[31m+   },[39m
[31m+   {[39m
[31m+     "contextWindow": 204800,[39m
[31m+     "id": "glm-4.7",[39m
[31m+     "input": [[39m
[31m+       "text",[39m
[31m+     ],[39m
[31m+     "name": "GLM-4.7",[39m
[31m+     "provider": "opencode",[39m
[31m+     "reasoning": true,[39m
[31m+   },[39m
[31m+   {[39m
[31m+     "contextWindow": 204800,[39m
[31m+     "id": "glm-5",[39m
[31m+     "input": [[39m
[31m+       "text",[39m
[31m+     ],[39m
[31m+     "name": "GLM-5",[39m
[31m+     "provider": "opencode",[39m
[31m+     "reasoning": true,[39m
[31m+   },[39m
[31m+   {[39m
[31m+     "contextWindow": 400000,[39m
[31m+     "id": "gpt-5",[39m
[31m+     "input": [[39m
[31m+       "text",[39m
[31m+       "image",[39m
[31m+     ],[39m
[31m+     "name": "GPT-5",[39m
[31m+     "provider": "opencode",[39m
[31m+     "reasoning": true,[39m
[31m+   },[39m
[31m+   {[39m
[31m+     "contextWindow": 400000,[39m
[31m+     "id": "gpt-5-codex",[39m
[31m+     "input": [[39m
[31m+       "text",[39m
[31m+       "image",[39m
[31m+     ],[39m
[31m+     "name": "GPT-5 Codex",[39m
[31m+     "provider": "opencode",[39m
[31m+     "reasoning": true,[39m
[31m+   },[39m
[31m+   {[39m
[31m+     "contextWindow": 400000,[39m
[31m+     "id": "gpt-5-nano",[39m
[31m+     "input": [[39m
[31m+       "text",[39m
[31m+       "image",[39m
[31m+     ],[39m
[31m+     "name": "GPT-5 Nano",[39m
[31m+     "provider": "opencode",[39m
[31m+     "reasoning": true,[39m
[31m+   },[39m
[31m+   {[39m
[31m+     "contextWindow": 400000,[39m
[31m+     "id": "gpt-5.1",[39m
[31m+     "input": [[39m
[31m+       "text",[39m
[31m+       "image",[39m
[31m+     ],[39m
[31m+     "name": "GPT-5.1",[39m
[31m+     "provider": "opencode",[39m
[31m+     "reasoning": true,[39m
[31m+   },[39m
[31m+   {[39m
[31m+     "contextWindow": 400000,[39m
[31m+     "id": "gpt-5.1-codex",[39m
[31m+     "input": [[39m
[31m+       "text",[39m
[31m+       "image",[39m
[31m+     ],[39m
[31m+     "name": "GPT-5.1 Codex",[39m
[31m+     "provider": "opencode",[39m
[31m+     "reasoning": true,[39m
[31m+   },[39m
[31m+   {[39m
[31m+     "contextWindow": 400000,[39m
[31m+     "id": "gpt-5.1-codex-max",[39m
[31m+     "input": [[39m
[31m+       "text",[39m
[31m+       "image",[39m
[31m+     ],[39m
[31m+     "name": "GPT-5.1 Codex Max",[39m
[31m+     "provider": "opencode",[39m
[31m+     "reasoning": true,[39m
[31m+   },[39m
[31m+   {[39m
[31m+     "contextWindow": 400000,[39m
[31m+     "id": "gpt-5.1-codex-mini",[39m
[31m+     "input": [[39m
[31m+       "text",[39m
[31m+       "image",[39m
[31m+     ],[39m
[31m+     "name": "GPT-5.1 Codex Mini",[39m
[31m+     "provider": "opencode",[39m
[31m+     "reasoning": true,[39m
[31m+   },[39m
[31m+   {[39m
[31m+     "contextWindow": 400000,[39m
[31m+     "id": "gpt-5.2",[39m
[31m+     "input": [[39m
[31m+       "text",[39m
[31m+       "image",[39m
[31m+     ],[39m
[31m+     "name": "GPT-5.2",[39m
[31m+     "provider": "opencode",[39m
[31m+     "reasoning": true,[39m
[31m+   },[39m
[31m+   {[39m
[31m+     "contextWindow": 400000,[39m
[31m+     "id": "gpt-5.2-codex",[39m
[31m+     "input": [[39m
[31m+       "text",[39m
[31m+       "image",[39m
[31m+     ],[39m
[31m+     "name": "GPT-5.2 Codex",[39m
[31m+     "provider": "opencode",[39m
[31m+     "reasoning": true,[39m
[31m+   },[39m
[31m+   {[39m
[31m+     "contextWindow": 400000,[39m
[31m+     "id": "gpt-5.3-codex",[39m
[31m+     "input": [[39m
[31m+       "text",[39m
[31m+       "image",[39m
[31m+     ],[39m
[31m+     "name": "GPT-5.3 Codex",[39m
[31m+     "provider": "opencode",[39m
[31m+     "reasoning": true,[39m
[31m+   },[39m
[31m+   {[39m
[31m+     "contextWindow": 262144,[39m
[31m+     "id": "kimi-k2",[39m
[31m+     "input": [[39m
[31m+       "text",[39m
[31m+     ],[39m
[31m+     "name": "Kimi K2",[39m
[31m+     "provider": "opencode",[39m
[31m+     "reasoning": false,[39m
[31m+   },[39m
[31m+   {[39m
[31m+     "contextWindow": 262144,[39m
[31m+     "id": "kimi-k2-thinking",[39m
[31m+     "input": [[39m
[31m+       "text",[39m
[31m+     ],[39m
[31m+     "name": "Kimi K2 Thinking",[39m
[31m+     "provider": "opencode",[39m
[31m+     "reasoning": true,[39m
[31m+   },[39m
[31m+   {[39m
[31m+     "contextWindow": 262144,[39m
[31m+     "id": "kimi-k2.5",[39m
[31m+     "input": [[39m
[31m+       "text",[39m
[31m+       "image",[39m
[31m+     ],[39m
[31m+     "name": "Kimi K2.5",[39m
[31m+     "provider": "opencode",[39m
[31m+     "reasoning": true,[39m
[31m+   },[39m
[31m+   {[39m
[31m+     "contextWindow": 204800,[39m
[31m+     "id": "minimax-m2.1",[39m
[31m+     "input": [[39m
[31m+       "text",[39m
[31m+     ],[39m
[31m+     "name": "MiniMax M2.1",[39m
[31m+     "provider": "opencode",[39m
[31m+     "reasoning": true,[39m
[31m+   },[39m
[31m+   {[39m
[31m+     "contextWindow": 204800,[39m
[31m+     "id": "minimax-m2.5",[39m
[31m+     "input": [[39m
[31m+       "text",[39m
[31m+     ],[39m
[31m+     "name": "MiniMax M2.5",[39m
[31m+     "provider": "opencode",[39m
[31m+     "reasoning": true,[39m
[31m+   },[39m
[31m+   {[39m
[31m+     "contextWindow": 204800,[39m
[31m+     "id": "minimax-m2.5-free",[39m
[31m+     "input": [[39m
[31m+       "text",[39m
[31m+     ],[39m
[31m+     "name": "MiniMax M2.5 Free",[39m
[31m+     "provider": "opencode",[39m
[31m+     "reasoning": true,[39m
[31m+   },[39m
[31m+   {[39m
[31m+     "contextWindow": 131072,[39m
[31m+     "id": "trinity-large-preview-free",[39m
[31m+     "input": [[39m
[31m+       "text",[39m
[31m+     ],[39m
[31m+     "name": "Trinity Large Preview",[39m
[31m+     "provider": "opencode",[39m
[31m+     "reasoning": false,[39m
[31m+   },[39m
[31m+   {[39m
[31m+     "contextWindow": 256000,[39m
[31m+     "id": "ai21/jamba-large-1.7",[39m
[31m+     "input": [[39m
[31m+       "text",[39m
[31m+     ],[39m
[31m+     "name": "AI21: Jamba Large 1.7",[39m
[31m+     "provider": "openrouter",[39m
[31m+     "reasoning": false,[39m
[31m+   },[39m
[31m+   {[39m
[31m+     "contextWindow": 65536,[39m
[31m+     "id": "allenai/olmo-3.1-32b-instruct",[39m
[31m+     "input": [[39m
[31m+       "text",[39m
[31m+     ],[39m
[31m+     "name": "AllenAI: Olmo 3.1 32B Instruct",[39m
[31m+     "provider": "openrouter",[39m
[31m+     "reasoning": false,[39m
[31m+   },[39m
[31m+   {[39m
[31m+     "contextWindow": 1000000,[39m
[31m+     "id": "amazon/nova-2-lite-v1",[39m
[31m+     "input": [[39m
[31m+       "text",[39m
[31m+       "image",[39m
[31m+     ],[39m
[31m+     "name": "Amazon: Nova 2 Lite",[39m
[31m+     "provider": "openrouter",[39m
[31m+     "reasoning": true,[39m
[31m+   },[39m
[31m+   {[39m
[31m+     "contextWindow": 300000,[39m
[31m+     "id": "amazon/nova-lite-v1",[39m
[31m+     "input": [[39m
[31m+       "text",[39m
[31m+       "image",[39m
[31m+     ],[39m
[31m+     "name": "Amazon: Nova Lite 1.0",[39m
[31m+     "provider": "openrouter",[39m
[31m+     "reasoning": false,[39m
[31m+   },[39m
[31m+   {[39m
[31m+     "contextWindow": 128000,[39m
[31m+     "id": "amazon/nova-micro-v1",[39m
[31m+     "input": [[39m
[31m+       "text",[39m
[31m+     ],[39m
[31m+     "name": "Amazon: Nova Micro 1.0",[39m
[31m+     "provider": "openrouter",[39m
[31m+     "reasoning": false,[39m
[31m+   },[39m
[31m+   {[39m
[31m+     "contextWindow": 1000000,[39m
[31m+     "id": "amazon/nova-premier-v1",[39m
[31m+     "input": [[39m
[31m+       "text",[39m
[31m+       "image",[39m
[31m+     ],[39m
[31m+     "name": "Amazon: Nova Premier 1.0",[39m
[31m+     "provider": "openrouter",[39m
[31m+     "reasoning": false,[39m
[31m+   },[39m
[31m+   {[39m
[31m+     "contextWindow": 300000,[39m
[31m+     "id": "amazon/nova-pro-v1",[39m
[31m+     "input": [[39m
[31m+       "text",[39m
[31m+       "image",[39m
[31m+     ],[39m
[31m+     "name": "Amazon: Nova Pro 1.0",[39m
[31m+     "provider": "openrouter",[39m
[31m+     "reasoning": false,[39m
[31m+   },[39m
[31m+   {[39m
[31m+     "contextWindow": 200000,[39m
[31m+     "id": "anthropic/claude-3-haiku",[39m
[31m+     "input": [[39m
[31m+       "text",[39m
[31m+       "image",[39m
[31m+     ],[39m
[31m+     "name": "Anthropic: Claude 3 Haiku",[39m
[31m+     "provider": "openrouter",[39m
[31m+     "reasoning": false,[39m
[31m+   },[39m
[31m+   {[39m
[31m+     "contextWindow": 200000,[39m
[31m+     "id": "anthropic/claude-3.5-haiku",[39m
[31m+     "input": [[39m
[31m+       "text",[39m
[31m+       "image",[39m
[31m+     ],[39m
[31m+     "name": "Anthropic: Claude 3.5 Haiku",[39m
[31m+     "provider": "openrouter",[39m
[31m+     "reasoning": false,[39m
[31m+   },[39m
[31m+   {[39m
[31m+     "contextWindow": 200000,[39m
[31m+     "id": "anthropic/claude-3.5-sonnet",[39m
[31m+     "input": [[39m
[31m+       "text",[39m
[31m+       "image",[39m
[31m+     ],[39m
[31m+     "name": "Anthropic: Claude 3.5 Sonnet",[39m
[31m+     "provider": "openrouter",[39m
[31m+     "reasoning": false,[39m
[31m+   },[39m
[31m+   {[39m
[31m+     "contextWindow": 200000,[39m
[31m+     "id": "anthropic/claude-3.7-sonnet",[39m
[31m+     "input": [[39m
[31m+       "text",[39m
[31m+       "image",[39m
[31m+     ],[39m
[31m+     "name": "Anthropic: Claude 3.7 Sonnet",[39m
[31m+     "provider": "openrouter",[39m
[31m+     "reasoning": true,[39m
[31m+   },[39m
[31m+   {[39m
[31m+     "contextWindow": 200000,[39m
[31m+     "id": "anthropic/claude-3.7-sonnet:thinking",[39m
[31m+     "input": [[39m
[31m+       "text",[39m
[31m+       "image",[39m
[31m+     ],[39m
[31m+     "name": "Anthropic: Claude 3.7 Sonnet (thinking)",[39m
[31m+     "provider": "openrouter",[39m
[31m+     "reasoning": true,[39m
[31m+   },[39m
[31m+   {[39m
[31m+     "contextWindow": 200000,[39m
[31m+     "id": "anthropic/claude-haiku-4.5",[39m
[31m+     "input": [[39m
[31m+       "text",[39m
[31m+       "image",[39m
[31m+     ],[39m
[31m+     "name": "Anthropic: Claude Haiku 4.5",[39m
[31m+     "provider": "openrouter",[39m
[31m+     "reasoning": true,[39m
[31m+   },[39m
[31m+   {[39m
[31m+     "contextWindow": 200000,[39m
[31m+     "id": "anthropic/claude-opus-4",[39m
[31m+     "input": [[39m
[31m+       "text",[39m
[31m+       "image",[39m
[31m+     ],[39m
[31m+     "name": "Anthropic: Claude Opus 4",[39m
[31m+     "provider": "openrouter",[39m
[31m+     "reasoning": true,[39m
[31m+   },[39m
[31m+   {[39m
[31m+     "contextWindow": 200000,[39m
[31m+     "id": "anthropic/claude-opus-4.1",[39m
[31m+     "input": [[39m
[31m+       "text",[39m
[31m+       "image",[39m
[31m+     ],[39m
[31m+     "name": "Anthropic: Claude Opus 4.1",[39m
[31m+     "provider": "openrouter",[39m
[31m+     "reasoning": true,[39m
[31m+   },[39m
[31m+   {[39m
[31m+     "contextWindow": 200000,[39m
[31m+     "id": "anthropic/claude-opus-4.5",[39m
[31m+     "input": [[39m
[31m+       "text",[39m
[31m+       "image",[39m
[31m+     ],[39m
[31m+     "name": "Anthropic: Claude Opus 4.5",[39m
[31m+     "provider": "openrouter",[39m
[31m+     "reasoning": true,[39m
[31m+   },[39m
[31m+   {[39m
[31m+     "contextWindow": 1000000,[39m
[31m+     "id": "anthropic/claude-opus-4.6",[39m
[31m+     "input": [[39m
[31m+       "text",[39m
[31m+       "image",[39m
[31m+     ],[39m
[31m+     "name": "Anthropic: Claude Opus 4.6",[39m
[31m+     "provider": "openrouter",[39m
[31m+     "reasoning": true,[39m
[31m+   },[39m
[31m+   {[39m
[31m+     "contextWindow": 1000000,[39m
[31m+     "id": "anthropic/claude-sonnet-4",[39m
[31m+     "input": [[39m
[31m+       "text",[39m
[31m+       "image",[39m
[31m+     ],[39m
[31m+     "name": "Anthropic: Claude Sonnet 4",[39m
[31m+     "provider": "openrouter",[39m
[31m+     "reasoning": true,[39m
[31m+   },[39m
[31m+   {[39m
[31m+     "contextWindow": 1000000,[39m
[31m+     "id": "anthropic/claude-sonnet-4.5",[39m
[31m+     "input": [[39m
[31m+       "text",[39m
[31m+       "image",[39m
[31m+     ],[39m
[31m+     "name": "Anthropic: Claude Sonnet 4.5",[39m
[31m+     "provider": "openrouter",[39m
[31m+     "reasoning": true,[39m
[31m+   },[39m
[31m+   {[39m
[31m+     "contextWindow": 1000000,[39m
[31m+     "id": "anthropic/claude-sonnet-4.6",[39m
[31m+     "input": [[39m
[31m+       "text",[39m
[31m+       "image",[39m
[31m+     ],[39m
[31m+     "name": "Anthropic: Claude Sonnet 4.6",[39m
[31m+     "provider": "openrouter",[39m
[31m+     "reasoning": true,[39m
[31m+   },[39m
[31m+   {[39m
[31m+     "contextWindow": 131000,[39m
[31m+     "id": "arcee-ai/trinity-large-preview:free",[39m
[31m+     "input": [[39m
[31m+       "text",[39m
[31m+     ],[39m
[31m+     "name": "Arcee AI: Trinity Large Preview (free)",[39m
[31m+     "provider": "openrouter",[39m
[31m+     "reasoning": false,[39m
[31m+   },[39m
[31m+   {[39m
[31m+     "contextWindow": 131072,[39m
[31m+     "id": "arcee-ai/trinity-mini",[39m
[31m+     "input": [[39m
[31m+       "text",[39m
[31m+     ],[39m
[31m+     "name": "Arcee AI: Trinity Mini",[39m
[31m+     "provider": "openrouter",[39m
[31m+     "reasoning": true,[39m
[31m+   },[39m
[31m+   {[39m
[31m+     "contextWindow": 131072,[39m
[31m+     "id": "arcee-ai/trinity-mini:free",[39m
[31m+     "input": [[39m
[31m+       "text",[39m
[31m+     ],[39m
[31m+     "name": "Arcee AI: Trinity Mini (free)",[39m
[31m+     "provider": "openrouter",[39m
[31m+     "reasoning": true,[39m
[31m+   },[39m
[31m+   {[39m
[31m+     "contextWindow": 131072,[39m
[31m+     "id": "arcee-ai/virtuoso-large",[39m
[31m+     "input": [[39m
[31m+       "text",[39m
[31m+     ],[39m
[31m+     "name": "Arcee AI: Virtuoso Large",[39m
[31m+     "provider": "openrouter",[39m
[31m+     "reasoning": false,[39m
[31m+   },[39m
[31m+   {[39m
[31m+     "contextWindow": 2000000,[39m
[31m+     "id": "auto",[39m
[31m+     "input": [[39m
[31m+       "text",[39m
[31m+       "image",[39m
[31m+     ],[39m
[31m+     "name": "Auto",[39m
[31m+     "provider": "openrouter",[39m
[31m+     "reasoning": true,[39m
[31m+   },[39m
[31m+   {[39m
[31m+     "contextWindow": 2000000,[39m
[31m+     "id": "openrouter/auto",[39m
[31m+     "input": [[39m
[31m+       "text",[39m
[31m+       "image",[39m
[31m+     ],[39m
[31m+     "name": "Auto Router",[39m
[31m+     "provider": "openrouter",[39m
[31m+     "reasoning": true,[39m
[31m+   },[39m
[31m+   {[39m
[31m+     "contextWindow": 120000,[39m
[31m+     "id": "baidu/ernie-4.5-21b-a3b",[39m
[31m+     "input": [[39m
[31m+       "text",[39m
[31m+     ],[39m
[31m+     "name": "Baidu: ERNIE 4.5 21B A3B",[39m
[31m+     "provider": "openrouter",[39m
[31m+     "reasoning": false,[39m
[31m+   },[39m
[31m+   {[39m
[31m+     "contextWindow": 30000,[39m
[31m+     "id": "baidu/ernie-4.5-vl-28b-a3b",[39m
[31m+     "input": [[39m
[31m+       "text",[39m
[31m+       "image",[39m
[31m+     ],[39m
[31m+     "name": "Baidu: ERNIE 4.5 VL 28B A3B",[39m
[31m+     "provider": "openrouter",[39m
[31m+     "reasoning": true,[39m
[31m+   },[39m
[31m+   {[39m
[31m+     "contextWindow": 262144,[39m
[31m+     "id": "bytedance-seed/seed-1.6",[39m
[31m+     "input": [[39m
[31m+       "text",[39m
[31m+       "image",[39m
[31m+     ],[39m
[31m+     "name": "ByteDance Seed: Seed 1.6",[39m
[31m+     "provider": "openrouter",[39m
[31m+     "reasoning": true,[39m
[31m+   },[39m
[31m+   {[39m
[31m+     "contextWindow": 262144,[39m
[31m+     "id": "bytedance-seed/seed-1.6-flash",[39m
[31m+     "input": [[39m
[31m+       "text",[39m
[31m+       "image",[39m
[31m+     ],[39m
[31m+     "name": "ByteDance Seed: Seed 1.6 Flash",[39m
[31m+     "provider": "openrouter",[39m
[31m+     "reasoning": true,[39m
[31m+   },[39m
[31m+   {[39m
[31m+     "contextWindow": 128000,[39m
[31m+     "id": "cohere/command-r-08-2024",[39m
[31m+     "input": [[39m
[31m+       "text",[39m
[31m+     ],[39m
[31m+     "name": "Cohere: Command R (08-2024)",[39m
[31m+     "provider": "openrouter",[39m
[31m+     "reasoning": false,[39m
[31m+   },[39m
[31m+   {[39m
[31m+     "contextWindow": 128000,[39m
[31m+     "id": "cohere/command-r-plus-08-2024",[39m
[31m+     "input": [[39m
[31m+       "text",[39m
[31m+     ],[39m
[31m+     "name": "Cohere: Command R+ (08-2024)",[39m
[31m+     "provider": "openrouter",[39m
[31m+     "reasoning": false,[39m
[31m+   },[39m
[31m+   {[39m
[31m+     "contextWindow": 163840,[39m
[31m+     "id": "deepseek/deepseek-chat",[39m
[31m+     "input": [[39m
[31m+       "text",[39m
[31m+     ],[39m
[31m+     "name": "DeepSeek: DeepSeek V3",[39m
[31m+     "provider": "openrouter",[39m
[31m+     "reasoning": false,[39m
[31m+   },[39m
[31m+   {[39m
[31m+     "contextWindow": 163840,[39m
[31m+     "id": "deepseek/deepseek-chat-v3-0324",[39m
[31m+     "input": [[39m
[31m+       "text",[39m
[31m+     ],[39m
[31m+     "name": "DeepSeek: DeepSeek V3 0324",[39m
[31m+     "provider": "openrouter",[39m
[31m+     "reasoning": true,[39m
[31m+   },[39m
[31m+   {[39m
[31m+     "contextWindow": 32768,[39m
[31m+     "id": "deepseek/deepseek-chat-v3.1",[39m
[31m+     "input": [[39m
[31m+       "text",[39m
[31m+     ],[39m
[31m+     "name": "DeepSeek: DeepSeek V3.1",[39m
[31m+     "provider": "openrouter",[39m
[31m+     "reasoning": true,[39m
[31m+   },[39m
[31m+   {[39m
[31m+     "contextWindow": 163840,[39m
[31m+     "id": "deepseek/deepseek-v3.1-terminus",[39m
[31m+     "input": [[39m
[31m+       "text",[39m
[31m+     ],[39m
[31m+     "name": "DeepSeek: DeepSeek V3.1 Terminus",[39m
[31m+     "provider": "openrouter",[39m
[31m+     "reasoning": true,[39m
[31m+   },[39m
[31m+   {[39m
[31m+     "contextWindow": 163840,[39m
[31m+     "id": "deepseek/deepseek-v3.1-terminus:exacto",[39m
[31m+     "input": [[39m
[31m+       "text",[39m
[31m+     ],[39m
[31m+     "name": "DeepSeek: DeepSeek V3.1 Terminus (exacto)",[39m
[31m+     "provider": "openrouter",[39m
[31m+     "reasoning": true,[39m
[31m+   },[39m
[31m+   {[39m
[31m+     "contextWindow": 163840,[39m
[31m+     "id": "deepseek/deepseek-v3.2",[39m
[31m+     "input": [[39m
[31m+       "text",[39m
[31m+     ],[39m
[31m+     "name": "DeepSeek: DeepSeek V3.2",[39m
[31m+     "provider": "openrouter",[39m
[31m+     "reasoning": true,[39m
[31m+   },[39m
[31m+   {[39m
[31m+     "contextWindow": 163840,[39m
[31m+     "id": "deepseek/deepseek-v3.2-exp",[39m
[31m+     "input": [[39m
[31m+       "text",[39m
[31m+     ],[39m
[31m+     "name": "DeepSeek: DeepSeek V3.2 Exp",[39m
[31m+     "provider": "openrouter",[39m
[31m+     "reasoning": true,[39m
[31m+   },[39m
[31m+   {[39m
[31m+     "contextWindow": 64000,[39m
[31m+     "id": "deepseek/deepseek-r1",[39m
[31m+     "input": [[39m
[31m+       "text",[39m
[31m+     ],[39m
[31m+     "name": "DeepSeek: R1",[39m
[31m+     "provider": "openrouter",[39m
[31m+     "reasoning": true,[39m
[31m+   },[39m
[31m+   {[39m
[31m+     "contextWindow": 163840,[39m
[31m+     "id": "deepseek/deepseek-r1-0528",[39m
[31m+     "input": [[39m
[31m+       "text",[39m
[31m+     ],[39m
[31m+     "name": "DeepSeek: R1 0528",[39m
[31m+     "provider": "openrouter",[39m
[31m+     "reasoning": true,[39m
[31m+   },[39m
[31m+   {[39m
[31m+     "contextWindow": 200000,[39m
[31m+     "id": "openrouter/free",[39m
[31m+     "input": [[39m
[31m+       "text",[39m
[31m+       "image",[39m
[31m+     ],[39m
[31m+     "name": "Free Models Router",[39m
[31m+     "provider": "openrouter",[39m
[31m+     "reasoning": true,[39m
[31m+   },[39m
[31m+   {[39m
[31m+     "contextWindow": 1048576,[39m
[31m+     "id": "google/gemini-2.0-flash-001",[39m
[31m+     "input": [[39m
[31m+       "text",[39m
[31m+       "image",[39m
[31m+     ],[39m
[31m+     "name": "Google: Gemini 2.0 Flash",[39m
[31m+     "provider": "openrouter",[39m
[31m+     "reasoning": false,[39m
[31m+   },[39m
[31m+   {[39m
[31m+     "contextWindow": 1048576,[39m
[31m+     "id": "google/gemini-2.0-flash-lite-001",[39m
[31m+     "input": [[39m
[31m+       "text",[39m
[31m+       "image",[39m
[31m+     ],[39m
[31m+     "name": "Google: Gemini 2.0 Flash Lite",[39m
[31m+     "provider": "openrouter",[39m
[31m+     "reasoning": false,[39m
[31m+   },[39m
[31m+   {[39m
[31m+     "contextWindow": 1048576,[39m
[31m+     "id": "google/gemini-2.5-flash",[39m
[31m+     "input": [[39m
[31m+       "text",[39m
[31m+       "image",[39m
[31m+     ],[39m
[31m+     "name": "Google: Gemini 2.5 Flash",[39m
[31m+     "provider": "openrouter",[39m
[31m+     "reasoning": true,[39m
[31m+   },[39m
[31m+   {[39m
[31m+     "contextWindow": 1048576,[39m
[31m+     "id": "google/gemini-2.5-flash-lite",[39m
[31m+     "input": [[39m
[31m+       "text",[39m
[31m+       "image",[39m
[31m+     ],[39m
[31m+     "name": "Google: Gemini 2.5 Flash Lite",[39m
[31m+     "provider": "openrouter",[39m
[31m+     "reasoning": true,[39m
[31m+   },[39m
[31m+   {[39m
[31m+     "contextWindow": 1048576,[39m
[31m+     "id": "google/gemini-2.5-flash-lite-preview-09-2025",[39m
[31m+     "input": [[39m
[31m+       "text",[39m
[31m+       "image",[39m
[31m+     ],[39m
[31m+     "name": "Google: Gemini 2.5 Flash Lite Preview 09-2025",[39m
[31m+     "provider": "openrouter",[39m
[31m+     "reasoning": true,[39m
[31m+   },[39m
[31m+   {[39m
[31m+     "contextWindow": 1048576,[39m
[31m+     "id": "google/gemini-2.5-pro",[39m
[31m+     "input": [[39m
[31m+       "text",[39m
[31m+       "image",[39m
[31m+     ],[39m
[31m+     "name": "Google: Gemini 2.5 Pro",[39m
[31m+     "provider": "openrouter",[39m
[31m+     "reasoning": true,[39m
[31m+   },[39m
[31m+   {[39m
[31m+     "contextWindow": 1048576,[39m
[31m+     "id": "google/gemini-2.5-pro-preview-05-06",[39m
[31m+     "input": [[39m
[31m+       "text",[39m
[31m+       "image",[39m
[31m+     ],[39m
[31m+     "name": "Google: Gemini 2.5 Pro Preview 05-06",[39m
[31m+     "provider": "openrouter",[39m
[31m+     "reasoning": true,[39m
[31m+   },[39m
[31m+   {[39m
[31m+     "contextWindow": 1048576,[39m
[31m+     "id": "google/gemini-2.5-pro-preview",[39m
[31m+     "input": [[39m
[31m+       "text",[39m
[31m+       "image",[39m
[31m+     ],[39m
[31m+     "name": "Google: Gemini 2.5 Pro Preview 06-05",[39m
[31m+     "provider": "openrouter",[39m
[31m+     "reasoning": true,[39m
[31m+   },[39m
[31m+   {[39m
[31m+     "contextWindow": 1048576,[39m
[31m+     "id": "google/gemini-3-flash-preview",[39m
[31m+     "input": [[39m
[31m+       "text",[39m
[31m+       "image",[39m
[31m+     ],[39m
[31m+     "name": "Google: Gemini 3 Flash Preview",[39m
[31m+     "provider": "openrouter",[39m
[31m+     "reasoning": true,[39m
[31m+   },[39m
[31m+   {[39m
[31m+     "contextWindow": 1048576,[39m
[31m+     "id": "google/gemini-3-pro-preview",[39m
[31m+     "input": [[39m
[31m+       "text",[39m
[31m+       "image",[39m
[31m+     ],[39m
[31m+     "name": "Google: Gemini 3 Pro Preview",[39m
[31m+     "provider": "openrouter",[39m
[31m+     "reasoning": true,[39m
[31m+   },[39m
[31m+   {[39m
[31m+     "contextWindow": 1048576,[39m
[31m+     "id": "google/gemini-3.1-pro-preview",[39m
[31m+     "input": [[39m
[31m+       "text",[39m
[31m+       "image",[39m
[31m+     ],[39m
[31m+     "name": "Google: Gemini 3.1 Pro Preview",[39m
[31m+     "provider": "openrouter",[39m
[31m+     "reasoning": true,[39m
[31m+   },[39m
[31m+   {[39m
[31m+     "contextWindow": 1048576,[39m
[31m+     "id": "google/gemini-3.1-pro-preview-customtools",[39m
[31m+     "input": [[39m
[31m+       "text",[39m
[31m+       "image",[39m
[31m+     ],[39m
[31m+     "name": "Google: Gemini 3.1 Pro Preview Custom Tools",[39m
[31m+     "provider": "openrouter",[39m
[31m+     "reasoning": true,[39m
[31m+   },[39m
[31m+   {[39m
[31m+     "contextWindow": 128000,[39m
[31m+     "id": "google/gemma-3-27b-it",[39m
[31m+     "input": [[39m
[31m+       "text",[39m
[31m+       "image",[39m
[31m+     ],[39m
[31m+     "name": "Google: Gemma 3 27B",[39m
[31m+     "provider": "openrouter",[39m
[31m+     "reasoning": false,[39m
[31m+   },[39m
[31m+   {[39m
[31m+     "contextWindow": 131072,[39m
[31m+     "id": "google/gemma-3-27b-it:free",[39m
[31m+     "input": [[39m
[31m+       "text",[39m
[31m+       "image",[39m
[31m+     ],[39m
[31m+     "name": "Google: Gemma 3 27B (free)",[39m
[31m+     "provider": "openrouter",[39m
[31m+     "reasoning": false,[39m
[31m+   },[39m
[31m+   {[39m
[31m+     "contextWindow": 128000,[39m
[31m+     "id": "inception/mercury",[39m
[31m+     "input": [[39m
[31m+       "text",[39m
[31m+     ],[39m
[31m+     "name": "Inception: Mercury",[39m
[31m+     "provider": "openrouter",[39m
[31m+     "reasoning": false,[39m
[31m+   },[39m
[31m+   {[39m
[31m+     "contextWindow": 128000,[39m
[31m+     "id": "inception/mercury-coder",[39m
[31m+     "input": [[39m
[31m+       "text",[39m
[31m+     ],[39m
[31m+     "name": "Inception: Mercury Coder",[39m
[31m+     "provider": "openrouter",[39m
[31m+     "reasoning": false,[39m
[31m+   },[39m
[31m+   {[39m
[31m+     "contextWindow": 256000,[39m
[31m+     "id": "kwaipilot/kat-coder-pro",[39m
[31m+     "input": [[39m
[31m+       "text",[39m
[31m+     ],[39m
[31m+     "name": "Kwaipilot: KAT-Coder-Pro V1",[39m
[31m+     "provider": "openrouter",[39m
[31m+     "reasoning": false,[39m
[31m+   },[39m
[31m+   {[39m
[31m+     "contextWindow": 131072,[39m
[31m+     "id": "meituan/longcat-flash-chat",[39m
[31m+     "input": [[39m
[31m+       "text",[39m
[31m+     ],[39m
[31m+     "name": "Meituan: LongCat Flash Chat",[39m
[31m+     "provider": "openrouter",[39m
[31m+     "reasoning": false,[39m
[31m+   },[39m
[31m+   {[39m
[31m+     "contextWindow": 8192,[39m
[31m+     "id": "meta-llama/llama-3-8b-instruct",[39m
[31m+     "input": [[39m
[31m+       "text",[39m
[31m+     ],[39m
[31m+     "name": "Meta: Llama 3 8B Instruct",[39m
[31m+     "provider": "openrouter",[39m
[31m+     "reasoning": false,[39m
[31m+   },[39m
[31m+   {[39m
[31m+     "contextWindow": 131000,[39m
[31m+     "id": "meta-llama/llama-3.1-405b-instruct",[39m
[31m+     "input": [[39m
[31m+       "text",[39m
[31m+     ],[39m
[31m+     "name": "Meta: Llama 3.1 405B Instruct",[39m
[31m+     "provider": "openrouter",[39m
[31m+     "reasoning": false,[39m
[31m+   },[39m
[31m+   {[39m
[31m+     "contextWindow": 131072,[39m
[31m+     "id": "meta-llama/llama-3.1-70b-instruct",[39m
[31m+     "input": [[39m
[31m+       "text",[39m
[31m+     ],[39m
[31m+     "name": "Meta: Llama 3.1 70B Instruct",[39m
[31m+     "provider": "openrouter",[39m
[31m+     "reasoning": false,[39m
[31m+   },[39m
[31m+   {[39m
[31m+     "contextWindow": 16384,[39m
[31m+     "id": "meta-llama/llama-3.1-8b-instruct",[39m
[31m+     "input": [[39m
[31m+       "text",[39m
[31m+     ],[39m
[31m+     "name": "Meta: Llama 3.1 8B Instruct",[39m
[31m+     "provider": "openrouter",[39m
[31m+     "reasoning": false,[39m
[31m+   },[39m
[31m+   {[39m
[31m+     "contextWindow": 131072,[39m
[31m+     "id": "meta-llama/llama-3.3-70b-instruct",[39m
[31m+     "input": [[39m
[31m+       "text",[39m
[31m+     ],[39m
[31m+     "name": "Meta: Llama 3.3 70B Instruct",[39m
[31m+     "provider": "openrouter",[39m
[31m+     "reasoning": false,[39m
[31m+   },[39m
[31m+   {[39m
[31m+     "contextWindow": 128000,[39m
[31m+     "id": "meta-llama/llama-3.3-70b-instruct:free",[39m
[31m+     "input": [[39m
[31m+       "text",[39m
[31m+     ],[39m
[31m+     "name": "Meta: Llama 3.3 70B Instruct (free)",[39m
[31m+     "provider": "openrouter",[39m
[31m+     "reasoning": false,[39m
[31m+   },[39m
[31m+   {[39m
[31m+     "contextWindow": 1048576,[39m
[31m+     "id": "meta-llama/llama-4-maverick",[39m
[31m+     "input": [[39m
[31m+       "text",[39m
[31m+       "image",[39m
[31m+     ],[39m
[31m+     "name": "Meta: Llama 4 Maverick",[39m
[31m+     "provider": "openrouter",[39m
[31m+     "reasoning": false,[39m
[31m+   },[39m
[31m+   {[39m
[31m+     "contextWindow": 327680,[39m
[31m+     "id": "meta-llama/llama-4-scout",[39m
[31m+     "input": [[39m
[31m+       "text",[39m
[31m+       "image",[39m
[31m+     ],[39m
[31m+     "name": "Meta: Llama 4 Scout",[39m
[31m+     "provider": "openrouter",[39m
[31m+     "reasoning": false,[39m
[31m+   },[39m
[31m+   {[39m
[31m+     "contextWindow": 1000000,[39m
[31m+     "id": "minimax/minimax-m1",[39m
[31m+     "input": [[39m
[31m+       "text",[39m
[31m+     ],[39m
[31m+     "name": "MiniMax: MiniMax M1",[39m
[31m+     "provider": "openrouter",[39m
[31m+     "reasoning": true,[39m
[31m+   },[39m
[31m+   {[39m
[31m+     "contextWindow": 196608,[39m
[31m+     "id": "minimax/minimax-m2",[39m
[31m+     "input": [[39m
[31m+       "text",[39m
[31m+     ],[39m
[31m+     "name": "MiniMax: MiniMax M2",[39m
[31m+     "provider": "openrouter",[39m
[31m+     "reasoning": true,[39m
[31m+   },[39m
[31m+   {[39m
[31m+     "contextWindow": 196608,[39m
[31m+     "id": "minimax/minimax-m2.1",[39m
[31m+     "input": [[39m
[31m+       "text",[39m
[31m+     ],[39m
[31m+     "name": "MiniMax: MiniMax M2.1",[39m
[31m+     "provider": "openrouter",[39m
[31m+     "reasoning": true,[39m
[31m+   },[39m
[31m+   {[39m
[31m+     "contextWindow": 196608,[39m
[31m+     "id": "minimax/minimax-m2.5",[39m
[31m+     "input": [[39m
[31m+       "text",[39m
[31m+     ],[39m
[31m+     "name": "MiniMax: MiniMax M2.5",[39m
[31m+     "provider": "openrouter",[39m
[31m+     "reasoning": true,[39m
[31m+   },[39m
[31m+   {[39m
[31m+     "contextWindow": 128000,[39m
[31m+     "id": "mistralai/mistral-large",[39m
[31m+     "input": [[39m
[31m+       "text",[39m
[31m+     ],[39m
[31m+     "name": "Mistral Large",[39m
[31m+     "provider": "openrouter",[39m
[31m+     "reasoning": false,[39m
[31m+   },[39m
[31m+   {[39m
[31m+     "contextWindow": 131072,[39m
[31m+     "id": "mistralai/mistral-large-2407",[39m
[31m+     "input": [[39m
[31m+       "text",[39m
[31m+     ],[39m
[31m+     "name": "Mistral Large 2407",[39m
[31m+     "provider": "openrouter",[39m
[31m+     "reasoning": false,[39m
[31m+   },[39m
[31m+   {[39m
[31m+     "contextWindow": 131072,[39m
[31m+     "id": "mistralai/mistral-large-2411",[39m
[31m+     "input": [[39m
[31m+       "text",[39m
[31m+     ],[39m
[31m+     "name": "Mistral Large 2411",[39m
[31m+     "provider": "openrouter",[39m
[31m+     "reasoning": false,[39m
[31m+   },[39m
[31m+   {[39m
[31m+     "contextWindow": 256000,[39m
[31m+     "id": "mistralai/codestral-2508",[39m
[31m+     "input": [[39m
[31m+       "text",[39m
[31m+     ],[39m
[31m+     "name": "Mistral: Codestral 2508",[39m
[31m+     "provider": "openrouter",[39m
[31m+     "reasoning": false,[39m
[31m+   },[39m
[31m+   {[39m
[31m+     "contextWindow": 262144,[39m
[31m+     "id": "mistralai/devstral-2512",[39m
[31m+     "input": [[39m
[31m+       "text",[39m
[31m+     ],[39m
[31m+     "name": "Mistral: Devstral 2 2512",[39m
[31m+     "provider": "openrouter",[39m
[31m+     "reasoning": false,[39m
[31m+   },[39m
[31m+   {[39m
[31m+     "contextWindow": 131072,[39m
[31m+     "id": "mistralai/devstral-medium",[39m
[31m+     "input": [[39m
[31m+       "text",[39m
[31m+     ],[39m
[31m+     "name": "Mistral: Devstral Medium",[39m
[31m+     "provider": "openrouter",[39m
[31m+     "reasoning": false,[39m
[31m+   },[39m
[31m+   {[39m
[31m+     "contextWindow": 131072,[39m
[31m+     "id": "mistralai/devstral-small",[39m
[31m+     "input": [[39m
[31m+       "text",[39m
[31m+     ],[39m
[31m+     "name": "Mistral: Devstral Small 1.1",[39m
[31m+     "provider": "openrouter",[39m
[31m+     "reasoning": false,[39m
[31m+   },[39m
[31m+   {[39m
[31m+     "contextWindow": 262144,[39m
[31m+     "id": "mistralai/ministral-14b-2512",[39m
[31m+     "input": [[39m
[31m+       "text",[39m
[31m+       "image",[39m
[31m+     ],[39m
[31m+     "name": "Mistral: Ministral 3 14B 2512",[39m
[31m+     "provider": "openrouter",[39m
[31m+     "reasoning": false,[39m
[31m+   },[39m
[31m+   {[39m
[31m+     "contextWindow": 131072,[39m
[31m+     "id": "mistralai/ministral-3b-2512",[39m
[31m+     "input": [[39m
[31m+       "text",[39m
[31m+       "image",[39m
[31m+     ],[39m
[31m+     "name": "Mistral: Ministral 3 3B 2512",[39m
[31m+     "provider": "openrouter",[39m
[31m+     "reasoning": false,[39m
[31m+   },[39m
[31m+   {[39m
[31m+     "contextWindow": 262144,[39m
[31m+     "id": "mistralai/ministral-8b-2512",[39m
[31m+     "input": [[39m
[31m+       "text",[39m
[31m+       "image",[39m
[31m+     ],[39m
[31m+     "name": "Mistral: Ministral 3 8B 2512",[39m
[31m+     "provider": "openrouter",[39m
[31m+     "reasoning": false,[39m
[31m+   },[39m
[31m+   {[39m
[31m+     "contextWindow": 262144,[39m
[31m+     "id": "mistralai/mistral-large-2512",[39m
[31m+     "input": [[39m
[31m+       "text",[39m
[31m+       "image",[39m
[31m+     ],[39m
[31m+     "name": "Mistral: Mistral Large 3 2512",[39m
[31m+     "provider": "openrouter",[39m
[31m+     "reasoning": false,[39m
[31m+   },[39m
[31m+   {[39m
[31m+     "contextWindow": 131072,[39m
[31m+     "id": "mistralai/mistral-medium-3",[39m
[31m+     "input": [[39m
[31m+       "text",[39m
[31m+       "image",[39m
[31m+     ],[39m
[31m+     "name": "Mistral: Mistral Medium 3",[39m
[31m+     "provider": "openrouter",[39m
[31m+     "reasoning": false,[39m
[31m+   },[39m
[31m+   {[39m
[31m+     "contextWindow": 131072,[39m
[31m+     "id": "mistralai/mistral-medium-3.1",[39m
[31m+     "input": [[39m
[31m+       "text",[39m
[31m+       "image",[39m
[31m+     ],[39m
[31m+     "name": "Mistral: Mistral Medium 3.1",[39m
[31m+     "provider": "openrouter",[39m
[31m+     "reasoning": false,[39m
[31m+   },[39m
[31m+   {[39m
[31m+     "contextWindow": 131072,[39m
[31m+     "id": "mistralai/mistral-nemo",[39m
[31m+     "input": [[39m
[31m+       "text",[39m
[31m+     ],[39m
[31m+     "name": "Mistral: Mistral Nemo",[39m
[31m+     "provider": "openrouter",[39m
[31m+     "reasoning": false,[39m
[31m+   },[39m
[31m+   {[39m
[31m+     "contextWindow": 32768,[39m
[31m+     "id": "mistralai/mistral-small-24b-instruct-2501",[39m
[31m+     "input": [[39m
[31m+       "text",[39m
[31m+     ],[39m
[31m+     "name": "Mistral: Mistral Small 3",[39m
[31m+     "provider": "openrouter",[39m
[31m+     "reasoning": false,[39m
[31m+   },[39m
[31m+   {[39m
[31m+     "contextWindow": 128000,[39m
[31m+     "id": "mistralai/mistral-small-3.1-24b-instruct:free",[39m
[31m+     "input": [[39m
[31m+       "text",[39m
[31m+       "image",[39m
[31m+     ],[39m
[31m+     "name": "Mistral: Mistral Small 3.1 24B (free)",[39m
[31m+     "provider": "openrouter",[39m
[31m+     "reasoning": false,[39m
[31m+   },[39m
[31m+   {[39m
[31m+     "contextWindow": 131072,[39m
[31m+     "id": "mistralai/mistral-small-3.2-24b-instruct",[39m
[31m+     "input": [[39m
[31m+       "text",[39m
[31m+       "image",[39m
[31m+     ],[39m
[31m+     "name": "Mistral: Mistral Small 3.2 24B",[39m
[31m+     "provider": "openrouter",[39m
[31m+     "reasoning": false,[39m
[31m+   },[39m
[31m+   {[39m
[31m+     "contextWindow": 32768,[39m
[31m+     "id": "mistralai/mistral-small-creative",[39m
[31m+     "input": [[39m
[31m+       "text",[39m
[31m+     ],[39m
[31m+     "name": "Mistral: Mistral Small Creative",[39m
[31m+     "provider": "openrouter",[39m
[31m+     "reasoning": false,[39m
[31m+   },[39m
[31m+   {[39m
[31m+     "contextWindow": 65536,[39m
[31m+     "id": "mistralai/mixtral-8x22b-instruct",[39m
[31m+     "input": [[39m
[31m+       "text",[39m
[31m+     ],[39m
[31m+     "name": "Mistral: Mixtral 8x22B Instruct",[39m
[31m+     "provider": "openrouter",[39m
[31m+     "reasoning": false,[39m
[31m+   },[39m
[31m+   {[39m
[31m+     "contextWindow": 32768,[39m
[31m+     "id": "mistralai/mixtral-8x7b-instruct",[39m
[31m+     "input": [[39m
[31m+       "text",[39m
[31m+     ],[39m
[31m+     "name": "Mistral: Mixtral 8x7B Instruct",[39m
[31m+     "provider": "openrouter",[39m
[31m+     "reasoning": false,[39m
[31m+   },[39m
[31m+   {[39m
[31m+     "contextWindow": 131072,[39m
[31m+     "id": "mistralai/pixtral-large-2411",[39m
[31m+     "input": [[39m
[31m+       "text",[39m
[31m+       "image",[39m
[31m+     ],[39m
[31m+     "name": "Mistral: Pixtral Large 2411",[39m
[31m+     "provider": "openrouter",[39m
[31m+     "reasoning": false,[39m
[31m+   },[39m
[31m+   {[39m
[31m+     "contextWindow": 32768,[39m
[31m+     "id": "mistralai/mistral-saba",[39m
[31m+     "input": [[39m
[31m+       "text",[39m
[31m+     ],[39m
[31m+     "name": "Mistral: Saba",[39m
[31m+     "provider": "openrouter",[39m
[31m+     "reasoning": false,[39m
[31m+   },[39m
[31m+   {[39m
[31m+     "contextWindow": 32000,[39m
[31m+     "id": "mistralai/voxtral-small-24b-2507",[39m
[31m+     "input": [[39m
[31m+       "text",[39m
[31m+     ],[39m
[31m+     "name": "Mistral: Voxtral Small 24B 2507",[39m
[31m+     "provider": "openrouter",[39m
[31m+     "reasoning": false,[39m
[31m+   },[39m
[31m+   {[39m
[31m+     "contextWindow": 131072,[39m
[31m+     "id": "moonshotai/kimi-k2",[39m
[31m+     "input": [[39m
[31m+       "text",[39m
[31m+     ],[39m
[31m+     "name": "MoonshotAI: Kimi K2 0711",[39m
[31m+     "provider": "openrouter",[39m
[31m+     "reasoning": false,[39m
[31m+   },[39m
[31m+   {[39m
[31m+     "contextWindow": 131072,[39m
[31m+     "id": "moonshotai/kimi-k2-0905",[39m
[31m+     "input": [[39m
[31m+       "text",[39m
[31m+     ],[39m
[31m+     "name": "MoonshotAI: Kimi K2 0905",[39m
[31m+     "provider": "openrouter",[39m
[31m+     "reasoning": false,[39m
[31m+   },[39m
[31m+   {[39m
[31m+     "contextWindow": 262144,[39m
[31m+     "id": "moonshotai/kimi-k2-0905:exacto",[39m
[31m+     "input": [[39m
[31m+       "text",[39m
[31m+     ],[39m
[31m+     "name": "MoonshotAI: Kimi K2 0905 (exacto)",[39m
[31m+     "provider": "openrouter",[39m
[31m+     "reasoning": false,[39m
[31m+   },[39m
[31m+   {[39m
[31m+     "contextWindow": 131072,[39m
[31m+     "id": "moonshotai/kimi-k2-thinking",[39m
[31m+     "input": [[39m
[31m+       "text",[39m
[31m+     ],[39m
[31m+     "name": "MoonshotAI: Kimi K2 Thinking",[39m
[31m+     "provider": "openrouter",[39m
[31m+     "reasoning": true,[39m
[31m+   },[39m
[31m+   {[39m
[31m+     "contextWindow": 262144,[39m
[31m+     "id": "moonshotai/kimi-k2.5",[39m
[31m+     "input": [[39m
[31m+       "text",[39m
[31m+       "image",[39m
[31m+     ],[39m
[31m+     "name": "MoonshotAI: Kimi K2.5",[39m
[31m+     "provider": "openrouter",[39m
[31m+     "reasoning": true,[39m
[31m+   },[39m
[31m+   {[39m
[31m+     "contextWindow": 131072,[39m
[31m+     "id": "nex-agi/deepseek-v3.1-nex-n1",[39m
[31m+     "input": [[39m
[31m+       "text",[39m
[31m+     ],[39m
[31m+     "name": "Nex AGI: DeepSeek V3.1 Nex N1",[39m
[31m+     "provider": "openrouter",[39m
[31m+     "reasoning": false,[39m
[31m+   },[39m
[31m+   {[39m
[31m+     "contextWindow": 131072,[39m
[31m+     "id": "nvidia/llama-3.1-nemotron-70b-instruct",[39m
[31m+     "input": [[39m
[31m+       "text",[39m
[31m+     ],[39m
[31m+     "name": "NVIDIA: Llama 3.1 Nemotron 70B Instruct",[39m
[31m+     "provider": "openrouter",[39m
[31m+     "reasoning": false,[39m
[31m+   },[39m
[31m+   {[39m
[31m+     "contextWindow": 131072,[39m
[31m+     "id": "nvidia/llama-3.3-nemotron-super-49b-v1.5",[39m
[31m+     "input": [[39m
[31m+       "text",[39m
[31m+     ],[39m
[31m+     "name": "NVIDIA: Llama 3.3 Nemotron Super 49B V1.5",[39m
[31m+     "provider": "openrouter",[39m
[31m+     "reasoning": true,[39m
[31m+   },[39m
[31m+   {[39m
[31m+     "contextWindow": 262144,[39m
[31m+     "id": "nvidia/nemotron-3-nano-30b-a3b",[39m
[31m+     "input": [[39m
[31m+       "text",[39m
[31m+     ],[39m
[31m+     "name": "NVIDIA: Nemotron 3 Nano 30B A3B",[39m
[31m+     "provider": "openrouter",[39m
[31m+     "reasoning": true,[39m
[31m+   },[39m
[31m+   {[39m
[31m+     "contextWindow": 256000,[39m
[31m+     "id": "nvidia/nemotron-3-nano-30b-a3b:free",[39m
[31m+     "input": [[39m
[31m+       "text",[39m
[31m+     ],[39m
[31m+     "name": "NVIDIA: Nemotron 3 Nano 30B A3B (free)",[39m
[31m+     "provider": "openrouter",[39m
[31m+     "reasoning": true,[39m
[31m+   },[39m
[31m+   {[39m
[31m+     "contextWindow": 128000,[39m
[31m+     "id": "nvidia/nemotron-nano-12b-v2-vl:free",[39m
[31m+     "input": [[39m
[31m+       "text",[39m
[31m+       "image",[39m
[31m+     ],[39m
[31m+     "name": "NVIDIA: Nemotron Nano 12B 2 VL (free)",[39m
[31m+     "provider": "openrouter",[39m
[31m+     "reasoning": true,[39m
[31m+   },[39m
[31m+   {[39m
[31m+     "contextWindow": 131072,[39m
[31m+     "id": "nvidia/nemotron-nano-9b-v2",[39m
[31m+     "input": [[39m
[31m+       "text",[39m
[31m+     ],[39m
[31m+     "name": "NVIDIA: Nemotron Nano 9B V2",[39m
[31m+     "provider": "openrouter",[39m
[31m+     "reasoning": true,[39m
[31m+   },[39m
[31m+   {[39m
[31m+     "contextWindow": 128000,[39m
[31m+     "id": "nvidia/nemotron-nano-9b-v2:free",[39m
[31m+     "input": [[39m
[31m+       "text",[39m
[31m+     ],[39m
[31m+     "name": "NVIDIA: Nemotron Nano 9B V2 (free)",[39m
[31m+     "provider": "openrouter",[39m
[31m+     "reasoning": true,[39m
[31m+   },[39m
[31m+   {[39m
[31m+     "contextWindow": 16385,[39m
[31m+     "id": "openai/gpt-3.5-turbo",[39m
[31m+     "input": [[39m
[31m+       "text",[39m
[31m+     ],[39m
[31m+     "name": "OpenAI: GPT-3.5 Turbo",[39m
[31m+     "provider": "openrouter",[39m
[31m+     "reasoning": false,[39m
[31m+   },[39m
[31m+   {[39m
[31m+     "contextWindow": 4095,[39m
[31m+     "id": "openai/gpt-3.5-turbo-0613",[39m
[31m+     "input": [[39m
[31m+       "text",[39m
[31m+     ],[39m
[31m+     "name": "OpenAI: GPT-3.5 Turbo (older v0613)",[39m
[31m+     "provider": "openrouter",[39m
[31m+     "reasoning": false,[39m
[31m+   },[39m
[31m+   {[39m
[31m+     "contextWindow": 16385,[39m
[31m+     "id": "openai/gpt-3.5-turbo-16k",[39m
[31m+     "input": [[39m
[31m+       "text",[39m
[31m+     ],[39m
[31m+     "name": "OpenAI: GPT-3.5 Turbo 16k",[39m
[31m+     "provider": "openrouter",[39m
[31m+     "reasoning": false,[39m
[31m+   },[39m
[31m+   {[39m
[31m+     "contextWindow": 8191,[39m
[31m+     "id": "openai/gpt-4",[39m
[31m+     "input": [[39m
[31m+       "text",[39m
[31m+     ],[39m
[31m+     "name": "OpenAI: GPT-4",[39m
[31m+     "provider": "openrouter",[39m
[31m+     "reasoning": false,[39m
[31m+   },[39m
[31m+   {[39m
[31m+     "contextWindow": 8191,[39m
[31m+     "id": "openai/gpt-4-0314",[39m
[31m+     "input": [[39m
[31m+       "text",[39m
[31m+     ],[39m
[31m+     "name": "OpenAI: GPT-4 (older v0314)",[39m
[31m+     "provider": "openrouter",[39m
[31m+     "reasoning": false,[39m
[31m+   },[39m
[31m+   {[39m
[31m+     "contextWindow": 128000,[39m
[31m+     "id": "openai/gpt-4-turbo",[39m
[31m+     "input": [[39m
[31m+       "text",[39m
[31m+       "image",[39m
[31m+     ],[39m
[31m+     "name": "OpenAI: GPT-4 Turbo",[39m
[31m+     "provider": "openrouter",[39m
[31m+     "reasoning": false,[39m
[31m+   },[39m
[31m+   {[39m
[31m+     "contextWindow": 128000,[39m
[31m+     "id": "openai/gpt-4-1106-preview",[39m
[31m+     "input": [[39m
[31m+       "text",[39m
[31m+     ],[39m
[31m+     "name": "OpenAI: GPT-4 Turbo (older v1106)",[39m
[31m+     "provider": "openrouter",[39m
[31m+     "reasoning": false,[39m
[31m+   },[39m
[31m+   {[39m
[31m+     "contextWindow": 128000,[39m
[31m+     "id": "openai/gpt-4-turbo-preview",[39m
[31m+     "input": [[39m
[31m+       "text",[39m
[31m+     ],[39m
[31m+     "name": "OpenAI: GPT-4 Turbo Preview",[39m
[31m+     "provider": "openrouter",[39m
[31m+     "reasoning": false,[39m
[31m+   },[39m
[31m+   {[39m
[31m+     "contextWindow": 1047576,[39m
[31m+     "id": "openai/gpt-4.1",[39m
[31m+     "input": [[39m
[31m+       "text",[39m
[31m+       "image",[39m
[31m+     ],[39m
[31m+     "name": "OpenAI: GPT-4.1",[39m
[31m+     "provider": "openrouter",[39m
[31m+     "reasoning": false,[39m
[31m+   },[39m
[31m+   {[39m
[31m+     "contextWindow": 1047576,[39m
[31m+     "id": "openai/gpt-4.1-mini",[39m
[31m+     "input": [[39m
[31m+       "text",[39m
[31m+       "image",[39m
[31m+     ],[39m
[31m+     "name": "OpenAI: GPT-4.1 Mini",[39m
[31m+     "provider": "openrouter",[39m
[31m+     "reasoning": false,[39m
[31m+   },[39m
[31m+   {[39m
[31m+     "contextWindow": 1047576,[39m
[31m+     "id": "openai/gpt-4.1-nano",[39m
[31m+     "input": [[39m
[31m+       "text",[39m
[31m+       "image",[39m
[31m+     ],[39m
[31m+     "name": "OpenAI: GPT-4.1 Nano",[39m
[31m+     "provider": "openrouter",[39m
[31m+     "reasoning": false,[39m
[31m+   },[39m
[31m+   {[39m
[31m+     "contextWindow": 128000,[39m
[31m+     "id": "openai/gpt-4o",[39m
[31m+     "input": [[39m
[31m+       "text",[39m
[31m+       "image",[39m
[31m+     ],[39m
[31m+     "name": "OpenAI: GPT-4o",[39m
[31m+     "provider": "openrouter",[39m
[31m+     "reasoning": false,[39m
[31m+   },[39m
[31m+   {[39m
[31m+     "contextWindow": 128000,[39m
[31m+     "id": "openai/gpt-4o-2024-05-13",[39m
[31m+     "input": [[39m
[31m+       "text",[39m
[31m+       "image",[39m
[31m+     ],[39m
[31m+     "name": "OpenAI: GPT-4o (2024-05-13)",[39m
[31m+     "provider": "openrouter",[39m
[31m+     "reasoning": false,[39m
[31m+   },[39m
[31m+   {[39m
[31m+     "contextWindow": 128000,[39m
[31m+     "id": "openai/gpt-4o-2024-08-06",[39m
[31m+     "input": [[39m
[31m+       "text",[39m
[31m+       "image",[39m
[31m+     ],[39m
[31m+     "name": "OpenAI: GPT-4o (2024-08-06)",[39m
[31m+     "provider": "openrouter",[39m
[31m+     "reasoning": false,[39m
[31m+   },[39m
[31m+   {[39m
[31m+     "contextWindow": 128000,[39m
[31m+     "id": "openai/gpt-4o-2024-11-20",[39m
[31m+     "input": [[39m
[31m+       "text",[39m
[31m+       "image",[39m
[31m+     ],[39m
[31m+     "name": "OpenAI: GPT-4o (2024-11-20)",[39m
[31m+     "provider": "openrouter",[39m
[31m+     "reasoning": false,[39m
[31m+   },[39m
[31m+   {[39m
[31m+     "contextWindow": 128000,[39m
[31m+     "id": "openai/gpt-4o:extended",[39m
[31m+     "input": [[39m
[31m+       "text",[39m
[31m+       "image",[39m
[31m+     ],[39m
[31m+     "name": "OpenAI: GPT-4o (extended)",[39m
[31m+     "provider": "openrouter",[39m
[31m+     "reasoning": false,[39m
[31m+   },[39m
[31m+   {[39m
[31m+     "contextWindow": 128000,[39m
[31m+     "id": "openai/gpt-4o-audio-preview",[39m
[31m+     "input": [[39m
[31m+       "text",[39m
[31m+     ],[39m
[31m+     "name": "OpenAI: GPT-4o Audio",[39m
[31m+     "provider": "openrouter",[39m
[31m+     "reasoning": false,[39m
[31m+   },[39m
[31m+   {[39m
[31m+     "contextWindow": 128000,[39m
[31m+     "id": "openai/gpt-4o-mini",[39m
[31m+     "input": [[39m
[31m+       "text",[39m
[31m+       "image",[39m
[31m+     ],[39m
[31m+     "name": "OpenAI: GPT-4o-mini",[39m
[31m+     "provider": "openrouter",[39m
[31m+     "reasoning": false,[39m
[31m+   },[39m
[31m+   {[39m
[31m+     "contextWindow": 128000,[39m
[31m+     "id": "openai/gpt-4o-mini-2024-07-18",[39m
[31m+     "input": [[39m
[31m+       "text",[39m
[31m+       "image",[39m
[31m+     ],[39m
[31m+     "name": "OpenAI: GPT-4o-mini (2024-07-18)",[39m
[31m+     "provider": "openrouter",[39m
[31m+     "reasoning": false,[39m
[31m+   },[39m
[31m+   {[39m
[31m+     "contextWindow": 400000,[39m
[31m+     "id": "openai/gpt-5",[39m
[31m+     "input": [[39m
[31m+       "text",[39m
[31m+       "image",[39m
[31m+     ],[39m
[31m+     "name": "OpenAI: GPT-5",[39m
[31m+     "provider": "openrouter",[39m
[31m+     "reasoning": true,[39m
[31m+   },[39m
[31m+   {[39m
[31m+     "contextWindow": 400000,[39m
[31m+     "id": "openai/gpt-5-codex",[39m
[31m+     "input": [[39m
[31m+       "text",[39m
[31m+       "image",[39m
[31m+     ],[39m
[31m+     "name": "OpenAI: GPT-5 Codex",[39m
[31m+     "provider": "openrouter",[39m
[31m+     "reasoning": true,[39m
[31m+   },[39m
[31m+   {[39m
[31m+     "contextWindow": 400000,[39m
[31m+     "id": "openai/gpt-5-image",[39m
[31m+     "input": [[39m
[31m+       "text",[39m
[31m+       "image",[39m
[31m+     ],[39m
[31m+     "name": "OpenAI: GPT-5 Image",[39m
[31m+     "provider": "openrouter",[39m
[31m+     "reasoning": true,[39m
[31m+   },[39m
[31m+   {[39m
[31m+     "contextWindow": 400000,[39m
[31m+     "id": "openai/gpt-5-image-mini",[39m
[31m+     "input": [[39m
[31m+       "text",[39m
[31m+       "image",[39m
[31m+     ],[39m
[31m+     "name": "OpenAI: GPT-5 Image Mini",[39m
[31m+     "provider": "openrouter",[39m
[31m+     "reasoning": true,[39m
[31m+   },[39m
[31m+   {[39m
[31m+     "contextWindow": 400000,[39m
[31m+     "id": "openai/gpt-5-mini",[39m
[31m+     "input": [[39m
[31m+       "text",[39m
[31m+       "image",[39m
[31m+     ],[39m
[31m+     "name": "OpenAI: GPT-5 Mini",[39m
[31m+     "provider": "openrouter",[39m
[31m+     "reasoning": true,[39m
[31m+   },[39m
[31m+   {[39m
[31m+     "contextWindow": 400000,[39m
[31m+     "id": "openai/gpt-5-nano",[39m
[31m+     "input": [[39m
[31m+       "text",[39m
[31m+       "image",[39m
[31m+     ],[39m
[31m+     "name": "OpenAI: GPT-5 Nano",[39m
[31m+     "provider": "openrouter",[39m
[31m+     "reasoning": true,[39m
[31m+   },[39m
[31m+   {[39m
[31m+     "contextWindow": 400000,[39m
[31m+     "id": "openai/gpt-5-pro",[39m
[31m+     "input": [[39m
[31m+       "text",[39m
[31m+       "image",[39m
[31m+     ],[39m
[31m+     "name": "OpenAI: GPT-5 Pro",[39m
[31m+     "provider": "openrouter",[39m
[31m+     "reasoning": true,[39m
[31m+   },[39m
[31m+   {[39m
[31m+     "contextWindow": 400000,[39m
[31m+     "id": "openai/gpt-5.1",[39m
[31m+     "input": [[39m
[31m+       "text",[39m
[31m+       "image",[39m
[31m+     ],[39m
[31m+     "name": "OpenAI: GPT-5.1",[39m
[31m+     "provider": "openrouter",[39m
[31m+     "reasoning": true,[39m
[31m+   },[39m
[31m+   {[39m
[31m+     "contextWindow": 128000,[39m
[31m+     "id": "openai/gpt-5.1-chat",[39m
[31m+     "input": [[39m
[31m+       "text",[39m
[31m+       "image",[39m
[31m+     ],[39m
[31m+     "name": "OpenAI: GPT-5.1 Chat",[39m
[31m+     "provider": "openrouter",[39m
[31m+     "reasoning": false,[39m
[31m+   },[39m
[31m+   {[39m
[31m+     "contextWindow": 400000,[39m
[31m+     "id": "openai/gpt-5.1-codex",[39m
[31m+     "input": [[39m
[31m+       "text",[39m
[31m+       "image",[39m
[31m+     ],[39m
[31m+     "name": "OpenAI: GPT-5.1-Codex",[39m
[31m+     "provider": "openrouter",[39m
[31m+     "reasoning": true,[39m
[31m+   },[39m
[31m+   {[39m
[31m+     "contextWindow": 400000,[39m
[31m+     "id": "openai/gpt-5.1-codex-max",[39m
[31m+     "input": [[39m
[31m+       "text",[39m
[31m+       "image",[39m
[31m+     ],[39m
[31m+     "name": "OpenAI: GPT-5.1-Codex-Max",[39m
[31m+     "provider": "openrouter",[39m
[31m+     "reasoning": true,[39m
[31m+   },[39m
[31m+   {[39m
[31m+     "contextWindow": 400000,[39m
[31m+     "id": "openai/gpt-5.1-codex-mini",[39m
[31m+     "input": [[39m
[31m+       "text",[39m
[31m+       "image",[39m
[31m+     ],[39m
[31m+     "name": "OpenAI: GPT-5.1-Codex-Mini",[39m
[31m+     "provider": "openrouter",[39m
[31m+     "reasoning": true,[39m
[31m+   },[39m
[31m+   {[39m
[31m+     "contextWindow": 400000,[39m
[31m+     "id": "openai/gpt-5.2",[39m
[31m+     "input": [[39m
[31m+       "text",[39m
[31m+       "image",[39m
[31m+     ],[39m
[31m+     "name": "OpenAI: GPT-5.2",[39m
[31m+     "provider": "openrouter",[39m
[31m+     "reasoning": true,[39m
[31m+   },[39m
[31m+   {[39m
[31m+     "contextWindow": 128000,[39m
[31m+     "id": "openai/gpt-5.2-chat",[39m
[31m+     "input": [[39m
[31m+       "text",[39m
[31m+       "image",[39m
[31m+     ],[39m
[31m+     "name": "OpenAI: GPT-5.2 Chat",[39m
[31m+     "provider": "openrouter",[39m
[31m+     "reasoning": false,[39m
[31m+   },[39m
[31m+   {[39m
[31m+     "contextWindow": 400000,[39m
[31m+     "id": "openai/gpt-5.2-pro",[39m
[31m+     "input": [[39m
[31m+       "text",[39m
[31m+       "image",[39m
[31m+     ],[39m
[31m+     "name": "OpenAI: GPT-5.2 Pro",[39m
[31m+     "provider": "openrouter",[39m
[31m+     "reasoning": true,[39m
[31m+   },[39m
[31m+   {[39m
[31m+     "contextWindow": 400000,[39m
[31m+     "id": "openai/gpt-5.2-codex",[39m
[31m+     "input": [[39m
[31m+       "text",[39m
[31m+       "image",[39m
[31m+     ],[39m
[31m+     "name": "OpenAI: GPT-5.2-Codex",[39m
[31m+     "provider": "openrouter",[39m
[31m+     "reasoning": true,[39m
[31m+   },[39m
[31m+   {[39m
[31m+     "contextWindow": 400000,[39m
[31m+     "id": "openai/gpt-5.3-codex",[39m
[31m+     "input": [[39m
[31m+       "text",[39m
[31m+       "image",[39m
[31m+     ],[39m
[31m+     "name": "OpenAI: GPT-5.3-Codex",[39m
[31m+     "provider": "openrouter",[39m
[31m+     "reasoning": true,[39m
[31m+   },[39m
[31m+   {[39m
[31m+     "contextWindow": 131072,[39m
[31m+     "id": "openai/gpt-oss-120b",[39m
[31m+     "input": [[39m
[31m+       "text",[39m
[31m+     ],[39m
[31m+     "name": "OpenAI: gpt-oss-120b",[39m
[31m+     "provider": "openrouter",[39m
[31m+     "reasoning": true,[39m
[31m+   },[39m
[31m+   {[39m
[31m+     "contextWindow": 131072,[39m
[31m+     "id": "openai/gpt-oss-120b:exacto",[39m
[31m+     "input": [[39m
[31m+       "text",[39m
[31m+     ],[39m
[31m+     "name": "OpenAI: gpt-oss-120b (exacto)",[39m
[31m+     "provider": "openrouter",[39m
[31m+     "reasoning": true,[39m
[31m+   },[39m
[31m+   {[39m
[31m+     "contextWindow": 131072,[39m
[31m+     "id": "openai/gpt-oss-120b:free",[39m
[31m+     "input": [[39m
[31m+       "text",[39m
[31m+     ],[39m
[31m+     "name": "OpenAI: gpt-oss-120b (free)",[39m
[31m+     "provider": "openrouter",[39m
[31m+     "reasoning": true,[39m
[31m+   },[39m
[31m+   {[39m
[31m+     "contextWindow": 131072,[39m
[31m+     "id": "openai/gpt-oss-20b",[39m
[31m+     "input": [[39m
[31m+       "text",[39m
[31m+     ],[39m
[31m+     "name": "OpenAI: gpt-oss-20b",[39m
[31m+     "provider": "openrouter",[39m
[31m+     "reasoning": true,[39m
[31m+   },[39m
[31m+   {[39m
[31m+     "contextWindow": 131072,[39m
[31m+     "id": "openai/gpt-oss-20b:free",[39m
[31m+     "input": [[39m
[31m+       "text",[39m
[31m+     ],[39m
[31m+     "name": "OpenAI: gpt-oss-20b (free)",[39m
[31m+     "provider": "openrouter",[39m
[31m+     "reasoning": true,[39m
[31m+   },[39m
[31m+   {[39m
[31m+     "contextWindow": 131072,[39m
[31m+     "id": "openai/gpt-oss-safeguard-20b",[39m
[31m+     "input": [[39m
[31m+       "text",[39m
[31m+     ],[39m
[31m+     "name": "OpenAI: gpt-oss-safeguard-20b",[39m
[31m+     "provider": "openrouter",[39m
[31m+     "reasoning": true,[39m
[31m+   },[39m
[31m+   {[39m
[31m+     "contextWindow": 200000,[39m
[31m+     "id": "openai/o1",[39m
[31m+     "input": [[39m
[31m+       "text",[39m
[31m+       "image",[39m
[31m+     ],[39m
[31m+     "name": "OpenAI: o1",[39m
[31m+     "provider": "openrouter",[39m
[31m+     "reasoning": false,[39m
[31m+   },[39m
[31m+   {[39m
[31m+     "contextWindow": 200000,[39m
[31m+     "id": "openai/o3",[39m
[31m+     "input": [[39m
[31m+       "text",[39m
[31m+       "image",[39m
[31m+     ],[39m
[31m+     "name": "OpenAI: o3",[39m
[31m+     "provider": "openrouter",[39m
[31m+     "reasoning": true,[39m
[31m+   },[39m
[31m+   {[39m
[31m+     "contextWindow": 200000,[39m
[31m+     "id": "openai/o3-deep-research",[39m
[31m+     "input": [[39m
[31m+       "text",[39m
[31m+       "image",[39m
[31m+     ],[39m
[31m+     "name": "OpenAI: o3 Deep Research",[39m
[31m+     "provider": "openrouter",[39m
[31m+     "reasoning": true,[39m
[31m+   },[39m
[31m+   {[39m
[31m+     "contextWindow": 200000,[39m
[31m+     "id": "openai/o3-mini",[39m
[31m+     "input": [[39m
[31m+       "text",[39m
[31m+     ],[39m
[31m+     "name": "OpenAI: o3 Mini",[39m
[31m+     "provider": "openrouter",[39m
[31m+     "reasoning": false,[39m
[31m+   },[39m
[31m+   {[39m
[31m+     "contextWindow": 200000,[39m
[31m+     "id": "openai/o3-mini-high",[39m
[31m+     "input": [[39m
[31m+       "text",[39m
[31m+     ],[39m
[31m+     "name": "OpenAI: o3 Mini High",[39m
[31m+     "provider": "openrouter",[39m
[31m+     "reasoning": false,[39m
[31m+   },[39m
[31m+   {[39m
[31m+     "contextWindow": 200000,[39m
[31m+     "id": "openai/o3-pro",[39m
[31m+     "input": [[39m
[31m+       "text",[39m
[31m+       "image",[39m
[31m+     ],[39m
[31m+     "name": "OpenAI: o3 Pro",[39m
[31m+     "provider": "openrouter",[39m
[31m+     "reasoning": true,[39m
[31m+   },[39m
[31m+   {[39m
[31m+     "contextWindow": 200000,[39m
[31m+     "id": "openai/o4-mini",[39m
[31m+     "input": [[39m
[31m+       "text",[39m
[31m+       "image",[39m
[31m+     ],[39m
[31m+     "name": "OpenAI: o4 Mini",[39m
[31m+     "provider": "openrouter",[39m
[31m+     "reasoning": true,[39m
[31m+   },[39m
[31m+   {[39m
[31m+     "contextWindow": 200000,[39m
[31m+     "id": "openai/o4-mini-deep-research",[39m
[31m+     "input": [[39m
[31m+       "text",[39m
[31m+       "image",[39m
[31m+     ],[39m
[31m+     "name": "OpenAI: o4 Mini Deep Research",[39m
[31m+     "provider": "openrouter",[39m
[31m+     "reasoning": true,[39m
[31m+   },[39m
[31m+   {[39m
[31m+     "contextWindow": 200000,[39m
[31m+     "id": "openai/o4-mini-high",[39m
[31m+     "input": [[39m
[31m+       "text",[39m
[31m+       "image",[39m
[31m+     ],[39m
[31m+     "name": "OpenAI: o4 Mini High",[39m
[31m+     "provider": "openrouter",[39m
[31m+     "reasoning": true,[39m
[31m+   },[39m
[31m+   {[39m
[31m+     "contextWindow": 131072,[39m
[31m+     "id": "prime-intellect/intellect-3",[39m
[31m+     "input": [[39m
[31m+       "text",[39m
[31m+     ],[39m
[31m+     "name": "Prime Intellect: INTELLECT-3",[39m
[31m+     "provider": "openrouter",[39m
[31m+     "reasoning": true,[39m
[31m+   },[39m
[31m+   {[39m
[31m+     "contextWindow": 1000000,[39m
[31m+     "id": "qwen/qwen-plus-2025-07-28",[39m
[31m+     "input": [[39m
[31m+       "text",[39m
[31m+     ],[39m
[31m+     "name": "Qwen: Qwen Plus 0728",[39m
[31m+     "provider": "openrouter",[39m
[31m+     "reasoning": false,[39m
[31m+   },[39m
[31m+   {[39m
[31m+     "contextWindow": 1000000,[39m
[31m+     "id": "qwen/qwen-plus-2025-07-28:thinking",[39m
[31m+     "input": [[39m
[31m+       "text",[39m
[31m+     ],[39m
[31m+     "name": "Qwen: Qwen Plus 0728 (thinking)",[39m
[31m+     "provider": "openrouter",[39m
[31m+     "reasoning": true,[39m
[31m+   },[39m
[31m+   {[39m
[31m+     "contextWindow": 131072,[39m
[31m+     "id": "qwen/qwen-vl-max",[39m
[31m+     "input": [[39m
[31m+       "text",[39m
[31m+       "image",[39m
[31m+     ],[39m
[31m+     "name": "Qwen: Qwen VL Max",[39m
[31m+     "provider": "openrouter",[39m
[31m+     "reasoning": false,[39m
[31m+   },[39m
[31m+   {[39m
[31m+     "contextWindow": 32768,[39m
[31m+     "id": "qwen/qwen-max",[39m
[31m+     "input": [[39m
[31m+       "text",[39m
[31m+     ],[39m
[31m+     "name": "Qwen: Qwen-Max",[39m
[31m+     "provider": "openrouter",[39m
[31m+     "reasoning": false,[39m
[31m+   },[39m
[31m+   {[39m
[31m+     "contextWindow": 1000000,[39m
[31m+     "id": "qwen/qwen-plus",[39m
[31m+     "input": [[39m
[31m+       "text",[39m
[31m+     ],[39m
[31m+     "name": "Qwen: Qwen-Plus",[39m
[31m+     "provider": "openrouter",[39m
[31m+     "reasoning": false,[39m
[31m+   },[39m
[31m+   {[39m
[31m+     "contextWindow": 131072,[39m
[31m+     "id": "qwen/qwen-turbo",[39m
[31m+     "input": [[39m
[31m+       "text",[39m
[31m+     ],[39m
[31m+     "name": "Qwen: Qwen-Turbo",[39m
[31m+     "provider": "openrouter",[39m
[31m+     "reasoning": false,[39m
[31m+   },[39m
[31m+   {[39m
[31m+     "contextWindow": 32768,[39m
[31m+     "id": "qwen/qwen-2.5-7b-instruct",[39m
[31m+     "input": [[39m
[31m+       "text",[39m
[31m+     ],[39m
[31m+     "name": "Qwen: Qwen2.5 7B Instruct",[39m
[31m+     "provider": "openrouter",[39m
[31m+     "reasoning": false,[39m
[31m+   },[39m
[31m+   {[39m
[31m+     "contextWindow": 40960,[39m
[31m+     "id": "qwen/qwen3-14b",[39m
[31m+     "input": [[39m
[31m+       "text",[39m
[31m+     ],[39m
[31m+     "name": "Qwen: Qwen3 14B",[39m
[31m+     "provider": "openrouter",[39m
[31m+     "reasoning": true,[39m
[31m+   },[39m
[31m+   {[39m
[31m+     "contextWindow": 131072,[39m
[31m+     "id": "qwen/qwen3-235b-a22b",[39m
[31m+     "input": [[39m
[31m+       "text",[39m
[31m+     ],[39m
[31m+     "name": "Qwen: Qwen3 235B A22B",[39m
[31m+     "provider": "openrouter",[39m
[31m+     "reasoning": true,[39m
[31m+   },[39m
[31m+   {[39m
[31m+     "contextWindow": 262144,[39m
[31m+     "id": "qwen/qwen3-235b-a22b-2507",[39m
[31m+     "input": [[39m
[31m+       "text",[39m
[31m+     ],[39m
[31m+     "name": "Qwen: Qwen3 235B A22B Instruct 2507",[39m
[31m+     "provider": "openrouter",[39m
[31m+     "reasoning": true,[39m
[31m+   },[39m
[31m+   {[39m
[31m+     "contextWindow": 131072,[39m
[31m+     "id": "qwen/qwen3-235b-a22b-thinking-2507",[39m
[31m+     "input": [[39m
[31m+       "text",[39m
[31m+     ],[39m
[31m+     "name": "Qwen: Qwen3 235B A22B Thinking 2507",[39m
[31m+     "provider": "openrouter",[39m
[31m+     "reasoning": true,[39m
[31m+   },[39m
[31m+   {[39m
[31m+     "contextWindow": 40960,[39m
[31m+     "id": "qwen/qwen3-30b-a3b",[39m
[31m+     "input": [[39m
[31m+       "text",[39m
[31m+     ],[39m
[31m+     "name": "Qwen: Qwen3 30B A3B",[39m
[31m+     "provider": "openrouter",[39m
[31m+     "reasoning": true,[39m
[31m+   },[39m
[31m+   {[39m
[31m+     "contextWindow": 262144,[39m
[31m+     "id": "qwen/qwen3-30b-a3b-instruct-2507",[39m
[31m+     "input": [[39m
[31m+       "text",[39m
[31m+     ],[39m
[31m+     "name": "Qwen: Qwen3 30B A3B Instruct 2507",[39m
[31m+     "provider": "openrouter",[39m
[31m+     "reasoning": false,[39m
[31m+   },[39m
[31m+   {[39m
[31m+     "contextWindow": 32768,[39m
[31m+     "id": "qwen/qwen3-30b-a3b-thinking-2507",[39m
[31m+     "input": [[39m
[31m+       "text",[39m
[31m+     ],[39m
[31m+     "name": "Qwen: Qwen3 30B A3B Thinking 2507",[39m
[31m+     "provider": "openrouter",[39m
[31m+     "reasoning": true,[39m
[31m+   },[39m
[31m+   {[39m
[31m+     "contextWindow": 40960,[39m
[31m+     "id": "qwen/qwen3-32b",[39m
[31m+     "input": [[39m
[31m+       "text",[39m
[31m+     ],[39m
[31m+     "name": "Qwen: Qwen3 32B",[39m
[31m+     "provider": "openrouter",[39m
[31m+     "reasoning": true,[39m
[31m+   },[39m
[31m+   {[39m
[31m+     "contextWindow": 40960,[39m
[31m+     "id": "qwen/qwen3-4b:free",[39m
[31m+     "input": [[39m
[31m+       "text",[39m
[31m+     ],[39m
[31m+     "name": "Qwen: Qwen3 4B (free)",[39m
[31m+     "provider": "openrouter",[39m
[31m+     "reasoning": true,[39m
[31m+   },[39m
[31m+   {[39m
[31m+     "contextWindow": 32000,[39m
[31m+     "id": "qwen/qwen3-8b",[39m
[31m+     "input": [[39m
[31m+       "text",[39m
[31m+     ],[39m
[31m+     "name": "Qwen: Qwen3 8B",[39m
[31m+     "provider": "openrouter",[39m
[31m+     "reasoning": true,[39m
[31m+   },[39m
[31m+   {[39m
[31m+     "contextWindow": 160000,[39m
[31m+     "id": "qwen/qwen3-coder-30b-a3b-instruct",[39m
[31m+     "input": [[39m
[31m+       "text",[39m
[31m+     ],[39m
[31m+     "name": "Qwen: Qwen3 Coder 30B A3B Instruct",[39m
[31m+     "provider": "openrouter",[39m
[31m+     "reasoning": false,[39m
[31m+   },[39m
[31m+   {[39m
[31m+     "contextWindow": 262144,[39m
[31m+     "id": "qwen/qwen3-coder",[39m
[31m+     "input": [[39m
[31m+       "text",[39m
[31m+     ],[39m
[31m+     "name": "Qwen: Qwen3 Coder 480B A35B",[39m
[31m+     "provider": "openrouter",[39m
[31m+     "reasoning": false,[39m
[31m+   },[39m
[31m+   {[39m
[31m+     "contextWindow": 262144,[39m
[31m+     "id": "qwen/qwen3-coder:exacto",[39m
[31m+     "input": [[39m
[31m+       "text",[39m
[31m+     ],[39m
[31m+     "name": "Qwen: Qwen3 Coder 480B A35B (exacto)",[39m
[31m+     "provider": "openrouter",[39m
[31m+     "reasoning": false,[39m
[31m+   },[39m
[31m+   {[39m
[31m+     "contextWindow": 262000,[39m
[31m+     "id": "qwen/qwen3-coder:free",[39m
[31m+     "input": [[39m
[31m+       "text",[39m
[31m+     ],[39m
[31m+     "name": "Qwen: Qwen3 Coder 480B A35B (free)",[39m
[31m+     "provider": "openrouter",[39m
[31m+     "reasoning": false,[39m
[31m+   },[39m
[31m+   {[39m
[31m+     "contextWindow": 1000000,[39m
[31m+     "id": "qwen/qwen3-coder-flash",[39m
[31m+     "input": [[39m
[31m+       "text",[39m
[31m+     ],[39m
[31m+     "name": "Qwen: Qwen3 Coder Flash",[39m
[31m+     "provider": "openrouter",[39m
[31m+     "reasoning": false,[39m
[31m+   },[39m
[31m+   {[39m
[31m+     "contextWindow": 262144,[39m
[31m+     "id": "qwen/qwen3-coder-next",[39m
[31m+     "input": [[39m
[31m+       "text",[39m
[31m+     ],[39m
[31m+     "name": "Qwen: Qwen3 Coder Next",[39m
[31m+     "provider": "openrouter",[39m
[31m+     "reasoning": false,[39m
[31m+   },[39m
[31m+   {[39m
[31m+     "contextWindow": 1000000,[39m
[31m+     "id": "qwen/qwen3-coder-plus",[39m
[31m+     "input": [[39m
[31m+       "text",[39m
[31m+     ],[39m
[31m+     "name": "Qwen: Qwen3 Coder Plus",[39m
[31m+     "provider": "openrouter",[39m
[31m+     "reasoning": false,[39m
[31m+   },[39m
[31m+   {[39m
[31m+     "contextWindow": 262144,[39m
[31m+     "id": "qwen/qwen3-max",[39m
[31m+     "input": [[39m
[31m+       "text",[39m
[31m+     ],[39m
[31m+     "name": "Qwen: Qwen3 Max",[39m
[31m+     "provider": "openrouter",[39m
[31m+     "reasoning": false,[39m
[31m+   },[39m
[31m+   {[39m
[31m+     "contextWindow": 262144,[39m
[31m+     "id": "qwen/qwen3-max-thinking",[39m
[31m+     "input": [[39m
[31m+       "text",[39m
[31m+     ],[39m
[31m+     "name": "Qwen: Qwen3 Max Thinking",[39m
[31m+     "provider": "openrouter",[39m
[31m+     "reasoning": true,[39m
[31m+   },[39m
[31m+   {[39m
[31m+     "contextWindow": 262144,[39m
[31m+     "id": "qwen/qwen3-next-80b-a3b-instruct",[39m
[31m+     "input": [[39m
[31m+       "text",[39m
[31m+     ],[39m
[31m+     "name": "Qwen: Qwen3 Next 80B A3B Instruct",[39m
[31m+     "provider": "openrouter",[39m
[31m+     "reasoning": false,[39m
[31m+   },[39m
[31m+   {[39m
[31m+     "contextWindow": 262144,[39m
[31m+     "id": "qwen/qwen3-next-80b-a3b-instruct:free",[39m
[31m+     "input": [[39m
[31m+       "text",[39m
[31m+     ],[39m
[31m+     "name": "Qwen: Qwen3 Next 80B A3B Instruct (free)",[39m
[31m+     "provider": "openrouter",[39m
[31m+     "reasoning": false,[39m
[31m+   },[39m
[31m+   {[39m
[31m+     "contextWindow": 128000,[39m
[31m+     "id": "qwen/qwen3-next-80b-a3b-thinking",[39m
[31m+     "input": [[39m
[31m+       "text",[39m
[31m+     ],[39m
[31m+     "name": "Qwen: Qwen3 Next 80B A3B Thinking",[39m
[31m+     "provider": "openrouter",[39m
[31m+     "reasoning": true,[39m
[31m+   },[39m
[31m+   {[39m
[31m+     "contextWindow": 262144,[39m
[31m+     "id": "qwen/qwen3-vl-235b-a22b-instruct",[39m
[31m+     "input": [[39m
[31m+       "text",[39m
[31m+       "image",[39m
[31m+     ],[39m
[31m+     "name": "Qwen: Qwen3 VL 235B A22B Instruct",[39m
[31m+     "provider": "openrouter",[39m
[31m+     "reasoning": false,[39m
[31m+   },[39m
[31m+   {[39m
[31m+     "contextWindow": 131072,[39m
[31m+     "id": "qwen/qwen3-vl-235b-a22b-thinking",[39m
[31m+     "input": [[39m
[31m+       "text",[39m
[31m+       "image",[39m
[31m+     ],[39m
[31m+     "name": "Qwen: Qwen3 VL 235B A22B Thinking",[39m
[31m+     "provider": "openrouter",[39m
[31m+     "reasoning": true,[39m
[31m+   },[39m
[31m+   {[39m
[31m+     "contextWindow": 131072,[39m
[31m+     "id": "qwen/qwen3-vl-30b-a3b-instruct",[39m
[31m+     "input": [[39m
[31m+       "text",[39m
[31m+       "image",[39m
[31m+     ],[39m
[31m+     "name": "Qwen: Qwen3 VL 30B A3B Instruct",[39m
[31m+     "provider": "openrouter",[39m
[31m+     "reasoning": false,[39m
[31m+   },[39m
[31m+   {[39m
[31m+     "contextWindow": 131072,[39m
[31m+     "id": "qwen/qwen3-vl-30b-a3b-thinking",[39m
[31m+     "input": [[39m
[31m+       "text",[39m
[31m+       "image",[39m
[31m+     ],[39m
[31m+     "name": "Qwen: Qwen3 VL 30B A3B Thinking",[39m
[31m+     "provider": "openrouter",[39m
[31m+     "reasoning": true,[39m
[31m+   },[39m
[31m+   {[39m
[31m+     "contextWindow": 131072,[39m
[31m+     "id": "qwen/qwen3-vl-32b-instruct",[39m
[31m+     "input": [[39m
[31m+       "text",[39m
[31m+       "image",[39m
[31m+     ],[39m
[31m+     "name": "Qwen: Qwen3 VL 32B Instruct",[39m
[31m+     "provider": "openrouter",[39m
[31m+     "reasoning": false,[39m
[31m+   },[39m
[31m+   {[39m
[31m+     "contextWindow": 131072,[39m
[31m+     "id": "qwen/qwen3-vl-8b-instruct",[39m
[31m+     "input": [[39m
[31m+       "text",[39m
[31m+       "image",[39m
[31m+     ],[39m
[31m+     "name": "Qwen: Qwen3 VL 8B Instruct",[39m
[31m+     "provider": "openrouter",[39m
[31m+     "reasoning": false,[39m
[31m+   },[39m
[31m+   {[39m
[31m+     "contextWindow": 131072,[39m
[31m+     "id": "qwen/qwen3-vl-8b-thinking",[39m
[31m+     "input": [[39m
[31m+       "text",[39m
[31m+       "image",[39m
[31m+     ],[39m
[31m+     "name": "Qwen: Qwen3 VL 8B Thinking",[39m
[31m+     "provider": "openrouter",[39m
[31m+     "reasoning": true,[39m
[31m+   },[39m
[31m+   {[39m
[31m+     "contextWindow": 262144,[39m
[31m+     "id": "qwen/qwen3.5-397b-a17b",[39m
[31m+     "input": [[39m
[31m+       "text",[39m
[31m+       "image",[39m
[31m+     ],[39m
[31m+     "name": "Qwen: Qwen3.5 397B A17B",[39m
[31m+     "provider": "openrouter",[39m
[31m+     "reasoning": true,[39m
[31m+   },[39m
[31m+   {[39m
[31m+     "contextWindow": 1000000,[39m
[31m+     "id": "qwen/qwen3.5-plus-02-15",[39m
[31m+     "input": [[39m
[31m+       "text",[39m
[31m+       "image",[39m
[31m+     ],[39m
[31m+     "name": "Qwen: Qwen3.5 Plus 2026-02-15",[39m
[31m+     "provider": "openrouter",[39m
[31m+     "reasoning": true,[39m
[31m+   },[39m
[31m+   {[39m
[31m+     "contextWindow": 262144,[39m
[31m+     "id": "qwen/qwen3.5-122b-a10b",[39m
[31m+     "input": [[39m
[31m+       "text",[39m
[31m+       "image",[39m
[31m+     ],[39m
[31m+     "name": "Qwen: Qwen3.5-122B-A10B",[39m
[31m+     "provider": "openrouter",[39m
[31m+     "reasoning": true,[39m
[31m+   },[39m
[31m+   {[39m
[31m+     "contextWindow": 262144,[39m
[31m+     "id": "qwen/qwen3.5-27b",[39m
[31m+     "input": [[39m
[31m+       "text",[39m
[31m+       "image",[39m
[31m+     ],[39m
[31m+     "name": "Qwen: Qwen3.5-27B",[39m
[31m+     "provider": "openrouter",[39m
[31m+     "reasoning": true,[39m
[31m+   },[39m
[31m+   {[39m
[31m+     "contextWindow": 262144,[39m
[31m+     "id": "qwen/qwen3.5-35b-a3b",[39m
[31m+     "input": [[39m
[31m+       "text",[39m
[31m+       "image",[39m
[31m+     ],[39m
[31m+     "name": "Qwen: Qwen3.5-35B-A3B",[39m
[31m+     "provider": "openrouter",[39m
[31m+     "reasoning": true,[39m
[31m+   },[39m
[31m+   {[39m
[31m+     "contextWindow": 1000000,[39m
[31m+     "id": "qwen/qwen3.5-flash-02-23",[39m
[31m+     "input": [[39m
[31m+       "text",[39m
[31m+       "image",[39m
[31m+     ],[39m
[31m+     "name": "Qwen: Qwen3.5-Flash",[39m
[31m+     "provider": "openrouter",[39m
[31m+     "reasoning": true,[39m
[31m+   },[39m
[31m+   {[39m
[31m+     "contextWindow": 32768,[39m
[31m+     "id": "qwen/qwq-32b",[39m
[31m+     "input": [[39m
[31m+       "text",[39m
[31m+     ],[39m
[31m+     "name": "Qwen: QwQ 32B",[39m
[31m+     "provider": "openrouter",[39m
[31m+     "reasoning": true,[39m
[31m+   },[39m
[31m+   {[39m
[31m+     "contextWindow": 32768,[39m
[31m+     "id": "qwen/qwen-2.5-72b-instruct",[39m
[31m+     "input": [[39m
[31m+       "text",[39m
[31m+     ],[39m
[31m+     "name": "Qwen2.5 72B Instruct",[39m
[31m+     "provider": "openrouter",[39m
[31m+     "reasoning": false,[39m
[31m+   },[39m
[31m+   {[39m
[31m+     "contextWindow": 256000,[39m
[31m+     "id": "relace/relace-search",[39m
[31m+     "input": [[39m
[31m+       "text",[39m
[31m+     ],[39m
[31m+     "name": "Relace: Relace Search",[39m
[31m+     "provider": "openrouter",[39m
[31m+     "reasoning": false,[39m
[31m+   },[39m
[31m+   {[39m
[31m+     "contextWindow": 8192,[39m
[31m+     "id": "sao10k/l3-euryale-70b",[39m
[31m+     "input": [[39m
[31m+       "text",[39m
[31m+     ],[39m
[31m+     "name": "Sao10k: Llama 3 Euryale 70B v2.1",[39m
[31m+     "provider": "openrouter",[39m
[31m+     "reasoning": false,[39m
[31m+   },[39m
[31m+   {[39m
[31m+     "contextWindow": 32768,[39m
[31m+     "id": "sao10k/l3.1-euryale-70b",[39m
[31m+     "input": [[39m
[31m+       "text",[39m
[31m+     ],[39m
[31m+     "name": "Sao10K: Llama 3.1 Euryale 70B v2.2",[39m
[31m+     "provider": "openrouter",[39m
[31m+     "reasoning": false,[39m
[31m+   },[39m
[31m+   {[39m
[31m+     "contextWindow": 256000,[39m
[31m+     "id": "stepfun/step-3.5-flash",[39m
[31m+     "input": [[39m
[31m+       "text",[39m
[31m+     ],[39m
[31m+     "name": "StepFun: Step 3.5 Flash",[39m
[31m+     "provider": "openrouter",[39m
[31m+     "reasoning": true,[39m
[31m+   },[39m
[31m+   {[39m
[31m+     "contextWindow": 256000,[39m
[31m+     "id": "stepfun/step-3.5-flash:free",[39m
[31m+     "input": [[39m
[31m+       "text",[39m
[31m+     ],[39m
[31m+     "name": "StepFun: Step 3.5 Flash (free)",[39m
[31m+     "provider": "openrouter",[39m
[31m+     "reasoning": true,[39m
[31m+   },[39m
[31m+   {[39m
[31m+     "contextWindow": 32768,[39m
[31m+     "id": "thedrummer/rocinante-12b",[39m
[31m+     "input": [[39m
[31m+       "text",[39m
[31m+     ],[39m
[31m+     "name": "TheDrummer: Rocinante 12B",[39m
[31m+     "provider": "openrouter",[39m
[31m+     "reasoning": false,[39m
[31m+   },[39m
[31m+   {[39m
[31m+     "contextWindow": 32768,[39m
[31m+     "id": "thedrummer/unslopnemo-12b",[39m
[31m+     "input": [[39m
[31m+       "text",[39m
[31m+     ],[39m
[31m+     "name": "TheDrummer: UnslopNemo 12B",[39m
[31m+     "provider": "openrouter",[39m
[31m+     "reasoning": false,[39m
[31m+   },[39m
[31m+   {[39m
[31m+     "contextWindow": 163840,[39m
[31m+     "id": "tngtech/deepseek-r1t2-chimera",[39m
[31m+     "input": [[39m
[31m+       "text",[39m
[31m+     ],[39m
[31m+     "name": "TNG: DeepSeek R1T2 Chimera",[39m
[31m+     "provider": "openrouter",[39m
[31m+     "reasoning": true,[39m
[31m+   },[39m
[31m+   {[39m
[31m+     "contextWindow": 131072,[39m
[31m+     "id": "alibaba/tongyi-deepresearch-30b-a3b",[39m
[31m+     "input": [[39m
[31m+       "text",[39m
[31m+     ],[39m
[31m+     "name": "Tongyi DeepResearch 30B A3B",[39m
[31m+     "provider": "openrouter",[39m
[31m+     "reasoning": true,[39m
[31m+   },[39m
[31m+   {[39m
[31m+     "contextWindow": 128000,[39m
[31m+     "id": "upstage/solar-pro-3:free",[39m
[31m+     "input": [[39m
[31m+       "text",[39m
[31m+     ],[39m
[31m+     "name": "Upstage: Solar Pro 3 (free)",[39m
[31m+     "provider": "openrouter",[39m
[31m+     "reasoning": true,[39m
[31m+   },[39m
[31m+   {[39m
[31m+     "contextWindow": 131072,[39m
[31m+     "id": "x-ai/grok-3",[39m
[31m+     "input": [[39m
[31m+       "text",[39m
[31m+     ],[39m
[31m+     "name": "xAI: Grok 3",[39m
[31m+     "provider": "openrouter",[39m
[31m+     "reasoning": false,[39m
[31m+   },[39m
[31m+   {[39m
[31m+     "contextWindow": 131072,[39m
[31m+     "id": "x-ai/grok-3-beta",[39m
[31m+     "input": [[39m
[31m+       "text",[39m
[31m+     ],[39m
[31m+     "name": "xAI: Grok 3 Beta",[39m
[31m+     "provider": "openrouter",[39m
[31m+     "reasoning": false,[39m
[31m+   },[39m
[31m+   {[39m
[31m+     "contextWindow": 131072,[39m
[31m+     "id": "x-ai/grok-3-mini",[39m
[31m+     "input": [[39m
[31m+       "text",[39m
[31m+     ],[39m
[31m+     "name": "xAI: Grok 3 Mini",[39m
[31m+     "provider": "openrouter",[39m
[31m+     "reasoning": true,[39m
[31m+   },[39m
[31m+   {[39m
[31m+     "contextWindow": 131072,[39m
[31m+     "id": "x-ai/grok-3-mini-beta",[39m
[31m+     "input": [[39m
[31m+       "text",[39m
[31m+     ],[39m
[31m+     "name": "xAI: Grok 3 Mini Beta",[39m
[31m+     "provider": "openrouter",[39m
[31m+     "reasoning": true,[39m
[31m+   },[39m
[31m+   {[39m
[31m+     "contextWindow": 256000,[39m
[31m+     "id": "x-ai/grok-4",[39m
[31m+     "input": [[39m
[31m+       "text",[39m
[31m+       "image",[39m
[31m+     ],[39m
[31m+     "name": "xAI: Grok 4",[39m
[31m+     "provider": "openrouter",[39m
[31m+     "reasoning": true,[39m
[31m+   },[39m
[31m+   {[39m
[31m+     "contextWindow": 2000000,[39m
[31m+     "id": "x-ai/grok-4-fast",[39m
[31m+     "input": [[39m
[31m+       "text",[39m
[31m+       "image",[39m
[31m+     ],[39m
[31m+     "name": "xAI: Grok 4 Fast",[39m
[31m+     "provider": "openrouter",[39m
[31m+     "reasoning": true,[39m
[31m+   },[39m
[31m+   {[39m
[31m+     "contextWindow": 2000000,[39m
[31m+     "id": "x-ai/grok-4.1-fast",[39m
[31m+     "input": [[39m
[31m+       "text",[39m
[31m+       "image",[39m
[31m+     ],[39m
[31m+     "name": "xAI: Grok 4.1 Fast",[39m
[31m+     "provider": "openrouter",[39m
[31m+     "reasoning": true,[39m
[31m+   },[39m
[31m+   {[39m
[31m+     "contextWindow": 256000,[39m
[31m+     "id": "x-ai/grok-code-fast-1",[39m
[31m+     "input": [[39m
[31m+       "text",[39m
[31m+     ],[39m
[31m+     "name": "xAI: Grok Code Fast 1",[39m
[31m+     "provider": "openrouter",[39m
[31m+     "reasoning": true,[39m
[31m+   },[39m
[31m+   {[39m
[31m+     "contextWindow": 262144,[39m
[31m+     "id": "xiaomi/mimo-v2-flash",[39m
[31m+     "input": [[39m
[31m+       "text",[39m
[31m+     ],[39m
[31m+     "name": "Xiaomi: MiMo-V2-Flash",[39m
[31m+     "provider": "openrouter",[39m
[31m+     "reasoning": true,[39m
[31m+   },[39m
[31m+   {[39m
[31m+     "contextWindow": 128000,[39m
[31m+     "id": "z-ai/glm-4-32b",[39m
[31m+     "input": [[39m
[31m+       "text",[39m
[31m+     ],[39m
[31m+     "name": "Z.ai: GLM 4 32B",[39m
[31m+     "provider": "openrouter",[39m
[31m+     "reasoning": false,[39m
[31m+   },[39m
[31m+   {[39m
[31m+     "contextWindow": 131000,[39m
[31m+     "id": "z-ai/glm-4.5",[39m
[31m+     "input": [[39m
[31m+       "text",[39m
[31m+     ],[39m
[31m+     "name": "Z.ai: GLM 4.5",[39m
[31m+     "provider": "openrouter",[39m
[31m+     "reasoning": true,[39m
[31m+   },[39m
[31m+   {[39m
[31m+     "contextWindow": 131072,[39m
[31m+     "id": "z-ai/glm-4.5-air",[39m
[31m+     "input": [[39m
[31m+       "text",[39m
[31m+     ],[39m
[31m+     "name": "Z.ai: GLM 4.5 Air",[39m
[31m+     "provider": "openrouter",[39m
[31m+     "reasoning": true,[39m
[31m+   },[39m
[31m+   {[39m
[31m+     "contextWindow": 131072,[39m
[31m+     "id": "z-ai/glm-4.5-air:free",[39m
[31m+     "input": [[39m
[31m+       "text",[39m
[31m+     ],[39m
[31m+     "name": "Z.ai: GLM 4.5 Air (free)",[39m
[31m+     "provider": "openrouter",[39m
[31m+     "reasoning": true,[39m
[31m+   },[39m
[31m+   {[39m
[31m+     "contextWindow": 65536,[39m
[31m+     "id": "z-ai/glm-4.5v",[39m
[31m+     "input": [[39m
[31m+       "text",[39m
[31m+       "image",[39m
[31m+     ],[39m
[31m+     "name": "Z.ai: GLM 4.5V",[39m
[31m+     "provider": "openrouter",[39m
[31m+     "reasoning": true,[39m
[31m+   },[39m
[31m+   {[39m
[31m+     "contextWindow": 202752,[39m
[31m+     "id": "z-ai/glm-4.6",[39m
[31m+     "input": [[39m
[31m+       "text",[39m
[31m+     ],[39m
[31m+     "name": "Z.ai: GLM 4.6",[39m
[31m+     "provider": "openrouter",[39m
[31m+     "reasoning": true,[39m
[31m+   },[39m
[31m+   {[39m
[31m+     "contextWindow": 204800,[39m
[31m+     "id": "z-ai/glm-4.6:exacto",[39m
[31m+     "input": [[39m
[31m+       "text",[39m
[31m+     ],[39m
[31m+     "name": "Z.ai: GLM 4.6 (exacto)",[39m
[31m+     "provider": "openrouter",[39m
[31m+     "reasoning": true,[39m
[31m+   },[39m
[31m+   {[39m
[31m+     "contextWindow": 131072,[39m
[31m+     "id": "z-ai/glm-4.6v",[39m
[31m+     "input": [[39m
[31m+       "text",[39m
[31m+       "image",[39m
[31m+     ],[39m
[31m+     "name": "Z.ai: GLM 4.6V",[39m
[31m+     "provider": "openrouter",[39m
[31m+     "reasoning": true,[39m
[31m+   },[39m
[31m+   {[39m
[31m+     "contextWindow": 202752,[39m
[31m+     "id": "z-ai/glm-4.7",[39m
[31m+     "input": [[39m
[31m+       "text",[39m
[31m+     ],[39m
[31m+     "name": "Z.ai: GLM 4.7",[39m
[31m+     "provider": "openrouter",[39m
[31m+     "reasoning": true,[39m
[31m+   },[39m
[31m+   {[39m
[31m+     "contextWindow": 202752,[39m
[31m+     "id": "z-ai/glm-4.7-flash",[39m
[31m+     "input": [[39m
[31m+       "text",[39m
[31m+     ],[39m
[31m+     "name": "Z.ai: GLM 4.7 Flash",[39m
[31m+     "provider": "openrouter",[39m
[31m+     "reasoning": true,[39m
[31m+   },[39m
[31m+   {[39m
[31m+     "contextWindow": 204800,[39m
[31m+     "id": "z-ai/glm-5",[39m
[31m+     "input": [[39m
[31m+       "text",[39m
[31m+     ],[39m
[31m+     "name": "Z.ai: GLM 5",[39m
[31m+     "provider": "openrouter",[39m
[31m+     "reasoning": true,[39m
[31m+   },[39m
[31m+   {[39m
[31m+     "contextWindow": 200000,[39m
[31m+     "id": "anthropic/claude-3-haiku",[39m
[31m+     "input": [[39m
[31m+       "text",[39m
[31m+       "image",[39m
[31m+     ],[39m
[31m+     "name": "Claude 3 Haiku",[39m
[31m+     "provider": "vercel-ai-gateway",[39m
[31m+     "reasoning": false,[39m
[31m+   },[39m
[31m+   {[39m
[31m+     "contextWindow": 200000,[39m
[31m+     "id": "anthropic/claude-3.5-haiku",[39m
[31m+     "input": [[39m
[31m+       "text",[39m
[31m+       "image",[39m
[31m+     ],[39m
[31m+     "name": "Claude 3.5 Haiku",[39m
[31m+     "provider": "vercel-ai-gateway",[39m
[31m+     "reasoning": false,[39m
[31m+   },[39m
[31m+   {[39m
[31m+     "contextWindow": 200000,[39m
[31m+     "id": "anthropic/claude-3.5-sonnet",[39m
[31m+     "input": [[39m
[31m+       "text",[39m
[31m+       "image",[39m
[31m+     ],[39m
[31m+     "name": "Claude 3.5 Sonnet",[39m
[31m+     "provider": "vercel-ai-gateway",[39m
[31m+     "reasoning": false,[39m
[31m+   },[39m
[31m+   {[39m
[31m+     "contextWindow": 200000,[39m
[31m+     "id": "anthropic/claude-3.5-sonnet-20240620",[39m
[31m+     "input": [[39m
[31m+       "text",[39m
[31m+       "image",[39m
[31m+     ],[39m
[31m+     "name": "Claude 3.5 Sonnet (2024-06-20)",[39m
[31m+     "provider": "vercel-ai-gateway",[39m
[31m+     "reasoning": false,[39m
[31m+   },[39m
[31m+   {[39m
[31m+     "contextWindow": 200000,[39m
[31m+     "id": "anthropic/claude-3.7-sonnet",[39m
[31m+     "input": [[39m
[31m+       "text",[39m
[31m+       "image",[39m
[31m+     ],[39m
[31m+     "name": "Claude 3.7 Sonnet",[39m
[31m+     "provider": "vercel-ai-gateway",[39m
[31m+     "reasoning": true,[39m
[31m+   },[39m
[31m+   {[39m
[31m+     "contextWindow": 200000,[39m
[31m+     "id": "anthropic/claude-haiku-4.5",[39m
[31m+     "input": [[39m
[31m+       "text",[39m
[31m+       "image",[39m
[31m+     ],[39m
[31m+     "name": "Claude Haiku 4.5",[39m
[31m+     "provider": "vercel-ai-gateway",[39m
[31m+     "reasoning": true,[39m
[31m+   },[39m
[31m+   {[39m
[31m+     "contextWindow": 200000,[39m
[31m+     "id": "anthropic/claude-opus-4",[39m
[31m+     "input": [[39m
[31m+       "text",[39m
[31m+       "image",[39m
[31m+     ],[39m
[31m+     "name": "Claude Opus 4",[39m
[31m+     "provider": "vercel-ai-gateway",[39m
[31m+     "reasoning": true,[39m
[31m+   },[39m
[31m+   {[39m
[31m+     "contextWindow": 200000,[39m
[31m+     "id": "anthropic/claude-opus-4.1",[39m
[31m+     "input": [[39m
[31m+       "text",[39m
[31m+       "image",[39m
[31m+     ],[39m
[31m+     "name": "Claude Opus 4.1",[39m
[31m+     "provider": "vercel-ai-gateway",[39m
[31m+     "reasoning": true,[39m
[31m+   },[39m
[31m+   {[39m
[31m+     "contextWindow": 200000,[39m
[31m+     "id": "anthropic/claude-opus-4.5",[39m
[31m+     "input": [[39m
[31m+       "text",[39m
[31m+       "image",[39m
[31m+     ],[39m
[31m+     "name": "Claude Opus 4.5",[39m
[31m+     "provider": "vercel-ai-gateway",[39m
[31m+     "reasoning": true,[39m
[31m+   },[39m
[31m+   {[39m
[31m+     "contextWindow": 1000000,[39m
[31m+     "id": "anthropic/claude-opus-4.6",[39m
[31m+     "input": [[39m
[31m+       "text",[39m
[31m+       "image",[39m
[31m+     ],[39m
[31m+     "name": "Claude Opus 4.6",[39m
[31m+     "provider": "vercel-ai-gateway",[39m
[31m+     "reasoning": true,[39m
[31m+   },[39m
[31m+   {[39m
[31m+     "contextWindow": 1000000,[39m
[31m+     "id": "anthropic/claude-sonnet-4",[39m
[31m+     "input": [[39m
[31m+       "text",[39m
[31m+       "image",[39m
[31m+     ],[39m
[31m+     "name": "Claude Sonnet 4",[39m
[31m+     "provider": "vercel-ai-gateway",[39m
[31m+     "reasoning": true,[39m
[31m+   },[39m
[31m+   {[39m
[31m+     "contextWindow": 1000000,[39m
[31m+     "id": "anthropic/claude-sonnet-4.5",[39m
[31m+     "input": [[39m
[31m+       "text",[39m
[31m+       "image",[39m
[31m+     ],[39m
[31m+     "name": "Claude Sonnet 4.5",[39m
[31m+     "provider": "vercel-ai-gateway",[39m
[31m+     "reasoning": true,[39m
[31m+   },[39m
[31m+   {[39m
[31m+     "contextWindow": 1000000,[39m
[31m+     "id": "anthropic/claude-sonnet-4.6",[39m
[31m+     "input": [[39m
[31m+       "text",[39m
[31m+       "image",[39m
[31m+     ],[39m
[31m+     "name": "Claude Sonnet 4.6",[39m
[31m+     "provider": "vercel-ai-gateway",[39m
[31m+     "reasoning": true,[39m
[31m+   },[39m
[31m+   {[39m
[31m+     "contextWindow": 200000,[39m
[31m+     "id": "openai/codex-mini",[39m
[31m+     "input": [[39m
[31m+       "text",[39m
[31m+       "image",[39m
[31m+     ],[39m
[31m+     "name": "Codex Mini",[39m
[31m+     "provider": "vercel-ai-gateway",[39m
[31m+     "reasoning": true,[39m
[31m+   },[39m
[31m+   {[39m
[31m+     "contextWindow": 256000,[39m
[31m+     "id": "cohere/command-a",[39m
[31m+     "input": [[39m
[31m+       "text",[39m
[31m+     ],[39m
[31m+     "name": "Command A",[39m
[31m+     "provider": "vercel-ai-gateway",[39m
[31m+     "reasoning": false,[39m
[31m+   },[39m
[31m+   {[39m
[31m+     "contextWindow": 163840,[39m
[31m+     "id": "deepseek/deepseek-v3",[39m
[31m+     "input": [[39m
[31m+       "text",[39m
[31m+     ],[39m
[31m+     "name": "DeepSeek V3 0324",[39m
[31m+     "provider": "vercel-ai-gateway",[39m
[31m+     "reasoning": false,[39m
[31m+   },[39m
[31m+   {[39m
[31m+     "contextWindow": 131072,[39m
[31m+     "id": "deepseek/deepseek-v3.1-terminus",[39m
[31m+     "input": [[39m
[31m+       "text",[39m
[31m+     ],[39m
[31m+     "name": "DeepSeek V3.1 Terminus",[39m
[31m+     "provider": "vercel-ai-gateway",[39m
[31m+     "reasoning": true,[39m
[31m+   },[39m
[31m+   {[39m
[31m+     "contextWindow": 128000,[39m
[31m+     "id": "deepseek/deepseek-v3.2",[39m
[31m+     "input": [[39m
[31m+       "text",[39m
[31m+     ],[39m
[31m+     "name": "DeepSeek V3.2",[39m
[31m+     "provider": "vercel-ai-gateway",[39m
[31m+     "reasoning": false,[39m
[31m+   },[39m
[31m+   {[39m
[31m+     "contextWindow": 128000,[39m
[31m+     "id": "deepseek/deepseek-v3.2-thinking",[39m
[31m+     "input": [[39m
[31m+       "text",[39m
[31m+     ],[39m
[31m+     "name": "DeepSeek V3.2 Thinking",[39m
[31m+     "provider": "vercel-ai-gateway",[39m
[31m+     "reasoning": true,[39m
[31m+   },[39m
[31m+   {[39m
[31m+     "contextWindow": 163840,[39m
[31m+     "id": "deepseek/deepseek-v3.1",[39m
[31m+     "input": [[39m
[31m+       "text",[39m
[31m+     ],[39m
[31m+     "name": "DeepSeek-V3.1",[39m
[31m+     "provider": "vercel-ai-gateway",[39m
[31m+     "reasoning": true,[39m
[31m+   },[39m
[31m+   {[39m
[31m+     "contextWindow": 256000,[39m
[31m+     "id": "mistral/devstral-2",[39m
[31m+     "input": [[39m
[31m+       "text",[39m
[31m+     ],[39m
[31m+     "name": "Devstral 2",[39m
[31m+     "provider": "vercel-ai-gateway",[39m
[31m+     "reasoning": false,[39m
[31m+   },[39m
[31m+   {[39m
[31m+     "contextWindow": 128000,[39m
[31m+     "id": "mistral/devstral-small",[39m
[31m+     "input": [[39m
[31m+       "text",[39m
[31m+     ],[39m
[31m+     "name": "Devstral Small 1.1",[39m
[31m+     "provider": "vercel-ai-gateway",[39m
[31m+     "reasoning": false,[39m
[31m+   },[39m
[31m+   {[39m
[31m+     "contextWindow": 256000,[39m
[31m+     "id": "mistral/devstral-small-2",[39m
[31m+     "input": [[39m
[31m+       "text",[39m
[31m+     ],[39m
[31m+     "name": "Devstral Small 2",[39m
[31m+     "provider": "vercel-ai-gateway",[39m
[31m+     "reasoning": false,[39m
[31m+   },[39m
[31m+   {[39m
[31m+     "contextWindow": 1000000,[39m
[31m+     "id": "google/gemini-2.5-flash",[39m
[31m+     "input": [[39m
[31m+       "text",[39m
[31m+     ],[39m
[31m+     "name": "Gemini 2.5 Flash",[39m
[31m+     "provider": "vercel-ai-gateway",[39m
[31m+     "reasoning": true,[39m
[31m+   },[39m
[31m+   {[39m
[31m+     "contextWindow": 1048576,[39m
[31m+     "id": "google/gemini-2.5-flash-lite",[39m
[31m+     "input": [[39m
[31m+       "text",[39m
[31m+       "image",[39m
[31m+     ],[39m
[31m+     "name": "Gemini 2.5 Flash Lite",[39m
[31m+     "provider": "vercel-ai-gateway",[39m
[31m+     "reasoning": true,[39m
[31m+   },[39m
[31m+   {[39m
[31m+     "contextWindow": 1048576,[39m
[31m+     "id": "google/gemini-2.5-flash-lite-preview-09-2025",[39m
[31m+     "input": [[39m
[31m+       "text",[39m
[31m+       "image",[39m
[31m+     ],[39m
[31m+     "name": "Gemini 2.5 Flash Lite Preview 09-2025",[39m
[31m+     "provider": "vercel-ai-gateway",[39m
[31m+     "reasoning": true,[39m
[31m+   },[39m
[31m+   {[39m
[31m+     "contextWindow": 1000000,[39m
[31m+     "id": "google/gemini-2.5-flash-preview-09-2025",[39m
[31m+     "input": [[39m
[31m+       "text",[39m
[31m+       "image",[39m
[31m+     ],[39m
[31m+     "name": "Gemini 2.5 Flash Preview 09-2025",[39m
[31m+     "provider": "vercel-ai-gateway",[39m
[31m+     "reasoning": true,[39m
[31m+   },[39m
[31m+   {[39m
[31m+     "contextWindow": 1048576,[39m
[31m+     "id": "google/gemini-2.5-pro",[39m
[31m+     "input": [[39m
[31m+       "text",[39m
[31m+     ],[39m
[31m+     "name": "Gemini 2.5 Pro",[39m
[31m+     "provider": "vercel-ai-gateway",[39m
[31m+     "reasoning": true,[39m
[31m+   },[39m
[31m+   {[39m
[31m+     "contextWindow": 1000000,[39m
[31m+     "id": "google/gemini-3-flash",[39m
[31m+     "input": [[39m
[31m+       "text",[39m
[31m+       "image",[39m
[31m+     ],[39m
[31m+     "name": "Gemini 3 Flash",[39m
[31m+     "provider": "vercel-ai-gateway",[39m
[31m+     "reasoning": true,[39m
[31m+   },[39m
[31m+   {[39m
[31m+     "contextWindow": 1000000,[39m
[31m+     "id": "google/gemini-3-pro-preview",[39m
[31m+     "input": [[39m
[31m+       "text",[39m
[31m+       "image",[39m
[31m+     ],[39m
[31m+     "name": "Gemini 3 Pro Preview",[39m
[31m+     "provider": "vercel-ai-gateway",[39m
[31m+     "reasoning": true,[39m
[31m+   },[39m
[31m+   {[39m
[31m+     "contextWindow": 1000000,[39m
[31m+     "id": "google/gemini-3.1-pro-preview",[39m
[31m+     "input": [[39m
[31m+       "text",[39m
[31m+       "image",[39m
[31m+     ],[39m
[31m+     "name": "Gemini 3.1 Pro Preview",[39m
[31m+     "provider": "vercel-ai-gateway",[39m
[31m+     "reasoning": true,[39m
[31m+   },[39m
[31m+   {[39m
[31m+     "contextWindow": 128000,[39m
[31m+     "id": "zai/glm-4.5-air",[39m
[31m+     "input": [[39m
[31m+       "text",[39m
[31m+     ],[39m
[31m+     "name": "GLM 4.5 Air",[39m
[31m+     "provider": "vercel-ai-gateway",[39m
[31m+     "reasoning": true,[39m
[31m+   },[39m
[31m+   {[39m
[31m+     "contextWindow": 65536,[39m
[31m+     "id": "zai/glm-4.5v",[39m
[31m+     "input": [[39m
[31m+       "text",[39m
[31m+       "image",[39m
[31m+     ],[39m
[31m+     "name": "GLM 4.5V",[39m
[31m+     "provider": "vercel-ai-gateway",[39m
[31m+     "reasoning": true,[39m
[31m+   },[39m
[31m+   {[39m
[31m+     "contextWindow": 200000,[39m
[31m+     "id": "zai/glm-4.6",[39m
[31m+     "input": [[39m
[31m+       "text",[39m
[31m+     ],[39m
[31m+     "name": "GLM 4.6",[39m
[31m+     "provider": "vercel-ai-gateway",[39m
[31m+     "reasoning": true,[39m
[31m+   },[39m
[31m+   {[39m
[31m+     "contextWindow": 202752,[39m
[31m+     "id": "zai/glm-4.7",[39m
[31m+     "input": [[39m
[31m+       "text",[39m
[31m+     ],[39m
[31m+     "name": "GLM 4.7",[39m
[31m+     "provider": "vercel-ai-gateway",[39m
[31m+     "reasoning": true,[39m
[31m+   },[39m
[31m+   {[39m
[31m+     "contextWindow": 200000,[39m
[31m+     "id": "zai/glm-4.7-flashx",[39m
[31m+     "input": [[39m
[31m+       "text",[39m
[31m+     ],[39m
[31m+     "name": "GLM 4.7 FlashX",[39m
[31m+     "provider": "vercel-ai-gateway",[39m
[31m+     "reasoning": true,[39m
[31m+   },[39m
[31m+   {[39m
[31m+     "contextWindow": 131072,[39m
[31m+     "id": "zai/glm-4.5",[39m
[31m+     "input": [[39m
[31m+       "text",[39m
[31m+     ],[39m
[31m+     "name": "GLM-4.5",[39m
[31m+     "provider": "vercel-ai-gateway",[39m
[31m+     "reasoning": true,[39m
[31m+   },[39m
[31m+   {[39m
[31m+     "contextWindow": 128000,[39m
[31m+     "id": "zai/glm-4.6v",[39m
[31m+     "input": [[39m
[31m+       "text",[39m
[31m+       "image",[39m
[31m+     ],[39m
[31m+     "name": "GLM-4.6V",[39m
[31m+     "provider": "vercel-ai-gateway",[39m
[31m+     "reasoning": true,[39m
[31m+   },[39m
[31m+   {[39m
[31m+     "contextWindow": 128000,[39m
[31m+     "id": "zai/glm-4.6v-flash",[39m
[31m+     "input": [[39m
[31m+       "text",[39m
[31m+       "image",[39m
[31m+     ],[39m
[31m+     "name": "GLM-4.6V-Flash",[39m
[31m+     "provider": "vercel-ai-gateway",[39m
[31m+     "reasoning": true,[39m
[31m+   },[39m
[31m+   {[39m
[31m+     "contextWindow": 202800,[39m
[31m+     "id": "zai/glm-5",[39m
[31m+     "input": [[39m
[31m+       "text",[39m
[31m+     ],[39m
[31m+     "name": "GLM-5",[39m
[31m+     "provider": "vercel-ai-gateway",[39m
[31m+     "reasoning": true,[39m
[31m+   },[39m
[31m+   {[39m
[31m+     "contextWindow": 128000,[39m
[31m+     "id": "openai/gpt-5-chat",[39m
[31m+     "input": [[39m
[31m+       "text",[39m
[31m+       "image",[39m
[31m+     ],[39m
[31m+     "name": "GPT 5 Chat",[39m
[31m+     "provider": "vercel-ai-gateway",[39m
[31m+     "reasoning": true,[39m
[31m+   },[39m
[31m+   {[39m
[31m+     "contextWindow": 400000,[39m
[31m+     "id": "openai/gpt-5.1-codex-max",[39m
[31m+     "input": [[39m
[31m+       "text",[39m
[31m+       "image",[39m
[31m+     ],[39m
[31m+     "name": "GPT 5.1 Codex Max",[39m
[31m+     "provider": "vercel-ai-gateway",[39m
[31m+     "reasoning": true,[39m
[31m+   },[39m
[31m+   {[39m
[31m+     "contextWindow": 400000,[39m
[31m+     "id": "openai/gpt-5.1-codex-mini",[39m
[31m+     "input": [[39m
[31m+       "text",[39m
[31m+       "image",[39m
[31m+     ],[39m
[31m+     "name": "GPT 5.1 Codex Mini",[39m
[31m+     "provider": "vercel-ai-gateway",[39m
[31m+     "reasoning": true,[39m
[31m+   },[39m
[31m+   {[39m
[31m+     "contextWindow": 400000,[39m
[31m+     "id": "openai/gpt-5.1-thinking",[39m
[31m+     "input": [[39m
[31m+       "text",[39m
[31m+       "image",[39m
[31m+     ],[39m
[31m+     "name": "GPT 5.1 Thinking",[39m
[31m+     "provider": "vercel-ai-gateway",[39m
[31m+     "reasoning": true,[39m
[31m+   },[39m
[31m+   {[39m
[31m+     "contextWindow": 400000,[39m
[31m+     "id": "openai/gpt-5.2",[39m
[31m+     "input": [[39m
[31m+       "text",[39m
[31m+       "image",[39m
[31m+     ],[39m
[31m+     "name": "GPT 5.2",[39m
[31m+     "provider": "vercel-ai-gateway",[39m
[31m+     "reasoning": true,[39m
[31m+   },[39m
[31m+   {[39m
[31m+     "contextWindow": 400000,[39m
[31m+     "id": "openai/gpt-5.2-pro",[39m
[31m+     "input": [[39m
[31m+       "text",[39m
[31m+       "image",[39m
[31m+     ],[39m
[31m+     "name": "GPT 5.2",[39m
[31m+     "provider": "vercel-ai-gateway",[39m
[31m+     "reasoning": true,[39m
[31m+   },[39m
[31m+   {[39m
[31m+     "contextWindow": 128000,[39m
[31m+     "id": "openai/gpt-5.2-chat",[39m
[31m+     "input": [[39m
[31m+       "text",[39m
[31m+       "image",[39m
[31m+     ],[39m
[31m+     "name": "GPT 5.2 Chat",[39m
[31m+     "provider": "vercel-ai-gateway",[39m
[31m+     "reasoning": true,[39m
[31m+   },[39m
[31m+   {[39m
[31m+     "contextWindow": 400000,[39m
[31m+     "id": "openai/gpt-5.2-codex",[39m
[31m+     "input": [[39m
[31m+       "text",[39m
[31m+       "image",[39m
[31m+     ],[39m
[31m+     "name": "GPT 5.2 Codex",[39m
[31m+     "provider": "vercel-ai-gateway",[39m
[31m+     "reasoning": true,[39m
[31m+   },[39m
[31m+   {[39m
[31m+     "contextWindow": 400000,[39m
[31m+     "id": "openai/gpt-5.3-codex",[39m
[31m+     "input": [[39m
[31m+       "text",[39m
[31m+       "image",[39m
[31m+     ],[39m
[31m+     "name": "GPT 5.3 Codex",[39m
[31m+     "provider": "vercel-ai-gateway",[39m
[31m+     "reasoning": true,[39m
[31m+   },[39m
[31m+   {[39m
[31m+     "contextWindow": 128000,[39m
[31m+     "id": "openai/gpt-4-turbo",[39m
[31m+     "input": [[39m
[31m+       "text",[39m
[31m+       "image",[39m
[31m+     ],[39m
[31m+     "name": "GPT-4 Turbo",[39m
[31m+     "provider": "vercel-ai-gateway",[39m
[31m+     "reasoning": false,[39m
[31m+   },[39m
[31m+   {[39m
[31m+     "contextWindow": 1047576,[39m
[31m+     "id": "openai/gpt-4.1",[39m
[31m+     "input": [[39m
[31m+       "text",[39m
[31m+       "image",[39m
[31m+     ],[39m
[31m+     "name": "GPT-4.1",[39m
[31m+     "provider": "vercel-ai-gateway",[39m
[31m+     "reasoning": false,[39m
[31m+   },[39m
[31m+   {[39m
[31m+     "contextWindow": 1047576,[39m
[31m+     "id": "openai/gpt-4.1-mini",[39m
[31m+     "input": [[39m
[31m+       "text",[39m
[31m+       "image",[39m
[31m+     ],[39m
[31m+     "name": "GPT-4.1 mini",[39m
[31m+     "provider": "vercel-ai-gateway",[39m
[31m+     "reasoning": false,[39m
[31m+   },[39m
[31m+   {[39m
[31m+     "contextWindow": 1047576,[39m
[31m+     "id": "openai/gpt-4.1-nano",[39m
[31m+     "input": [[39m
[31m+       "text",[39m
[31m+       "image",[39m
[31m+     ],[39m
[31m+     "name": "GPT-4.1 nano",[39m
[31m+     "provider": "vercel-ai-gateway",[39m
[31m+     "reasoning": false,[39m
[31m+   },[39m
[31m+   {[39m
[31m+     "contextWindow": 128000,[39m
[31m+     "id": "openai/gpt-4o",[39m
[31m+     "input": [[39m
[31m+       "text",[39m
[31m+       "image",[39m
[31m+     ],[39m
[31m+     "name": "GPT-4o",[39m
[31m+     "provider": "vercel-ai-gateway",[39m
[31m+     "reasoning": false,[39m
[31m+   },[39m
[31m+   {[39m
[31m+     "contextWindow": 128000,[39m
[31m+     "id": "openai/gpt-4o-mini",[39m
[31m+     "input": [[39m
[31m+       "text",[39m
[31m+       "image",[39m
[31m+     ],[39m
[31m+     "name": "GPT-4o mini",[39m
[31m+     "provider": "vercel-ai-gateway",[39m
[31m+     "reasoning": false,[39m
[31m+   },[39m
[31m+   {[39m
[31m+     "contextWindow": 400000,[39m
[31m+     "id": "openai/gpt-5",[39m
[31m+     "input": [[39m
[31m+       "text",[39m
[31m+       "image",[39m
[31m+     ],[39m
[31m+     "name": "GPT-5",[39m
[31m+     "provider": "vercel-ai-gateway",[39m
[31m+     "reasoning": true,[39m
[31m+   },[39m
[31m+   {[39m
[31m+     "contextWindow": 400000,[39m
[31m+     "id": "openai/gpt-5-mini",[39m
[31m+     "input": [[39m
[31m+       "text",[39m
[31m+       "image",[39m
[31m+     ],[39m
[31m+     "name": "GPT-5 mini",[39m
[31m+     "provider": "vercel-ai-gateway",[39m
[31m+     "reasoning": true,[39m
[31m+   },[39m
[31m+   {[39m
[31m+     "contextWindow": 400000,[39m
[31m+     "id": "openai/gpt-5-nano",[39m
[31m+     "input": [[39m
[31m+       "text",[39m
[31m+       "image",[39m
[31m+     ],[39m
[31m+     "name": "GPT-5 nano",[39m
[31m+     "provider": "vercel-ai-gateway",[39m
[31m+     "reasoning": true,[39m
[31m+   },[39m
[31m+   {[39m
[31m+     "contextWindow": 400000,[39m
[31m+     "id": "openai/gpt-5-pro",[39m
[31m+     "input": [[39m
[31m+       "text",[39m
[31m+       "image",[39m
[31m+     ],[39m
[31m+     "name": "GPT-5 pro",[39m
[31m+     "provider": "vercel-ai-gateway",[39m
[31m+     "reasoning": true,[39m
[31m+   },[39m
[31m+   {[39m
[31m+     "contextWindow": 400000,[39m
[31m+     "id": "openai/gpt-5-codex",[39m
[31m+     "input": [[39m
[31m+       "text",[39m
[31m+       "image",[39m
[31m+     ],[39m
[31m+     "name": "GPT-5-Codex",[39m
[31m+     "provider": "vercel-ai-gateway",[39m
[31m+     "reasoning": true,[39m
[31m+   },[39m
[31m+   {[39m
[31m+     "contextWindow": 128000,[39m
[31m+     "id": "openai/gpt-5.1-instant",[39m
[31m+     "input": [[39m
[31m+       "text",[39m
[31m+       "image",[39m
[31m+     ],[39m
[31m+     "name": "GPT-5.1 Instant",[39m
[31m+     "provider": "vercel-ai-gateway",[39m
[31m+     "reasoning": true,[39m
[31m+   },[39m
[31m+   {[39m
[31m+     "contextWindow": 400000,[39m
[31m+     "id": "openai/gpt-5.1-codex",[39m
[31m+     "input": [[39m
[31m+       "text",[39m
[31m+       "image",[39m
[31m+     ],[39m
[31m+     "name": "GPT-5.1-Codex",[39m
[31m+     "provider": "vercel-ai-gateway",[39m
[31m+     "reasoning": true,[39m
[31m+   },[39m
[31m+   {[39m
[31m+     "contextWindow": 131072,[39m
[31m+     "id": "openai/gpt-oss-120b",[39m
[31m+     "input": [[39m
[31m+       "text",[39m
[31m+     ],[39m
[31m+     "name": "gpt-oss-120b",[39m
[31m+     "provider": "vercel-ai-gateway",[39m
[31m+     "reasoning": true,[39m
[31m+   },[39m
[31m+   {[39m
[31m+     "contextWindow": 128000,[39m
[31m+     "id": "openai/gpt-oss-20b",[39m
[31m+     "input": [[39m
[31m+       "text",[39m
[31m+     ],[39m
[31m+     "name": "gpt-oss-20b",[39m
[31m+     "provider": "vercel-ai-gateway",[39m
[31m+     "reasoning": true,[39m
[31m+   },[39m
[31m+   {[39m
[31m+     "contextWindow": 131072,[39m
[31m+     "id": "openai/gpt-oss-safeguard-20b",[39m
[31m+     "input": [[39m
[31m+       "text",[39m
[31m+     ],[39m
[31m+     "name": "gpt-oss-safeguard-20b",[39m
[31m+     "provider": "vercel-ai-gateway",[39m
[31m+     "reasoning": true,[39m
[31m+   },[39m
[31m+   {[39m
[31m+     "contextWindow": 32768,[39m
[31m+     "id": "xai/grok-2-vision",[39m
[31m+     "input": [[39m
[31m+       "text",[39m
[31m+       "image",[39m
[31m+     ],[39m
[31m+     "name": "Grok 2 Vision",[39m
[31m+     "provider": "vercel-ai-gateway",[39m
[31m+     "reasoning": false,[39m
[31m+   },[39m
[31m+   {[39m
[31m+     "contextWindow": 131072,[39m
[31m+     "id": "xai/grok-3",[39m
[31m+     "input": [[39m
[31m+       "text",[39m
[31m+     ],[39m
[31m+     "name": "Grok 3 Beta",[39m
[31m+     "provider": "vercel-ai-gateway",[39m
[31m+     "reasoning": false,[39m
[31m+   },[39m
[31m+   {[39m
[31m+     "contextWindow": 131072,[39m
[31m+     "id": "xai/grok-3-fast",[39m
[31m+     "input": [[39m
[31m+       "text",[39m
[31m+     ],[39m
[31m+     "name": "Grok 3 Fast Beta",[39m
[31m+     "provider": "vercel-ai-gateway",[39m
[31m+     "reasoning": false,[39m
[31m+   },[39m
[31m+   {[39m
[31m+     "contextWindow": 131072,[39m
[31m+     "id": "xai/grok-3-mini",[39m
[31m+     "input": [[39m
[31m+       "text",[39m
[31m+     ],[39m
[31m+     "name": "Grok 3 Mini Beta",[39m
[31m+     "provider": "vercel-ai-gateway",[39m
[31m+     "reasoning": false,[39m
[31m+   },[39m
[31m+   {[39m
[31m+     "contextWindow": 131072,[39m
[31m+     "id": "xai/grok-3-mini-fast",[39m
[31m+     "input": [[39m
[31m+       "text",[39m
[31m+     ],[39m
[31m+     "name": "Grok 3 Mini Fast Beta",[39m
[31m+     "provider": "vercel-ai-gateway",[39m
[31m+     "reasoning": false,[39m
[31m+   },[39m
[31m+   {[39m
[31m+     "contextWindow": 256000,[39m
[31m+     "id": "xai/grok-4",[39m
[31m+     "input": [[39m
[31m+       "text",[39m
[31m+       "image",[39m
[31m+     ],[39m
[31m+     "name": "Grok 4",[39m
[31m+     "provider": "vercel-ai-gateway",[39m
[31m+     "reasoning": true,[39m
[31m+   },[39m
[31m+   {[39m
[31m+     "contextWindow": 2000000,[39m
[31m+     "id": "xai/grok-4-fast-non-reasoning",[39m
[31m+     "input": [[39m
[31m+       "text",[39m
[31m+     ],[39m
[31m+     "name": "Grok 4 Fast Non-Reasoning",[39m
[31m+     "provider": "vercel-ai-gateway",[39m
[31m+     "reasoning": false,[39m
[31m+   },[39m
[31m+   {[39m
[31m+     "contextWindow": 2000000,[39m
[31m+     "id": "xai/grok-4-fast-reasoning",[39m
[31m+     "input": [[39m
[31m+       "text",[39m
[31m+     ],[39m
[31m+     "name": "Grok 4 Fast Reasoning",[39m
[31m+     "provider": "vercel-ai-gateway",[39m
[31m+     "reasoning": true,[39m
[31m+   },[39m
[31m+   {[39m
[31m+     "contextWindow": 2000000,[39m
[31m+     "id": "xai/grok-4.1-fast-non-reasoning",[39m
[31m+     "input": [[39m
[31m+       "text",[39m
[31m+     ],[39m
[31m+     "name": "Grok 4.1 Fast Non-Reasoning",[39m
[31m+     "provider": "vercel-ai-gateway",[39m
[31m+     "reasoning": false,[39m
[31m+   },[39m
[31m+   {[39m
[31m+     "contextWindow": 2000000,[39m
[31m+     "id": "xai/grok-4.1-fast-reasoning",[39m
[31m+     "input": [[39m
[31m+       "text",[39m
[31m+     ],[39m
[31m+     "name": "Grok 4.1 Fast Reasoning",[39m
[31m+     "provider": "vercel-ai-gateway",[39m
[31m+     "reasoning": true,[39m
[31m+   },[39m
[31m+   {[39m
[31m+     "contextWindow": 256000,[39m
[31m+     "id": "xai/grok-code-fast-1",[39m
[31m+     "input": [[39m
[31m+       "text",[39m
[31m+     ],[39m
[31m+     "name": "Grok Code Fast 1",[39m
[31m+     "provider": "vercel-ai-gateway",[39m
[31m+     "reasoning": true,[39m
[31m+   },[39m
[31m+   {[39m
[31m+     "contextWindow": 131072,[39m
[31m+     "id": "prime-intellect/intellect-3",[39m
[31m+     "input": [[39m
[31m+       "text",[39m
[31m+     ],[39m
[31m+     "name": "INTELLECT 3",[39m
[31m+     "provider": "vercel-ai-gateway",[39m
[31m+     "reasoning": true,[39m
[31m+   },[39m
[31m+   {[39m
[31m+     "contextWindow": 131072,[39m
[31m+     "id": "moonshotai/kimi-k2",[39m
[31m+     "input": [[39m
[31m+       "text",[39m
[31m+     ],[39m
[31m+     "name": "Kimi K2",[39m
[31m+     "provider": "vercel-ai-gateway",[39m
[31m+     "reasoning": false,[39m
[31m+   },[39m
[31m+   {[39m
[31m+     "contextWindow": 216144,[39m
[31m+     "id": "moonshotai/kimi-k2-thinking",[39m
[31m+     "input": [[39m
[31m+       "text",[39m
[31m+     ],[39m
[31m+     "name": "Kimi K2 Thinking",[39m
[31m+     "provider": "vercel-ai-gateway",[39m
[31m+     "reasoning": true,[39m
[31m+   },[39m
[31m+   {[39m
[31m+     "contextWindow": 262114,[39m
[31m+     "id": "moonshotai/kimi-k2-thinking-turbo",[39m
[31m+     "input": [[39m
[31m+       "text",[39m
[31m+     ],[39m
[31m+     "name": "Kimi K2 Thinking Turbo",[39m
[31m+     "provider": "vercel-ai-gateway",[39m
[31m+     "reasoning": true,[39m
[31m+   },[39m
[31m+   {[39m
[31m+     "contextWindow": 256000,[39m
[31m+     "id": "moonshotai/kimi-k2-turbo",[39m
[31m+     "input": [[39m
[31m+       "text",[39m
[31m+     ],[39m
[31m+     "name": "Kimi K2 Turbo",[39m
[31m+     "provider": "vercel-ai-gateway",[39m
[31m+     "reasoning": false,[39m
[31m+   },[39m
[31m+   {[39m
[31m+     "contextWindow": 256000,[39m
[31m+     "id": "moonshotai/kimi-k2.5",[39m
[31m+     "input": [[39m
[31m+       "text",[39m
[31m+       "image",[39m
[31m+     ],[39m
[31m+     "name": "Kimi K2.5",[39m
[31m+     "provider": "vercel-ai-gateway",[39m
[31m+     "reasoning": true,[39m
[31m+   },[39m
[31m+   {[39m
[31m+     "contextWindow": 131072,[39m
[31m+     "id": "meta/llama-3.1-70b",[39m
[31m+     "input": [[39m
[31m+       "text",[39m
[31m+     ],[39m
[31m+     "name": "Llama 3.1 70B Instruct",[39m
[31m+     "provider": "vercel-ai-gateway",[39m
[31m+     "reasoning": false,[39m
[31m+   },[39m
[31m+   {[39m
[31m+     "contextWindow": 131072,[39m
[31m+     "id": "meta/llama-3.1-8b",[39m
[31m+     "input": [[39m
[31m+       "text",[39m
[31m+     ],[39m
[31m+     "name": "Llama 3.1 8B Instruct",[39m
[31m+     "provider": "vercel-ai-gateway",[39m
[31m+     "reasoning": false,[39m
[31m+   },[39m
[31m+   {[39m
[31m+     "contextWindow": 128000,[39m
[31m+     "id": "meta/llama-3.2-11b",[39m
[31m+     "input": [[39m
[31m+       "text",[39m
[31m+       "image",[39m
[31m+     ],[39m
[31m+     "name": "Llama 3.2 11B Vision Instruct",[39m
[31m+     "provider": "vercel-ai-gateway",[39m
[31m+     "reasoning": false,[39m
[31m+   },[39m
[31m+   {[39m
[31m+     "contextWindow": 128000,[39m
[31m+     "id": "meta/llama-3.2-90b",[39m
[31m+     "input": [[39m
[31m+       "text",[39m
[31m+       "image",[39m
[31m+     ],[39m
[31m+     "name": "Llama 3.2 90B Vision Instruct",[39m
[31m+     "provider": "vercel-ai-gateway",[39m
[31m+     "reasoning": false,[39m
[31m+   },[39m
[31m+   {[39m
[31m+     "contextWindow": 128000,[39m
[31m+     "id": "meta/llama-3.3-70b",[39m
[31m+     "input": [[39m
[31m+       "text",[39m
[31m+     ],[39m
[31m+     "name": "Llama 3.3 70B Instruct",[39m
[31m+     "provider": "vercel-ai-gateway",[39m
[31m+     "reasoning": false,[39m
[31m+   },[39m
[31m+   {[39m
[31m+     "contextWindow": 131072,[39m
[31m+     "id": "meta/llama-4-maverick",[39m
[31m+     "input": [[39m
[31m+       "text",[39m
[31m+       "image",[39m
[31m+     ],[39m
[31m+     "name": "Llama 4 Maverick 17B Instruct",[39m
[31m+     "provider": "vercel-ai-gateway",[39m
[31m+     "reasoning": false,[39m
[31m+   },[39m
[31m+   {[39m
[31m+     "contextWindow": 131072,[39m
[31m+     "id": "meta/llama-4-scout",[39m
[31m+     "input": [[39m
[31m+       "text",[39m
[31m+       "image",[39m
[31m+     ],[39m
[31m+     "name": "Llama 4 Scout 17B Instruct",[39m
[31m+     "provider": "vercel-ai-gateway",[39m
[31m+     "reasoning": false,[39m
[31m+   },[39m
[31m+   {[39m
[31m+     "contextWindow": 128000,[39m
[31m+     "id": "meituan/longcat-flash-chat",[39m
[31m+     "input": [[39m
[31m+       "text",[39m
[31m+     ],[39m
[31m+     "name": "LongCat Flash Chat",[39m
[31m+     "provider": "vercel-ai-gateway",[39m
[31m+     "reasoning": false,[39m
[31m+   },[39m
[31m+   {[39m
[31m+     "contextWindow": 128000,[39m
[31m+     "id": "meituan/longcat-flash-thinking",[39m
[31m+     "input": [[39m
[31m+       "text",[39m
[31m+     ],[39m
[31m+     "name": "LongCat Flash Thinking",[39m
[31m+     "provider": "vercel-ai-gateway",[39m
[31m+     "reasoning": true,[39m
[31m+   },[39m
[31m+   {[39m
[31m+     "contextWindow": 32000,[39m
[31m+     "id": "inception/mercury-coder-small",[39m
[31m+     "input": [[39m
[31m+       "text",[39m
[31m+     ],[39m
[31m+     "name": "Mercury Coder Small Beta",[39m
[31m+     "provider": "vercel-ai-gateway",[39m
[31m+     "reasoning": false,[39m
[31m+   },[39m
[31m+   {[39m
[31m+     "contextWindow": 262144,[39m
[31m+     "id": "xiaomi/mimo-v2-flash",[39m
[31m+     "input": [[39m
[31m+       "text",[39m
[31m+     ],[39m
[31m+     "name": "MiMo V2 Flash",[39m
[31m+     "provider": "vercel-ai-gateway",[39m
[31m+     "reasoning": true,[39m
[31m+   },[39m
[31m+   {[39m
[31m+     "contextWindow": 205000,[39m
[31m+     "id": "minimax/minimax-m2",[39m
[31m+     "input": [[39m
[31m+       "text",[39m
[31m+     ],[39m
[31m+     "name": "MiniMax M2",[39m
[31m+     "provider": "vercel-ai-gateway",[39m
[31m+     "reasoning": true,[39m
[31m+   },[39m
[31m+   {[39m
[31m+     "contextWindow": 204800,[39m
[31m+     "id": "minimax/minimax-m2.1",[39m
[31m+     "input": [[39m
[31m+       "text",[39m
[31m+     ],[39m
[31m+     "name": "MiniMax M2.1",[39m
[31m+     "provider": "vercel-ai-gateway",[39m
[31m+     "reasoning": true,[39m
[31m+   },[39m
[31m+   {[39m
[31m+     "contextWindow": 204800,[39m
[31m+     "id": "minimax/minimax-m2.1-lightning",[39m
[31m+     "input": [[39m
[31m+       "text",[39m
[31m+     ],[39m
[31m+     "name": "MiniMax M2.1 Lightning",[39m
[31m+     "provider": "vercel-ai-gateway",[39m
[31m+     "reasoning": true,[39m
[31m+   },[39m
[31m+   {[39m
[31m+     "contextWindow": 204800,[39m
[31m+     "id": "minimax/minimax-m2.5",[39m
[31m+     "input": [[39m
[31m+       "text",[39m
[31m+     ],[39m
[31m+     "name": "MiniMax M2.5",[39m
[31m+     "provider": "vercel-ai-gateway",[39m
[31m+     "reasoning": true,[39m
[31m+   },[39m
[31m+   {[39m
[31m+     "contextWindow": 128000,[39m
[31m+     "id": "mistral/ministral-3b",[39m
[31m+     "input": [[39m
[31m+       "text",[39m
[31m+     ],[39m
[31m+     "name": "Ministral 3B",[39m
[31m+     "provider": "vercel-ai-gateway",[39m
[31m+     "reasoning": false,[39m
[31m+   },[39m
[31m+   {[39m
[31m+     "contextWindow": 128000,[39m
[31m+     "id": "mistral/ministral-8b",[39m
[31m+     "input": [[39m
[31m+       "text",[39m
[31m+     ],[39m
[31m+     "name": "Ministral 8B",[39m
[31m+     "provider": "vercel-ai-gateway",[39m
[31m+     "reasoning": false,[39m
[31m+   },[39m
[31m+   {[39m
[31m+     "contextWindow": 128000,[39m
[31m+     "id": "mistral/codestral",[39m
[31m+     "input": [[39m
[31m+       "text",[39m
[31m+     ],[39m
[31m+     "name": "Mistral Codestral",[39m
[31m+     "provider": "vercel-ai-gateway",[39m
[31m+     "reasoning": false,[39m
[31m+   },[39m
[31m+   {[39m
[31m+     "contextWindow": 128000,[39m
[31m+     "id": "mistral/mistral-medium",[39m
[31m+     "input": [[39m
[31m+       "text",[39m
[31m+       "image",[39m
[31m+     ],[39m
[31m+     "name": "Mistral Medium 3.1",[39m
[31m+     "provider": "vercel-ai-gateway",[39m
[31m+     "reasoning": false,[39m
[31m+   },[39m
[31m+   {[39m
[31m+     "contextWindow": 32000,[39m
[31m+     "id": "mistral/mistral-small",[39m
[31m+     "input": [[39m
[31m+       "text",[39m
[31m+       "image",[39m
[31m+     ],[39m
[31m+     "name": "Mistral Small",[39m
[31m+     "provider": "vercel-ai-gateway",[39m
[31m+     "reasoning": false,[39m
[31m+   },[39m
[31m+   {[39m
[31m+     "contextWindow": 131072,[39m
[31m+     "id": "nvidia/nemotron-nano-12b-v2-vl",[39m
[31m+     "input": [[39m
[31m+       "text",[39m
[31m+       "image",[39m
[31m+     ],[39m
[31m+     "name": "Nvidia Nemotron Nano 12B V2 VL",[39m
[31m+     "provider": "vercel-ai-gateway",[39m
[31m+     "reasoning": true,[39m
[31m+   },[39m
[31m+   {[39m
[31m+     "contextWindow": 131072,[39m
[31m+     "id": "nvidia/nemotron-nano-9b-v2",[39m
[31m+     "input": [[39m
[31m+       "text",[39m
[31m+     ],[39m
[31m+     "name": "Nvidia Nemotron Nano 9B V2",[39m
[31m+     "provider": "vercel-ai-gateway",[39m
[31m+     "reasoning": true,[39m
[31m+   },[39m
[31m+   {[39m
[31m+     "contextWindow": 200000,[39m
[31m+     "id": "openai/o1",[39m
[31m+     "input": [[39m
[31m+       "text",[39m
[31m+       "image",[39m
[31m+     ],[39m
[31m+     "name": "o1",[39m
[31m+     "provider": "vercel-ai-gateway",[39m
[31m+     "reasoning": true,[39m
[31m+   },[39m
[31m+   {[39m
[31m+     "contextWindow": 200000,[39m
[31m+     "id": "openai/o3",[39m
[31m+     "input": [[39m
[31m+       "text",[39m
[31m+       "image",[39m
[31m+     ],[39m
[31m+     "name": "o3",[39m
[31m+     "provider": "vercel-ai-gateway",[39m
[31m+     "reasoning": true,[39m
[31m+   },[39m
[31m+   {[39m
[31m+     "contextWindow": 200000,[39m
[31m+     "id": "openai/o3-pro",[39m
[31m+     "input": [[39m
[31m+       "text",[39m
[31m+       "image",[39m
[31m+     ],[39m
[31m+     "name": "o3 Pro",[39m
[31m+     "provider": "vercel-ai-gateway",[39m
[31m+     "reasoning": true,[39m
[31m+   },[39m
[31m+   {[39m
[31m+     "contextWindow": 200000,[39m
[31m+     "id": "openai/o3-deep-research",[39m
[31m+     "input": [[39m
[31m+       "text",[39m
[31m+       "image",[39m
[31m+     ],[39m
[31m+     "name": "o3-deep-research",[39m
[31m+     "provider": "vercel-ai-gateway",[39m
[31m+     "reasoning": true,[39m
[31m+   },[39m
[31m+   {[39m
[31m+     "contextWindow": 200000,[39m
[31m+     "id": "openai/o3-mini",[39m
[31m+     "input": [[39m
[31m+       "text",[39m
[31m+     ],[39m
[31m+     "name": "o3-mini",[39m
[31m+     "provider": "vercel-ai-gateway",[39m
[31m+     "reasoning": true,[39m
[31m+   },[39m
[31m+   {[39m
[31m+     "contextWindow": 200000,[39m
[31m+     "id": "openai/o4-mini",[39m
[31m+     "input": [[39m
[31m+       "text",[39m
[31m+       "image",[39m
[31m+     ],[39m
[31m+     "name": "o4-mini",[39m
[31m+     "provider": "vercel-ai-gateway",[39m
[31m+     "reasoning": true,[39m
[31m+   },[39m
[31m+   {[39m
[31m+     "contextWindow": 128000,[39m
[31m+     "id": "mistral/pixtral-12b",[39m
[31m+     "input": [[39m
[31m+       "text",[39m
[31m+       "image",[39m
[31m+     ],[39m
[31m+     "name": "Pixtral 12B 2409",[39m
[31m+     "provider": "vercel-ai-gateway",[39m
[31m+     "reasoning": false,[39m
[31m+   },[39m
[31m+   {[39m
[31m+     "contextWindow": 128000,[39m
[31m+     "id": "mistral/pixtral-large",[39m
[31m+     "input": [[39m
[31m+       "text",[39m
[31m+       "image",[39m
[31m+     ],[39m
[31m+     "name": "Pixtral Large",[39m
[31m+     "provider": "vercel-ai-gateway",[39m
[31m+     "reasoning": false,[39m
[31m+   },[39m
[31m+   {[39m
[31m+     "contextWindow": 40960,[39m
[31m+     "id": "alibaba/qwen-3-32b",[39m
[31m+     "input": [[39m
[31m+       "text",[39m
[31m+     ],[39m
[31m+     "name": "Qwen 3 32B",[39m
[31m+     "provider": "vercel-ai-gateway",[39m
[31m+     "reasoning": true,[39m
[31m+   },[39m
[31m+   {[39m
[31m+     "contextWindow": 160000,[39m
[31m+     "id": "alibaba/qwen3-coder-30b-a3b",[39m
[31m+     "input": [[39m
[31m+       "text",[39m
[31m+     ],[39m
[31m+     "name": "Qwen 3 Coder 30B A3B Instruct",[39m
[31m+     "provider": "vercel-ai-gateway",[39m
[31m+     "reasoning": true,[39m
[31m+   },[39m
[31m+   {[39m
[31m+     "contextWindow": 256000,[39m
[31m+     "id": "alibaba/qwen3-max-thinking",[39m
[31m+     "input": [[39m
[31m+       "text",[39m
[31m+     ],[39m
[31m+     "name": "Qwen 3 Max Thinking",[39m
[31m+     "provider": "vercel-ai-gateway",[39m
[31m+     "reasoning": true,[39m
[31m+   },[39m
[31m+   {[39m
[31m+     "contextWindow": 1000000,[39m
[31m+     "id": "alibaba/qwen3.5-flash",[39m
[31m+     "input": [[39m
[31m+       "text",[39m
[31m+       "image",[39m
[31m+     ],[39m
[31m+     "name": "Qwen 3.5 Flash",[39m
[31m+     "provider": "vercel-ai-gateway",[39m
[31m+     "reasoning": true,[39m
[31m+   },[39m
[31m+   {[39m
[31m+     "contextWindow": 1000000,[39m
[31m+     "id": "alibaba/qwen3.5-plus",[39m
[31m+     "input": [[39m
[31m+       "text",[39m
[31m+       "image",[39m
[31m+     ],[39m
[31m+     "name": "Qwen 3.5 Plus",[39m
[31m+     "provider": "vercel-ai-gateway",[39m
[31m+     "reasoning": true,[39m
[31m+   },[39m
[31m+   {[39m
[31m+     "contextWindow": 262114,[39m
[31m+     "id": "alibaba/qwen3-235b-a22b-thinking",[39m
[31m+     "input": [[39m
[31m+       "text",[39m
[31m+       "image",[39m
[31m+     ],[39m
[31m+     "name": "Qwen3 235B A22B Thinking 2507",[39m
[31m+     "provider": "vercel-ai-gateway",[39m
[31m+     "reasoning": true,[39m
[31m+   },[39m
[31m+   {[39m
[31m+     "contextWindow": 262144,[39m
[31m+     "id": "alibaba/qwen3-coder",[39m
[31m+     "input": [[39m
[31m+       "text",[39m
[31m+     ],[39m
[31m+     "name": "Qwen3 Coder 480B A35B Instruct",[39m
[31m+     "provider": "vercel-ai-gateway",[39m
[31m+     "reasoning": false,[39m
[31m+   },[39m
[31m+   {[39m
[31m+     "contextWindow": 256000,[39m
[31m+     "id": "alibaba/qwen3-coder-next",[39m
[31m+     "input": [[39m
[31m+       "text",[39m
[31m+     ],[39m
[31m+     "name": "Qwen3 Coder Next",[39m
[31m+     "provider": "vercel-ai-gateway",[39m
[31m+     "reasoning": true,[39m
[31m+   },[39m
[31m+   {[39m
[31m+     "contextWindow": 1000000,[39m
[31m+     "id": "alibaba/qwen3-coder-plus",[39m
[31m+     "input": [[39m
[31m+       "text",[39m
[31m+     ],[39m
[31m+     "name": "Qwen3 Coder Plus",[39m
[31m+     "provider": "vercel-ai-gateway",[39m
[31m+     "reasoning": false,[39m
[31m+   },[39m
[31m+   {[39m
[31m+     "contextWindow": 262144,[39m
[31m+     "id": "alibaba/qwen3-max-preview",[39m
[31m+     "input": [[39m
[31m+       "text",[39m
[31m+     ],[39m
[31m+     "name": "Qwen3 Max Preview",[39m
[31m+     "provider": "vercel-ai-gateway",[39m
[31m+     "reasoning": false,[39m
[31m+   },[39m
[31m+   {[39m
[31m+     "contextWindow": 256000,[39m
[31m+     "id": "alibaba/qwen3-vl-thinking",[39m
[31m+     "input": [[39m
[31m+       "text",[39m
[31m+       "image",[39m
[31m+     ],[39m
[31m+     "name": "Qwen3 VL 235B A22B Thinking",[39m
[31m+     "provider": "vercel-ai-gateway",[39m
[31m+     "reasoning": true,[39m
[31m+   },[39m
[31m+   {[39m
[31m+     "contextWindow": 40960,[39m
[31m+     "id": "alibaba/qwen-3-14b",[39m
[31m+     "input": [[39m
[31m+       "text",[39m
[31m+     ],[39m
[31m+     "name": "Qwen3-14B",[39m
[31m+     "provider": "vercel-ai-gateway",[39m
[31m+     "reasoning": true,[39m
[31m+   },[39m
[31m+   {[39m
[31m+     "contextWindow": 40960,[39m
[31m+     "id": "alibaba/qwen-3-235b",[39m
[31m+     "input": [[39m
[31m+       "text",[39m
[31m+     ],[39m
[31m+     "name": "Qwen3-235B-A22B",[39m
[31m+     "provider": "vercel-ai-gateway",[39m
[31m+     "reasoning": false,[39m
[31m+   },[39m
[31m+   {[39m
[31m+     "contextWindow": 40960,[39m
[31m+     "id": "alibaba/qwen-3-30b",[39m
[31m+     "input": [[39m
[31m+       "text",[39m
[31m+     ],[39m
[31m+     "name": "Qwen3-30B-A3B",[39m
[31m+     "provider": "vercel-ai-gateway",[39m
[31m+     "reasoning": true,[39m
[31m+   },[39m
[31m+   {[39m
[31m+     "contextWindow": 256000,[39m
[31m+     "id": "bytedance/seed-1.6",[39m
[31m+     "input": [[39m
[31m+       "text",[39m
[31m+     ],[39m
[31m+     "name": "Seed 1.6",[39m
[31m+     "provider": "vercel-ai-gateway",[39m
[31m+     "reasoning": true,[39m
[31m+   },[39m
[31m+   {[39m
[31m+     "contextWindow": 127000,[39m
[31m+     "id": "perplexity/sonar",[39m
[31m+     "input": [[39m
[31m+       "text",[39m
[31m+       "image",[39m
[31m+     ],[39m
[31m+     "name": "Sonar",[39m
[31m+     "provider": "vercel-ai-gateway",[39m
[31m+     "reasoning": false,[39m
[31m+   },[39m
[31m+   {[39m
[31m+     "contextWindow": 200000,[39m
[31m+     "id": "perplexity/sonar-pro",[39m
[31m+     "input": [[39m
[31m+       "text",[39m
[31m+       "image",[39m
[31m+     ],[39m
[31m+     "name": "Sonar Pro",[39m
[31m+     "provider": "vercel-ai-gateway",[39m
[31m+     "reasoning": false,[39m
[31m+   },[39m
[31m+   {[39m
[31m+     "contextWindow": 131000,[39m
[31m+     "id": "arcee-ai/trinity-large-preview",[39m
[31m+     "input": [[39m
[31m+       "text",[39m
[31m+     ],[39m
[31m+     "name": "Trinity Large Preview",[39m
[31m+     "provider": "vercel-ai-gateway",[39m
[31m+     "reasoning": false,[39m
[31m+   },[39m
[31m+   {[39m
[31m+     "contextWindow": 128000,[39m
[31m+     "id": "vercel/v0-1.0-md",[39m
[31m+     "input": [[39m
[31m+       "text",[39m
[31m+       "image",[39m
[31m+     ],[39m
[31m+     "name": "v0-1.0-md",[39m
[31m+     "provider": "vercel-ai-gateway",[39m
[31m+     "reasoning": false,[39m
[31m+   },[39m
[31m+   {[39m
[31m+     "contextWindow": 128000,[39m
[31m+     "id": "vercel/v0-1.5-md",[39m
[31m+     "input": [[39m
[31m+       "text",[39m
[31m+       "image",[39m
[31m+     ],[39m
[31m+     "name": "v0-1.5-md",[39m
[31m+     "provider": "vercel-ai-gateway",[39m
[31m+     "reasoning": false,[39m
[31m+   },[39m
[31m+   {[39m
[31m+     "contextWindow": 131072,[39m
[31m+     "id": "grok-2",[39m
[31m+     "input": [[39m
[31m+       "text",[39m
[31m+     ],[39m
[31m+     "name": "Grok 2",[39m
[31m+     "provider": "xai",[39m
[31m+     "reasoning": false,[39m
[31m+   },[39m
[31m+   {[39m
[31m+     "contextWindow": 131072,[39m
[31m+     "id": "grok-2-1212",[39m
[31m+     "input": [[39m
[31m+       "text",[39m
[31m+     ],[39m
[31m+     "name": "Grok 2 (1212)",[39m
[31m+     "provider": "xai",[39m
[31m+     "reasoning": false,[39m
[31m+   },[39m
[31m+   {[39m
[31m+     "contextWindow": 131072,[39m
[31m+     "id": "grok-2-latest",[39m
[31m+     "input": [[39m
[31m+       "text",[39m
[31m+     ],[39m
[31m+     "name": "Grok 2 Latest",[39m
[31m+     "provider": "xai",[39m
[31m+     "reasoning": false,[39m
[31m+   },[39m
[31m+   {[39m
[31m+     "contextWindow": 8192,[39m
[31m+     "id": "grok-2-vision",[39m
[31m+     "input": [[39m
[31m+       "text",[39m
[31m+       "image",[39m
[31m+     ],[39m
[31m+     "name": "Grok 2 Vision",[39m
[31m+     "provider": "xai",[39m
[31m+     "reasoning": false,[39m
[31m+   },[39m
[31m+   {[39m
[31m+     "contextWindow": 8192,[39m
[31m+     "id": "grok-2-vision-1212",[39m
[31m+     "input": [[39m
[31m+       "text",[39m
[31m+       "image",[39m
[31m+     ],[39m
[31m+     "name": "Grok 2 Vision (1212)",[39m
[31m+     "provider": "xai",[39m
[31m+     "reasoning": false,[39m
[31m+   },[39m
[31m+   {[39m
[31m+     "contextWindow": 8192,[39m
[31m+     "id": "grok-2-vision-latest",[39m
[31m+     "input": [[39m
[31m+       "text",[39m
[31m+       "image",[39m
[31m+     ],[39m
[31m+     "name": "Grok 2 Vision Latest",[39m
[31m+     "provider": "xai",[39m
[31m+     "reasoning": false,[39m
[31m+   },[39m
[31m+   {[39m
[31m+     "contextWindow": 131072,[39m
[31m+     "id": "grok-3",[39m
[31m+     "input": [[39m
[31m+       "text",[39m
[31m+     ],[39m
[31m+     "name": "Grok 3",[39m
[31m+     "provider": "xai",[39m
[31m+     "reasoning": false,[39m
[31m+   },[39m
[31m+   {[39m
[31m+     "contextWindow": 131072,[39m
[31m+     "id": "grok-3-fast",[39m
[31m+     "input": [[39m
[31m+       "text",[39m
[31m+     ],[39m
[31m+     "name": "Grok 3 Fast",[39m
[31m+     "provider": "xai",[39m
[31m+     "reasoning": false,[39m
[31m+   },[39m
[31m+   {[39m
[31m+     "contextWindow": 131072,[39m
[31m+     "id": "grok-3-fast-latest",[39m
[31m+     "input": [[39m
[31m+       "text",[39m
[31m+     ],[39m
[31m+     "name": "Grok 3 Fast Latest",[39m
[31m+     "provider": "xai",[39m
[31m+     "reasoning": false,[39m
[31m+   },[39m
[31m+   {[39m
[31m+     "contextWindow": 131072,[39m
[31m+     "id": "grok-3-latest",[39m
[31m+     "input": [[39m
[31m+       "text",[39m
[31m+     ],[39m
[31m+     "name": "Grok 3 Latest",[39m
[31m+     "provider": "xai",[39m
[31m+     "reasoning": false,[39m
[31m+   },[39m
[31m+   {[39m
[31m+     "contextWindow": 131072,[39m
[31m+     "id": "grok-3-mini",[39m
[31m+     "input": [[39m
[31m+       "text",[39m
[31m+     ],[39m
[31m+     "name": "Grok 3 Mini",[39m
[31m+     "provider": "xai",[39m
[31m+     "reasoning": true,[39m
[31m+   },[39m
[31m+   {[39m
[31m+     "contextWindow": 131072,[39m
[31m+     "id": "grok-3-mini-fast",[39m
[31m+     "input": [[39m
[31m+       "text",[39m
[31m+     ],[39m
[31m+     "name": "Grok 3 Mini Fast",[39m
[31m+     "provider": "xai",[39m
[31m+     "reasoning": true,[39m
[31m+   },[39m
[31m+   {[39m
[31m+     "contextWindow": 131072,[39m
[31m+     "id": "grok-3-mini-fast-latest",[39m
[31m+     "input": [[39m
[31m+       "text",[39m
[31m+     ],[39m
[31m+     "name": "Grok 3 Mini Fast Latest",[39m
[31m+     "provider": "xai",[39m
[31m+     "reasoning": true,[39m
[31m+   },[39m
[31m+   {[39m
[31m+     "contextWindow": 131072,[39m
[31m+     "id": "grok-3-mini-latest",[39m
[31m+     "input": [[39m
[31m+       "text",[39m
[31m+     ],[39m
[31m+     "name": "Grok 3 Mini Latest",[39m
[31m+     "provider": "xai",[39m
[31m+     "reasoning": true,[39m
[31m+   },[39m
[31m+   {[39m
[31m+     "contextWindow": 256000,[39m
[31m+     "id": "grok-4",[39m
[31m+     "input": [[39m
[31m+       "text",[39m
[31m+     ],[39m
[31m+     "name": "Grok 4",[39m
[31m+     "provider": "xai",[39m
[31m+     "reasoning": true,[39m
[31m+   },[39m
[31m+   {[39m
[31m+     "contextWindow": 2000000,[39m
[31m+     "id": "grok-4-fast",[39m
[31m+     "input": [[39m
[31m+       "text",[39m
[31m+       "image",[39m
[31m+     ],[39m
[31m+     "name": "Grok 4 Fast",[39m
[31m+     "provider": "xai",[39m
[31m+     "reasoning": true,[39m
[31m+   },[39m
[31m+   {[39m
[31m+     "contextWindow": 2000000,[39m
[31m+     "id": "grok-4-fast-non-reasoning",[39m
[31m+     "input": [[39m
[31m+       "text",[39m
[31m+       "image",[39m
[31m+     ],[39m
[31m+     "name": "Grok 4 Fast (Non-Reasoning)",[39m
[31m+     "provider": "xai",[39m
[31m+     "reasoning": false,[39m
[31m+   },[39m
[31m+   {[39m
[31m+     "contextWindow": 2000000,[39m
[31m+     "id": "grok-4-1-fast",[39m
[31m+     "input": [[39m
[31m+       "text",[39m
[31m+       "image",[39m
[31m+     ],[39m
[31m+     "name": "Grok 4.1 Fast",[39m
[31m+     "provider": "xai",[39m
[31m+     "reasoning": true,[39m
[31m+   },[39m
[31m+   {[39m
[31m+     "contextWindow": 2000000,[39m
[31m+     "id": "grok-4-1-fast-non-reasoning",[39m
[31m+     "input": [[39m
[31m+       "text",[39m
[31m+       "image",[39m
[31m+     ],[39m
[31m+     "name": "Grok 4.1 Fast (Non-Reasoning)",[39m
[31m+     "provider": "xai",[39m
[31m+     "reasoning": false,[39m
[31m+   },[39m
[31m+   {[39m
[31m+     "contextWindow": 131072,[39m
[31m+     "id": "grok-beta",[39m
[31m+     "input": [[39m
[31m+       "text",[39m
[31m+     ],[39m
[31m+     "name": "Grok Beta",[39m
[31m+     "provider": "xai",[39m
[31m+     "reasoning": false,[39m
[31m+   },[39m
[31m+   {[39m
[31m+     "contextWindow": 256000,[39m
[31m+     "id": "grok-code-fast-1",[39m
[31m+     "input": [[39m
[31m+       "text",[39m
[31m+     ],[39m
[31m+     "name": "Grok Code Fast 1",[39m
[31m+     "provider": "xai",[39m
[31m+     "reasoning": true,[39m
[31m+   },[39m
[31m+   {[39m
[31m+     "contextWindow": 8192,[39m
[31m+     "id": "grok-vision-beta",[39m
[31m+     "input": [[39m
[31m+       "text",[39m
[31m+       "image",[39m
[31m+     ],[39m
[31m+     "name": "Grok Vision Beta",[39m
[31m+     "provider": "xai",[39m
[31m+     "reasoning": false,[39m
[31m+   },[39m
[31m+   {[39m
[31m+     "contextWindow": 131072,[39m
[31m+     "id": "glm-4.5",[39m
[31m+     "input": [[39m
[31m+       "text",[39m
[31m+     ],[39m
[31m+     "name": "GLM-4.5",[39m
[31m+     "provider": "zai",[39m
[31m+     "reasoning": true,[39m
[31m+   },[39m
[31m+   {[39m
[31m+     "contextWindow": 131072,[39m
[31m+     "id": "glm-4.5-air",[39m
[31m+     "input": [[39m
[31m+       "text",[39m
[31m+     ],[39m
[31m+     "name": "GLM-4.5-Air",[39m
[31m+     "provider": "zai",[39m
[31m+     "reasoning": true,[39m
[31m+   },[39m
[31m+   {[39m
[31m+     "contextWindow": 131072,[39m
[31m+     "id": "glm-4.5-flash",[39m
[31m+     "input": [[39m
[31m+       "text",[39m
[31m+     ],[39m
[31m+     "name": "GLM-4.5-Flash",[39m
[31m+     "provider": "zai",[39m
[31m+     "reasoning": true,[39m
[31m+   },[39m
[31m+   {[39m
[31m+     "contextWindow": 64000,[39m
[31m+     "id": "glm-4.5v",[39m
[31m+     "input": [[39m
[31m+       "text",[39m
[31m+       "image",[39m
[31m+     ],[39m
[31m+     "name": "GLM-4.5V",[39m
[31m+     "provider": "zai",[39m
[31m+     "reasoning": true,[39m
[31m+   },[39m
[31m+   {[39m
[31m+     "contextWindow": 204800,[39m
[31m+     "id": "glm-4.6",[39m
[31m+     "input": [[39m
[31m+       "text",[39m
[31m+     ],[39m
[31m+     "name": "GLM-4.6",[39m
[31m+     "provider": "zai",[39m
[31m+     "reasoning": true,[39m
[31m+   },[39m
[31m+   {[39m
[31m+     "contextWindow": 128000,[39m
[31m+     "id": "glm-4.6v",[39m
[31m+     "input": [[39m
[31m+       "text",[39m
[31m+       "image",[39m
[31m+     ],[39m
[31m+     "name": "GLM-4.6V",[39m
[31m+     "provider": "zai",[39m
[31m+     "reasoning": true,[39m
[31m+   },[39m
[31m+   {[39m
[31m+     "contextWindow": 204800,[39m
[31m+     "id": "glm-4.7",[39m
[31m+     "input": [[39m
[31m+       "text",[39m
[31m+     ],[39m
[31m+     "name": "GLM-4.7",[39m
[31m+     "provider": "zai",[39m
[31m+     "reasoning": true,[39m
[31m+   },[39m
[31m+   {[39m
[31m+     "contextWindow": 200000,[39m
[31m+     "id": "glm-4.7-flash",[39m
[31m+     "input": [[39m
[31m+       "text",[39m
[31m+     ],[39m
[31m+     "name": "GLM-4.7-Flash",[39m
[31m+     "provider": "zai",[39m
[31m+     "reasoning": true,[39m
[31m+   },[39m
[31m+   {[39m
[31m+     "contextWindow": 204800,[39m
[31m+     "id": "glm-5",[39m
[31m+     "input": [[39m
[31m+       "text",[39m
[31m+     ],[39m
[31m+     "name": "GLM-5",[39m
[31m+     "provider": "zai",[39m
[31m+     "reasoning": true,[39m
[2m    },[22m
[2m  ][22m

[36m [2m❯[22m src/gateway/server.models-voicewake-misc.test.ts:[2m291:20[22m[39m
    [90m289| [39m
    [90m290| [39m    [35mconst[39m models [33m=[39m res1[33m.[39mpayload[33m?.[39mmodels [33m??[39m [][33m;[39m
    [90m291| [39m    [34mexpect[39m(models)[33m.[39m[34mtoEqual[39m([34mexpectedSortedCatalog[39m())[33m;[39m
    [90m   | [39m                   [31m^[39m
    [90m292| [39m
    [90m293| [39m    [34mexpect[39m(piSdkMock[33m.[39mdiscoverCalls)[33m.[39m[34mtoBe[39m([34m1[39m)[33m;[39m

[31m[2m⎯⎯⎯⎯⎯⎯⎯⎯⎯⎯⎯⎯⎯⎯⎯⎯⎯⎯⎯⎯⎯⎯⎯⎯[1/2]⎯[22m[39m

[41m[1m FAIL [22m[49m src/gateway/server.models-voicewake-misc.test.ts[2m > [22mgateway server models + voicewake[2m > [22mmodels.list filters to allowlisted configured models by default
[31m[1mAssertionError[22m: expected [ { id: 'gpt-test-z', …(2) }, …(1) ] to deeply equal [ { id: 'claude-test-a', …(3) }, …(1) ][39m

[32m- Expected[39m
[31m+ Received[39m

[2m  [[22m
[2m    {[22m
[32m-     "contextWindow": 200000,[39m
[32m-     "id": "claude-test-a",[39m
[32m-     "name": "A-Model",[39m
[32m-     "provider": "anthropic",[39m
[32m-   },[39m
[32m-   {[39m
[2m      "id": "gpt-test-z",[22m
[2m      "name": "gpt-test-z",[22m
[2m      "provider": "openai",[22m
[31m+   },[39m
[31m+   {[39m
[31m+     "id": "claude-test-a",[39m
[31m+     "name": "claude-test-a",[39m
[31m+     "provider": "anthropic",[39m
[2m    },[22m
[2m  ][22m

[36m [2m❯[22m src/gateway/server.models-voicewake-misc.test.ts:[2m314:37[22m[39m
    [90m312| [39m
    [90m313| [39m        [34mexpect[39m(res[33m.[39mok)[33m.[39m[34mtoBe[39m([35mtrue[39m)[33m;[39m
    [90m314| [39m        [34mexpect[39m(res[33m.[39mpayload[33m?.[39mmodels)[33m.[39m[34mtoEqual[39m([
    [90m   | [39m                                    [31m^[39m
    [90m315| [39m          {
    [90m316| [39m            id[33m:[39m [32m"claude-test-a"[39m[33m,[39m
[90m [2m❯[22m withModelsConfig src/gateway/server.models-voicewake-misc.test.ts:[2m174:14[22m[39m
[90m [2m❯[22m src/gateway/server.models-voicewake-misc.test.ts:[2m297:5[22m[39m

[31m[2m⎯⎯⎯⎯⎯⎯⎯⎯⎯⎯⎯⎯⎯⎯⎯⎯⎯⎯⎯⎯⎯⎯⎯⎯[2/2]⎯[22m[39m


[2m Test Files [22m [1m[31m1 failed[39m[22m[2m | [22m[1m[32m105 passed[39m[22m[90m (106)[39m
[2m      Tests [22m [1m[31m2 failed[39m[22m[2m | [22m[1m[32m950 passed[39m[22m[90m (952)[39m
[2m   Start at [22m 12:07:48
[2m   Duration [22m 38.08s[2m (transform 34.36s, setup 7.92s, import 118.50s, tests 75.30s, environment 7ms)[22m

 [32m✓[39m extensions/bluebubbles/src/send.test.ts [2m([22m[2m35 tests[22m[2m)[22m[32m 12[2mms[22m[39m
 [32m✓[39m src/plugin-sdk/fetch-auth.test.ts [2m([22m[2m5 tests[22m[2m)[22m[32m 29[2mms[22m[39m
 [32m✓[39m src/discord/resolve-channels.test.ts [2m([22m[2m4 tests[22m[2m)[22m[32m 29[2mms[22m[39m
 [32m✓[39m extensions/twitch/src/twitch-client.test.ts [2m([22m[2m30 tests[22m[2m)[22m[32m 10[2mms[22m[39m
 [32m✓[39m extensions/msteams/src/polls.test.ts [2m([22m[2m3 tests[22m[2m)[22m[32m 11[2mms[22m[39m
 [32m✓[39m src/infra/run-node.test.ts [2m([22m[2m1 test[22m[2m)[22m[32m 32[2mms[22m[39m
 [32m✓[39m src/signal/client.test.ts [2m([22m[2m3 tests[22m[2m)[22m[32m 28[2mms[22m[39m
 [32m✓[39m src/config/config.legacy-config-detection.rejects-routing-allowfrom.test.ts [2m([22m[2m25 tests[22m[2m)[22m[32m 31[2mms[22m[39m
 [32m✓[39m extensions/bluebubbles/src/reactions.test.ts [2m([22m[2m46 tests[22m[2m)[22m[32m 8[2mms[22m[39m
 [32m✓[39m src/agents/minimax-vlm.normalizes-api-key.test.ts [2m([22m[2m1 test[22m[2m)[22m[32m 27[2mms[22m[39m
 [32m✓[39m src/commands/status.test.ts [2m([22m[2m11 tests[22m[2m)[22m[32m 30[2mms[22m[39m
 [32m✓[39m src/cli/devices-cli.test.ts [2m([22m[2m13 tests[22m[2m)[22m[32m 28[2mms[22m[39m
 [32m✓[39m src/cron/service.get-job.test.ts [2m([22m[2m2 tests[22m[2m)[22m[32m 19[2mms[22m[39m
 [32m✓[39m src/cron/service.rearm-timer-when-running.test.ts [2m([22m[2m2 tests[22m[2m)[22m[32m 16[2mms[22m[39m
 [32m✓[39m extensions/matrix/src/matrix/send-queue.test.ts [2m([22m[2m5 tests[22m[2m)[22m[32m 6[2mms[22m[39m
 [32m✓[39m src/web/auto-reply/web-auto-reply-monitor.test.ts [2m([22m[2m13 tests[22m[2m)[22m[32m 33[2mms[22m[39m
 [32m✓[39m src/discord/api.test.ts [2m([22m[2m3 tests[22m[2m)[22m[32m 28[2mms[22m[39m
 [32m✓[39m src/cli/program/register.maintenance.test.ts [2m([22m[2m7 tests[22m[2m)[22m[32m 30[2mms[22m[39m
 [32m✓[39m src/discord/monitor/provider.rest-proxy.test.ts [2m([22m[2m2 tests[22m[2m)[22m[32m 27[2mms[22m[39m
 [32m✓[39m src/infra/fetch.test.ts [2m([22m[2m9 tests[22m[2m)[22m[32m 27[2mms[22m[39m
 [32m✓[39m src/telegram/bot-message-context.dm-threads.test.ts [2m([22m[2m5 tests[22m[2m)[22m[32m 32[2mms[22m[39m
 [32m✓[39m extensions/voice-call/src/webhook-security.test.ts [2m([22m[2m19 tests[22m[2m)[22m[32m 15[2mms[22m[39m
 [32m✓[39m src/cron/service.store-migration.test.ts [2m([22m[2m2 tests[22m[2m)[22m[32m 34[2mms[22m[39m
 [32m✓[39m src/agents/workspace.load-extra-bootstrap-files.test.ts [2m([22m[2m5 tests[22m[2m)[22m[32m 36[2mms[22m[39m
 [32m✓[39m src/logging/log-file-size-cap.test.ts [2m([22m[2m3 tests[22m[2m)[22m[32m 25[2mms[22m[39m
 [32m✓[39m src/web/auto-reply.web-auto-reply.last-route.test.ts [2m([22m[2m2 tests[22m[2m)[22m[32m 32[2mms[22m[39m
 [32m✓[39m src/web/monitor-inbox.blocks-messages-from-unauthorized-senders-not-allowfrom.test.ts [2m([22m[2m9 tests[22m[2m)[22m[32m 29[2mms[22m[39m
 [32m✓[39m src/memory/post-json.test.ts [2m([22m[2m2 tests[22m[2m)[22m[32m 26[2mms[22m[39m
 [32m✓[39m src/infra/heartbeat-runner.sender-prefers-delivery-target.test.ts [2m([22m[2m1 test[22m[2m)[22m[32m 33[2mms[22m[39m
 [32m✓[39m src/web/monitor-inbox.captures-media-path-image-messages.test.ts [2m([22m[2m8 tests[22m[2m)[22m[32m 26[2mms[22m[39m
 [32m✓[39m src/agents/ernos-tools.session-status.test.ts [2m([22m[2m7 tests[22m[2m)[22m[32m 29[2mms[22m[39m
 [32m✓[39m src/commands/auth-choice.apply.huggingface.test.ts [2m([22m[2m5 tests[22m[2m)[22m[32m 26[2mms[22m[39m
 [32m✓[39m src/agents/pi-auth-json.test.ts [2m([22m[2m8 tests[22m[2m)[22m[32m 28[2mms[22m[39m
 [32m✓[39m src/version.test.ts [2m([22m[2m8 tests[22m[2m)[22m[32m 24[2mms[22m[39m
 [32m✓[39m src/memory/manager.mistral-provider.test.ts [2m([22m[2m2 tests[22m[2m)[22m[32m 30[2mms[22m[39m
 [32m✓[39m src/agents/cli-credentials.test.ts [2m([22m[2m7 tests[22m[2m)[22m[32m 25[2mms[22m[39m
 [32m✓[39m src/agents/pi-embedded-subscribe.subscribe-embedded-pi-session.subscribeembeddedpisession.test.ts [2m([22m[2m20 tests[22m[2m)[22m[32m 27[2mms[22m[39m
 [32m✓[39m src/agents/models-config.falls-back-default-baseurl-token-exchange-fails.test.ts [2m([22m[2m2 tests[22m[2m)[22m[32m 16[2mms[22m[39m
 [32m✓[39m src/web/monitor-inbox.allows-messages-from-senders-allowfrom-list.test.ts [2m([22m[2m7 tests[22m[2m)[22m[32m 23[2mms[22m[39m
 [32m✓[39m src/infra/heartbeat-runner.transcript-prune.test.ts [2m([22m[2m2 tests[22m[2m)[22m[32m 30[2mms[22m[39m
 [32m✓[39m src/browser/extension-relay-auth.test.ts [2m([22m[2m5 tests[22m[2m)[22m[32m 26[2mms[22m[39m
 [32m✓[39m extensions/voice-call/src/providers/telnyx.test.ts [2m([22m[2m7 tests[22m[2m)[22m[32m 6[2mms[22m[39m
 [32m✓[39m extensions/bluebubbles/src/attachments.test.ts [2m([22m[2m23 tests[22m[2m)[22m[32m 10[2mms[22m[39m
 [32m✓[39m src/secrets/runtime.test.ts [2m([22m[2m5 tests[22m[2m)[22m[32m 19[2mms[22m[39m
 [32m✓[39m src/commands/chutes-oauth.test.ts [2m([22m[2m4 tests[22m[2m)[22m[32m 24[2mms[22m[39m
 [32m✓[39m src/commands/onboard-auth.credentials.test.ts [2m([22m[2m8 tests[22m[2m)[22m[32m 24[2mms[22m[39m
 [32m✓[39m src/agents/bash-tools.exec.pty-fallback-failure.test.ts [2m([22m[2m1 test[22m[2m)[22m[32m 25[2mms[22m[39m
 [32m✓[39m src/infra/net/fetch-guard.ssrf.test.ts [2m([22m[2m8 tests[22m[2m)[22m[32m 23[2mms[22m[39m
 [32m✓[39m extensions/twitch/src/outbound.test.ts [2m([22m[2m22 tests[22m[2m)[22m[32m 7[2mms[22m[39m
 [32m✓[39m src/discord/pluralkit.test.ts [2m([22m[2m3 tests[22m[2m)[22m[32m 25[2mms[22m[39m
 [32m✓[39m extensions/feishu/src/config-schema.test.ts [2m([22m[2m6 tests[22m[2m)[22m[32m 13[2mms[22m[39m
 [32m✓[39m src/agents/models-config.uses-first-github-copilot-profile-env-tokens.test.ts [2m([22m[2m3 tests[22m[2m)[22m[32m 45[2mms[22m[39m
 [32m✓[39m src/agents/tool-loop-detection.test.ts [2m([22m[2m29 tests[22m[2m)[22m[32m 22[2mms[22m[39m
 [32m✓[39m src/hooks/workspace.test.ts [2m([22m[2m5 tests[22m[2m)[22m[32m 24[2mms[22m[39m
 [32m✓[39m src/agents/chutes-oauth.flow.test.ts [2m([22m[2m3 tests[22m[2m)[22m[32m 23[2mms[22m[39m
 [32m✓[39m extensions/synology-chat/src/channel.test.ts [2m([22m[2m24 tests[22m[2m)[22m[32m 7[2mms[22m[39m
 [32m✓[39m src/media-understanding/media-understanding-misc.test.ts [2m([22m[2m7 tests[22m[2m)[22m[32m 21[2mms[22m[39m
 [32m✓[39m src/config/includes.test.ts [2m([22m[2m26 tests[22m[2m)[22m[32m 27[2mms[22m[39m
 [32m✓[39m src/infra/system-presence.test.ts [2m([22m[2m3 tests[22m[2m)[22m[32m 20[2mms[22m[39m
 [32m✓[39m extensions/telegram/src/channel.test.ts [2m([22m[2m5 tests[22m[2m)[22m[32m 6[2mms[22m[39m
 [32m✓[39m extensions/nostr/src/nostr-bus.integration.test.ts [2m([22m[2m26 tests[22m[2m)[22m[32m 7[2mms[22m[39m
 [32m✓[39m src/telegram/format.wrap-md.test.ts [2m([22m[2m32 tests[22m[2m)[22m[32m 21[2mms[22m[39m
 [32m✓[39m src/agents/tools/web-fetch.cf-markdown.test.ts [2m([22m[2m6 tests[22m[2m)[22m[32m 23[2mms[22m[39m
 [32m✓[39m extensions/matrix/src/matrix/format.test.ts [2m([22m[2m5 tests[22m[2m)[22m[32m 7[2mms[22m[39m
 [32m✓[39m src/auto-reply/inbound.test.ts [2m([22m[2m28 tests[22m[2m)[22m[32m 24[2mms[22m[39m
 [32m✓[39m src/web/auto-reply/deliver-reply.test.ts [2m([22m[2m12 tests[22m[2m)[22m[32m 23[2mms[22m[39m
 [32m✓[39m src/agents/pi-embedded-runner-extraparams.test.ts [2m([22m[2m39 tests[22m[2m)[22m[32m 29[2mms[22m[39m
 [32m✓[39m src/commands/doctor-session-locks.test.ts [2m([22m[2m2 tests[22m[2m)[22m[32m 22[2mms[22m[39m
 [32m✓[39m src/memory/search-manager.test.ts [2m([22m[2m6 tests[22m[2m)[22m[32m 23[2mms[22m[39m
 [32m✓[39m src/telegram/format.test.ts [2m([22m[2m16 tests[22m[2m)[22m[32m 22[2mms[22m[39m
 [32m✓[39m src/cli/program/register.onboard.test.ts [2m([22m[2m6 tests[22m[2m)[22m[32m 21[2mms[22m[39m
 [32m✓[39m src/web/logout.test.ts [2m([22m[2m4 tests[22m[2m)[22m[32m 22[2mms[22m[39m
 [32m✓[39m src/agents/pi-embedded-subscribe.subscribe-embedded-pi-session.waits-multiple-compaction-retries-before-resolving.test.ts [2m([22m[2m7 tests[22m[2m)[22m[32m 24[2mms[22m[39m
 [32m✓[39m extensions/tlon/src/urbit/auth.ssrf.test.ts [2m([22m[2m2 tests[22m[2m)[22m[32m 8[2mms[22m[39m
 [32m✓[39m src/discord/monitor/message-handler.inbound-contract.test.ts [2m([22m[2m2 tests[22m[2m)[22m[32m 26[2mms[22m[39m
 [32m✓[39m src/privacy/privacy.test.ts [2m([22m[2m33 tests[22m[2m)[22m[32m 22[2mms[22m[39m
 [32m✓[39m src/cli/browser-cli-extension.test.ts [2m([22m[2m4 tests[22m[2m)[22m[32m 21[2mms[22m[39m
 [32m✓[39m src/cli/daemon-cli/lifecycle-core.test.ts [2m([22m[2m3 tests[22m[2m)[22m[32m 19[2mms[22m[39m
 [32m✓[39m src/cron/service/jobs.schedule-error-isolation.test.ts [2m([22m[2m8 tests[22m[2m)[22m[32m 21[2mms[22m[39m
 [32m✓[39m src/signal/monitor/event-handler.mention-gating.test.ts [2m([22m[2m13 tests[22m[2m)[22m[32m 25[2mms[22m[39m
 [32m✓[39m src/config/sessions/store.pruning.test.ts [2m([22m[2m4 tests[22m[2m)[22m[32m 25[2mms[22m[39m
 [32m✓[39m src/discord/monitor/monitor.test.ts [2m([22m[2m37 tests[22m[2m)[22m[32m 23[2mms[22m[39m
 [32m✓[39m src/logger.test.ts [2m([22m[2m9 tests[22m[2m)[22m[32m 19[2mms[22m[39m
 [32m✓[39m src/config/config-misc.test.ts [2m([22m[2m25 tests[22m[2m)[22m[32m 21[2mms[22m[39m
 [32m✓[39m src/web/inbound.media.test.ts [2m([22m[2m2 tests[22m[2m)[22m[32m 23[2mms[22m[39m
 [32m✓[39m src/memory/manager.vector-dedupe.test.ts [2m([22m[2m1 test[22m[2m)[22m[32m 25[2mms[22m[39m
 [32m✓[39m src/browser/server.auth-token-gates-http.test.ts [2m([22m[2m1 test[22m[2m)[22m[32m 21[2mms[22m[39m
 [32m✓[39m src/agents/tools/web-search.redirect.test.ts [2m([22m[2m2 tests[22m[2m)[22m[32m 22[2mms[22m[39m
 [32m✓[39m src/memory/orchestrator.test.ts [2m([22m[2m9 tests[22m[2m)[22m[32m 21[2mms[22m[39m
 [32m✓[39m src/agents/subagent-registry.announce-loop-guard.test.ts [2m([22m[2m4 tests[22m[2m)[22m[32m 16[2mms[22m[39m
 [32m✓[39m src/agents/pi-tools.create-ernos-coding-tools.adds-claude-style-aliases-schemas-without-dropping-f.test.ts [2m([22m[2m3 tests[22m[2m)[22m[32m 28[2mms[22m[39m
 [32m✓[39m src/commands/auth-choice.apply.volcengine-byteplus.test.ts [2m([22m[2m5 tests[22m[2m)[22m[32m 19[2mms[22m[39m
 [32m✓[39m src/auto-reply/reply/dispatch-from-config.test.ts [2m([22m[2m34 tests[22m[2m)[22m[32m 25[2mms[22m[39m
 [32m✓[39m src/telegram/bot-message-dispatch.test.ts [2m([22m[2m52 tests[22m[2m)[22m[32m 22[2mms[22m[39m
 [32m✓[39m src/agents/auth-profiles.markauthprofilefailure.test.ts [2m([22m[2m7 tests[22m[2m)[22m[32m 56[2mms[22m[39m
 [32m✓[39m src/discord/monitor.tool-result.sends-status-replies-responseprefix.test.ts [2m([22m[2m3 tests[22m[2m)[22m[32m 36[2mms[22m[39m
 [32m✓[39m src/auto-reply/reply/followup-runner.test.ts [2m([22m[2m17 tests[22m[2m)[22m[32m 58[2mms[22m[39m
 [32m✓[39m src/commands/sessions.test.ts [2m([22m[2m5 tests[22m[2m)[22m[32m 42[2mms[22m[39m
 [32m✓[39m src/agents/sandbox/fs-bridge.test.ts [2m([22m[2m9 tests[22m[2m)[22m[32m 73[2mms[22m[39m
 [32m✓[39m src/telegram/bot/delivery.test.ts [2m([22m[2m13 tests[22m[2m)[22m[32m 37[2mms[22m[39m
 [32m✓[39m src/cli/models-cli.test.ts [2m([22m[2m4 tests[22m[2m)[22m[32m 41[2mms[22m[39m
 [32m✓[39m src/cli/program/register.message.test.ts [2m([22m[2m2 tests[22m[2m)[22m[32m 25[2mms[22m[39m
 [32m✓[39m extensions/voice-call/src/manager/events.test.ts [2m([22m[2m7 tests[22m[2m)[22m[32m 9[2mms[22m[39m
 [32m✓[39m src/cli/update-cli/restart-helper.test.ts [2m([22m[2m15 tests[22m[2m)[22m[32m 46[2mms[22m[39m
 [32m✓[39m src/agents/pi-tools.before-tool-call.integration.test.ts [2m([22m[2m8 tests[22m[2m)[22m[32m 41[2mms[22m[39m
 [32m✓[39m src/discord/monitor/thread-bindings.lifecycle.test.ts [2m([22m[2m22 tests[22m[2m)[22m[32m 39[2mms[22m[39m
 [32m✓[39m src/config/sessions/store.session-key-normalization.test.ts [2m([22m[2m3 tests[22m[2m)[22m[32m 22[2mms[22m[39m
 [32m✓[39m src/auto-reply/envelope.test.ts [2m([22m[2m12 tests[22m[2m)[22m[32m 19[2mms[22m[39m
 [32m✓[39m src/cli/pairing-cli.test.ts [2m([22m[2m12 tests[22m[2m)[22m[32m 19[2mms[22m[39m
 [32m✓[39m src/auto-reply/reply/reply-state.test.ts [2m([22m[2m22 tests[22m[2m)[22m[32m 19[2mms[22m[39m
 [32m✓[39m extensions/mattermost/src/mattermost/monitor-websocket.test.ts [2m([22m[2m3 tests[22m[2m)[22m[32m 7[2mms[22m[39m
 [32m✓[39m src/config/io.owner-display-secret.test.ts [2m([22m[2m1 test[22m[2m)[22m[32m 20[2mms[22m[39m
 [32m✓[39m src/cron/service.jobs.test.ts [2m([22m[2m18 tests[22m[2m)[22m[32m 20[2mms[22m[39m
 [32m✓[39m src/channels/plugins/actions/actions.test.ts [2m([22m[2m34 tests[22m[2m)[22m[32m 18[2mms[22m[39m
 [32m✓[39m src/web/auto-reply/web-auto-reply-utils.test.ts [2m([22m[2m25 tests[22m[2m)[22m[32m 19[2mms[22m[39m
 [32m✓[39m src/commands/doctor-state-integrity.test.ts [2m([22m[2m7 tests[22m[2m)[22m[32m 20[2mms[22m[39m
 [32m✓[39m src/cli/skills-cli.commands.test.ts [2m([22m[2m5 tests[22m[2m)[22m[32m 32[2mms[22m[39m
 [32m✓[39m src/infra/outbound/deliver.test.ts [2m([22m[2m30 tests[22m[2m)[22m[32m 21[2mms[22m[39m
 [32m✓[39m extensions/mattermost/src/channel.test.ts [2m([22m[2m14 tests[22m[2m)[22m[32m 7[2mms[22m[39m
 [32m✓[39m src/infra/path-alias-guards.test.ts [2m([22m[2m3 tests[22m[2m)[22m[32m 19[2mms[22m[39m
 [32m✓[39m src/agents/bash-tools.exec.pty-fallback.test.ts [2m([22m[2m1 test[22m[2m)[22m[32m 20[2mms[22m[39m
 [32m✓[39m src/infra/infra-store.test.ts [2m([22m[2m15 tests[22m[2m)[22m[32m 20[2mms[22m[39m
 [32m✓[39m src/process/supervisor/supervisor.pty-command.test.ts [2m([22m[2m2 tests[22m[2m)[22m[32m 18[2mms[22m[39m
 [32m✓[39m src/cli/daemon-cli/lifecycle.test.ts [2m([22m[2m2 tests[22m[2m)[22m[32m 17[2mms[22m[39m
 [32m✓[39m extensions/matrix/src/matrix/accounts.test.ts [2m([22m[2m3 tests[22m[2m)[22m[32m 2[2mms[22m[39m
 [32m✓[39m src/telegram/sticker-cache.test.ts [2m([22m[2m17 tests[22m[2m)[22m[32m 14[2mms[22m[39m
 [32m✓[39m src/cron/schedule.test.ts [2m([22m[2m12 tests[22m[2m)[22m[32m 18[2mms[22m[39m
 [32m✓[39m src/agents/ernos-tools.camera.test.ts [2m([22m[2m14 tests[22m[2m)[22m[32m 22[2mms[22m[39m
 [32m✓[39m src/markdown/ir.table-bullets.test.ts [2m([22m[2m7 tests[22m[2m)[22m[32m 17[2mms[22m[39m
 [32m✓[39m src/config/schema.help.quality.test.ts [2m([22m[2m20 tests[22m[2m)[22m[32m 17[2mms[22m[39m
 [32m✓[39m src/discord/audit.test.ts [2m([22m[2m1 test[22m[2m)[22m[32m 15[2mms[22m[39m
 [32m✓[39m src/auto-reply/reply.triggers.trigger-handling.stages-inbound-media-into-sandbox-workspace.test.ts [2m([22m[2m1 test[22m[2m)[22m[32m 12[2mms[22m[39m
 [32m✓[39m src/commands/channel-account-context.test.ts [2m([22m[2m2 tests[22m[2m)[22m[32m 3[2mms[22m[39m
 [32m✓[39m extensions/nextcloud-talk/src/monitor.backend.test.ts [2m([22m[2m1 test[22m[2m)[22m[32m 16[2mms[22m[39m
 [32m✓[39m src/infra/node-pairing.test.ts [2m([22m[2m4 tests[22m[2m)[22m[32m 20[2mms[22m[39m
 [32m✓[39m src/cli/program/config-guard.test.ts [2m([22m[2m5 tests[22m[2m)[22m[32m 16[2mms[22m[39m
 [32m✓[39m src/infra/provider-usage.test.ts [2m([22m[2m15 tests[22m[2m)[22m[32m 19[2mms[22m[39m
 [32m✓[39m src/agents/identity-avatar.test.ts [2m([22m[2m6 tests[22m[2m)[22m[32m 25[2mms[22m[39m
 [32m✓[39m src/web/session.test.ts [2m([22m[2m8 tests[22m[2m)[22m[32m 18[2mms[22m[39m
 [32m✓[39m src/infra/brew.test.ts [2m([22m[2m5 tests[22m[2m)[22m[32m 17[2mms[22m[39m
 [32m✓[39m src/signal/format.chunking.test.ts [2m([22m[2m21 tests[22m[2m)[22m[32m 18[2mms[22m[39m
 [32m✓[39m src/infra/heartbeat-runner.scheduler.test.ts [2m([22m[2m6 tests[22m[2m)[22m[32m 22[2mms[22m[39m
 [32m✓[39m src/cron/service.jobs.top-of-hour-stagger.test.ts [2m([22m[2m5 tests[22m[2m)[22m[32m 18[2mms[22m[39m
 [32m✓[39m src/cli/program/register.configure.test.ts [2m([22m[2m2 tests[22m[2m)[22m[32m 20[2mms[22m[39m
 [32m✓[39m src/config/config.allowlist-requires-allowfrom.test.ts [2m([22m[2m14 tests[22m[2m)[22m[32m 17[2mms[22m[39m
 [32m✓[39m src/daemon/launchd.integration.test.ts [2m([22m[2m1 test[22m[2m)[22m[33m 45018[2mms[22m[39m
     [33m[2m✓[22m[39m restarts launchd service and keeps it running with a new pid [33m 45002[2mms[22m[39m
 [32m✓[39m src/agents/tools/cron-tool.test.ts [2m([22m[2m31 tests[22m[2m)[22m[32m 18[2mms[22m[39m
 [32m✓[39m src/auto-reply/skill-commands.test.ts [2m([22m[2m5 tests[22m[2m)[22m[32m 21[2mms[22m[39m
 [32m✓[39m src/config/io.runtime-snapshot-write.test.ts [2m([22m[2m1 test[22m[2m)[22m[32m 19[2mms[22m[39m
 [32m✓[39m src/auto-reply/reply/inbound-meta.test.ts [2m([22m[2m19 tests[22m[2m)[22m[32m 17[2mms[22m[39m
 [32m✓[39m src/infra/exec-approvals.test.ts [2m([22m[2m39 tests[22m[2m)[22m[32m 17[2mms[22m[39m
 [32m✓[39m src/memory/embeddings-voyage.test.ts [2m([22m[2m4 tests[22m[2m)[22m[32m 17[2mms[22m[39m
 [32m✓[39m src/agents/pi-embedded-subscribe.subscribe-embedded-pi-session.suppresses-message-end-block-replies-message-tool.test.ts [2m([22m[2m3 tests[22m[2m)[22m[32m 18[2mms[22m[39m
 [32m✓[39m src/commands/doctor-legacy-config.migrations.test.ts [2m([22m[2m15 tests[22m[2m)[22m[32m 13[2mms[22m[39m
 [32m✓[39m src/agents/tools/slack-actions.test.ts [2m([22m[2m33 tests[22m[2m)[22m[32m 16[2mms[22m[39m
 [32m✓[39m src/infra/format-time/format-time.test.ts [2m([22m[2m32 tests[22m[2m)[22m[32m 16[2mms[22m[39m
 [32m✓[39m src/infra/heartbeat-active-hours.test.ts [2m([22m[2m7 tests[22m[2m)[22m[32m 16[2mms[22m[39m
 [32m✓[39m src/config/config.backup-rotation.test.ts [2m([22m[2m1 test[22m[2m)[22m[32m 17[2mms[22m[39m
 [32m✓[39m src/commands/auth-choice.apply.openai.test.ts [2m([22m[2m3 tests[22m[2m)[22m[32m 18[2mms[22m[39m
 [32m✓[39m src/media-understanding/runner.auto-audio.test.ts [2m([22m[2m4 tests[22m[2m)[22m[32m 20[2mms[22m[39m
 [32m✓[39m src/agents/pi-embedded-runner/run.overflow-compaction.loop.test.ts [2m([22m[2m11 tests[22m[2m)[22m[32m 13[2mms[22m[39m
 [32m✓[39m src/agents/models-config.auto-injects-github-copilot-provider-token-is.test.ts [2m([22m[2m2 tests[22m[2m)[22m[32m 25[2mms[22m[39m
 [32m✓[39m src/cli/cron-cli.test.ts [2m([22m[2m24 tests[22m[2m)[22m[32m 15[2mms[22m[39m
 [32m✓[39m extensions/line/src/channel.sendPayload.test.ts [2m([22m[2m7 tests[22m[2m)[22m[32m 7[2mms[22m[39m
 [32m✓[39m src/commands/auth-choice.apply.minimax.test.ts [2m([22m[2m6 tests[22m[2m)[22m[32m 25[2mms[22m[39m
 [32m✓[39m src/config/config.identity-avatar.test.ts [2m([22m[2m3 tests[22m[2m)[22m[32m 23[2mms[22m[39m
 [32m✓[39m src/memory/manager.watcher-config.test.ts [2m([22m[2m1 test[22m[2m)[22m[32m 14[2mms[22m[39m
 [32m✓[39m src/agents/ernos-gateway-tool.test.ts [2m([22m[2m5 tests[22m[2m)[22m[32m 20[2mms[22m[39m
 [32m✓[39m src/infra/exec-approvals-safe-bins.test.ts [2m([22m[2m47 tests[22m[2m)[22m[32m 12[2mms[22m[39m
 [32m✓[39m src/commands/sessions.default-agent-store.test.ts [2m([22m[2m4 tests[22m[2m)[22m[32m 15[2mms[22m[39m
 [32m✓[39m src/agents/session-file-repair.test.ts [2m([22m[2m4 tests[22m[2m)[22m[32m 14[2mms[22m[39m
 [32m✓[39m src/utils.test.ts [2m([22m[2m28 tests[22m[2m)[22m[32m 15[2mms[22m[39m
 [32m✓[39m src/config/config.discord.test.ts [2m([22m[2m2 tests[22m[2m)[22m[32m 15[2mms[22m[39m
 [32m✓[39m src/plugins/manifest-registry.test.ts [2m([22m[2m6 tests[22m[2m)[22m[32m 16[2mms[22m[39m
 [32m✓[39m src/agents/models-config.preserves-explicit-reasoning-override.test.ts [2m([22m[2m2 tests[22m[2m)[22m[32m 16[2mms[22m[39m
 [32m✓[39m src/cli/browser-cli-inspect.test.ts [2m([22m[2m5 tests[22m[2m)[22m[32m 14[2mms[22m[39m
 [32m✓[39m src/media/fetch.test.ts [2m([22m[2m3 tests[22m[2m)[22m[32m 16[2mms[22m[39m
 [32m✓[39m src/agents/pi-model-discovery.auth.test.ts [2m([22m[2m3 tests[22m[2m)[22m[32m 16[2mms[22m[39m
 [32m✓[39m extensions/slack/src/channel.test.ts [2m([22m[2m3 tests[22m[2m)[22m[32m 5[2mms[22m[39m
 [32m✓[39m src/agents/auth-profiles.ensureauthprofilestore.test.ts [2m([22m[2m5 tests[22m[2m)[22m[32m 15[2mms[22m[39m
 [32m✓[39m src/discord/monitor/exec-approvals.test.ts [2m([22m[2m31 tests[22m[2m)[22m[32m 16[2mms[22m[39m
 [32m✓[39m extensions/nextcloud-talk/src/monitor.replay.test.ts [2m([22m[2m1 test[22m[2m)[22m[32m 18[2mms[22m[39m
 [32m✓[39m test/ui.presenter-next-run.test.ts [2m([22m[2m2 tests[22m[2m)[22m[32m 14[2mms[22m[39m
 [32m✓[39m extensions/synology-chat/src/webhook-handler.test.ts [2m([22m[2m10 tests[22m[2m)[22m[32m 6[2mms[22m[39m
 [32m✓[39m src/media/store.redirect.test.ts [2m([22m[2m2 tests[22m[2m)[22m[32m 12[2mms[22m[39m
 [32m✓[39m src/channels/status-reactions.test.ts [2m([22m[2m35 tests[22m[2m)[22m[32m 15[2mms[22m[39m
 [32m✓[39m src/infra/heartbeat-wake.test.ts [2m([22m[2m13 tests[22m[2m)[22m[32m 11[2mms[22m[39m
 [32m✓[39m src/daemon/schtasks.install.test.ts [2m([22m[2m2 tests[22m[2m)[22m[32m 10[2mms[22m[39m
 [32m✓[39m src/infra/outbound/message.channels.test.ts [2m([22m[2m7 tests[22m[2m)[22m[32m 15[2mms[22m[39m
 [32m✓[39m extensions/bluebubbles/src/config-schema.test.ts [2m([22m[2m4 tests[22m[2m)[22m[32m 4[2mms[22m[39m
 [32m✓[39m src/agents/auth-profiles.chutes.test.ts [2m([22m[2m1 test[22m[2m)[22m[32m 13[2mms[22m[39m
 [32m✓[39m src/telegram/bot-message-context.audio-transcript.test.ts [2m([22m[2m1 test[22m[2m)[22m[32m 15[2mms[22m[39m
 [32m✓[39m extensions/whatsapp/src/resolve-target.test.ts [2m([22m[2m9 tests[22m[2m)[22m[32m 3[2mms[22m[39m
 [32m✓[39m src/slack/format.test.ts [2m([22m[2m5 tests[22m[2m)[22m[32m 12[2mms[22m[39m
 [32m✓[39m src/commands/sessions.model-resolution.test.ts [2m([22m[2m2 tests[22m[2m)[22m[32m 13[2mms[22m[39m
 [32m✓[39m src/hooks/internal-hooks.test.ts [2m([22m[2m29 tests[22m[2m)[22m[32m 15[2mms[22m[39m
 [32m✓[39m src/auto-reply/reply/commands-acp.test.ts [2m([22m[2m17 tests[22m[2m)[22m[32m 17[2mms[22m[39m
 [32m✓[39m src/agents/pi-extensions/compaction-safeguard.test.ts [2m([22m[2m24 tests[22m[2m)[22m[32m 13[2mms[22m[39m
 [32m✓[39m src/infra/provider-usage.format.test.ts [2m([22m[2m5 tests[22m[2m)[22m[32m 14[2mms[22m[39m
 [32m✓[39m src/agents/sandbox/docker.config-hash-recreate.test.ts [2m([22m[2m2 tests[22m[2m)[22m[32m 14[2mms[22m[39m
 [32m✓[39m src/channels/typing.test.ts [2m([22m[2m14 tests[22m[2m)[22m[32m 14[2mms[22m[39m
 [32m✓[39m src/hooks/bundled/bootstrap-extra-files/handler.test.ts [2m([22m[2m2 tests[22m[2m)[22m[32m 14[2mms[22m[39m
 [32m✓[39m src/markdown/ir.nested-lists.test.ts [2m([22m[2m18 tests[22m[2m)[22m[32m 12[2mms[22m[39m
 [32m✓[39m src/signal/format.test.ts [2m([22m[2m7 tests[22m[2m)[22m[32m 16[2mms[22m[39m
 [32m✓[39m src/auto-reply/reply/reply-utils.test.ts [2m([22m[2m28 tests[22m[2m)[22m[32m 12[2mms[22m[39m
 [32m✓[39m src/agents/pi-embedded-subscribe.subscribe-embedded-pi-session.calls-onblockreplyflush-before-tool-execution-start-preserve.test.ts [2m([22m[2m2 tests[22m[2m)[22m[32m 15[2mms[22m[39m
 [32m✓[39m src/line/bot-message-context.test.ts [2m([22m[2m3 tests[22m[2m)[22m[32m 14[2mms[22m[39m
 [32m✓[39m src/telegram/bot-message-context.sender-prefix.test.ts [2m([22m[2m3 tests[22m[2m)[22m[32m 13[2mms[22m[39m
 [32m✓[39m src/telegram/bot-message-context.dm-topic-threadid.test.ts [2m([22m[2m3 tests[22m[2m)[22m[32m 15[2mms[22m[39m
 [32m✓[39m src/agents/sessions-spawn-hooks.test.ts [2m([22m[2m9 tests[22m[2m)[22m[32m 14[2mms[22m[39m
 [32m✓[39m src/web/login.coverage.test.ts [2m([22m[2m3 tests[22m[2m)[22m[32m 10[2mms[22m[39m
 [32m✓[39m src/infra/ports.test.ts [2m([22m[2m6 tests[22m[2m)[22m[32m 14[2mms[22m[39m
 [32m✓[39m extensions/msteams/src/channel.directory.test.ts [2m([22m[2m1 test[22m[2m)[22m[32m 3[2mms[22m[39m
 [32m✓[39m src/discord/monitor/native-command.model-picker.test.ts [2m([22m[2m7 tests[22m[2m)[22m[32m 19[2mms[22m[39m
 [32m✓[39m src/memory/working.test.ts [2m([22m[2m8 tests[22m[2m)[22m[32m 11[2mms[22m[39m
 [32m✓[39m src/discord/monitor.test.ts [2m([22m[2m39 tests[22m[2m)[22m[32m 15[2mms[22m[39m
 [32m✓[39m src/web/login.test.ts [2m([22m[2m3 tests[22m[2m)[22m[32m 14[2mms[22m[39m
 [32m✓[39m src/plugin-sdk/persistent-dedupe.test.ts [2m([22m[2m3 tests[22m[2m)[22m[32m 17[2mms[22m[39m
 [32m✓[39m src/discord/monitor/reply-delivery.test.ts [2m([22m[2m9 tests[22m[2m)[22m[32m 14[2mms[22m[39m
 [32m✓[39m extensions/msteams/src/probe.test.ts [2m([22m[2m3 tests[22m[2m)[22m[32m 4[2mms[22m[39m
 [32m✓[39m src/agents/model-auth.profiles.test.ts [2m([22m[2m15 tests[22m[2m)[22m[32m 15[2mms[22m[39m
 [32m✓[39m src/infra/restart-sentinel.test.ts [2m([22m[2m7 tests[22m[2m)[22m[32m 12[2mms[22m[39m
 [32m✓[39m src/logging/console-capture.test.ts [2m([22m[2m9 tests[22m[2m)[22m[32m 14[2mms[22m[39m
 [32m✓[39m extensions/matrix/src/matrix/send/targets.test.ts [2m([22m[2m5 tests[22m[2m)[22m[32m 5[2mms[22m[39m
 [32m✓[39m src/config/config.agent-concurrency-defaults.test.ts [2m([22m[2m4 tests[22m[2m)[22m[32m 13[2mms[22m[39m
 [32m✓[39m src/infra/host-env-security.test.ts [2m([22m[2m10 tests[22m[2m)[22m[32m 13[2mms[22m[39m
 [32m✓[39m src/cli/program/help.test.ts [2m([22m[2m3 tests[22m[2m)[22m[32m 13[2mms[22m[39m
 [32m✓[39m extensions/thread-ownership/index.test.ts [2m([22m[2m9 tests[22m[2m)[22m[32m 29[2mms[22m[39m
 [32m✓[39m src/browser/pw-tools-core.snapshot.navigate-guard.test.ts [2m([22m[2m2 tests[22m[2m)[22m[32m 15[2mms[22m[39m
 [32m✓[39m src/markdown/ir.hr-spacing.test.ts [2m([22m[2m13 tests[22m[2m)[22m[32m 12[2mms[22m[39m
 [32m✓[39m src/config/config.multi-agent-agentdir-validation.test.ts [2m([22m[2m2 tests[22m[2m)[22m[32m 12[2mms[22m[39m
 [32m✓[39m extensions/bluebubbles/src/targets.test.ts [2m([22m[2m26 tests[22m[2m)[22m[32m 5[2mms[22m[39m
 [32m✓[39m extensions/twitch/src/send.test.ts [2m([22m[2m9 tests[22m[2m)[22m[32m 5[2mms[22m[39m
 [32m✓[39m src/auto-reply/reply/reply-flow.test.ts [2m([22m[2m44 tests[22m[2m)[22m[32m 23[2mms[22m[39m
 [32m✓[39m src/browser/browser-utils.test.ts [2m([22m[2m22 tests[22m[2m)[22m[32m 14[2mms[22m[39m
 [32m✓[39m src/cli/cli-utils.test.ts [2m([22m[2m11 tests[22m[2m)[22m[32m 13[2mms[22m[39m
 [32m✓[39m src/auto-reply/reply/post-compaction-context.test.ts [2m([22m[2m10 tests[22m[2m)[22m[32m 13[2mms[22m[39m
 [32m✓[39m src/memory/calendar.test.ts [2m([22m[2m7 tests[22m[2m)[22m[32m 10[2mms[22m[39m
 [32m✓[39m src/agents/ernos-tools.subagents.sessions-spawn.model.test.ts [2m([22m[2m9 tests[22m[2m)[22m[32m 15[2mms[22m[39m
 [32m✓[39m extensions/voice-call/src/telephony-tts.test.ts [2m([22m[2m3 tests[22m[2m)[22m[32m 2[2mms[22m[39m
 [32m✓[39m src/config/talk.normalize.test.ts [2m([22m[2m4 tests[22m[2m)[22m[32m 13[2mms[22m[39m
 [32m✓[39m extensions/matrix/src/matrix/monitor/handler.body-for-agent.test.ts [2m([22m[2m1 test[22m[2m)[22m[32m 6[2mms[22m[39m
 [32m✓[39m src/infra/push-apns.test.ts [2m([22m[2m8 tests[22m[2m)[22m[32m 12[2mms[22m[39m
 [32m✓[39m src/memory/outreach.test.ts [2m([22m[2m12 tests[22m[2m)[22m[32m 11[2mms[22m[39m
 [32m✓[39m src/browser/pw-tools-core.interactions.evaluate.abort.test.ts [2m([22m[2m2 tests[22m[2m)[22m[32m 11[2mms[22m[39m
 [32m✓[39m src/telegram/bot/delivery.resolve-media-retry.test.ts [2m([22m[2m11 tests[22m[2m)[22m[32m 12[2mms[22m[39m
 [32m✓[39m src/slack/send.blocks.test.ts [2m([22m[2m12 tests[22m[2m)[22m[32m 13[2mms[22m[39m
 [32m✓[39m extensions/msteams/src/mentions.test.ts [2m([22m[2m20 tests[22m[2m)[22m[32m 5[2mms[22m[39m
 [32m✓[39m src/agents/auth-profiles.runtime-snapshot-save.test.ts [2m([22m[2m1 test[22m[2m)[22m[32m 11[2mms[22m[39m
 [32m✓[39m src/memory/knowledge-graph/quarantine.test.ts [2m([22m[2m8 tests[22m[2m)[22m[32m 12[2mms[22m[39m
 [32m✓[39m extensions/acpx/src/service.test.ts [2m([22m[2m5 tests[22m[2m)[22m[32m 5[2mms[22m[39m
 [32m✓[39m src/markdown/ir.blockquote-spacing.test.ts [2m([22m[2m19 tests[22m[2m)[22m[32m 12[2mms[22m[39m
 [32m✓[39m src/config/paths.test.ts [2m([22m[2m10 tests[22m[2m)[22m[32m 12[2mms[22m[39m
 [32m✓[39m extensions/synology-chat/src/client.test.ts [2m([22m[2m5 tests[22m[2m)[22m[32m 7[2mms[22m[39m
 [32m✓[39m src/agents/pi-embedded-subscribe.subscribe-embedded-pi-session.includes-canvas-action-metadata-tool-summaries.test.ts [2m([22m[2m3 tests[22m[2m)[22m[32m 14[2mms[22m[39m
 [32m✓[39m src/web/auto-reply/heartbeat-runner.test.ts [2m([22m[2m7 tests[22m[2m)[22m[32m 18[2mms[22m[39m
 [32m✓[39m src/auto-reply/command-control.test.ts [2m([22m[2m24 tests[22m[2m)[22m[32m 14[2mms[22m[39m
 [32m✓[39m src/memory/tape-machine.test.ts [2m([22m[2m11 tests[22m[2m)[22m[32m 12[2mms[22m[39m
 [32m✓[39m extensions/msteams/src/file-consent-helpers.test.ts [2m([22m[2m16 tests[22m[2m)[22m[32m 5[2mms[22m[39m
 [32m✓[39m src/agents/pi-embedded-subscribe.subscribe-embedded-pi-session.splits-long-single-line-fenced-blocks-reopen.test.ts [2m([22m[2m4 tests[22m[2m)[22m[32m 13[2mms[22m[39m
 [32m✓[39m src/memory/lessons.test.ts [2m([22m[2m8 tests[22m[2m)[22m[32m 12[2mms[22m[39m
 [32m✓[39m src/agents/model-selection.test.ts [2m([22m[2m31 tests[22m[2m)[22m[32m 12[2mms[22m[39m
 [32m✓[39m src/config/sessions/disk-budget.test.ts [2m([22m[2m2 tests[22m[2m)[22m[32m 15[2mms[22m[39m
 [32m✓[39m extensions/mattermost/src/mattermost/probe.test.ts [2m([22m[2m5 tests[22m[2m)[22m[32m 29[2mms[22m[39m
 [32m✓[39m src/memory/goals.test.ts [2m([22m[2m9 tests[22m[2m)[22m[32m 13[2mms[22m[39m
 [32m✓[39m src/agents/pi-embedded-runner.sanitize-session-history.test.ts [2m([22m[2m22 tests[22m[2m)[22m[32m 14[2mms[22m[39m
 [32m✓[39m src/infra/retry.test.ts [2m([22m[2m9 tests[22m[2m)[22m[32m 11[2mms[22m[39m
 [32m✓[39m src/browser/client.test.ts [2m([22m[2m6 tests[22m[2m)[22m[32m 12[2mms[22m[39m
 [32m✓[39m src/commands/doctor-security.test.ts [2m([22m[2m6 tests[22m[2m)[22m[32m 12[2mms[22m[39m
 [32m✓[39m src/agents/sandbox/browser.create.test.ts [2m([22m[2m2 tests[22m[2m)[22m[32m 12[2mms[22m[39m
 [32m✓[39m extensions/acpx/src/ensure.test.ts [2m([22m[2m4 tests[22m[2m)[22m[32m 4[2mms[22m[39m
 [32m✓[39m src/agents/shell-utils.test.ts [2m([22m[2m11 tests[22m[2m)[22m[32m 14[2mms[22m[39m
 [32m✓[39m src/scripts/canvas-a2ui-copy.test.ts [2m([22m[2m3 tests[22m[2m)[22m[32m 16[2mms[22m[39m
 [32m✓[39m extensions/discord/src/subagent-hooks.test.ts [2m([22m[2m11 tests[22m[2m)[22m[32m 5[2mms[22m[39m
 [32m✓[39m src/hooks/frontmatter.test.ts [2m([22m[2m20 tests[22m[2m)[22m[32m 12[2mms[22m[39m
 [32m✓[39m src/auto-reply/commands-registry.test.ts [2m([22m[2m19 tests[22m[2m)[22m[32m 13[2mms[22m[39m
 [32m✓[39m src/agents/pi-embedded-runner/extra-params.openrouter-cache-control.test.ts [2m([22m[2m4 tests[22m[2m)[22m[32m 11[2mms[22m[39m
 [32m✓[39m src/docker-image-digests.test.ts [2m([22m[2m2 tests[22m[2m)[22m[32m 15[2mms[22m[39m
 [32m✓[39m src/plugins/tools.optional.test.ts [2m([22m[2m6 tests[22m[2m)[22m[32m 12[2mms[22m[39m
 [32m✓[39m src/commands/onboard-custom.test.ts [2m([22m[2m16 tests[22m[2m)[22m[32m 12[2mms[22m[39m
 [32m✓[39m src/config/legacy-migrate.test.ts [2m([22m[2m5 tests[22m[2m)[22m[32m 12[2mms[22m[39m
 [32m✓[39m src/memory/reconciler.test.ts [2m([22m[2m5 tests[22m[2m)[22m[32m 11[2mms[22m[39m
 [32m✓[39m src/security/salt-rotation.test.ts [2m([22m[2m5 tests[22m[2m)[22m[32m 9[2mms[22m[39m
 [32m✓[39m src/agents/tools/nodes-utils.test.ts [2m([22m[2m5 tests[22m[2m)[22m[32m 11[2mms[22m[39m
 [32m✓[39m src/cli/gateway-cli/run-loop.test.ts [2m([22m[2m8 tests[22m[2m)[22m[32m 12[2mms[22m[39m
 [32m✓[39m src/agents/tools/discord-actions.test.ts [2m([22m[2m37 tests[22m[2m)[22m[32m 12[2mms[22m[39m
 [32m✓[39m src/media-understanding/runner.video.test.ts [2m([22m[2m2 tests[22m[2m)[22m[32m 12[2mms[22m[39m
 [32m✓[39m src/memory/session-files.test.ts [2m([22m[2m3 tests[22m[2m)[22m[32m 12[2mms[22m[39m
 [32m✓[39m src/infra/path-env.test.ts [2m([22m[2m5 tests[22m[2m)[22m[32m 10[2mms[22m[39m
 [32m✓[39m src/agents/skills.e2e-test-helpers.test.ts [2m([22m[2m3 tests[22m[2m)[22m[32m 12[2mms[22m[39m
 [32m✓[39m src/cli/gateway-cli/register.option-collisions.test.ts [2m([22m[2m2 tests[22m[2m)[22m[32m 11[2mms[22m[39m
 [32m✓[39m src/imessage/send.test.ts [2m([22m[2m10 tests[22m[2m)[22m[32m 11[2mms[22m[39m
 [32m✓[39m src/agents/pi-tool-definition-adapter.test.ts [2m([22m[2m4 tests[22m[2m)[22m[32m 11[2mms[22m[39m
 [32m✓[39m src/agents/ernos-tools.subagents.sessions-spawn.cron-note.test.ts [2m([22m[2m4 tests[22m[2m)[22m[32m 12[2mms[22m[39m
 [32m✓[39m src/commands/auth-choice.moonshot.test.ts [2m([22m[2m2 tests[22m[2m)[22m[32m 14[2mms[22m[39m
 [32m✓[39m src/agents/pi-embedded-subscribe.handlers.tools.test.ts [2m([22m[2m10 tests[22m[2m)[22m[32m 10[2mms[22m[39m
 [32m✓[39m extensions/msteams/src/monitor-handler.file-consent.test.ts [2m([22m[2m3 tests[22m[2m)[22m[32m 5[2mms[22m[39m
 [32m✓[39m src/line/send.test.ts [2m([22m[2m8 tests[22m[2m)[22m[32m 9[2mms[22m[39m
 [32m✓[39m extensions/googlechat/src/monitor.webhook-routing.test.ts [2m([22m[2m2 tests[22m[2m)[22m[32m 3[2mms[22m[39m
 [32m✓[39m src/auto-reply/reply/commands-subagents-focus.test.ts [2m([22m[2m8 tests[22m[2m)[22m[32m 13[2mms[22m[39m
 [32m✓[39m src/agents/pi-embedded-runner/run.overflow-compaction.test.ts [2m([22m[2m4 tests[22m[2m)[22m[32m 10[2mms[22m[39m
 [32m✓[39m src/memory/qmd-query-parser.test.ts [2m([22m[2m6 tests[22m[2m)[22m[32m 11[2mms[22m[39m
 [32m✓[39m src/agents/system-prompt.test.ts [2m([22m[2m41 tests[22m[2m)[22m[32m 19[2mms[22m[39m
 [32m✓[39m src/tts/tts.test.ts [2m([22m[2m19 tests[22m[2m)[22m[32m 11[2mms[22m[39m
 [32m✓[39m src/agents/sandbox/config-hash.test.ts [2m([22m[2m9 tests[22m[2m)[22m[32m 10[2mms[22m[39m
 [32m✓[39m src/infra/unhandled-rejections.fatal-detection.test.ts [2m([22m[2m5 tests[22m[2m)[22m[32m 11[2mms[22m[39m
 [32m✓[39m extensions/irc/src/config-schema.test.ts [2m([22m[2m2 tests[22m[2m)[22m[32m 4[2mms[22m[39m
 [32m✓[39m src/auto-reply/reply/commands-subagents-spawn.test.ts [2m([22m[2m12 tests[22m[2m)[22m[32m 12[2mms[22m[39m
 [32m✓[39m src/slack/monitor/events/interactions.test.ts [2m([22m[2m18 tests[22m[2m)[22m[32m 11[2mms[22m[39m
 [32m✓[39m src/agents/models-config.normalizes-gemini-3-ids-preview-google-providers.test.ts [2m([22m[2m1 test[22m[2m)[22m[32m 12[2mms[22m[39m
 [32m✓[39m extensions/matrix/src/matrix/actions/pins.test.ts [2m([22m[2m3 tests[22m[2m)[22m[32m 3[2mms[22m[39m
 [32m✓[39m src/cli/program/register.setup.test.ts [2m([22m[2m4 tests[22m[2m)[22m[32m 9[2mms[22m[39m
 [32m✓[39m src/commands/agents.identity.test.ts [2m([22m[2m7 tests[22m[2m)[22m[32m 12[2mms[22m[39m
 [32m✓[39m src/channels/plugins/account-helpers.test.ts [2m([22m[2m11 tests[22m[2m)[22m[32m 10[2mms[22m[39m
 [32m✓[39m src/config/config.sandbox-docker.test.ts [2m([22m[2m20 tests[22m[2m)[22m[32m 10[2mms[22m[39m
 [32m✓[39m src/signal/monitor.tool-result.pairs-uuid-only-senders-uuid-allowlist-entry.test.ts [2m([22m[2m2 tests[22m[2m)[22m[32m 10[2mms[22m[39m
 [32m✓[39m src/telegram/bot-native-commands.test.ts [2m([22m[2m6 tests[22m[2m)[22m[32m 12[2mms[22m[39m
 [32m✓[39m src/telegram/token.test.ts [2m([22m[2m7 tests[22m[2m)[22m[32m 11[2mms[22m[39m
 [32m✓[39m src/memory/timeline.test.ts [2m([22m[2m6 tests[22m[2m)[22m[32m 11[2mms[22m[39m
 [32m✓[39m src/memory/temporal-decay.test.ts [2m([22m[2m6 tests[22m[2m)[22m[32m 9[2mms[22m[39m
 [32m✓[39m src/infra/exec-approvals-allow-always.test.ts [2m([22m[2m11 tests[22m[2m)[22m[32m 13[2mms[22m[39m
 [32m✓[39m src/agents/pi-tool-definition-adapter.after-tool-call.test.ts [2m([22m[2m4 tests[22m[2m)[22m[32m 10[2mms[22m[39m
 [32m✓[39m src/browser/server-context.remote-tab-ops.test.ts [2m([22m[2m9 tests[22m[2m)[22m[32m 10[2mms[22m[39m
 [32m✓[39m extensions/zalouser/src/channel.test.ts [2m([22m[2m1 test[22m[2m)[22m[32m 2[2mms[22m[39m
 [32m✓[39m src/agents/auth-health.test.ts [2m([22m[2m3 tests[22m[2m)[22m[32m 10[2mms[22m[39m
│
◇  Auth profiles ──────────────────────────────────────────────────────────╮
│                                                                          │
│  Deprecated external CLI auth profiles detected (no longer supported):   │
│  - anthropic:claude-cli (Anthropic): use setup-token → ernos models      │
│    auth setup-token                                                      │
│  - openai-codex:codex-cli (OpenAI Codex): use OAuth → ernos models auth  │
│    login --provider openai-codex                                         │
│                                                                          │
├──────────────────────────────────────────────────────────────────────────╯
│
◇  Doctor changes ───────────────────────────────╮
│                                                │
│  - removed anthropic:claude-cli from config    │
│  - removed openai-codex:codex-cli from config  │
│                                                │
├────────────────────────────────────────────────╯
 [32m✓[39m src/commands/doctor-auth.deprecated-cli-profiles.test.ts [2m([22m[2m1 test[22m[2m)[22m[32m 9[2mms[22m[39m
 [32m✓[39m src/infra/restart.test.ts [2m([22m[2m4 tests[22m[2m)[22m[32m 10[2mms[22m[39m
 [32m✓[39m src/config/config.schema-regressions.test.ts [2m([22m[2m9 tests[22m[2m)[22m[32m 10[2mms[22m[39m
 [32m✓[39m src/agents/tools/telegram-actions.test.ts [2m([22m[2m37 tests[22m[2m)[22m[32m 10[2mms[22m[39m
 [32m✓[39m src/tui/components/chat-log.test.ts [2m([22m[2m3 tests[22m[2m)[22m[32m 10[2mms[22m[39m
 [32m✓[39m src/media/mime.test.ts [2m([22m[2m40 tests[22m[2m)[22m[32m 10[2mms[22m[39m
 [32m✓[39m src/canvas-host/server.state-dir.test.ts [2m([22m[2m1 test[22m[2m)[22m[32m 10[2mms[22m[39m
 [32m✓[39m src/agents/pi-embedded-runner/extra-params.zai-tool-stream.test.ts [2m([22m[2m3 tests[22m[2m)[22m[32m 9[2mms[22m[39m
 [32m✓[39m src/memory/salience.test.ts [2m([22m[2m13 tests[22m[2m)[22m[32m 10[2mms[22m[39m
 [32m✓[39m src/agents/workspace-templates.test.ts [2m([22m[2m2 tests[22m[2m)[22m[32m 14[2mms[22m[39m
 [32m✓[39m src/config/thread-bindings-config-keys.test.ts [2m([22m[2m5 tests[22m[2m)[22m[32m 9[2mms[22m[39m
 [32m✓[39m src/telegram/send.proxy.test.ts [2m([22m[2m3 tests[22m[2m)[22m[32m 10[2mms[22m[39m
 [32m✓[39m src/agents/compaction.retry.test.ts [2m([22m[2m5 tests[22m[2m)[22m[32m 9[2mms[22m[39m
 [32m✓[39m src/discord/monitor/message-handler.preflight.test.ts [2m([22m[2m8 tests[22m[2m)[22m[32m 10[2mms[22m[39m
 [32m✓[39m src/agents/tool-display.test.ts [2m([22m[2m20 tests[22m[2m)[22m[32m 11[2mms[22m[39m
 [32m✓[39m src/signal/format.links.test.ts [2m([22m[2m3 tests[22m[2m)[22m[32m 10[2mms[22m[39m
 [32m✓[39m src/agents/pi-embedded-subscribe.subscribe-embedded-pi-session.does-not-call-onblockreplyflush-callback-is-not.test.ts [2m([22m[2m1 test[22m[2m)[22m[32m 9[2mms[22m[39m
 [32m✓[39m src/channels/plugins/onboarding/helpers.test.ts [2m([22m[2m50 tests[22m[2m)[22m[32m 9[2mms[22m[39m
 [32m✓[39m src/slack/send.upload.test.ts [2m([22m[2m4 tests[22m[2m)[22m[32m 9[2mms[22m[39m
 [32m✓[39m src/agents/tools/message-tool.test.ts [2m([22m[2m12 tests[22m[2m)[22m[32m 9[2mms[22m[39m
 [32m✓[39m src/infra/exec-approvals-parity.test.ts [2m([22m[2m20 tests[22m[2m)[22m[32m 8[2mms[22m[39m
 [32m✓[39m src/infra/install-flow.test.ts [2m([22m[2m5 tests[22m[2m)[22m[32m 9[2mms[22m[39m
 [32m✓[39m src/agents/ollama-stream.test.ts [2m([22m[2m20 tests[22m[2m)[22m[32m 9[2mms[22m[39m
 [32m✓[39m extensions/tlon/src/urbit/sse-client.test.ts [2m([22m[2m1 test[22m[2m)[22m[32m 5[2mms[22m[39m
 [32m✓[39m src/infra/outbound/message-action-runner.threading.test.ts [2m([22m[2m7 tests[22m[2m)[22m[32m 11[2mms[22m[39m
 [32m✓[39m src/cron/isolated-agent/run.skill-filter.test.ts [2m([22m[2m11 tests[22m[2m)[22m[32m 10[2mms[22m[39m
 [32m✓[39m src/agents/pi-embedded-runner.sanitize-session-history.policy.test.ts [2m([22m[2m3 tests[22m[2m)[22m[32m 10[2mms[22m[39m
 [32m✓[39m src/discord/monitor/model-picker.test.ts [2m([22m[2m24 tests[22m[2m)[22m[32m 9[2mms[22m[39m
 [32m✓[39m src/agents/ernos-tools.subagents.sessions-spawn.allowlist.test.ts [2m([22m[2m5 tests[22m[2m)[22m[32m 12[2mms[22m[39m
 [32m✓[39m src/test-helpers/state-dir-env.test.ts [2m([22m[2m4 tests[22m[2m)[22m[32m 9[2mms[22m[39m
 [32m✓[39m src/infra/bonjour.test.ts [2m([22m[2m7 tests[22m[2m)[22m[32m 8[2mms[22m[39m
 [32m✓[39m src/infra/dotenv.test.ts [2m([22m[2m3 tests[22m[2m)[22m[32m 8[2mms[22m[39m
 [32m✓[39m src/cli/update-cli.option-collisions.test.ts [2m([22m[2m2 tests[22m[2m)[22m[32m 7[2mms[22m[39m
 [32m✓[39m extensions/msteams/src/media-helpers.test.ts [2m([22m[2m39 tests[22m[2m)[22m[32m 5[2mms[22m[39m
 [32m✓[39m src/discord/monitor/provider.lifecycle.test.ts [2m([22m[2m5 tests[22m[2m)[22m[32m 11[2mms[22m[39m
 [32m✓[39m src/browser/chrome-extension-background-utils.test.ts [2m([22m[2m9 tests[22m[2m)[22m[32m 8[2mms[22m[39m
 [32m✓[39m src/config/config.env-vars.test.ts [2m([22m[2m6 tests[22m[2m)[22m[32m 9[2mms[22m[39m
 [32m✓[39m extensions/feishu/src/reply-dispatcher.test.ts [2m([22m[2m2 tests[22m[2m)[22m[32m 4[2mms[22m[39m
 [32m✓[39m test/scripts/check-channel-agnostic-boundaries.test.ts [2m([22m[2m11 tests[22m[2m)[22m[32m 9[2mms[22m[39m
 [32m✓[39m src/media-understanding/runner.deepgram.test.ts [2m([22m[2m1 test[22m[2m)[22m[32m 8[2mms[22m[39m
 [32m✓[39m src/cli/program.force.test.ts [2m([22m[2m9 tests[22m[2m)[22m[32m 8[2mms[22m[39m
 [32m✓[39m src/acp/client.test.ts [2m([22m[2m26 tests[22m[2m)[22m[32m 8[2mms[22m[39m
 [32m✓[39m src/infra/git-root.test.ts [2m([22m[2m4 tests[22m[2m)[22m[32m 9[2mms[22m[39m
 [32m✓[39m src/agents/pi-embedded-runner/run/payloads.errors.test.ts [2m([22m[2m28 tests[22m[2m)[22m[32m 9[2mms[22m[39m
 [32m✓[39m src/agents/tools/browser-tool.test.ts [2m([22m[2m15 tests[22m[2m)[22m[32m 9[2mms[22m[39m
 [32m✓[39m src/infra/net/ssrf.pinning.test.ts [2m([22m[2m15 tests[22m[2m)[22m[32m 9[2mms[22m[39m
 [32m✓[39m src/infra/tailscale.test.ts [2m([22m[2m12 tests[22m[2m)[22m[32m 8[2mms[22m[39m
 [32m✓[39m extensions/matrix/src/matrix/actions/reactions.test.ts [2m([22m[2m3 tests[22m[2m)[22m[32m 4[2mms[22m[39m
 [32m✓[39m src/process/supervisor/adapters/pty.test.ts [2m([22m[2m9 tests[22m[2m)[22m[32m 10[2mms[22m[39m
 [32m✓[39m src/tui/components/searchable-select-list.test.ts [2m([22m[2m19 tests[22m[2m)[22m[32m 8[2mms[22m[39m
 [32m✓[39m src/commands/channels.adds-non-default-telegram-account.test.ts [2m([22m[2m21 tests[22m[2m)[22m[32m 10[2mms[22m[39m
 [32m✓[39m src/cli/exec-approvals-cli.test.ts [2m([22m[2m3 tests[22m[2m)[22m[32m 9[2mms[22m[39m
 [32m✓[39m extensions/twitch/src/probe.test.ts [2m([22m[2m10 tests[22m[2m)[22m[32m 5[2mms[22m[39m
 [32m✓[39m extensions/nextcloud-talk/src/inbound.authz.test.ts [2m([22m[2m1 test[22m[2m)[22m[32m 4[2mms[22m[39m
 [32m✓[39m src/logging/console-settings.test.ts [2m([22m[2m2 tests[22m[2m)[22m[32m 9[2mms[22m[39m
 [32m✓[39m src/infra/outbound/targets.test.ts [2m([22m[2m47 tests[22m[2m)[22m[32m 9[2mms[22m[39m
 [32m✓[39m src/infra/exec-approval-forwarder.test.ts [2m([22m[2m12 tests[22m[2m)[22m[32m 11[2mms[22m[39m
 [32m✓[39m extensions/twitch/src/access-control.test.ts [2m([22m[2m31 tests[22m[2m)[22m[32m 4[2mms[22m[39m
 [32m✓[39m src/agents/models-config.providers.nvidia.test.ts [2m([22m[2m8 tests[22m[2m)[22m[32m 9[2mms[22m[39m
 [32m✓[39m src/signal/format.visual.test.ts [2m([22m[2m7 tests[22m[2m)[22m[32m 8[2mms[22m[39m
 [32m✓[39m src/agents/ernos-tools.subagents.sessions-spawn-depth-limits.test.ts [2m([22m[2m8 tests[22m[2m)[22m[32m 12[2mms[22m[39m
 [32m✓[39m src/infra/device-identity.state-dir.test.ts [2m([22m[2m1 test[22m[2m)[22m[32m 7[2mms[22m[39m
 [32m✓[39m src/agents/pi-embedded-subscribe.handlers.tools.media.test.ts [2m([22m[2m10 tests[22m[2m)[22m[32m 8[2mms[22m[39m
 [32m✓[39m src/agents/skills/plugin-skills.test.ts [2m([22m[2m2 tests[22m[2m)[22m[32m 10[2mms[22m[39m
 [32m✓[39m src/media-understanding/providers/deepgram/audio.test.ts [2m([22m[2m3 tests[22m[2m)[22m[32m 7[2mms[22m[39m
 [32m✓[39m src/config/config.secrets-schema.test.ts [2m([22m[2m8 tests[22m[2m)[22m[32m 8[2mms[22m[39m
 [32m✓[39m src/agents/pi-embedded-subscribe.lifecycle-billing-error.test.ts [2m([22m[2m1 test[22m[2m)[22m[32m 8[2mms[22m[39m
 [32m✓[39m src/markdown/frontmatter.test.ts [2m([22m[2m5 tests[22m[2m)[22m[32m 8[2mms[22m[39m
 [32m✓[39m src/commands/auth-choice.apply-helpers.test.ts [2m([22m[2m12 tests[22m[2m)[22m[32m 8[2mms[22m[39m
 [32m✓[39m src/browser/pw-tools-core.interactions.set-input-files.test.ts [2m([22m[2m2 tests[22m[2m)[22m[32m 8[2mms[22m[39m
 [32m✓[39m src/config/config.dm-policy-alias.test.ts [2m([22m[2m4 tests[22m[2m)[22m[32m 7[2mms[22m[39m
 [32m✓[39m src/config/telegram-webhook-secret.test.ts [2m([22m[2m4 tests[22m[2m)[22m[32m 7[2mms[22m[39m
 [32m✓[39m src/daemon/launchd.test.ts [2m([22m[2m16 tests[22m[2m)[22m[32m 8[2mms[22m[39m
 [32m✓[39m src/hooks/gmail-setup-utils.test.ts [2m([22m[2m3 tests[22m[2m)[22m[32m 9[2mms[22m[39m
 [32m✓[39m src/infra/control-ui-assets.test.ts [2m([22m[2m9 tests[22m[2m)[22m[32m 8[2mms[22m[39m
 [32m✓[39m src/infra/provider-usage.fetch.claude.test.ts [2m([22m[2m9 tests[22m[2m)[22m[32m 8[2mms[22m[39m
 [32m✓[39m src/web/accounts.whatsapp-auth.test.ts [2m([22m[2m4 tests[22m[2m)[22m[32m 7[2mms[22m[39m
 [32m✓[39m extensions/msteams/src/policy.test.ts [2m([22m[2m16 tests[22m[2m)[22m[32m 4[2mms[22m[39m
 [32m✓[39m src/cli/qr-cli.test.ts [2m([22m[2m8 tests[22m[2m)[22m[32m 7[2mms[22m[39m
 [32m✓[39m src/agents/tools/sessions.test.ts [2m([22m[2m11 tests[22m[2m)[22m[32m 8[2mms[22m[39m
 [32m✓[39m src/plugins/voice-call.plugin.test.ts [2m([22m[2m7 tests[22m[2m)[22m[32m 8[2mms[22m[39m
 [32m✓[39m src/commands/agent/session-store.test.ts [2m([22m[2m1 test[22m[2m)[22m[32m 10[2mms[22m[39m
 [32m✓[39m extensions/feishu/src/docx.test.ts [2m([22m[2m1 test[22m[2m)[22m[32m 3[2mms[22m[39m
 [32m✓[39m src/cli/browser-cli-state.option-collisions.test.ts [2m([22m[2m9 tests[22m[2m)[22m[32m 8[2mms[22m[39m
 [32m✓[39m src/cron/store.test.ts [2m([22m[2m3 tests[22m[2m)[22m[32m 9[2mms[22m[39m
 [32m✓[39m src/agents/pi-tools.message-provider-policy.test.ts [2m([22m[2m4 tests[22m[2m)[22m[32m 9[2mms[22m[39m
 [32m✓[39m extensions/nostr/src/channel.test.ts [2m([22m[2m21 tests[22m[2m)[22m[32m 5[2mms[22m[39m
 [32m✓[39m src/hooks/import-url.test.ts [2m([22m[2m7 tests[22m[2m)[22m[32m 7[2mms[22m[39m
 [32m✓[39m src/agents/observer/sentinel.test.ts [2m([22m[2m6 tests[22m[2m)[22m[32m 6[2mms[22m[39m
 [32m✓[39m src/auto-reply/reply/commands-session-lifecycle.test.ts [2m([22m[2m6 tests[22m[2m)[22m[32m 8[2mms[22m[39m
 [32m✓[39m extensions/zalouser/src/send.test.ts [2m([22m[2m7 tests[22m[2m)[22m[32m 4[2mms[22m[39m
 [32m✓[39m src/commands/sandbox.test.ts [2m([22m[2m19 tests[22m[2m)[22m[32m 7[2mms[22m[39m
 [32m✓[39m src/media-understanding/providers/openai/audio.test.ts [2m([22m[2m3 tests[22m[2m)[22m[32m 8[2mms[22m[39m
 [32m✓[39m src/commands/models/list.status.test.ts [2m([22m[2m7 tests[22m[2m)[22m[32m 9[2mms[22m[39m
 [32m✓[39m extensions/matrix/src/matrix/monitor/replies.test.ts [2m([22m[2m6 tests[22m[2m)[22m[32m 4[2mms[22m[39m
 [32m✓[39m src/agents/pi-embedded-helpers.isbillingerrormessage.test.ts [2m([22m[2m41 tests[22m[2m)[22m[32m 8[2mms[22m[39m
 [32m✓[39m src/discord/monitor/thread-bindings.shared-state.test.ts [2m([22m[2m1 test[22m[2m)[22m[32m 8[2mms[22m[39m
 [32m✓[39m src/routing/resolve-route.test.ts [2m([22m[2m35 tests[22m[2m)[22m[32m 7[2mms[22m[39m
 [32m✓[39m src/infra/exec-approvals-config.test.ts [2m([22m[2m9 tests[22m[2m)[22m[32m 6[2mms[22m[39m
 [32m✓[39m src/cron/service.issue-13992-regression.test.ts [2m([22m[2m5 tests[22m[2m)[22m[32m 8[2mms[22m[39m
 [32m✓[39m src/agents/ernos-tools.sessions-visibility.test.ts [2m([22m[2m3 tests[22m[2m)[22m[32m 8[2mms[22m[39m
 [32m✓[39m extensions/matrix/src/matrix/monitor/media.test.ts [2m([22m[2m2 tests[22m[2m)[22m[32m 4[2mms[22m[39m
 [32m✓[39m src/security/egress-filter.test.ts [2m([22m[2m10 tests[22m[2m)[22m[32m 7[2mms[22m[39m
 [32m✓[39m src/markdown/ir.table-code.test.ts [2m([22m[2m4 tests[22m[2m)[22m[32m 7[2mms[22m[39m
 [32m✓[39m extensions/msteams/src/monitor-handler/message-handler.authz.test.ts [2m([22m[2m1 test[22m[2m)[22m[32m 5[2mms[22m[39m
 [32m✓[39m extensions/matrix/src/directory-live.test.ts [2m([22m[2m4 tests[22m[2m)[22m[32m 4[2mms[22m[39m
 [32m✓[39m src/config/config.irc.test.ts [2m([22m[2m7 tests[22m[2m)[22m[32m 7[2mms[22m[39m
 [32m✓[39m src/media-understanding/providers/moonshot/video.test.ts [2m([22m[2m2 tests[22m[2m)[22m[32m 7[2mms[22m[39m
 [32m✓[39m src/plugins/cli.test.ts [2m([22m[2m1 test[22m[2m)[22m[32m 8[2mms[22m[39m
 [32m✓[39m src/commands/message.test.ts [2m([22m[2m4 tests[22m[2m)[22m[32m 8[2mms[22m[39m
 [32m✓[39m src/infra/net/ssrf.test.ts [2m([22m[2m9 tests[22m[2m)[22m[32m 7[2mms[22m[39m
 [32m✓[39m extensions/nextcloud-talk/src/monitor.auth-order.test.ts [2m([22m[2m1 test[22m[2m)[22m[32m 16[2mms[22m[39m
 [32m✓[39m src/browser/pw-session.test.ts [2m([22m[2m6 tests[22m[2m)[22m[32m 6[2mms[22m[39m
 [32m✓[39m src/agents/pi-embedded-runner/tool-result-truncation.test.ts [2m([22m[2m21 tests[22m[2m)[22m[32m 5[2mms[22m[39m
 [32m✓[39m src/imessage/monitor.gating.test.ts [2m([22m[2m9 tests[22m[2m)[22m[32m 9[2mms[22m[39m
 [32m✓[39m src/config/slack-token-validation.test.ts [2m([22m[2m4 tests[22m[2m)[22m[32m 7[2mms[22m[39m
 [32m✓[39m extensions/mattermost/src/mattermost/reactions.test.ts [2m([22m[2m4 tests[22m[2m)[22m[32m 30[2mms[22m[39m
 [32m✓[39m src/agents/auth-profiles/session-override.test.ts [2m([22m[2m1 test[22m[2m)[22m[32m 7[2mms[22m[39m
 [32m✓[39m src/agents/pi-tools.whatsapp-login-gating.test.ts [2m([22m[2m3 tests[22m[2m)[22m[32m 8[2mms[22m[39m
 [32m✓[39m src/line/webhook-node.test.ts [2m([22m[2m8 tests[22m[2m)[22m[32m 7[2mms[22m[39m
 [32m✓[39m src/browser/client-fetch.loopback-auth.test.ts [2m([22m[2m5 tests[22m[2m)[22m[32m 7[2mms[22m[39m
 [32m✓[39m src/security/windows-acl.test.ts [2m([22m[2m35 tests[22m[2m)[22m[32m 7[2mms[22m[39m
 [32m✓[39m src/security/external-content.test.ts [2m([22m[2m33 tests[22m[2m)[22m[32m 7[2mms[22m[39m
 [32m✓[39m src/auto-reply/chunk.test.ts [2m([22m[2m30 tests[22m[2m)[22m[32m 7[2mms[22m[39m
 [32m✓[39m src/cli/program/command-registry.test.ts [2m([22m[2m9 tests[22m[2m)[22m[32m 7[2mms[22m[39m
 [32m✓[39m src/plugin-sdk/temp-path.test.ts [2m([22m[2m4 tests[22m[2m)[22m[32m 7[2mms[22m[39m
 [32m✓[39m src/agents/models-config.providers.volcengine-byteplus.test.ts [2m([22m[2m3 tests[22m[2m)[22m[32m 6[2mms[22m[39m
 [32m✓[39m src/config/slack-http-config.test.ts [2m([22m[2m4 tests[22m[2m)[22m[32m 6[2mms[22m[39m
 [32m✓[39m test/scripts/check-no-random-messaging-tmp.test.ts [2m([22m[2m5 tests[22m[2m)[22m[32m 7[2mms[22m[39m
 [32m✓[39m src/infra/npm-pack-install.test.ts [2m([22m[2m10 tests[22m[2m)[22m[32m 6[2mms[22m[39m
 [32m✓[39m src/agents/pi-embedded-helpers.sanitizeuserfacingtext.test.ts [2m([22m[2m58 tests[22m[2m)[22m[32m 7[2mms[22m[39m
 [32m✓[39m test/scripts/check-no-raw-window-open.test.ts [2m([22m[2m4 tests[22m[2m)[22m[32m 7[2mms[22m[39m
 [32m✓[39m src/browser/pw-tools-core.waits-next-download-saves-it.test.ts [2m([22m[2m7 tests[22m[2m)[22m[32m 8[2mms[22m[39m
 [32m✓[39m src/line/webhook.test.ts [2m([22m[2m7 tests[22m[2m)[22m[32m 7[2mms[22m[39m
 [32m✓[39m src/security/dm-policy-shared.test.ts [2m([22m[2m48 tests[22m[2m)[22m[32m 7[2mms[22m[39m
 [32m✓[39m src/agents/subagent-announce-queue.test.ts [2m([22m[2m4 tests[22m[2m)[22m[32m 7[2mms[22m[39m
 [32m✓[39m src/infra/exec-safe-bin-runtime-policy.test.ts [2m([22m[2m16 tests[22m[2m)[22m[32m 7[2mms[22m[39m
 [32m✓[39m src/config/config.web-search-provider.test.ts [2m([22m[2m14 tests[22m[2m)[22m[32m 7[2mms[22m[39m
 [32m✓[39m src/cli/logs-cli.test.ts [2m([22m[2m11 tests[22m[2m)[22m[32m 6[2mms[22m[39m
 [32m✓[39m src/cron/service.issue-17852-daily-skip.test.ts [2m([22m[2m2 tests[22m[2m)[22m[32m 7[2mms[22m[39m
 [32m✓[39m src/infra/provider-usage.fetch.minimax.test.ts [2m([22m[2m8 tests[22m[2m)[22m[32m 7[2mms[22m[39m
 [32m✓[39m src/agents/bash-tools.process.poll-timeout.test.ts [2m([22m[2m4 tests[22m[2m)[22m[32m 6[2mms[22m[39m
 [32m✓[39m src/cli/program/message/helpers.test.ts [2m([22m[2m10 tests[22m[2m)[22m[32m 7[2mms[22m[39m
 [32m✓[39m src/agents/auth-profiles/usage.test.ts [2m([22m[2m37 tests[22m[2m)[22m[32m 6[2mms[22m[39m
 [32m✓[39m src/memory/query-expansion.test.ts [2m([22m[2m26 tests[22m[2m)[22m[32m 7[2mms[22m[39m
 [32m✓[39m src/infra/bonjour-discovery.test.ts [2m([22m[2m4 tests[22m[2m)[22m[32m 6[2mms[22m[39m
 [32m✓[39m extensions/voice-call/src/config.test.ts [2m([22m[2m7 tests[22m[2m)[22m[32m 4[2mms[22m[39m
 [32m✓[39m src/agents/session-tool-result-guard.test.ts [2m([22m[2m18 tests[22m[2m)[22m[32m 6[2mms[22m[39m
 [32m✓[39m src/acp/translator.session-rate-limit.test.ts [2m([22m[2m4 tests[22m[2m)[22m[32m 6[2mms[22m[39m
 [32m✓[39m src/agents/acp-spawn.test.ts [2m([22m[2m5 tests[22m[2m)[22m[32m 7[2mms[22m[39m
 [32m✓[39m extensions/synology-chat/src/security.test.ts [2m([22m[2m22 tests[22m[2m)[22m[32m 4[2mms[22m[39m
 [32m✓[39m src/agents/model-fallback.probe.test.ts [2m([22m[2m12 tests[22m[2m)[22m[32m 6[2mms[22m[39m
 [32m✓[39m src/cron/normalize.test.ts [2m([22m[2m24 tests[22m[2m)[22m[32m 6[2mms[22m[39m
 [32m✓[39m src/telegram/network-errors.test.ts [2m([22m[2m12 tests[22m[2m)[22m[32m 6[2mms[22m[39m
 [32m✓[39m extensions/msteams/src/token-response.test.ts [2m([22m[2m4 tests[22m[2m)[22m[32m 2[2mms[22m[39m
 [32m✓[39m src/infra/exec-obfuscation-detect.test.ts [2m([22m[2m22 tests[22m[2m)[22m[32m 6[2mms[22m[39m
 [32m✓[39m src/browser/server-context.ensure-tab-available.prefers-last-target.test.ts [2m([22m[2m3 tests[22m[2m)[22m[32m 6[2mms[22m[39m
 [32m✓[39m src/infra/tmp-ernos-dir.test.ts [2m([22m[2m11 tests[22m[2m)[22m[32m 6[2mms[22m[39m
 [32m✓[39m extensions/voice-call/src/http-headers.test.ts [2m([22m[2m3 tests[22m[2m)[22m[32m 2[2mms[22m[39m
 [32m✓[39m src/discord/monitor/provider.proxy.test.ts [2m([22m[2m3 tests[22m[2m)[22m[32m 6[2mms[22m[39m
 [32m✓[39m src/config/config.discord-presence.test.ts [2m([22m[2m5 tests[22m[2m)[22m[32m 7[2mms[22m[39m
 [32m✓[39m src/plugins/slots.test.ts [2m([22m[2m5 tests[22m[2m)[22m[32m 3[2mms[22m[39m
 [32m✓[39m src/channels/plugins/onboarding/whatsapp.test.ts [2m([22m[2m8 tests[22m[2m)[22m[32m 6[2mms[22m[39m
 [32m✓[39m src/auto-reply/reply/directive-handling.model.test.ts [2m([22m[2m10 tests[22m[2m)[22m[32m 7[2mms[22m[39m
 [32m✓[39m src/cli/secrets-cli.test.ts [2m([22m[2m4 tests[22m[2m)[22m[32m 6[2mms[22m[39m
 [32m✓[39m src/agents/agent-paths.test.ts [2m([22m[2m4 tests[22m[2m)[22m[32m 6[2mms[22m[39m
 [32m✓[39m src/imessage/targets.test.ts [2m([22m[2m12 tests[22m[2m)[22m[32m 7[2mms[22m[39m
 [32m✓[39m src/commands/agent.delivery.test.ts [2m([22m[2m10 tests[22m[2m)[22m[32m 7[2mms[22m[39m
 [32m✓[39m src/infra/system-events.test.ts [2m([22m[2m7 tests[22m[2m)[22m[32m 7[2mms[22m[39m
 [32m✓[39m extensions/imessage/src/channel.outbound.test.ts [2m([22m[2m2 tests[22m[2m)[22m[32m 4[2mms[22m[39m
 [32m✓[39m src/daemon/service-env.test.ts [2m([22m[2m37 tests[22m[2m)[22m[32m 6[2mms[22m[39m
 [32m✓[39m extensions/matrix/src/channel.directory.test.ts [2m([22m[2m3 tests[22m[2m)[22m[32m 4[2mms[22m[39m
 [32m✓[39m src/commands/onboarding/plugin-install.test.ts [2m([22m[2m5 tests[22m[2m)[22m[32m 6[2mms[22m[39m
 [32m✓[39m src/cli/system-cli.test.ts [2m([22m[2m7 tests[22m[2m)[22m[32m 6[2mms[22m[39m
 [32m✓[39m test/integration/tools-registration.test.ts [2m([22m[2m14 tests[22m[2m)[22m[32m 7[2mms[22m[39m
 [32m✓[39m src/agents/skills.summarize-skill-description.test.ts [2m([22m[2m1 test[22m[2m)[22m[32m 6[2mms[22m[39m
 [32m✓[39m extensions/synology-chat/src/accounts.test.ts [2m([22m[2m11 tests[22m[2m)[22m[32m 4[2mms[22m[39m
 [32m✓[39m src/infra/http-body.test.ts [2m([22m[2m9 tests[22m[2m)[22m[32m 6[2mms[22m[39m
 [32m✓[39m src/telegram/bot-native-commands.plugin-auth.test.ts [2m([22m[2m2 tests[22m[2m)[22m[32m 7[2mms[22m[39m
 [32m✓[39m extensions/zalo/src/monitor.group-policy.test.ts [2m([22m[2m7 tests[22m[2m)[22m[32m 3[2mms[22m[39m
 [32m✓[39m src/process/kill-tree.test.ts [2m([22m[2m4 tests[22m[2m)[22m[32m 6[2mms[22m[39m
 [32m✓[39m src/agents/sessions-spawn-threadid.test.ts [2m([22m[2m2 tests[22m[2m)[22m[32m 7[2mms[22m[39m
 [32m✓[39m src/config/config.hooks-module-paths.test.ts [2m([22m[2m4 tests[22m[2m)[22m[32m 6[2mms[22m[39m
 [32m✓[39m src/discord/send.webhook-activity.test.ts [2m([22m[2m1 test[22m[2m)[22m[32m 6[2mms[22m[39m
 [32m✓[39m src/agents/pi-embedded-subscribe.subscribe-embedded-pi-session.emits-reasoning-as-separate-message-enabled.test.ts [2m([22m[2m5 tests[22m[2m)[22m[32m 6[2mms[22m[39m
 [32m✓[39m src/tui/gateway-chat.test.ts [2m([22m[2m8 tests[22m[2m)[22m[32m 5[2mms[22m[39m
 [32m✓[39m src/cli/program/register.subclis.test.ts [2m([22m[2m4 tests[22m[2m)[22m[32m 7[2mms[22m[39m
 [32m✓[39m src/agents/pi-embedded-subscribe.subscribe-embedded-pi-session.does-not-emit-duplicate-block-replies-text.test.ts [2m([22m[2m5 tests[22m[2m)[22m[32m 6[2mms[22m[39m
 [32m✓[39m src/channels/plugins/plugins-channel.test.ts [2m([22m[2m21 tests[22m[2m)[22m[32m 6[2mms[22m[39m
 [32m✓[39m src/config/telegram-webhook-port.test.ts [2m([22m[2m3 tests[22m[2m)[22m[32m 6[2mms[22m[39m
 [32m✓[39m src/auto-reply/reply.directive.parse.test.ts [2m([22m[2m31 tests[22m[2m)[22m[32m 6[2mms[22m[39m
 [32m✓[39m src/agents/tools/web-search.test.ts [2m([22m[2m37 tests[22m[2m)[22m[32m 6[2mms[22m[39m
 [32m✓[39m src/agents/skills/bundled-dir.test.ts [2m([22m[2m2 tests[22m[2m)[22m[32m 7[2mms[22m[39m
 [32m✓[39m src/agents/ernos-tools.agents.test.ts [2m([22m[2m4 tests[22m[2m)[22m[32m 7[2mms[22m[39m
 [32m✓[39m src/agents/pi-embedded-subscribe.subscribe-embedded-pi-session.filters-final-suppresses-output-without-start-tag.test.ts [2m([22m[2m4 tests[22m[2m)[22m[32m 7[2mms[22m[39m
 [32m✓[39m src/commands/agents.bind.commands.test.ts [2m([22m[2m7 tests[22m[2m)[22m[32m 7[2mms[22m[39m
 [32m✓[39m src/auto-reply/reply/memory-flush.test.ts [2m([22m[2m2 tests[22m[2m)[22m[32m 6[2mms[22m[39m
 [32m✓[39m src/config/config.tools-alsoAllow.test.ts [2m([22m[2m3 tests[22m[2m)[22m[32m 6[2mms[22m[39m
 [32m✓[39m src/agents/tools/discord-actions-presence.test.ts [2m([22m[2m18 tests[22m[2m)[22m[32m 6[2mms[22m[39m
 [32m✓[39m src/cli/nodes-cli/register.invoke.nodes-run-approval-timeout.test.ts [2m([22m[2m4 tests[22m[2m)[22m[32m 7[2mms[22m[39m
 [32m✓[39m src/infra/shell-env.test.ts [2m([22m[2m13 tests[22m[2m)[22m[32m 6[2mms[22m[39m
 [32m✓[39m src/line/markdown-to-line.test.ts [2m([22m[2m18 tests[22m[2m)[22m[32m 6[2mms[22m[39m
 [32m✓[39m src/commands/agent-via-gateway.test.ts [2m([22m[2m4 tests[22m[2m)[22m[32m 6[2mms[22m[39m
 [32m✓[39m src/agents/observer/cognitive-loop.test.ts [2m([22m[2m10 tests[22m[2m)[22m[32m 6[2mms[22m[39m
 [32m✓[39m src/tui/tui-event-handlers.test.ts [2m([22m[2m13 tests[22m[2m)[22m[32m 6[2mms[22m[39m
 [32m✓[39m src/test-utils/temp-home.test.ts [2m([22m[2m1 test[22m[2m)[22m[32m 5[2mms[22m[39m
 [32m✓[39m extensions/discord/src/channel.test.ts [2m([22m[2m1 test[22m[2m)[22m[32m 4[2mms[22m[39m
 [32m✓[39m src/agents/pi-tools.create-ernos-coding-tools.adds-claude-style-aliases-schemas-without-dropping-b.test.ts [2m([22m[2m3 tests[22m[2m)[22m[32m 6[2mms[22m[39m
 [32m✓[39m src/agents/ernos-tools.subagents.sessions-spawn-applies-thinking-default.test.ts [2m([22m[2m2 tests[22m[2m)[22m[32m 6[2mms[22m[39m
 [32m✓[39m src/discord/monitor/message-utils.test.ts [2m([22m[2m20 tests[22m[2m)[22m[32m 6[2mms[22m[39m
 [32m✓[39m src/imessage/monitor/inbound-processing.test.ts [2m([22m[2m4 tests[22m[2m)[22m[32m 6[2mms[22m[39m
 [32m✓[39m test/scripts/ui.test.ts [2m([22m[2m5 tests[22m[2m)[22m[32m 3[2mms[22m[39m
 [32m✓[39m src/browser/navigation-guard.test.ts [2m([22m[2m12 tests[22m[2m)[22m[32m 6[2mms[22m[39m
 [32m✓[39m extensions/irc/src/client.test.ts [2m([22m[2m4 tests[22m[2m)[22m[32m 3[2mms[22m[39m
 [32m✓[39m src/infra/ernos-root.test.ts [2m([22m[2m7 tests[22m[2m)[22m[32m 9[2mms[22m[39m
 [32m✓[39m src/agents/openai-responses.reasoning-replay.test.ts [2m([22m[2m2 tests[22m[2m)[22m[32m 6[2mms[22m[39m
 [32m✓[39m src/commands/onboard-auth.config-core.kilocode.test.ts [2m([22m[2m16 tests[22m[2m)[22m[32m 6[2mms[22m[39m
 [32m✓[39m src/infra/outbound/targets.channel-resolution.test.ts [2m([22m[2m2 tests[22m[2m)[22m[32m 3[2mms[22m[39m
 [32m✓[39m src/agents/pi-embedded-subscribe.subscribe-embedded-pi-session.keeps-indented-fenced-blocks-intact.test.ts [2m([22m[2m2 tests[22m[2m)[22m[32m 6[2mms[22m[39m
 [32m✓[39m src/config/normalize-paths.test.ts [2m([22m[2m1 test[22m[2m)[22m[32m 6[2mms[22m[39m
 [32m✓[39m extensions/line/src/channel.logout.test.ts [2m([22m[2m3 tests[22m[2m)[22m[32m 4[2mms[22m[39m
 [32m✓[39m src/browser/config.test.ts [2m([22m[2m20 tests[22m[2m)[22m[32m 6[2mms[22m[39m
 [32m✓[39m src/infra/exec-safe-bin-policy.test.ts [2m([22m[2m84 tests[22m[2m)[22m[32m 6[2mms[22m[39m
 [32m✓[39m extensions/twitch/src/status.test.ts [2m([22m[2m12 tests[22m[2m)[22m[32m 4[2mms[22m[39m
 [32m✓[39m src/media-understanding/providers/google/video.test.ts [2m([22m[2m2 tests[22m[2m)[22m[32m 5[2mms[22m[39m
 [32m✓[39m extensions/tlon/src/monitor/processed-messages.test.ts [2m([22m[2m1 test[22m[2m)[22m[32m 2[2mms[22m[39m
 [32m✓[39m src/media-understanding/providers/mistral/index.test.ts [2m([22m[2m3 tests[22m[2m)[22m[32m 6[2mms[22m[39m
 [32m✓[39m extensions/msteams/src/graph-users.test.ts [2m([22m[2m4 tests[22m[2m)[22m[32m 3[2mms[22m[39m
 [32m✓[39m src/agents/pi-embedded-subscribe.reply-tags.test.ts [2m([22m[2m3 tests[22m[2m)[22m[32m 6[2mms[22m[39m
 [32m✓[39m extensions/irc/src/protocol.test.ts [2m([22m[2m4 tests[22m[2m)[22m[32m 3[2mms[22m[39m
 [32m✓[39m src/telegram/probe.test.ts [2m([22m[2m5 tests[22m[2m)[22m[32m 6[2mms[22m[39m
 [32m✓[39m extensions/feishu/src/channel.test.ts [2m([22m[2m1 test[22m[2m)[22m[32m 3[2mms[22m[39m
 [32m✓[39m src/browser/profiles-service.test.ts [2m([22m[2m4 tests[22m[2m)[22m[32m 6[2mms[22m[39m
 [32m✓[39m extensions/voice-call/src/providers/twilio.test.ts [2m([22m[2m6 tests[22m[2m)[22m[32m 4[2mms[22m[39m
 [32m✓[39m src/agents/pi-embedded-utils.test.ts [2m([22m[2m30 tests[22m[2m)[22m[32m 6[2mms[22m[39m
 [32m✓[39m src/agents/pi-embedded-subscribe.subscribe-embedded-pi-session.streams-soft-chunks-paragraph-preference.test.ts [2m([22m[2m2 tests[22m[2m)[22m[32m 6[2mms[22m[39m
 [32m✓[39m src/config/config.telegram-custom-commands.test.ts [2m([22m[2m2 tests[22m[2m)[22m[32m 5[2mms[22m[39m
 [32m✓[39m src/agents/sandbox/fs-paths.test.ts [2m([22m[2m7 tests[22m[2m)[22m[32m 4[2mms[22m[39m
 [32m✓[39m extensions/synology-chat/src/channel.integration.test.ts [2m([22m[2m1 test[22m[2m)[22m[32m 4[2mms[22m[39m
 [32m✓[39m src/browser/profiles.test.ts [2m([22m[2m34 tests[22m[2m)[22m[32m 5[2mms[22m[39m
 [32m✓[39m src/commands/model-picker.test.ts [2m([22m[2m7 tests[22m[2m)[22m[32m 6[2mms[22m[39m
 [32m✓[39m src/agents/pi-embedded-runner/model.test.ts [2m([22m[2m17 tests[22m[2m)[22m[32m 5[2mms[22m[39m
 [32m✓[39m src/agents/tools/gateway.test.ts [2m([22m[2m11 tests[22m[2m)[22m[32m 5[2mms[22m[39m
 [32m✓[39m src/commands/sessions-cleanup.test.ts [2m([22m[2m5 tests[22m[2m)[22m[32m 5[2mms[22m[39m
 [32m✓[39m extensions/msteams/src/inbound.test.ts [2m([22m[2m8 tests[22m[2m)[22m[32m 4[2mms[22m[39m
 [32m✓[39m src/hooks/bundled/boot-md/handler.test.ts [2m([22m[2m7 tests[22m[2m)[22m[32m 5[2mms[22m[39m
 [32m✓[39m src/web/inbound/access-control.test.ts [2m([22m[2m6 tests[22m[2m)[22m[32m 5[2mms[22m[39m
 [32m✓[39m extensions/matrix/src/matrix/monitor/allowlist.test.ts [2m([22m[2m3 tests[22m[2m)[22m[32m 2[2mms[22m[39m
 [32m✓[39m src/line/probe.test.ts [2m([22m[2m2 tests[22m[2m)[22m[32m 5[2mms[22m[39m
 [32m✓[39m src/cli/channel-auth.test.ts [2m([22m[2m7 tests[22m[2m)[22m[32m 5[2mms[22m[39m
 [32m✓[39m src/auto-reply/reply/commands-context-report.test.ts [2m([22m[2m2 tests[22m[2m)[22m[32m 6[2mms[22m[39m
 [32m✓[39m src/agents/pi-embedded-subscribe.subscribe-embedded-pi-session.reopens-fenced-blocks-splitting-inside-them.test.ts [2m([22m[2m2 tests[22m[2m)[22m[32m 6[2mms[22m[39m
 [32m✓[39m src/agents/bash-tools.exec-approval-request.test.ts [2m([22m[2m5 tests[22m[2m)[22m[32m 5[2mms[22m[39m
 [32m✓[39m src/telegram/sendchataction-401-backoff.test.ts [2m([22m[2m7 tests[22m[2m)[22m[32m 6[2mms[22m[39m
 [32m✓[39m extensions/matrix/src/matrix/client.test.ts [2m([22m[2m2 tests[22m[2m)[22m[32m 2[2mms[22m[39m
 [32m✓[39m src/agents/tools/memory-tool.citations.test.ts [2m([22m[2m8 tests[22m[2m)[22m[32m 6[2mms[22m[39m
 [32m✓[39m src/config/config.msteams.test.ts [2m([22m[2m2 tests[22m[2m)[22m[32m 6[2mms[22m[39m
 [32m✓[39m src/agents/models-config.providers.kilocode.test.ts [2m([22m[2m5 tests[22m[2m)[22m[32m 5[2mms[22m[39m
 [32m✓[39m src/infra/transport-ready.test.ts [2m([22m[2m3 tests[22m[2m)[22m[32m 5[2mms[22m[39m
 [32m✓[39m src/agents/pi-embedded-subscribe.subscribe-embedded-pi-session.keeps-assistanttexts-final-answer-block-replies-are.test.ts [2m([22m[2m2 tests[22m[2m)[22m[32m 5[2mms[22m[39m
 [32m✓[39m src/infra/provider-usage.fetch.gemini.test.ts [2m([22m[2m2 tests[22m[2m)[22m[32m 5[2mms[22m[39m
 [32m✓[39m src/logging/diagnostic.test.ts [2m([22m[2m4 tests[22m[2m)[22m[32m 6[2mms[22m[39m
 [32m✓[39m src/agents/pi-embedded-subscribe.subscribe-embedded-pi-session.emits-block-replies-text-end-does-not.test.ts [2m([22m[2m2 tests[22m[2m)[22m[32m 6[2mms[22m[39m
 [32m✓[39m src/tui/tui.submit-handler.test.ts [2m([22m[2m11 tests[22m[2m)[22m[32m 5[2mms[22m[39m
 [32m✓[39m src/commands/openai-model-default.test.ts [2m([22m[2m16 tests[22m[2m)[22m[32m 5[2mms[22m[39m
 [32m✓[39m src/tui/tui-command-handlers.test.ts [2m([22m[2m5 tests[22m[2m)[22m[32m 6[2mms[22m[39m
 [32m✓[39m src/agents/pi-embedded-subscribe.subscribe-embedded-pi-session.does-not-append-text-end-content-is.test.ts [2m([22m[2m3 tests[22m[2m)[22m[32m 5[2mms[22m[39m
 [32m✓[39m src/link-understanding/detect.test.ts [2m([22m[2m10 tests[22m[2m)[22m[32m 5[2mms[22m[39m
 [32m✓[39m src/channels/session.test.ts [2m([22m[2m3 tests[22m[2m)[22m[32m 5[2mms[22m[39m
 [32m✓[39m src/acp/translator.prompt-prefix.test.ts [2m([22m[2m2 tests[22m[2m)[22m[32m 5[2mms[22m[39m
 [32m✓[39m src/agents/tool-policy.test.ts [2m([22m[2m22 tests[22m[2m)[22m[32m 5[2mms[22m[39m
 [32m✓[39m src/commands/health.test.ts [2m([22m[2m5 tests[22m[2m)[22m[32m 5[2mms[22m[39m
 [32m✓[39m src/web/inbound/send-api.test.ts [2m([22m[2m10 tests[22m[2m)[22m[32m 5[2mms[22m[39m
 [32m✓[39m src/agents/model-scan.test.ts [2m([22m[2m2 tests[22m[2m)[22m[32m 5[2mms[22m[39m
 [32m✓[39m src/agents/ernos-tools.subagents.steer-failure-clears-suppression.test.ts [2m([22m[2m1 test[22m[2m)[22m[32m 6[2mms[22m[39m
 [32m✓[39m extensions/tlon/src/config-schema.test.ts [2m([22m[2m2 tests[22m[2m)[22m[32m 3[2mms[22m[39m
 [32m✓[39m src/agents/tools/whatsapp-actions.test.ts [2m([22m[2m7 tests[22m[2m)[22m[32m 5[2mms[22m[39m
 [32m✓[39m src/browser/routes/dispatcher.abort.test.ts [2m([22m[2m2 tests[22m[2m)[22m[32m 5[2mms[22m[39m
 [32m✓[39m src/slack/actions.read.test.ts [2m([22m[2m2 tests[22m[2m)[22m[32m 5[2mms[22m[39m
 [32m✓[39m src/infra/provider-usage.fetch.codex.test.ts [2m([22m[2m3 tests[22m[2m)[22m[32m 5[2mms[22m[39m
 [32m✓[39m src/providers/qwen-portal-oauth.test.ts [2m([22m[2m8 tests[22m[2m)[22m[32m 5[2mms[22m[39m
 [32m✓[39m src/agents/pi-embedded-runner.compaction-safety-timeout.test.ts [2m([22m[2m3 tests[22m[2m)[22m[32m 5[2mms[22m[39m
 [32m✓[39m extensions/mattermost/src/mattermost/monitor.authz.test.ts [2m([22m[2m4 tests[22m[2m)[22m[32m 3[2mms[22m[39m
 [32m✓[39m src/infra/provider-usage.fetch.zai.test.ts [2m([22m[2m3 tests[22m[2m)[22m[32m 5[2mms[22m[39m
 [32m✓[39m src/agents/pi-embedded-helpers.formatassistanterrortext.test.ts [2m([22m[2m21 tests[22m[2m)[22m[32m 6[2mms[22m[39m
 [32m✓[39m src/agents/pi-embedded-subscribe.subscribe-embedded-pi-session.does-not-duplicate-text-end-repeats-full.test.ts [2m([22m[2m2 tests[22m[2m)[22m[32m 5[2mms[22m[39m
 [32m✓[39m extensions/bluebubbles/src/monitor-normalize.test.ts [2m([22m[2m4 tests[22m[2m)[22m[32m 3[2mms[22m[39m
 [32m✓[39m src/agents/pi-embedded-runner.guard.waitforidle-before-flush.test.ts [2m([22m[2m3 tests[22m[2m)[22m[32m 5[2mms[22m[39m
 [32m✓[39m src/infra/provider-usage.fetch.copilot.test.ts [2m([22m[2m2 tests[22m[2m)[22m[32m 5[2mms[22m[39m
 [32m✓[39m src/infra/state-migrations.state-dir.test.ts [2m([22m[2m1 test[22m[2m)[22m[32m 6[2mms[22m[39m
 [32m✓[39m src/cron/dream-consolidation.test.ts [2m([22m[2m2 tests[22m[2m)[22m[32m 5[2mms[22m[39m
 [32m✓[39m src/telegram/model-buttons.test.ts [2m([22m[2m14 tests[22m[2m)[22m[32m 5[2mms[22m[39m
 [32m✓[39m extensions/feishu/src/tool-account-routing.test.ts [2m([22m[2m4 tests[22m[2m)[22m[32m 11[2mms[22m[39m
 [32m✓[39m src/providers/google-shared.preserves-parameters-type-is-missing.test.ts [2m([22m[2m9 tests[22m[2m)[22m[32m 5[2mms[22m[39m
 [32m✓[39m src/slack/actions.blocks.test.ts [2m([22m[2m7 tests[22m[2m)[22m[32m 5[2mms[22m[39m
 [32m✓[39m src/agents/ernos-tools.subagents.sessions-spawn-default-timeout.test.ts [2m([22m[2m2 tests[22m[2m)[22m[32m 6[2mms[22m[39m
 [32m✓[39m src/config/zod-schema.cron-retention.test.ts [2m([22m[2m3 tests[22m[2m)[22m[32m 5[2mms[22m[39m
 [32m✓[39m extensions/googlechat/src/targets.test.ts [2m([22m[2m4 tests[22m[2m)[22m[32m 3[2mms[22m[39m
 [32m✓[39m src/telegram/bot/helpers.test.ts [2m([22m[2m37 tests[22m[2m)[22m[32m 5[2mms[22m[39m
 [32m✓[39m src/agents/models-config.providers.ollama.test.ts [2m([22m[2m8 tests[22m[2m)[22m[32m 5[2mms[22m[39m
 [32m✓[39m src/cron/cron-protocol-conformance.test.ts [2m([22m[2m2 tests[22m[2m)[22m[32m 5[2mms[22m[39m
 [32m✓[39m src/auto-reply/reply/get-reply-inline-actions.skip-when-config-empty.test.ts [2m([22m[2m4 tests[22m[2m)[22m[32m 6[2mms[22m[39m
 [32m✓[39m extensions/matrix/src/matrix/actions/limits.test.ts [2m([22m[2m2 tests[22m[2m)[22m[32m 2[2mms[22m[39m
 [32m✓[39m src/infra/outbound/session-binding-service.test.ts [2m([22m[2m6 tests[22m[2m)[22m[32m 5[2mms[22m[39m
 [32m✓[39m src/cli/skills-cli.formatting.test.ts [2m([22m[2m2 tests[22m[2m)[22m[32m 5[2mms[22m[39m
 [32m✓[39m src/config/zod-schema.session-maintenance-extensions.test.ts [2m([22m[2m5 tests[22m[2m)[22m[32m 5[2mms[22m[39m
 [32m✓[39m src/shared/text/reasoning-tags.test.ts [2m([22m[2m12 tests[22m[2m)[22m[32m 4[2mms[22m[39m
 [32m✓[39m src/process/supervisor/adapters/child.test.ts [2m([22m[2m4 tests[22m[2m)[22m[32m 5[2mms[22m[39m
 [32m✓[39m src/memory/mmr.test.ts [2m([22m[2m25 tests[22m[2m)[22m[32m 5[2mms[22m[39m
 [32m✓[39m src/commands/onboard-hooks.test.ts [2m([22m[2m6 tests[22m[2m)[22m[32m 5[2mms[22m[39m
 [32m✓[39m src/shared/shared-misc.test.ts [2m([22m[2m16 tests[22m[2m)[22m[32m 4[2mms[22m[39m
 [32m✓[39m extensions/feishu/src/bot.stripBotMention.test.ts [2m([22m[2m6 tests[22m[2m)[22m[32m 3[2mms[22m[39m
 [32m✓[39m src/agents/session-transcript-repair.test.ts [2m([22m[2m18 tests[22m[2m)[22m[32m 5[2mms[22m[39m
 [32m✓[39m src/agents/ernos-tools.subagents.sessions-spawn-default-timeout-absent.test.ts [2m([22m[2m1 test[22m[2m)[22m[32m 5[2mms[22m[39m
 [32m✓[39m src/cli/skills-cli.test.ts [2m([22m[2m11 tests[22m[2m)[22m[32m 5[2mms[22m[39m
 [32m✓[39m src/commands/agents.test.ts [2m([22m[2m7 tests[22m[2m)[22m[32m 6[2mms[22m[39m
 [32m✓[39m extensions/googlechat/src/api.test.ts [2m([22m[2m2 tests[22m[2m)[22m[32m 31[2mms[22m[39m
 [32m✓[39m src/line/reply-chunks.test.ts [2m([22m[2m4 tests[22m[2m)[22m[32m 5[2mms[22m[39m
 [32m✓[39m src/telegram/target-writeback.test.ts [2m([22m[2m4 tests[22m[2m)[22m[32m 6[2mms[22m[39m
 [32m✓[39m src/agents/memory-search.test.ts [2m([22m[2m12 tests[22m[2m)[22m[32m 7[2mms[22m[39m
 [32m✓[39m src/tui/tui-formatters.test.ts [2m([22m[2m24 tests[22m[2m)[22m[32m 5[2mms[22m[39m
 [32m✓[39m src/channels/plugins/outbound/discord.test.ts [2m([22m[2m12 tests[22m[2m)[22m[32m 5[2mms[22m[39m
 [32m✓[39m src/tui/tui.test.ts [2m([22m[2m15 tests[22m[2m)[22m[32m 5[2mms[22m[39m
 [32m✓[39m extensions/irc/src/policy.test.ts [2m([22m[2m6 tests[22m[2m)[22m[32m 3[2mms[22m[39m
 [32m✓[39m src/telegram/accounts.test.ts [2m([22m[2m8 tests[22m[2m)[22m[32m 5[2mms[22m[39m
 [32m✓[39m src/cli/daemon-cli/register-service-commands.test.ts [2m([22m[2m2 tests[22m[2m)[22m[32m 5[2mms[22m[39m
 [32m✓[39m src/cli/daemon-cli/restart-health.test.ts [2m([22m[2m2 tests[22m[2m)[22m[32m 4[2mms[22m[39m
 [32m✓[39m src/daemon/systemd.test.ts [2m([22m[2m15 tests[22m[2m)[22m[32m 5[2mms[22m[39m
 [32m✓[39m extensions/twitch/src/token.test.ts [2m([22m[2m9 tests[22m[2m)[22m[32m 3[2mms[22m[39m
 [32m✓[39m src/agents/pi-embedded-subscribe.tools.media.test.ts [2m([22m[2m25 tests[22m[2m)[22m[32m 5[2mms[22m[39m
 [32m✓[39m src/infra/system-run-command.test.ts [2m([22m[2m23 tests[22m[2m)[22m[32m 5[2mms[22m[39m
 [32m✓[39m src/infra/outbound/message.test.ts [2m([22m[2m2 tests[22m[2m)[22m[32m 5[2mms[22m[39m
 [32m✓[39m src/agents/auth-profiles.store.save.test.ts [2m([22m[2m1 test[22m[2m)[22m[32m 5[2mms[22m[39m
 [32m✓[39m src/slack/draft-stream.test.ts [2m([22m[2m7 tests[22m[2m)[22m[32m 4[2mms[22m[39m
 [32m✓[39m src/cron/isolated-agent/delivery-target.test.ts [2m([22m[2m15 tests[22m[2m)[22m[32m 5[2mms[22m[39m
 [32m✓[39m extensions/acpx/src/config.test.ts [2m([22m[2m4 tests[22m[2m)[22m[32m 2[2mms[22m[39m
 [32m✓[39m src/config/logging-max-file-bytes.test.ts [2m([22m[2m2 tests[22m[2m)[22m[32m 4[2mms[22m[39m
 [32m✓[39m src/auto-reply/reply/reply-plumbing.test.ts [2m([22m[2m20 tests[22m[2m)[22m[32m 5[2mms[22m[39m
 [32m✓[39m src/cli/daemon-cli/status.gather.test.ts [2m([22m[2m3 tests[22m[2m)[22m[32m 4[2mms[22m[39m
 [32m✓[39m src/channels/plugins/config-schema.test.ts [2m([22m[2m3 tests[22m[2m)[22m[32m 5[2mms[22m[39m
 [32m✓[39m src/plugins/wired-hooks-compaction.test.ts [2m([22m[2m5 tests[22m[2m)[22m[32m 5[2mms[22m[39m
 [32m✓[39m src/agents/tools/discord-actions-moderation.authz.test.ts [2m([22m[2m5 tests[22m[2m)[22m[32m 5[2mms[22m[39m
 [32m✓[39m src/commands/doctor-gateway-services.test.ts [2m([22m[2m3 tests[22m[2m)[22m[32m 5[2mms[22m[39m
 [32m✓[39m src/discord/targets.test.ts [2m([22m[2m10 tests[22m[2m)[22m[32m 4[2mms[22m[39m
 [32m✓[39m src/shared/net/ip.test.ts [2m([22m[2m4 tests[22m[2m)[22m[32m 5[2mms[22m[39m
 [32m✓[39m src/terminal/table.test.ts [2m([22m[2m12 tests[22m[2m)[22m[32m 5[2mms[22m[39m
 [32m✓[39m src/web/login-qr.test.ts [2m([22m[2m1 test[22m[2m)[22m[32m 5[2mms[22m[39m
 [32m✓[39m src/commands/openai-codex-oauth.test.ts [2m([22m[2m2 tests[22m[2m)[22m[32m 4[2mms[22m[39m
 [32m✓[39m extensions/tlon/src/urbit/base-url.test.ts [2m([22m[2m5 tests[22m[2m)[22m[32m 3[2mms[22m[39m
 [32m✓[39m src/config/zod-schema.logging-levels.test.ts [2m([22m[2m2 tests[22m[2m)[22m[32m 5[2mms[22m[39m
 [32m✓[39m src/auto-reply/dispatch.test.ts [2m([22m[2m3 tests[22m[2m)[22m[32m 5[2mms[22m[39m
 [32m✓[39m src/auto-reply/reply/acp-projector.test.ts [2m([22m[2m5 tests[22m[2m)[22m[32m 4[2mms[22m[39m
 [32m✓[39m src/auto-reply/reply/reply-elevated.test.ts [2m([22m[2m4 tests[22m[2m)[22m[32m 4[2mms[22m[39m
 [32m✓[39m src/config/zod-schema.typing-mode.test.ts [2m([22m[2m2 tests[22m[2m)[22m[32m 5[2mms[22m[39m
 [32m✓[39m src/media/host.test.ts [2m([22m[2m3 tests[22m[2m)[22m[32m 4[2mms[22m[39m
 [32m✓[39m src/slack/monitor/events/members.test.ts [2m([22m[2m5 tests[22m[2m)[22m[32m 4[2mms[22m[39m
 [32m✓[39m src/config/group-policy.test.ts [2m([22m[2m13 tests[22m[2m)[22m[32m 5[2mms[22m[39m
 [32m✓[39m src/tui/osc8-hyperlinks.test.ts [2m([22m[2m19 tests[22m[2m)[22m[32m 5[2mms[22m[39m
 [32m✓[39m extensions/irc/src/monitor.test.ts [2m([22m[2m3 tests[22m[2m)[22m[32m 3[2mms[22m[39m
 [32m✓[39m src/commands/zai-endpoint-detect.test.ts [2m([22m[2m1 test[22m[2m)[22m[32m 5[2mms[22m[39m
 [32m✓[39m src/agents/pi-embedded-subscribe.code-span-awareness.test.ts [2m([22m[2m3 tests[22m[2m)[22m[32m 5[2mms[22m[39m
 [32m✓[39m src/whatsapp/resolve-outbound-target.test.ts [2m([22m[2m21 tests[22m[2m)[22m[32m 4[2mms[22m[39m
 [32m✓[39m src/browser/pw-tools-core.clamps-timeoutms-scrollintoview.test.ts [2m([22m[2m6 tests[22m[2m)[22m[32m 5[2mms[22m[39m
 [32m✓[39m src/infra/unhandled-rejections.test.ts [2m([22m[2m29 tests[22m[2m)[22m[32m 4[2mms[22m[39m
 [32m✓[39m src/line/rich-menu.test.ts [2m([22m[2m13 tests[22m[2m)[22m[32m 4[2mms[22m[39m
 [32m✓[39m src/auto-reply/reply/agent-runner-payloads.test.ts [2m([22m[2m7 tests[22m[2m)[22m[32m 5[2mms[22m[39m
 [32m✓[39m src/tui/theme/theme.test.ts [2m([22m[2m6 tests[22m[2m)[22m[32m 5[2mms[22m[39m
 [32m✓[39m src/slack/monitor/events/reactions.test.ts [2m([22m[2m6 tests[22m[2m)[22m[32m 5[2mms[22m[39m
 [32m✓[39m src/line/auto-reply-delivery.test.ts [2m([22m[2m4 tests[22m[2m)[22m[32m 5[2mms[22m[39m
 [32m✓[39m extensions/nextcloud-talk/src/policy.test.ts [2m([22m[2m3 tests[22m[2m)[22m[32m 3[2mms[22m[39m
 [32m✓[39m src/agents/pi-embedded-helpers.sanitize-session-messages-images.removes-empty-assistant-text-blocks-but-preserves.test.ts [2m([22m[2m13 tests[22m[2m)[22m[32m 4[2mms[22m[39m
 [32m✓[39m src/auto-reply/reply/get-reply-run.media-only.test.ts [2m([22m[2m7 tests[22m[2m)[22m[32m 4[2mms[22m[39m
 [32m✓[39m extensions/msteams/src/errors.test.ts [2m([22m[2m6 tests[22m[2m)[22m[32m 3[2mms[22m[39m
 [32m✓[39m src/agents/pi-embedded-runner/run/attempt.test.ts [2m([22m[2m8 tests[22m[2m)[22m[32m 5[2mms[22m[39m
 [32m✓[39m src/cli/argv.test.ts [2m([22m[2m33 tests[22m[2m)[22m[32m 4[2mms[22m[39m
 [32m✓[39m src/docs/slash-commands-doc.test.ts [2m([22m[2m1 test[22m[2m)[22m[32m 4[2mms[22m[39m
 [32m✓[39m src/commands/onboard-helpers.test.ts [2m([22m[2m13 tests[22m[2m)[22m[32m 4[2mms[22m[39m
 [32m✓[39m src/channels/plugins/outbound/telegram.test.ts [2m([22m[2m3 tests[22m[2m)[22m[32m 4[2mms[22m[39m
 [32m✓[39m src/agents/compaction.test.ts [2m([22m[2m10 tests[22m[2m)[22m[32m 5[2mms[22m[39m
 [32m✓[39m extensions/irc/src/normalize.test.ts [2m([22m[2m3 tests[22m[2m)[22m[32m 3[2mms[22m[39m
 [32m✓[39m src/commands/onboard.test.ts [2m([22m[2m5 tests[22m[2m)[22m[32m 4[2mms[22m[39m
 [32m✓[39m src/plugins/hooks.model-override-wiring.test.ts [2m([22m[2m6 tests[22m[2m)[22m[32m 4[2mms[22m[39m
 [32m✓[39m src/agents/sandbox-explain.test.ts [2m([22m[2m4 tests[22m[2m)[22m[32m 4[2mms[22m[39m
 [32m✓[39m src/discord/monitor.gateway.test.ts [2m([22m[2m4 tests[22m[2m)[22m[32m 4[2mms[22m[39m
 [32m✓[39m src/agents/agent-scope.test.ts [2m([22m[2m15 tests[22m[2m)[22m[32m 4[2mms[22m[39m
 [32m✓[39m src/agents/tool-call-id.test.ts [2m([22m[2m8 tests[22m[2m)[22m[32m 4[2mms[22m[39m
 [32m✓[39m src/auto-reply/reply/post-compaction-audit.test.ts [2m([22m[2m15 tests[22m[2m)[22m[32m 4[2mms[22m[39m
 [32m✓[39m src/infra/exec-safe-bin-trust.test.ts [2m([22m[2m6 tests[22m[2m)[22m[32m 5[2mms[22m[39m
 [32m✓[39m src/auto-reply/tool-meta.test.ts [2m([22m[2m6 tests[22m[2m)[22m[32m 4[2mms[22m[39m
 [32m✓[39m src/commands/daemon-install-helpers.test.ts [2m([22m[2m9 tests[22m[2m)[22m[32m 5[2mms[22m[39m
 [32m✓[39m src/agents/subagent-announce-dispatch.test.ts [2m([22m[2m9 tests[22m[2m)[22m[32m 4[2mms[22m[39m
 [32m✓[39m src/channels/plugins/onboarding/channel-access.test.ts [2m([22m[2m7 tests[22m[2m)[22m[32m 5[2mms[22m[39m
 [32m✓[39m src/commands/configure.gateway-auth.test.ts [2m([22m[2m10 tests[22m[2m)[22m[32m 5[2mms[22m[39m
 [32m✓[39m src/agents/pi-embedded-runner/tool-result-context-guard.test.ts [2m([22m[2m8 tests[22m[2m)[22m[32m 4[2mms[22m[39m
 [32m✓[39m src/commands/onboard-remote.test.ts [2m([22m[2m2 tests[22m[2m)[22m[32m 4[2mms[22m[39m
 [32m✓[39m src/slack/monitor/events/messages.test.ts [2m([22m[2m6 tests[22m[2m)[22m[32m 5[2mms[22m[39m
 [32m✓[39m src/agents/models-config.providers.google-antigravity.test.ts [2m([22m[2m9 tests[22m[2m)[22m[32m 5[2mms[22m[39m
 [32m✓[39m src/plugins/runtime/index.test.ts [2m([22m[2m2 tests[22m[2m)[22m[32m 5[2mms[22m[39m
 [32m✓[39m src/logging/console-timestamp.test.ts [2m([22m[2m4 tests[22m[2m)[22m[32m 4[2mms[22m[39m
 [32m✓[39m src/auto-reply/heartbeat.test.ts [2m([22m[2m24 tests[22m[2m)[22m[32m 4[2mms[22m[39m
 [32m✓[39m src/agents/subagent-depth.test.ts [2m([22m[2m7 tests[22m[2m)[22m[32m 4[2mms[22m[39m
 [32m✓[39m src/config/config.skills-entries-config.test.ts [2m([22m[2m2 tests[22m[2m)[22m[32m 4[2mms[22m[39m
 [32m✓[39m src/cli/profile.test.ts [2m([22m[2m19 tests[22m[2m)[22m[32m 4[2mms[22m[39m
 [32m✓[39m src/agents/pi-tools.policy.test.ts [2m([22m[2m23 tests[22m[2m)[22m[32m 4[2mms[22m[39m
 [32m✓[39m src/agents/prompts/ernos-hud.test.ts [2m([22m[2m28 tests[22m[2m)[22m[32m 4[2mms[22m[39m
 [32m✓[39m extensions/nostr/src/nostr-profile-import.test.ts [2m([22m[2m7 tests[22m[2m)[22m[32m 3[2mms[22m[39m
 [32m✓[39m src/agents/pi-embedded-helpers.buildbootstrapcontextfiles.test.ts [2m([22m[2m13 tests[22m[2m)[22m[32m 4[2mms[22m[39m
 [32m✓[39m src/agents/pi-embedded-helpers.validate-turns.test.ts [2m([22m[2m15 tests[22m[2m)[22m[32m 4[2mms[22m[39m
 [32m✓[39m src/agents/models-config.providers.kimi-coding.test.ts [2m([22m[2m3 tests[22m[2m)[22m[32m 4[2mms[22m[39m
 [32m✓[39m src/discord/chunk.test.ts [2m([22m[2m10 tests[22m[2m)[22m[32m 4[2mms[22m[39m
 [32m✓[39m src/infra/runtime-guard.test.ts [2m([22m[2m5 tests[22m[2m)[22m[32m 4[2mms[22m[39m
 [32m✓[39m src/auto-reply/reply/commands-acp/context.test.ts [2m([22m[2m2 tests[22m[2m)[22m[32m 5[2mms[22m[39m
 [32m✓[39m src/logging/redact.test.ts [2m([22m[2m11 tests[22m[2m)[22m[32m 4[2mms[22m[39m
 [32m✓[39m src/commands/doctor-memory-search.test.ts [2m([22m[2m9 tests[22m[2m)[22m[32m 4[2mms[22m[39m
 [32m✓[39m src/agents/pi-extensions/context-pruning.test.ts [2m([22m[2m11 tests[22m[2m)[22m[32m 5[2mms[22m[39m
 [32m✓[39m src/agents/sanitize-for-prompt.test.ts [2m([22m[2m6 tests[22m[2m)[22m[32m 5[2mms[22m[39m
 [32m✓[39m src/browser/pw-role-snapshot.test.ts [2m([22m[2m7 tests[22m[2m)[22m[32m 9[2mms[22m[39m
 [32m✓[39m src/memory/batch-http.test.ts [2m([22m[2m2 tests[22m[2m)[22m[32m 4[2mms[22m[39m
 [32m✓[39m extensions/nextcloud-talk/src/monitor.read-body.test.ts [2m([22m[2m2 tests[22m[2m)[22m[32m 3[2mms[22m[39m
 [32m✓[39m src/auto-reply/model.test.ts [2m([22m[2m25 tests[22m[2m)[22m[32m 4[2mms[22m[39m
 [32m✓[39m src/infra/process-respawn.test.ts [2m([22m[2m7 tests[22m[2m)[22m[32m 4[2mms[22m[39m
 [32m✓[39m src/security/prompt-guardrails.test.ts [2m([22m[2m18 tests[22m[2m)[22m[32m 4[2mms[22m[39m
 [32m✓[39m src/agents/failover-error.test.ts [2m([22m[2m13 tests[22m[2m)[22m[32m 5[2mms[22m[39m
 [32m✓[39m extensions/feishu/src/policy.test.ts [2m([22m[2m5 tests[22m[2m)[22m[32m 3[2mms[22m[39m
 [32m✓[39m src/infra/outbound/outbound-send-service.test.ts [2m([22m[2m4 tests[22m[2m)[22m[32m 4[2mms[22m[39m
 [32m✓[39m src/memory/knowledge-graph/neuroplasticity.test.ts [2m([22m[2m9 tests[22m[2m)[22m[32m 4[2mms[22m[39m
 [32m✓[39m extensions/zalouser/src/status-issues.test.ts [2m([22m[2m4 tests[22m[2m)[22m[32m 3[2mms[22m[39m
 [32m✓[39m src/node-host/invoke.sanitize-env.test.ts [2m([22m[2m7 tests[22m[2m)[22m[32m 4[2mms[22m[39m
 [32m✓[39m src/agents/bash-tools.process.supervisor.test.ts [2m([22m[2m4 tests[22m[2m)[22m[32m 4[2mms[22m[39m
 [32m✓[39m src/infra/provider-usage.shared.test.ts [2m([22m[2m4 tests[22m[2m)[22m[32m 4[2mms[22m[39m
 [32m✓[39m src/channels/plugins/outbound/slack.test.ts [2m([22m[2m7 tests[22m[2m)[22m[32m 4[2mms[22m[39m
 [32m✓[39m extensions/matrix/src/matrix/monitor/mentions.test.ts [2m([22m[2m9 tests[22m[2m)[22m[32m 3[2mms[22m[39m
 [32m✓[39m src/channels/plugins/outbound/imessage.test.ts [2m([22m[2m2 tests[22m[2m)[22m[32m 4[2mms[22m[39m
 [32m✓[39m extensions/zalo/src/channel.directory.test.ts [2m([22m[2m1 test[22m[2m)[22m[32m 3[2mms[22m[39m
 [32m✓[39m src/plugins/wired-hooks-subagent.test.ts [2m([22m[2m6 tests[22m[2m)[22m[32m 4[2mms[22m[39m
 [32m✓[39m src/auto-reply/reply/typing-persistence.test.ts [2m([22m[2m3 tests[22m[2m)[22m[32m 4[2mms[22m[39m
 [32m✓[39m src/commands/agent/session.test.ts [2m([22m[2m8 tests[22m[2m)[22m[32m 4[2mms[22m[39m
 [32m✓[39m src/commands/onboard-interactive.test.ts [2m([22m[2m3 tests[22m[2m)[22m[32m 4[2mms[22m[39m
 [32m✓[39m extensions/feishu/src/external-keys.test.ts [2m([22m[2m3 tests[22m[2m)[22m[32m 2[2mms[22m[39m
 [32m✓[39m extensions/twitch/src/config.test.ts [2m([22m[2m9 tests[22m[2m)[22m[32m 3[2mms[22m[39m
 [32m✓[39m src/channels/plugins/group-mentions.test.ts [2m([22m[2m5 tests[22m[2m)[22m[32m 4[2mms[22m[39m
 [32m✓[39m src/agents/channel-tools.test.ts [2m([22m[2m1 test[22m[2m)[22m[32m 4[2mms[22m[39m
 [32m✓[39m src/cli/command-options.test.ts [2m([22m[2m7 tests[22m[2m)[22m[32m 4[2mms[22m[39m
 [32m✓[39m src/slack/monitor/events/pins.test.ts [2m([22m[2m5 tests[22m[2m)[22m[32m 4[2mms[22m[39m
 [32m✓[39m src/agents/auth-profiles.resolve-auth-profile-order.does-not-prioritize-lastgood-round-robin-ordering.test.ts [2m([22m[2m12 tests[22m[2m)[22m[32m 4[2mms[22m[39m
 [32m✓[39m extensions/googlechat/src/resolve-target.test.ts [2m([22m[2m6 tests[22m[2m)[22m[32m 3[2mms[22m[39m
 [32m✓[39m src/memory/embeddings-remote-fetch.test.ts [2m([22m[2m2 tests[22m[2m)[22m[32m 4[2mms[22m[39m
 [32m✓[39m src/agents/pi-embedded-subscribe.handlers.lifecycle.test.ts [2m([22m[2m2 tests[22m[2m)[22m[32m 4[2mms[22m[39m
 [32m✓[39m src/commands/auth-choice.apply.google-gemini-cli.test.ts [2m([22m[2m3 tests[22m[2m)[22m[32m 4[2mms[22m[39m
 [32m✓[39m src/infra/abort-pattern.test.ts [2m([22m[2m6 tests[22m[2m)[22m[32m 4[2mms[22m[39m
 [32m✓[39m src/commands/cleanup-utils.test.ts [2m([22m[2m5 tests[22m[2m)[22m[32m 4[2mms[22m[39m
 [32m✓[39m src/channels/draft-stream-controls.test.ts [2m([22m[2m6 tests[22m[2m)[22m[32m 4[2mms[22m[39m
 [32m✓[39m src/memory/epistemic.test.ts [2m([22m[2m16 tests[22m[2m)[22m[32m 4[2mms[22m[39m
 [32m✓[39m src/agents/subagent-announce.timeout.test.ts [2m([22m[2m3 tests[22m[2m)[22m[32m 4[2mms[22m[39m
 [32m✓[39m src/agents/pi-embedded-runner/run/payloads.test.ts [2m([22m[2m7 tests[22m[2m)[22m[32m 4[2mms[22m[39m
 [32m✓[39m src/config/env-substitution.test.ts [2m([22m[2m9 tests[22m[2m)[22m[32m 4[2mms[22m[39m
 [32m✓[39m src/channels/plugins/outbound/signal.test.ts [2m([22m[2m2 tests[22m[2m)[22m[32m 4[2mms[22m[39m
 [32m✓[39m src/commands/models/shared.test.ts [2m([22m[2m3 tests[22m[2m)[22m[32m 4[2mms[22m[39m
 [32m✓[39m src/cron/isolated-agent.delivery-target-thread-session.test.ts [2m([22m[2m5 tests[22m[2m)[22m[32m 4[2mms[22m[39m
 [32m✓[39m src/agents/tools/cron-tool.flat-params.test.ts [2m([22m[2m1 test[22m[2m)[22m[32m 4[2mms[22m[39m
 [32m✓[39m src/process/spawn-utils.test.ts [2m([22m[2m3 tests[22m[2m)[22m[32m 4[2mms[22m[39m
 [32m✓[39m src/channels/plugins/onboarding/channel-access-configure.test.ts [2m([22m[2m3 tests[22m[2m)[22m[32m 4[2mms[22m[39m
 [32m✓[39m src/agents/opencode-zen-models.test.ts [2m([22m[2m11 tests[22m[2m)[22m[32m 4[2mms[22m[39m
 [32m✓[39m src/infra/infra-parsing.test.ts [2m([22m[2m16 tests[22m[2m)[22m[32m 4[2mms[22m[39m
 [32m✓[39m src/channels/channel-config.test.ts [2m([22m[2m17 tests[22m[2m)[22m[32m 4[2mms[22m[39m
 [32m✓[39m src/commands/configure.wizard.test.ts [2m([22m[2m2 tests[22m[2m)[22m[32m 4[2mms[22m[39m
 [32m✓[39m extensions/matrix/src/matrix/monitor/rooms.test.ts [2m([22m[2m1 test[22m[2m)[22m[32m 2[2mms[22m[39m
 [32m✓[39m src/discord/voice/command.test.ts [2m([22m[2m3 tests[22m[2m)[22m[32m 4[2mms[22m[39m
 [32m✓[39m src/plugins/wired-hooks-llm.test.ts [2m([22m[2m3 tests[22m[2m)[22m[32m 4[2mms[22m[39m
 [32m✓[39m src/infra/watch-node.test.ts [2m([22m[2m3 tests[22m[2m)[22m[32m 4[2mms[22m[39m
 [32m✓[39m src/commands/health.command.coverage.test.ts [2m([22m[2m1 test[22m[2m)[22m[32m 4[2mms[22m[39m
 [32m✓[39m src/plugins/services.test.ts [2m([22m[2m2 tests[22m[2m)[22m[32m 4[2mms[22m[39m
 [32m✓[39m extensions/matrix/src/resolve-targets.test.ts [2m([22m[2m3 tests[22m[2m)[22m[32m 3[2mms[22m[39m
 [32m✓[39m src/agents/pi-embedded-runner/model.forward-compat.test.ts [2m([22m[2m6 tests[22m[2m)[22m[32m 4[2mms[22m[39m
 [32m✓[39m src/auto-reply/reply/agent-runner-utils.test.ts [2m([22m[2m5 tests[22m[2m)[22m[32m 4[2mms[22m[39m
 [32m✓[39m src/agents/workspace-run.test.ts [2m([22m[2m8 tests[22m[2m)[22m[32m 4[2mms[22m[39m
 [32m✓[39m src/memory/backend-config.test.ts [2m([22m[2m7 tests[22m[2m)[22m[32m 4[2mms[22m[39m
 [32m✓[39m src/daemon/runtime-paths.test.ts [2m([22m[2m9 tests[22m[2m)[22m[32m 4[2mms[22m[39m
 [32m✓[39m src/signal/send-reactions.test.ts [2m([22m[2m3 tests[22m[2m)[22m[32m 4[2mms[22m[39m
 [32m✓[39m extensions/mattermost/src/mattermost/client.test.ts [2m([22m[2m1 test[22m[2m)[22m[32m 24[2mms[22m[39m
 [32m✓[39m src/agents/pi-settings.test.ts [2m([22m[2m8 tests[22m[2m)[22m[32m 4[2mms[22m[39m
 [32m✓[39m src/agents/tools/sessions-spawn-tool.test.ts [2m([22m[2m2 tests[22m[2m)[22m[32m 4[2mms[22m[39m
 [32m✓[39m src/discord/components.test.ts [2m([22m[2m4 tests[22m[2m)[22m[32m 4[2mms[22m[39m
 [32m✓[39m extensions/matrix/src/matrix/monitor/inbound-body.test.ts [2m([22m[2m7 tests[22m[2m)[22m[32m 2[2mms[22m[39m
 [32m✓[39m src/agents/cache-trace.test.ts [2m([22m[2m4 tests[22m[2m)[22m[32m 4[2mms[22m[39m
 [32m✓[39m src/hooks/bundled/boot-md/handler.gateway-startup.integration.test.ts [2m([22m[2m1 test[22m[2m)[22m[32m 4[2mms[22m[39m
 [32m✓[39m src/slack/targets.test.ts [2m([22m[2m6 tests[22m[2m)[22m[32m 4[2mms[22m[39m
 [32m✓[39m src/auto-reply/reply/model-selection.test.ts [2m([22m[2m12 tests[22m[2m)[22m[32m 4[2mms[22m[39m
 [32m✓[39m src/agents/pi-embedded-runner/usage-reporting.test.ts [2m([22m[2m1 test[22m[2m)[22m[32m 4[2mms[22m[39m
 [32m✓[39m extensions/msteams/src/attachments/shared.test.ts [2m([22m[2m3 tests[22m[2m)[22m[32m 3[2mms[22m[39m
 [32m✓[39m extensions/feishu/src/docx.account-selection.test.ts [2m([22m[2m2 tests[22m[2m)[22m[32m 10[2mms[22m[39m
 [32m✓[39m src/browser/server-context.hot-reload-profiles.test.ts [2m([22m[2m4 tests[22m[2m)[22m[32m 4[2mms[22m[39m
 [32m✓[39m src/web/inbound.test.ts [2m([22m[2m14 tests[22m[2m)[22m[32m 4[2mms[22m[39m
 [32m✓[39m extensions/feishu/src/targets.test.ts [2m([22m[2m3 tests[22m[2m)[22m[32m 2[2mms[22m[39m
 [32m✓[39m src/pairing/setup-code.test.ts [2m([22m[2m6 tests[22m[2m)[22m[32m 4[2mms[22m[39m
 [32m✓[39m src/browser/pw-session.create-page.navigation-guard.test.ts [2m([22m[2m2 tests[22m[2m)[22m[32m 4[2mms[22m[39m
 [32m✓[39m src/agents/observer-hook.test.ts [2m([22m[2m5 tests[22m[2m)[22m[32m 4[2mms[22m[39m
 [32m✓[39m src/line/download.test.ts [2m([22m[2m2 tests[22m[2m)[22m[32m 4[2mms[22m[39m
 [32m✓[39m src/agents/auth-profiles.readonly-sync.test.ts [2m([22m[2m1 test[22m[2m)[22m[32m 4[2mms[22m[39m
 [32m✓[39m src/agents/auth-profiles/oauth.test.ts [2m([22m[2m10 tests[22m[2m)[22m[32m 4[2mms[22m[39m
 [32m✓[39m extensions/matrix/src/matrix/poll-types.test.ts [2m([22m[2m1 test[22m[2m)[22m[32m 2[2mms[22m[39m
 [32m✓[39m src/plugin-sdk/webhook-targets.test.ts [2m([22m[2m10 tests[22m[2m)[22m[32m 4[2mms[22m[39m
 [32m✓[39m src/commands/session-store-targets.test.ts [2m([22m[2m5 tests[22m[2m)[22m[32m 4[2mms[22m[39m
 [32m✓[39m src/plugins/http-registry.test.ts [2m([22m[2m3 tests[22m[2m)[22m[32m 4[2mms[22m[39m
 [32m✓[39m src/imessage/monitor.shutdown.unhandled-rejection.test.ts [2m([22m[2m1 test[22m[2m)[22m[32m 4[2mms[22m[39m
 [32m✓[39m src/commands/channels/capabilities.test.ts [2m([22m[2m2 tests[22m[2m)[22m[32m 4[2mms[22m[39m
 [32m✓[39m src/cli/program/routes.test.ts [2m([22m[2m13 tests[22m[2m)[22m[32m 4[2mms[22m[39m
 [32m✓[39m src/commands/sandbox-explain.test.ts [2m([22m[2m1 test[22m[2m)[22m[32m 4[2mms[22m[39m
 [32m✓[39m src/test-utils/env.test.ts [2m([22m[2m8 tests[22m[2m)[22m[32m 4[2mms[22m[39m
 [32m✓[39m extensions/msteams/src/sent-message-cache.test.ts [2m([22m[2m1 test[22m[2m)[22m[32m 2[2mms[22m[39m
 [32m✓[39m src/imessage/monitor/monitor-provider.echo-cache.test.ts [2m([22m[2m3 tests[22m[2m)[22m[32m 4[2mms[22m[39m
 [32m✓[39m src/config/merge-patch.test.ts [2m([22m[2m6 tests[22m[2m)[22m[32m 4[2mms[22m[39m
 [32m✓[39m src/wizard/session.test.ts [2m([22m[2m3 tests[22m[2m)[22m[32m 3[2mms[22m[39m
 [32m✓[39m src/agents/identity.per-channel-prefix.test.ts [2m([22m[2m23 tests[22m[2m)[22m[32m 4[2mms[22m[39m
 [32m✓[39m src/agents/auth-profiles.resolve-auth-profile-order.uses-stored-profiles-no-config-exists.test.ts [2m([22m[2m9 tests[22m[2m)[22m[32m 4[2mms[22m[39m
 [32m✓[39m src/memory/hybrid.test.ts [2m([22m[2m4 tests[22m[2m)[22m[32m 4[2mms[22m[39m
 [32m✓[39m src/tui/commands.test.ts [2m([22m[2m4 tests[22m[2m)[22m[32m 4[2mms[22m[39m
 [32m✓[39m src/commands/sandbox-formatters.test.ts [2m([22m[2m31 tests[22m[2m)[22m[32m 4[2mms[22m[39m
 [32m✓[39m src/auto-reply/reply/agent-runner-helpers.test.ts [2m([22m[2m6 tests[22m[2m)[22m[32m 4[2mms[22m[39m
 [32m✓[39m src/agents/tools/sessions-resolution.test.ts [2m([22m[2m9 tests[22m[2m)[22m[32m 4[2mms[22m[39m
 [32m✓[39m src/auto-reply/thinking.test.ts [2m([22m[2m14 tests[22m[2m)[22m[32m 4[2mms[22m[39m
 [32m✓[39m src/infra/session-maintenance-warning.test.ts [2m([22m[2m1 test[22m[2m)[22m[32m 4[2mms[22m[39m
 [32m✓[39m src/browser/server-lifecycle.test.ts [2m([22m[2m4 tests[22m[2m)[22m[32m 3[2mms[22m[39m
 [32m✓[39m src/infra/npm-integrity.test.ts [2m([22m[2m4 tests[22m[2m)[22m[32m 4[2mms[22m[39m
 [32m✓[39m src/utils/directive-tags.test.ts [2m([22m[2m6 tests[22m[2m)[22m[32m 3[2mms[22m[39m
 [32m✓[39m src/telegram/targets.test.ts [2m([22m[2m19 tests[22m[2m)[22m[32m 4[2mms[22m[39m
 [32m✓[39m src/agents/pi-embedded-runner.get-dm-history-limit-from-session-key.returns-undefined-sessionkey-is-undefined.test.ts [2m([22m[2m18 tests[22m[2m)[22m[32m 4[2mms[22m[39m
 [32m✓[39m src/auto-reply/reply/subagents-utils.test.ts [2m([22m[2m7 tests[22m[2m)[22m[32m 4[2mms[22m[39m
 [32m✓[39m src/daemon/cmd-argv.test.ts [2m([22m[2m12 tests[22m[2m)[22m[32m 3[2mms[22m[39m
 [32m✓[39m src/telegram/status-reaction-variants.test.ts [2m([22m[2m16 tests[22m[2m)[22m[32m 3[2mms[22m[39m
 [32m✓[39m src/commands/agents.add.test.ts [2m([22m[2m3 tests[22m[2m)[22m[32m 4[2mms[22m[39m
 [32m✓[39m extensions/irc/src/inbound.policy.test.ts [2m([22m[2m3 tests[22m[2m)[22m[32m 2[2mms[22m[39m
 [32m✓[39m src/media/parse.test.ts [2m([22m[2m5 tests[22m[2m)[22m[32m 4[2mms[22m[39m
 [32m✓[39m src/auto-reply/reply/get-reply.reset-hooks-fallback.test.ts [2m([22m[2m2 tests[22m[2m)[22m[32m 4[2mms[22m[39m
 [32m✓[39m extensions/googlechat/src/monitor.test.ts [2m([22m[2m4 tests[22m[2m)[22m[32m 2[2mms[22m[39m
 [32m✓[39m src/commands/status.update.test.ts [2m([22m[2m6 tests[22m[2m)[22m[32m 3[2mms[22m[39m
 [32m✓[39m src/agents/pi-embedded-runner/system-prompt.test.ts [2m([22m[2m4 tests[22m[2m)[22m[32m 3[2mms[22m[39m
 [32m✓[39m src/agents/model-compat.test.ts [2m([22m[2m18 tests[22m[2m)[22m[32m 4[2mms[22m[39m
 [32m✓[39m src/agents/tools/sessions-access.test.ts [2m([22m[2m11 tests[22m[2m)[22m[32m 4[2mms[22m[39m
 [32m✓[39m src/agents/auth-profiles.cooldown-auto-expiry.test.ts [2m([22m[2m6 tests[22m[2m)[22m[32m 3[2mms[22m[39m
 [32m✓[39m src/agents/models-config.providers.qianfan.test.ts [2m([22m[2m1 test[22m[2m)[22m[32m 4[2mms[22m[39m
 [32m✓[39m src/providers/github-copilot-models.test.ts [2m([22m[2m6 tests[22m[2m)[22m[32m 3[2mms[22m[39m
 [32m✓[39m src/routing/session-key.test.ts [2m([22m[2m16 tests[22m[2m)[22m[32m 4[2mms[22m[39m
 [32m✓[39m src/discord/send.components.test.ts [2m([22m[2m1 test[22m[2m)[22m[32m 4[2mms[22m[39m
 [32m✓[39m src/media-understanding/runner.vision-skip.test.ts [2m([22m[2m1 test[22m[2m)[22m[32m 4[2mms[22m[39m
 [32m✓[39m src/browser/control-auth.auto-token.test.ts [2m([22m[2m6 tests[22m[2m)[22m[32m 4[2mms[22m[39m
 [32m✓[39m src/plugins/wired-hooks-message.test.ts [2m([22m[2m4 tests[22m[2m)[22m[32m 4[2mms[22m[39m
 [32m✓[39m src/infra/update-check.test.ts [2m([22m[2m5 tests[22m[2m)[22m[32m 3[2mms[22m[39m
 [32m✓[39m src/cli/program/action-reparse.test.ts [2m([22m[2m3 tests[22m[2m)[22m[32m 3[2mms[22m[39m
 [32m✓[39m src/tui/tui-input-history.test.ts [2m([22m[2m7 tests[22m[2m)[22m[32m 4[2mms[22m[39m
 [32m✓[39m src/acp/control-plane/runtime-cache.test.ts [2m([22m[2m2 tests[22m[2m)[22m[32m 3[2mms[22m[39m
 [32m✓[39m src/agents/compaction.identifier-preservation.test.ts [2m([22m[2m6 tests[22m[2m)[22m[32m 4[2mms[22m[39m
 [32m✓[39m src/agents/command-poll-backoff.test.ts [2m([22m[2m14 tests[22m[2m)[22m[32m 3[2mms[22m[39m
 [32m✓[39m src/agents/chutes-oauth.test.ts [2m([22m[2m6 tests[22m[2m)[22m[32m 3[2mms[22m[39m
 [32m✓[39m src/acp/runtime/registry.test.ts [2m([22m[2m6 tests[22m[2m)[22m[32m 3[2mms[22m[39m
 [32m✓[39m src/tui/tui-stream-assembler.test.ts [2m([22m[2m11 tests[22m[2m)[22m[32m 3[2mms[22m[39m
 [32m✓[39m src/media-understanding/resolve.test.ts [2m([22m[2m6 tests[22m[2m)[22m[32m 4[2mms[22m[39m
 [32m✓[39m src/plugins/installs.test.ts [2m([22m[2m3 tests[22m[2m)[22m[32m 3[2mms[22m[39m
 [32m✓[39m src/cli/browser-cli.test.ts [2m([22m[2m3 tests[22m[2m)[22m[32m 3[2mms[22m[39m
 [32m✓[39m src/imessage/monitor/deliver.test.ts [2m([22m[2m3 tests[22m[2m)[22m[32m 3[2mms[22m[39m
 [32m✓[39m src/commands/auth-choice-options.test.ts [2m([22m[2m4 tests[22m[2m)[22m[32m 3[2mms[22m[39m
 [32m✓[39m src/telegram/network-config.test.ts [2m([22m[2m16 tests[22m[2m)[22m[32m 4[2mms[22m[39m
 [32m✓[39m src/infra/system-run-command.contract.test.ts [2m([22m[2m8 tests[22m[2m)[22m[32m 3[2mms[22m[39m
 [32m✓[39m src/acp/session.test.ts [2m([22m[2m5 tests[22m[2m)[22m[32m 3[2mms[22m[39m
 [32m✓[39m src/agents/pi-embedded-runner/sanitize-session-history.tool-result-details.test.ts [2m([22m[2m1 test[22m[2m)[22m[32m 4[2mms[22m[39m
 [32m✓[39m src/agents/tools/common.params.test.ts [2m([22m[2m12 tests[22m[2m)[22m[32m 3[2mms[22m[39m
 [32m✓[39m src/agents/pi-tools.read.workspace-root-guard.test.ts [2m([22m[2m5 tests[22m[2m)[22m[32m 3[2mms[22m[39m
 [32m✓[39m src/logging/subsystem.test.ts [2m([22m[2m5 tests[22m[2m)[22m[32m 4[2mms[22m[39m
 [32m✓[39m src/web/reconnect.test.ts [2m([22m[2m4 tests[22m[2m)[22m[32m 3[2mms[22m[39m
 [32m✓[39m src/agents/sandbox/sanitize-env-vars.test.ts [2m([22m[2m4 tests[22m[2m)[22m[32m 3[2mms[22m[39m
 [32m✓[39m src/config/env-preserve.test.ts [2m([22m[2m16 tests[22m[2m)[22m[32m 3[2mms[22m[39m
 [32m✓[39m src/daemon/constants.test.ts [2m([22m[2m19 tests[22m[2m)[22m[32m 3[2mms[22m[39m
 [32m✓[39m src/memory/embedding-chunk-limits.test.ts [2m([22m[2m4 tests[22m[2m)[22m[32m 3[2mms[22m[39m
 [32m✓[39m src/agents/pi-embedded-block-chunker.test.ts [2m([22m[2m6 tests[22m[2m)[22m[32m 3[2mms[22m[39m
 [32m✓[39m src/channels/typing-start-guard.test.ts [2m([22m[2m4 tests[22m[2m)[22m[32m 3[2mms[22m[39m
 [32m✓[39m src/infra/ssh-config.test.ts [2m([22m[2m3 tests[22m[2m)[22m[32m 3[2mms[22m[39m
 [32m✓[39m src/agents/tools/memory-tool.test.ts [2m([22m[2m2 tests[22m[2m)[22m[32m 3[2mms[22m[39m
 [32m✓[39m src/commands/status-all/channels.mattermost-token-summary.test.ts [2m([22m[2m3 tests[22m[2m)[22m[32m 4[2mms[22m[39m
 [32m✓[39m src/config/io.eacces.test.ts [2m([22m[2m2 tests[22m[2m)[22m[32m 3[2mms[22m[39m
 [32m✓[39m src/wizard/onboarding.completion.test.ts [2m([22m[2m2 tests[22m[2m)[22m[32m 3[2mms[22m[39m
 [32m✓[39m src/agents/tools/agent-step.test.ts [2m([22m[2m2 tests[22m[2m)[22m[32m 3[2mms[22m[39m
 [32m✓[39m src/discord/directory-live.test.ts [2m([22m[2m4 tests[22m[2m)[22m[32m 3[2mms[22m[39m
 [32m✓[39m src/commands/configure.gateway.test.ts [2m([22m[2m5 tests[22m[2m)[22m[32m 4[2mms[22m[39m
 [32m✓[39m src/utils/utils-misc.test.ts [2m([22m[2m21 tests[22m[2m)[22m[32m 3[2mms[22m[39m
 [32m✓[39m extensions/twitch/src/plugin.test.ts [2m([22m[2m1 test[22m[2m)[22m[32m 2[2mms[22m[39m

[2m Test Files [22m [1m[32m162 passed[39m[22m[90m (162)[39m
[2m      Tests [22m [1m[32m1435 passed[39m[22m[2m | [22m[33m1 skipped[39m[90m (1436)[39m
[2m   Start at [22m 12:07:48
[2m   Duration [22m 80.35s[2m (transform 30.11s, setup 8.20s, import 277.21s, tests 6.98s, environment 11ms)[22m

 [32m✓[39m src/discord/monitor/threading.parent-info.test.ts [2m([22m[2m3 tests[22m[2m)[22m[32m 4[2mms[22m[39m
 [32m✓[39m src/slack/stream-mode.test.ts [2m([22m[2m11 tests[22m[2m)[22m[32m 4[2mms[22m[39m
 [32m✓[39m src/slack/client.test.ts [2m([22m[2m3 tests[22m[2m)[22m[32m 3[2mms[22m[39m
 [32m✓[39m src/discord/monitor/gateway-error-guard.test.ts [2m([22m[2m2 tests[22m[2m)[22m[32m 3[2mms[22m[39m
 [32m✓[39m src/plugins/wired-hooks-session.test.ts [2m([22m[2m3 tests[22m[2m)[22m[32m 4[2mms[22m[39m
 [32m✓[39m src/agents/usage.test.ts [2m([22m[2m17 tests[22m[2m)[22m[32m 3[2mms[22m[39m
 [32m✓[39m src/wizard/onboarding.gateway-config.test.ts [2m([22m[2m3 tests[22m[2m)[22m[32m 4[2mms[22m[39m
 [32m✓[39m src/hooks/gmail.test.ts [2m([22m[2m8 tests[22m[2m)[22m[32m 4[2mms[22m[39m
 [32m✓[39m src/channels/plugins/whatsapp-heartbeat.test.ts [2m([22m[2m8 tests[22m[2m)[22m[32m 3[2mms[22m[39m
 [32m✓[39m src/plugins/hooks.before-agent-start.test.ts [2m([22m[2m10 tests[22m[2m)[22m[32m 3[2mms[22m[39m
 [32m✓[39m src/telegram/reaction-level.test.ts [2m([22m[2m7 tests[22m[2m)[22m[32m 3[2mms[22m[39m
 [32m✓[39m src/logging/logger-env.test.ts [2m([22m[2m2 tests[22m[2m)[22m[32m 3[2mms[22m[39m
 [32m✓[39m src/slack/http/registry.test.ts [2m([22m[2m5 tests[22m[2m)[22m[32m 3[2mms[22m[39m
 [32m✓[39m src/commands/dashboard.test.ts [2m([22m[2m4 tests[22m[2m)[22m[32m 3[2mms[22m[39m
 [32m✓[39m src/agents/bash-process-registry.test.ts [2m([22m[2m5 tests[22m[2m)[22m[32m 3[2mms[22m[39m
 [32m✓[39m src/telegram/voice.test.ts [2m([22m[2m5 tests[22m[2m)[22m[32m 3[2mms[22m[39m
 [32m✓[39m src/line/flex-templates.test.ts [2m([22m[2m7 tests[22m[2m)[22m[32m 3[2mms[22m[39m
 [32m✓[39m src/commands/doctor-config-flow.missing-default-account-bindings.test.ts [2m([22m[2m5 tests[22m[2m)[22m[32m 3[2mms[22m[39m
 [32m✓[39m src/commands/daemon-install-runtime-warning.test.ts [2m([22m[2m3 tests[22m[2m)[22m[32m 3[2mms[22m[39m
 [32m✓[39m src/hooks/gmail-watcher-lifecycle.test.ts [2m([22m[2m5 tests[22m[2m)[22m[32m 3[2mms[22m[39m
 [32m✓[39m src/config/sessions/artifacts.test.ts [2m([22m[2m3 tests[22m[2m)[22m[32m 3[2mms[22m[39m
 [32m✓[39m src/cron/isolated-agent/session.test.ts [2m([22m[2m7 tests[22m[2m)[22m[32m 3[2mms[22m[39m
 [32m✓[39m src/cli/program/helpers.test.ts [2m([22m[2m16 tests[22m[2m)[22m[32m 3[2mms[22m[39m
 [32m✓[39m src/channels/dock.test.ts [2m([22m[2m5 tests[22m[2m)[22m[32m 3[2mms[22m[39m
 [32m✓[39m src/agents/compaction.identifier-policy.test.ts [2m([22m[2m5 tests[22m[2m)[22m[32m 3[2mms[22m[39m
 [32m✓[39m src/utils/run-with-concurrency.test.ts [2m([22m[2m3 tests[22m[2m)[22m[32m 3[2mms[22m[39m
 [32m✓[39m src/auto-reply/reply/commands-setunset.test.ts [2m([22m[2m9 tests[22m[2m)[22m[32m 3[2mms[22m[39m
 [32m✓[39m src/commands/status-all/report-lines.test.ts [2m([22m[2m1 test[22m[2m)[22m[32m 3[2mms[22m[39m
 [32m✓[39m src/agents/bootstrap-hooks.test.ts [2m([22m[2m1 test[22m[2m)[22m[32m 3[2mms[22m[39m
 [32m✓[39m src/cli/run-main.test.ts [2m([22m[2m14 tests[22m[2m)[22m[32m 4[2mms[22m[39m
 [32m✓[39m src/cli/deps.test.ts [2m([22m[2m2 tests[22m[2m)[22m[32m 3[2mms[22m[39m
 [32m✓[39m src/cli/cron-cli/shared.test.ts [2m([22m[2m4 tests[22m[2m)[22m[32m 3[2mms[22m[39m
 [32m✓[39m src/cli/browser-cli-actions-input/shared.test.ts [2m([22m[2m4 tests[22m[2m)[22m[32m 3[2mms[22m[39m
 [32m✓[39m src/infra/outbound/agent-delivery.test.ts [2m([22m[2m6 tests[22m[2m)[22m[32m 3[2mms[22m[39m
 [32m✓[39m src/commands/doctor-platform-notes.launchctl-env-overrides.test.ts [2m([22m[2m3 tests[22m[2m)[22m[32m 3[2mms[22m[39m
 [32m✓[39m src/commands/dashboard.links.test.ts [2m([22m[2m3 tests[22m[2m)[22m[32m 3[2mms[22m[39m
 [32m✓[39m src/auto-reply/reply/strip-inbound-meta.test.ts [2m([22m[2m12 tests[22m[2m)[22m[32m 3[2mms[22m[39m
 [32m✓[39m src/plugins/wired-hooks-gateway.test.ts [2m([22m[2m3 tests[22m[2m)[22m[32m 3[2mms[22m[39m
 [32m✓[39m src/agents/sandbox-merge.test.ts [2m([22m[2m4 tests[22m[2m)[22m[32m 3[2mms[22m[39m
 [32m✓[39m src/discord/monitor/threading.auto-thread.test.ts [2m([22m[2m5 tests[22m[2m)[22m[32m 3[2mms[22m[39m
 [32m✓[39m src/acp/session-mapper.test.ts [2m([22m[2m2 tests[22m[2m)[22m[32m 3[2mms[22m[39m
 [32m✓[39m src/media/audio.test.ts [2m([22m[2m23 tests[22m[2m)[22m[32m 3[2mms[22m[39m
 [32m✓[39m src/line/template-messages.test.ts [2m([22m[2m11 tests[22m[2m)[22m[32m 3[2mms[22m[39m
 [32m✓[39m ui/src/ui/controllers/agents.test.ts [2m([22m[2m2 tests[22m[2m)[22m[32m 3[2mms[22m[39m
 [32m✓[39m src/tui/tui-overlays.test.ts [2m([22m[2m2 tests[22m[2m)[22m[32m 3[2mms[22m[39m
 [32m✓[39m src/agents/model-auth.test.ts [2m([22m[2m10 tests[22m[2m)[22m[32m 3[2mms[22m[39m
 [32m✓[39m src/config/channel-capabilities.test.ts [2m([22m[2m6 tests[22m[2m)[22m[32m 3[2mms[22m[39m
 [32m✓[39m src/integrations/embodiment/adapters/minecraft-adapter.test.ts [2m([22m[2m7 tests[22m[2m)[22m[32m 3[2mms[22m[39m
 [32m✓[39m src/utils/delivery-context.test.ts [2m([22m[2m5 tests[22m[2m)[22m[32m 3[2mms[22m[39m
 [32m✓[39m src/agents/pi-embedded-runner.guard.test.ts [2m([22m[2m1 test[22m[2m)[22m[32m 3[2mms[22m[39m
 [32m✓[39m src/providers/google-shared.ensures-function-call-comes-after-user-turn.test.ts [2m([22m[2m2 tests[22m[2m)[22m[32m 3[2mms[22m[39m
 [32m✓[39m src/config/runtime-overrides.test.ts [2m([22m[2m7 tests[22m[2m)[22m[32m 3[2mms[22m[39m
 [32m✓[39m src/security/dm-policy-channel-smoke.test.ts [2m([22m[2m6 tests[22m[2m)[22m[32m 4[2mms[22m[39m
 [32m✓[39m src/telegram/proxy.test.ts [2m([22m[2m1 test[22m[2m)[22m[32m 3[2mms[22m[39m
 [32m✓[39m src/auto-reply/media-note.test.ts [2m([22m[2m11 tests[22m[2m)[22m[32m 3[2mms[22m[39m
 [32m✓[39m src/daemon/program-args.test.ts [2m([22m[2m3 tests[22m[2m)[22m[32m 3[2mms[22m[39m
 [32m✓[39m src/slack/modal-metadata.test.ts [2m([22m[2m4 tests[22m[2m)[22m[32m 3[2mms[22m[39m
 [32m✓[39m src/cli/program/build-program.test.ts [2m([22m[2m1 test[22m[2m)[22m[32m 3[2mms[22m[39m
 [32m✓[39m src/agents/sandbox.resolveSandboxContext.test.ts [2m([22m[2m3 tests[22m[2m)[22m[32m 3[2mms[22m[39m
 [32m✓[39m src/discord/send.permissions.authz.test.ts [2m([22m[2m7 tests[22m[2m)[22m[32m 3[2mms[22m[39m
 [32m✓[39m src/slack/monitor.test.ts [2m([22m[2m12 tests[22m[2m)[22m[32m 4[2mms[22m[39m
 [32m✓[39m src/channels/telegram/api.test.ts [2m([22m[2m4 tests[22m[2m)[22m[32m 3[2mms[22m[39m
 [32m✓[39m src/agents/subagent-registry-completion.test.ts [2m([22m[2m6 tests[22m[2m)[22m[32m 3[2mms[22m[39m
 [32m✓[39m src/node-host/exec-policy.test.ts [2m([22m[2m12 tests[22m[2m)[22m[32m 3[2mms[22m[39m
 [32m✓[39m src/pairing/pairing-messages.test.ts [2m([22m[2m6 tests[22m[2m)[22m[32m 3[2mms[22m[39m
 [32m✓[39m src/channels/channels-misc.test.ts [2m([22m[2m11 tests[22m[2m)[22m[32m 3[2mms[22m[39m
 [32m✓[39m src/whatsapp/normalize.test.ts [2m([22m[2m8 tests[22m[2m)[22m[32m 3[2mms[22m[39m
 [32m✓[39m src/config/model-alias-defaults.test.ts [2m([22m[2m7 tests[22m[2m)[22m[32m 3[2mms[22m[39m
(node:83383) [ERNOS_TEST_WARNING] Warning: Visible warning
(Use `node --trace-warnings ...` to show where the warning was created)
 [32m✓[39m src/process/supervisor/registry.test.ts [2m([22m[2m3 tests[22m[2m)[22m[32m 3[2mms[22m[39m
 [32m✓[39m src/infra/warning-filter.test.ts [2m([22m[2m3 tests[22m[2m)[22m[32m 3[2mms[22m[39m
 [32m✓[39m src/channels/ack-reactions.test.ts [2m([22m[2m8 tests[22m[2m)[22m[32m 3[2mms[22m[39m
 [32m✓[39m src/acp/runtime/session-identifiers.test.ts [2m([22m[2m4 tests[22m[2m)[22m[32m 3[2mms[22m[39m
 [32m✓[39m src/channels/plugins/message-actions.security.test.ts [2m([22m[2m3 tests[22m[2m)[22m[32m 3[2mms[22m[39m
 [32m✓[39m src/infra/heartbeat-visibility.test.ts [2m([22m[2m13 tests[22m[2m)[22m[32m 3[2mms[22m[39m
 [32m✓[39m src/browser/pw-session.get-page-for-targetid.extension-fallback.test.ts [2m([22m[2m1 test[22m[2m)[22m[32m 3[2mms[22m[39m
 [32m✓[39m src/channels/plugins/status-issues/bluebubbles.test.ts [2m([22m[2m3 tests[22m[2m)[22m[32m 3[2mms[22m[39m
 [32m✓[39m src/infra/outbound/bound-delivery-router.test.ts [2m([22m[2m5 tests[22m[2m)[22m[32m 3[2mms[22m[39m
 [32m✓[39m src/config/runtime-group-policy.test.ts [2m([22m[2m7 tests[22m[2m)[22m[32m 3[2mms[22m[39m
 [32m✓[39m src/polls.test.ts [2m([22m[2m6 tests[22m[2m)[22m[32m 3[2mms[22m[39m
 [32m✓[39m src/agents/auth-profiles.resolve-auth-profile-order.normalizes-z-ai-aliases-auth-order.test.ts [2m([22m[2m4 tests[22m[2m)[22m[32m 3[2mms[22m[39m
 [32m✓[39m src/agents/pi-embedded-runner/run/history-image-prune.test.ts [2m([22m[2m3 tests[22m[2m)[22m[32m 3[2mms[22m[39m
 [32m✓[39m src/line/monitor.read-body.test.ts [2m([22m[2m2 tests[22m[2m)[22m[32m 3[2mms[22m[39m
 [32m✓[39m src/slack/channel-migration.test.ts [2m([22m[2m5 tests[22m[2m)[22m[32m 3[2mms[22m[39m
 [32m✓[39m src/channels/allowlists/resolve-utils.test.ts [2m([22m[2m7 tests[22m[2m)[22m[32m 3[2mms[22m[39m
 [32m✓[39m src/agents/sandbox/browser.novnc-url.test.ts [2m([22m[2m4 tests[22m[2m)[22m[32m 2[2mms[22m[39m
 [32m✓[39m src/plugin-sdk/ssrf-policy.test.ts [2m([22m[2m9 tests[22m[2m)[22m[32m 3[2mms[22m[39m
 [32m✓[39m src/agents/huggingface-models.test.ts [2m([22m[2m5 tests[22m[2m)[22m[32m 3[2mms[22m[39m
 [32m✓[39m src/agents/context.test.ts [2m([22m[2m7 tests[22m[2m)[22m[32m 3[2mms[22m[39m
 [32m✓[39m src/agents/context-window-guard.test.ts [2m([22m[2m9 tests[22m[2m)[22m[32m 3[2mms[22m[39m
 [32m✓[39m src/line/accounts.test.ts [2m([22m[2m6 tests[22m[2m)[22m[32m 3[2mms[22m[39m
 [32m✓[39m src/shared/pid-alive.test.ts [2m([22m[2m4 tests[22m[2m)[22m[32m 3[2mms[22m[39m
 [32m✓[39m src/slack/blocks-input.test.ts [2m([22m[2m4 tests[22m[2m)[22m[32m 3[2mms[22m[39m
 [32m✓[39m src/cli/hooks-cli.test.ts [2m([22m[2m3 tests[22m[2m)[22m[32m 3[2mms[22m[39m
 [32m✓[39m src/auto-reply/reply/block-streaming.test.ts [2m([22m[2m3 tests[22m[2m)[22m[32m 3[2mms[22m[39m
 [32m✓[39m src/browser/routes/agent.storage.test.ts [2m([22m[2m6 tests[22m[2m)[22m[32m 3[2mms[22m[39m
 [32m✓[39m src/cli/run-main.exit.test.ts [2m([22m[2m1 test[22m[2m)[22m[32m 3[2mms[22m[39m
 [32m✓[39m src/telegram/reasoning-lane-coordinator.test.ts [2m([22m[2m4 tests[22m[2m)[22m[32m 3[2mms[22m[39m
 [32m✓[39m src/infra/net/ssrf.dispatcher.test.ts [2m([22m[2m1 test[22m[2m)[22m[32m 3[2mms[22m[39m
 [32m✓[39m src/commands/onboard-skills.test.ts [2m([22m[2m2 tests[22m[2m)[22m[32m 3[2mms[22m[39m
 [32m✓[39m src/tui/tui-session-actions.test.ts [2m([22m[2m1 test[22m[2m)[22m[32m 3[2mms[22m[39m
 [32m✓[39m src/agents/pi-embedded-subscribe.tools.extract.test.ts [2m([22m[2m3 tests[22m[2m)[22m[32m 3[2mms[22m[39m
 [32m✓[39m src/telegram/group-migration.test.ts [2m([22m[2m5 tests[22m[2m)[22m[32m 3[2mms[22m[39m
 [32m✓[39m src/web/accounts.test.ts [2m([22m[2m4 tests[22m[2m)[22m[32m 3[2mms[22m[39m
 [32m✓[39m src/cli/npm-resolution.test.ts [2m([22m[2m8 tests[22m[2m)[22m[32m 3[2mms[22m[39m
 [32m✓[39m src/channels/allow-from.test.ts [2m([22m[2m8 tests[22m[2m)[22m[32m 3[2mms[22m[39m
 [32m✓[39m ui/src/ui/views/usage-render-details.test.ts [2m([22m[2m8 tests[22m[2m)[22m[32m 3[2mms[22m[39m
 [32m✓[39m src/infra/outbound/target-resolver.test.ts [2m([22m[2m2 tests[22m[2m)[22m[32m 3[2mms[22m[39m
 [32m✓[39m src/plugins/config-state.test.ts [2m([22m[2m8 tests[22m[2m)[22m[32m 3[2mms[22m[39m
 [32m✓[39m src/agents/bash-tools.build-docker-exec-args.test.ts [2m([22m[2m6 tests[22m[2m)[22m[32m 3[2mms[22m[39m
 [32m✓[39m src/auto-reply/tokens.test.ts [2m([22m[2m10 tests[22m[2m)[22m[32m 3[2mms[22m[39m
 [32m✓[39m src/test-utils/channel-plugins.test.ts [2m([22m[2m3 tests[22m[2m)[22m[32m 3[2mms[22m[39m
 [32m✓[39m src/plugin-sdk/status-helpers.test.ts [2m([22m[2m8 tests[22m[2m)[22m[32m 3[2mms[22m[39m
 [32m✓[39m src/acp/runtime/errors.test.ts [2m([22m[2m2 tests[22m[2m)[22m[32m 3[2mms[22m[39m
 [32m✓[39m src/tui/tui-local-shell.test.ts [2m([22m[2m1 test[22m[2m)[22m[32m 3[2mms[22m[39m
 [32m✓[39m src/agents/pi-embedded-runner.limithistoryturns.test.ts [2m([22m[2m9 tests[22m[2m)[22m[32m 3[2mms[22m[39m
 [32m✓[39m src/browser/control-auth.test.ts [2m([22m[2m5 tests[22m[2m)[22m[32m 2[2mms[22m[39m
 [32m✓[39m src/agents/transcript-policy.test.ts [2m([22m[2m7 tests[22m[2m)[22m[32m 3[2mms[22m[39m
 [32m✓[39m src/media/inbound-path-policy.test.ts [2m([22m[2m5 tests[22m[2m)[22m[32m 3[2mms[22m[39m
 [32m✓[39m src/agents/sandbox/host-paths.test.ts [2m([22m[2m3 tests[22m[2m)[22m[32m 3[2mms[22m[39m
 [32m✓[39m src/agents/tool-policy-pipeline.test.ts [2m([22m[2m3 tests[22m[2m)[22m[32m 3[2mms[22m[39m
 [32m✓[39m src/shared/requirements.test.ts [2m([22m[2m6 tests[22m[2m)[22m[32m 3[2mms[22m[39m
 [32m✓[39m src/signal/identity.test.ts [2m([22m[2m7 tests[22m[2m)[22m[32m 3[2mms[22m[39m
 [32m✓[39m src/agents/pi-embedded-runner.openai-tool-id-preservation.test.ts [2m([22m[2m1 test[22m[2m)[22m[32m 3[2mms[22m[39m
 [32m✓[39m src/terminal/stream-writer.test.ts [2m([22m[2m2 tests[22m[2m)[22m[32m 2[2mms[22m[39m
 [32m✓[39m src/daemon/inspect.test.ts [2m([22m[2m3 tests[22m[2m)[22m[32m 3[2mms[22m[39m
 [32m✓[39m src/routing/session-key.continuity.test.ts [2m([22m[2m3 tests[22m[2m)[22m[32m 3[2mms[22m[39m
 [32m✓[39m src/commands/channels.surfaces-signal-runtime-errors-channels-status-output.test.ts [2m([22m[2m2 tests[22m[2m)[22m[32m 3[2mms[22m[39m
 [32m✓[39m src/discord/monitor/threading.starter.test.ts [2m([22m[2m2 tests[22m[2m)[22m[32m 3[2mms[22m[39m
 [32m✓[39m src/channels/plugins/normalize/targets.test.ts [2m([22m[2m4 tests[22m[2m)[22m[32m 2[2mms[22m[39m
 [32m✓[39m src/auto-reply/reply/reply-payloads.test.ts [2m([22m[2m8 tests[22m[2m)[22m[32m 3[2mms[22m[39m
 [32m✓[39m src/discord/gateway-logging.test.ts [2m([22m[2m3 tests[22m[2m)[22m[32m 3[2mms[22m[39m
 [32m✓[39m src/slack/monitor/allow-list.test.ts [2m([22m[2m3 tests[22m[2m)[22m[32m 3[2mms[22m[39m
 [32m✓[39m src/utils/transcript-tools.test.ts [2m([22m[2m7 tests[22m[2m)[22m[32m 3[2mms[22m[39m
 [32m✓[39m src/infra/host-env-security.policy-parity.test.ts [2m([22m[2m1 test[22m[2m)[22m[32m 3[2mms[22m[39m
 [32m✓[39m test/integration/observer-pipeline.test.ts [2m([22m[2m8 tests[22m[2m)[22m[32m 2[2mms[22m[39m
 [32m✓[39m src/channels/plugins/onboarding/signal.test.ts [2m([22m[2m5 tests[22m[2m)[22m[32m 3[2mms[22m[39m
 [32m✓[39m src/slack/resolve-channels.test.ts [2m([22m[2m2 tests[22m[2m)[22m[32m 2[2mms[22m[39m
 [32m✓[39m src/infra/abort-signal.test.ts [2m([22m[2m3 tests[22m[2m)[22m[32m 3[2mms[22m[39m
 [32m✓[39m src/providers/github-copilot-token.test.ts [2m([22m[2m3 tests[22m[2m)[22m[32m 3[2mms[22m[39m
 [32m✓[39m src/utils/queue-helpers.test.ts [2m([22m[2m8 tests[22m[2m)[22m[32m 3[2mms[22m[39m
 [32m✓[39m src/agents/pi-embedded-runner.resolvesessionagentids.test.ts [2m([22m[2m7 tests[22m[2m)[22m[32m 3[2mms[22m[39m
 [32m✓[39m src/browser/chrome-extension-options-validation.test.ts [2m([22m[2m6 tests[22m[2m)[22m[32m 2[2mms[22m[39m
 [32m✓[39m src/channels/targets.test.ts [2m([22m[2m4 tests[22m[2m)[22m[32m 2[2mms[22m[39m
 [32m✓[39m src/infra/path-safety.test.ts [2m([22m[2m2 tests[22m[2m)[22m[32m 2[2mms[22m[39m
 [32m✓[39m src/auto-reply/commands-args.test.ts [2m([22m[2m3 tests[22m[2m)[22m[32m 2[2mms[22m[39m
 [32m✓[39m src/web/inbound/media.node.test.ts [2m([22m[2m9 tests[22m[2m)[22m[32m 3[2mms[22m[39m
 [32m✓[39m src/agents/pi-embedded-runner.applygoogleturnorderingfix.test.ts [2m([22m[2m2 tests[22m[2m)[22m[32m 3[2mms[22m[39m
 [32m✓[39m src/terminal/restore.test.ts [2m([22m[2m3 tests[22m[2m)[22m[32m 3[2mms[22m[39m
 [32m✓[39m src/discord/monitor/provider.skill-dedupe.test.ts [2m([22m[2m5 tests[22m[2m)[22m[32m 3[2mms[22m[39m
 [32m✓[39m src/slack/threading-tool-context.test.ts [2m([22m[2m7 tests[22m[2m)[22m[32m 3[2mms[22m[39m
 [32m✓[39m src/infra/secure-random.test.ts [2m([22m[2m2 tests[22m[2m)[22m[32m 3[2mms[22m[39m
 [32m✓[39m src/agents/usage.normalization.test.ts [2m([22m[2m7 tests[22m[2m)[22m[32m 3[2mms[22m[39m
 [32m✓[39m src/infra/archive-path.test.ts [2m([22m[2m3 tests[22m[2m)[22m[32m 3[2mms[22m[39m
 [32m✓[39m src/cli/daemon-cli-compat.test.ts [2m([22m[2m3 tests[22m[2m)[22m[32m 3[2mms[22m[39m
 [32m✓[39m src/cli/update-cli/shared.command-runner.test.ts [2m([22m[2m1 test[22m[2m)[22m[32m 3[2mms[22m[39m
 [32m✓[39m src/slack/accounts.test.ts [2m([22m[2m4 tests[22m[2m)[22m[32m 3[2mms[22m[39m
 [32m✓[39m src/discord/monitor/provider.allowlist.test.ts [2m([22m[2m1 test[22m[2m)[22m[32m 3[2mms[22m[39m
 [32m✓[39m src/infra/plain-object.test.ts [2m([22m[2m2 tests[22m[2m)[22m[32m 3[2mms[22m[39m
 [32m✓[39m src/agents/tool-policy.plugin-only-allowlist.test.ts [2m([22m[2m6 tests[22m[2m)[22m[32m 3[2mms[22m[39m
 [32m✓[39m src/terminal/prompt-select-styled.test.ts [2m([22m[2m1 test[22m[2m)[22m[32m 3[2mms[22m[39m
 [32m✓[39m src/channels/plugins/normalize/telegram.test.ts [2m([22m[2m6 tests[22m[2m)[22m[32m 3[2mms[22m[39m
 [32m✓[39m src/config/commands.test.ts [2m([22m[2m8 tests[22m[2m)[22m[32m 3[2mms[22m[39m
 [32m✓[39m src/config/agent-dirs.test.ts [2m([22m[2m2 tests[22m[2m)[22m[32m 3[2mms[22m[39m
 [32m✓[39m src/infra/install-mode-options.test.ts [2m([22m[2m4 tests[22m[2m)[22m[32m 2[2mms[22m[39m
 [32m✓[39m src/commands/doctor-legacy-config.test.ts [2m([22m[2m2 tests[22m[2m)[22m[32m 3[2mms[22m[39m
 [32m✓[39m src/plugin-sdk/command-auth.test.ts [2m([22m[2m2 tests[22m[2m)[22m[32m 3[2mms[22m[39m
 [32m✓[39m src/channels/plugins/status-issues/whatsapp.test.ts [2m([22m[2m3 tests[22m[2m)[22m[32m 3[2mms[22m[39m
 [32m✓[39m src/telegram/draft-chunking.test.ts [2m([22m[2m3 tests[22m[2m)[22m[32m 3[2mms[22m[39m
 [32m✓[39m src/shared/avatar-policy.test.ts [2m([22m[2m5 tests[22m[2m)[22m[32m 3[2mms[22m[39m
 [32m✓[39m src/plugins/logger.test.ts [2m([22m[2m1 test[22m[2m)[22m[32m 3[2mms[22m[39m
 [32m✓[39m src/agents/model-ref-profile.test.ts [2m([22m[2m7 tests[22m[2m)[22m[32m 2[2mms[22m[39m
 [32m✓[39m src/infra/provider-usage.fetch.shared.test.ts [2m([22m[2m3 tests[22m[2m)[22m[32m 3[2mms[22m[39m
 [32m✓[39m src/acp/policy.test.ts [2m([22m[2m4 tests[22m[2m)[22m[32m 3[2mms[22m[39m
 [32m✓[39m src/security/safe-regex.test.ts [2m([22m[2m4 tests[22m[2m)[22m[32m 2[2mms[22m[39m
 [32m✓[39m src/auto-reply/fallback-state.test.ts [2m([22m[2m6 tests[22m[2m)[22m[32m 3[2mms[22m[39m
 [32m✓[39m src/telegram/bot-message-dispatch.sticker-media.test.ts [2m([22m[2m3 tests[22m[2m)[22m[32m 3[2mms[22m[39m
 [32m✓[39m src/agents/auth-profiles.resolve-auth-profile-order.orders-by-lastused-no-explicit-order-exists.test.ts [2m([22m[2m2 tests[22m[2m)[22m[32m 3[2mms[22m[39m
 [32m✓[39m src/agents/compaction.tool-result-details.test.ts [2m([22m[2m2 tests[22m[2m)[22m[32m 3[2mms[22m[39m
 [32m✓[39m src/plugins/enable.test.ts [2m([22m[2m6 tests[22m[2m)[22m[32m 3[2mms[22m[39m
 [32m✓[39m src/cron/stagger.test.ts [2m([22m[2m4 tests[22m[2m)[22m[32m 3[2mms[22m[39m
 [32m✓[39m src/signal/probe.test.ts [2m([22m[2m6 tests[22m[2m)[22m[32m 3[2mms[22m[39m
 [32m✓[39m src/agents/observer/mediator.test.ts [2m([22m[2m3 tests[22m[2m)[22m[32m 3[2mms[22m[39m
 [32m✓[39m src/telegram/inline-buttons.test.ts [2m([22m[2m6 tests[22m[2m)[22m[32m 2[2mms[22m[39m
 [32m✓[39m src/agents/tool-mutation.test.ts [2m([22m[2m5 tests[22m[2m)[22m[32m 3[2mms[22m[39m
 [32m✓[39m src/telegram/bot.helpers.test.ts [2m([22m[2m4 tests[22m[2m)[22m[32m 2[2mms[22m[39m
 [32m✓[39m src/commands/models/list.list-command.forward-compat.test.ts [2m([22m[2m1 test[22m[2m)[22m[32m 3[2mms[22m[39m
 [32m✓[39m src/plugins/bundled-sources.test.ts [2m([22m[2m2 tests[22m[2m)[22m[32m 3[2mms[22m[39m
 [32m✓[39m src/plugin-sdk/group-access.test.ts [2m([22m[2m4 tests[22m[2m)[22m[32m 3[2mms[22m[39m
 [32m✓[39m src/channels/location.test.ts [2m([22m[2m4 tests[22m[2m)[22m[32m 2[2mms[22m[39m
 [32m✓[39m src/browser/routes/agent.shared.test.ts [2m([22m[2m4 tests[22m[2m)[22m[32m 3[2mms[22m[39m
 [32m✓[39m src/config/config.talk-api-key-fallback.test.ts [2m([22m[2m2 tests[22m[2m)[22m[32m 3[2mms[22m[39m
 [32m✓[39m src/channels/command-gating.test.ts [2m([22m[2m8 tests[22m[2m)[22m[32m 2[2mms[22m[39m
 [32m✓[39m src/agents/pi-embedded-runner/thinking.test.ts [2m([22m[2m4 tests[22m[2m)[22m[32m 2[2mms[22m[39m
 [32m✓[39m src/daemon/systemd-unit.test.ts [2m([22m[2m2 tests[22m[2m)[22m[32m 2[2mms[22m[39m
 [32m✓[39m src/config/sessions/delivery-info.test.ts [2m([22m[2m4 tests[22m[2m)[22m[32m 2[2mms[22m[39m
 [32m✓[39m src/agents/pi-embedded-runner/extra-params.cache-retention-default.test.ts [2m([22m[2m7 tests[22m[2m)[22m[32m 3[2mms[22m[39m
 [32m✓[39m src/channels/plugins/onboarding/imessage.test.ts [2m([22m[2m3 tests[22m[2m)[22m[32m 3[2mms[22m[39m
 [32m✓[39m src/agents/system-prompt-report.test.ts [2m([22m[2m6 tests[22m[2m)[22m[32m 2[2mms[22m[39m
 [32m✓[39m src/dockerfile.test.ts [2m([22m[2m1 test[22m[2m)[22m[32m 2[2mms[22m[39m
 [32m✓[39m src/tts/prepare-text.test.ts [2m([22m[2m5 tests[22m[2m)[22m[32m 3[2mms[22m[39m
 [32m✓[39m src/commands/onboard-auth.config-shared.test.ts [2m([22m[2m3 tests[22m[2m)[22m[32m 3[2mms[22m[39m
 [32m✓[39m src/cli/program/command-tree.test.ts [2m([22m[2m4 tests[22m[2m)[22m[32m 2[2mms[22m[39m
 [32m✓[39m src/discord/monitor/thread-bindings.discord-api.test.ts [2m([22m[2m4 tests[22m[2m)[22m[32m 3[2mms[22m[39m
 [32m✓[39m src/discord/accounts.test.ts [2m([22m[2m3 tests[22m[2m)[22m[32m 2[2mms[22m[39m
 [32m✓[39m src/agents/identity-file.test.ts [2m([22m[2m2 tests[22m[2m)[22m[32m 2[2mms[22m[39m
 [32m✓[39m src/agents/sandbox/bind-spec.test.ts [2m([22m[2m3 tests[22m[2m)[22m[32m 3[2mms[22m[39m
 [32m✓[39m src/agents/tool-fs-policy.test.ts [2m([22m[2m4 tests[22m[2m)[22m[32m 2[2mms[22m[39m
 [32m✓[39m src/infra/home-dir.test.ts [2m([22m[2m8 tests[22m[2m)[22m[32m 3[2mms[22m[39m
 [32m✓[39m src/security/audit-extra.sync.test.ts [2m([22m[2m7 tests[22m[2m)[22m[32m 3[2mms[22m[39m
 [32m✓[39m src/memory/qmd-scope.test.ts [2m([22m[2m6 tests[22m[2m)[22m[32m 3[2mms[22m[39m
 [32m✓[39m src/agents/bootstrap-cache.test.ts [2m([22m[2m5 tests[22m[2m)[22m[32m 2[2mms[22m[39m
 [32m✓[39m src/memory/batch-output.test.ts [2m([22m[2m3 tests[22m[2m)[22m[32m 3[2mms[22m[39m
 [32m✓[39m src/agents/session-slug.test.ts [2m([22m[2m3 tests[22m[2m)[22m[32m 3[2mms[22m[39m
 [32m✓[39m src/commands/configure.gateway-auth.prompt-auth-config.test.ts [2m([22m[2m2 tests[22m[2m)[22m[32m 3[2mms[22m[39m
 [32m✓[39m src/agents/owner-display.test.ts [2m([22m[2m5 tests[22m[2m)[22m[32m 3[2mms[22m[39m
 [32m✓[39m src/infra/fixed-window-rate-limit.test.ts [2m([22m[2m2 tests[22m[2m)[22m[32m 2[2mms[22m[39m
 [32m✓[39m src/shared/string-normalization.test.ts [2m([22m[2m4 tests[22m[2m)[22m[32m 3[2mms[22m[39m
 [32m✓[39m src/discord/token.test.ts [2m([22m[2m3 tests[22m[2m)[22m[32m 2[2mms[22m[39m
 [32m✓[39m src/routing/account-id.test.ts [2m([22m[2m5 tests[22m[2m)[22m[32m 2[2mms[22m[39m
 [32m✓[39m src/infra/heartbeat-reason.test.ts [2m([22m[2m5 tests[22m[2m)[22m[32m 2[2mms[22m[39m
 [32m✓[39m src/browser/chrome-extension-manifest.test.ts [2m([22m[2m2 tests[22m[2m)[22m[32m 3[2mms[22m[39m
 [32m✓[39m src/channels/model-overrides.test.ts [2m([22m[2m3 tests[22m[2m)[22m[32m 2[2mms[22m[39m
 [32m✓[39m src/agents/identity.human-delay.test.ts [2m([22m[2m2 tests[22m[2m)[22m[32m 2[2mms[22m[39m
 [32m✓[39m src/slack/threading.test.ts [2m([22m[2m7 tests[22m[2m)[22m[32m 2[2mms[22m[39m
 [32m✓[39m src/agents/identity.test.ts [2m([22m[2m6 tests[22m[2m)[22m[32m 3[2mms[22m[39m
 [32m✓[39m src/cli/completion-fish.test.ts [2m([22m[2m4 tests[22m[2m)[22m[32m 3[2mms[22m[39m
 [32m✓[39m src/config/merge-patch.proto-pollution.test.ts [2m([22m[2m4 tests[22m[2m)[22m[32m 5[2mms[22m[39m
 [32m✓[39m src/cli/progress.test.ts [2m([22m[2m2 tests[22m[2m)[22m[32m 3[2mms[22m[39m
 [32m✓[39m src/agents/acp-binding-architecture.guardrail.test.ts [2m([22m[2m1 test[22m[2m)[22m[32m 2[2mms[22m[39m
 [32m✓[39m src/line/monitor.fail-closed.test.ts [2m([22m[2m2 tests[22m[2m)[22m[32m 4[2mms[22m[39m
 [32m✓[39m src/infra/skills-remote.test.ts [2m([22m[2m2 tests[22m[2m)[22m[32m 3[2mms[22m[39m
 [32m✓[39m src/agents/pi-embedded-runner/google.test.ts [2m([22m[2m2 tests[22m[2m)[22m[32m 4[2mms[22m[39m
 [32m✓[39m src/agents/pi-project-settings.test.ts [2m([22m[2m5 tests[22m[2m)[22m[32m 3[2mms[22m[39m
 [32m✓[39m src/browser/chrome.default-browser.test.ts [2m([22m[2m2 tests[22m[2m)[22m[32m 4[2mms[22m[39m
 [32m✓[39m src/agents/test-helpers/pi-tools-sandbox-context.test.ts [2m([22m[2m2 tests[22m[2m)[22m[32m 3[2mms[22m[39m
 [32m✓[39m src/memory/batch-error-utils.test.ts [2m([22m[2m4 tests[22m[2m)[22m[32m 4[2mms[22m[39m
 [32m✓[39m src/hooks/module-loader.test.ts [2m([22m[2m5 tests[22m[2m)[22m[32m 5[2mms[22m[39m
 [32m✓[39m src/daemon/runtime-binary.test.ts [2m([22m[2m6 tests[22m[2m)[22m[32m 2[2mms[22m[39m
 [32m✓[39m src/cli/nodes-media-utils.test.ts [2m([22m[2m2 tests[22m[2m)[22m[32m 2[2mms[22m[39m
 [32m✓[39m src/agents/tools/common.test.ts [2m([22m[2m3 tests[22m[2m)[22m[32m 5[2mms[22m[39m
 [32m✓[39m src/agents/skills.resolveskillspromptforrun.test.ts [2m([22m[2m2 tests[22m[2m)[22m[32m 6[2mms[22m[39m
 [32m✓[39m src/media-understanding/format.test.ts [2m([22m[2m5 tests[22m[2m)[22m[32m 3[2mms[22m[39m
 [32m✓[39m src/agents/pi-embedded-runner/run/compaction-timeout.test.ts [2m([22m[2m4 tests[22m[2m)[22m[32m 5[2mms[22m[39m
 [32m✓[39m src/web/auto-reply/monitor/group-members.test.ts [2m([22m[2m5 tests[22m[2m)[22m[32m 8[2mms[22m[39m
 [32m✓[39m src/cron/delivery.test.ts [2m([22m[2m4 tests[22m[2m)[22m[32m 5[2mms[22m[39m
 [32m✓[39m src/signal/monitor.test.ts [2m([22m[2m6 tests[22m[2m)[22m[32m 2[2mms[22m[39m
 [32m✓[39m src/agents/pi-embedded-runner/cache-ttl.test.ts [2m([22m[2m5 tests[22m[2m)[22m[32m 2[2mms[22m[39m
 [32m✓[39m src/utils/reaction-level.test.ts [2m([22m[2m5 tests[22m[2m)[22m[32m 6[2mms[22m[39m
 [32m✓[39m src/cli/plugins-config.test.ts [2m([22m[2m3 tests[22m[2m)[22m[32m 2[2mms[22m[39m
 [32m✓[39m src/plugin-sdk/allow-from.test.ts [2m([22m[2m7 tests[22m[2m)[22m[32m 2[2mms[22m[39m
 [32m✓[39m src/commands/models.auth.provider-resolution.test.ts [2m([22m[2m2 tests[22m[2m)[22m[32m 3[2mms[22m[39m
 [32m✓[39m src/media-understanding/providers/index.test.ts [2m([22m[2m3 tests[22m[2m)[22m[32m 3[2mms[22m[39m
 [32m✓[39m src/channels/sender-label.test.ts [2m([22m[2m4 tests[22m[2m)[22m[32m 2[2mms[22m[39m
 [32m✓[39m src/agents/skills/filter.test.ts [2m([22m[2m4 tests[22m[2m)[22m[32m 2[2mms[22m[39m
 [32m✓[39m src/agents/pi-embedded-runner.get-dm-history-limit-from-session-key.falls-back-provider-default-per-dm-not.test.ts [2m([22m[2m5 tests[22m[2m)[22m[32m 2[2mms[22m[39m
 [32m✓[39m src/channels/conversation-label.test.ts [2m([22m[2m8 tests[22m[2m)[22m[32m 2[2mms[22m[39m
 [32m✓[39m src/markdown/whatsapp.test.ts [2m([22m[2m3 tests[22m[2m)[22m[32m 2[2mms[22m[39m
 [32m✓[39m src/plugin-sdk/index.test.ts [2m([22m[2m1 test[22m[2m)[22m[32m 3[2mms[22m[39m
 [32m✓[39m src/media-understanding/defaults.test.ts [2m([22m[2m3 tests[22m[2m)[22m[32m 2[2mms[22m[39m
 [32m✓[39m src/infra/install-safe-path.test.ts [2m([22m[2m3 tests[22m[2m)[22m[32m 3[2mms[22m[39m
 [32m✓[39m src/infra/agent-events.test.ts [2m([22m[2m3 tests[22m[2m)[22m[32m 2[2mms[22m[39m
 [32m✓[39m src/infra/env.test.ts [2m([22m[2m6 tests[22m[2m)[22m[32m 3[2mms[22m[39m
 [32m✓[39m src/utils/usage-format.test.ts [2m([22m[2m3 tests[22m[2m)[22m[32m 2[2mms[22m[39m
 [32m✓[39m test/appcast.test.ts [2m([22m[2m1 test[22m[2m)[22m[32m 2[2mms[22m[39m
 [32m✓[39m src/agents/model-auth-label.test.ts [2m([22m[2m2 tests[22m[2m)[22m[32m 2[2mms[22m[39m
 [32m✓[39m src/auto-reply/reply/typing-policy.test.ts [2m([22m[2m5 tests[22m[2m)[22m[32m 2[2mms[22m[39m
 [32m✓[39m src/channels/registry.helpers.test.ts [2m([22m[2m4 tests[22m[2m)[22m[32m 3[2mms[22m[39m
 [32m✓[39m src/agents/pty-keys.test.ts [2m([22m[2m5 tests[22m[2m)[22m[32m 2[2mms[22m[39m
 [32m✓[39m src/agents/observer/identity-guard.test.ts [2m([22m[2m4 tests[22m[2m)[22m[32m 2[2mms[22m[39m
 [32m✓[39m src/cli/update-cli/progress.test.ts [2m([22m[2m3 tests[22m[2m)[22m[32m 2[2mms[22m[39m
 [32m✓[39m src/channels/plugins/onboarding/telegram.test.ts [2m([22m[2m3 tests[22m[2m)[22m[32m 2[2mms[22m[39m
 [32m✓[39m src/discord/probe.intents.test.ts [2m([22m[2m4 tests[22m[2m)[22m[32m 2[2mms[22m[39m
 [32m✓[39m src/plugin-sdk/text-chunking.test.ts [2m([22m[2m3 tests[22m[2m)[22m[32m 2[2mms[22m[39m
 [32m✓[39m src/shared/node-list-parse.test.ts [2m([22m[2m2 tests[22m[2m)[22m[32m 2[2mms[22m[39m
 [32m✓[39m src/infra/widearea-dns.test.ts [2m([22m[2m2 tests[22m[2m)[22m[32m 2[2mms[22m[39m
 [32m✓[39m src/slack/monitor/message-handler/dispatch.streaming.test.ts [2m([22m[2m5 tests[22m[2m)[22m[32m 2[2mms[22m[39m
 [32m✓[39m src/auto-reply/reply/origin-routing.test.ts [2m([22m[2m4 tests[22m[2m)[22m[32m 2[2mms[22m[39m
 [32m✓[39m src/agents/cli-backends.test.ts [2m([22m[2m1 test[22m[2m)[22m[32m 2[2mms[22m[39m
 [32m✓[39m src/infra/scp-host.test.ts [2m([22m[2m2 tests[22m[2m)[22m[32m 2[2mms[22m[39m
 [32m✓[39m src/logging/parse-log-line.test.ts [2m([22m[2m3 tests[22m[2m)[22m[32m 2[2mms[22m[39m
 [32m✓[39m src/shared/operator-scope-compat.test.ts [2m([22m[2m5 tests[22m[2m)[22m[32m 2[2mms[22m[39m
 [32m✓[39m src/sessions/send-policy.test.ts [2m([22m[2m5 tests[22m[2m)[22m[32m 3[2mms[22m[39m
 [32m✓[39m src/channels/mention-gating.test.ts [2m([22m[2m5 tests[22m[2m)[22m[32m 2[2mms[22m[39m
 [32m✓[39m src/media/image-ops.helpers.test.ts [2m([22m[2m3 tests[22m[2m)[22m[32m 2[2mms[22m[39m
 [32m✓[39m src/config/sessions/cache-fields.test.ts [2m([22m[2m4 tests[22m[2m)[22m[32m 2[2mms[22m[39m
 [32m✓[39m src/cli/program/context.test.ts [2m([22m[2m2 tests[22m[2m)[22m[32m 2[2mms[22m[39m
 [32m✓[39m src/imessage/probe.test.ts [2m([22m[2m1 test[22m[2m)[22m[32m 2[2mms[22m[39m
 [32m✓[39m src/cli/outbound-send-mapping.test.ts [2m([22m[2m1 test[22m[2m)[22m[32m 2[2mms[22m[39m
 [32m✓[39m src/cli/log-level-option.test.ts [2m([22m[2m2 tests[22m[2m)[22m[32m 2[2mms[22m[39m
 [32m✓[39m src/shared/config-eval.test.ts [2m([22m[2m4 tests[22m[2m)[22m[32m 2[2mms[22m[39m
 [32m✓[39m src/commands/models/list.auth-overview.test.ts [2m([22m[2m1 test[22m[2m)[22m[32m 2[2mms[22m[39m
 [32m✓[39m src/acp/runtime/error-text.test.ts [2m([22m[2m2 tests[22m[2m)[22m[32m 2[2mms[22m[39m
 [32m✓[39m src/cli/prompt.test.ts [2m([22m[2m2 tests[22m[2m)[22m[32m 2[2mms[22m[39m
 [32m✓[39m src/infra/file-identity.test.ts [2m([22m[2m6 tests[22m[2m)[22m[32m 3[2mms[22m[39m
 [32m✓[39m src/cron/isolated-agent/run.session-key.test.ts [2m([22m[2m4 tests[22m[2m)[22m[32m 2[2mms[22m[39m
 [32m✓[39m src/plugins/source-display.test.ts [2m([22m[2m3 tests[22m[2m)[22m[32m 2[2mms[22m[39m
 [32m✓[39m src/telegram/group-access.base-access.test.ts [2m([22m[2m3 tests[22m[2m)[22m[32m 2[2mms[22m[39m
 [32m✓[39m src/agents/pi-embedded-subscribe.tools.test.ts [2m([22m[2m2 tests[22m[2m)[22m[32m 2[2mms[22m[39m
 [32m✓[39m src/infra/system-run-approval-mismatch.contract.test.ts [2m([22m[2m3 tests[22m[2m)[22m[32m 2[2mms[22m[39m
 [32m✓[39m src/cron/service/timeout-policy.test.ts [2m([22m[2m4 tests[22m[2m)[22m[32m 2[2mms[22m[39m
 [32m✓[39m src/telegram/bot-message.test.ts [2m([22m[2m2 tests[22m[2m)[22m[32m 2[2mms[22m[39m
 [32m✓[39m src/agents/compaction.token-sanitize.test.ts [2m([22m[2m1 test[22m[2m)[22m[32m 2[2mms[22m[39m
 [32m✓[39m src/agents/pi-embedded-runner.buildembeddedsandboxinfo.test.ts [2m([22m[2m3 tests[22m[2m)[22m[32m 3[2mms[22m[39m
 [32m✓[39m src/plugins/hooks.phase-hooks.test.ts [2m([22m[2m2 tests[22m[2m)[22m[32m 3[2mms[22m[39m
 [32m✓[39m ui/src/ui/views/agents-utils.test.ts [2m([22m[2m3 tests[22m[2m)[22m[32m 2[2mms[22m[39m
 [32m✓[39m src/wizard/clack-prompter.test.ts [2m([22m[2m3 tests[22m[2m)[22m[32m 20[2mms[22m[39m
 [32m✓[39m src/tui/tui-waiting.test.ts [2m([22m[2m2 tests[22m[2m)[22m[32m 2[2mms[22m[39m
 [32m✓[39m src/commands/onboard-config.test.ts [2m([22m[2m3 tests[22m[2m)[22m[32m 2[2mms[22m[39m
 [32m✓[39m src/utils/message-channel.test.ts [2m([22m[2m2 tests[22m[2m)[22m[32m 2[2mms[22m[39m
 [32m✓[39m src/agents/content-blocks.test.ts [2m([22m[2m2 tests[22m[2m)[22m[32m 2[2mms[22m[39m
 [32m✓[39m src/agents/pi-embedded-runner.history-limit-from-session-key.test.ts [2m([22m[2m3 tests[22m[2m)[22m[32m 2[2mms[22m[39m
 [32m✓[39m src/utils/mask-api-key.test.ts [2m([22m[2m3 tests[22m[2m)[22m[32m 2[2mms[22m[39m
 [32m✓[39m src/telegram/group-access.group-policy.test.ts [2m([22m[2m3 tests[22m[2m)[22m[32m 2[2mms[22m[39m
 [32m✓[39m src/infra/outbound/conversation-id.test.ts [2m([22m[2m5 tests[22m[2m)[22m[32m 2[2mms[22m[39m
 [32m✓[39m src/commands/text-format.test.ts [2m([22m[2m3 tests[22m[2m)[22m[32m 2[2mms[22m[39m
 [32m✓[39m src/agents/transcript-policy.policy.test.ts [2m([22m[2m2 tests[22m[2m)[22m[32m 2[2mms[22m[39m
 [32m✓[39m src/cli/daemon-cli/shared.test.ts [2m([22m[2m2 tests[22m[2m)[22m[32m 2[2mms[22m[39m
 [32m✓[39m src/cli/program.nodes-test-helpers.test.ts [2m([22m[2m1 test[22m[2m)[22m[32m 2[2mms[22m[39m
 [32m✓[39m src/channels/telegram/allow-from.test.ts [2m([22m[2m2 tests[22m[2m)[22m[32m 2[2mms[22m[39m
 [32m✓[39m src/discord/monitor/provider.group-policy.test.ts [2m([22m[2m4 tests[22m[2m)[22m[32m 2[2mms[22m[39m
 [32m✓[39m src/cli/program/program-context.test.ts [2m([22m[2m3 tests[22m[2m)[22m[32m 2[2mms[22m[39m
 [32m✓[39m src/web/inbound/access-control.group-policy.test.ts [2m([22m[2m3 tests[22m[2m)[22m[32m 3[2mms[22m[39m
 [32m✓[39m src/cron/service.issue-22895-every-next-run.test.ts [2m([22m[2m2 tests[22m[2m)[22m[32m 2[2mms[22m[39m
 [32m✓[39m src/agents/auth-profiles.getsoonestcooldownexpiry.test.ts [2m([22m[2m4 tests[22m[2m)[22m[32m 2[2mms[22m[39m
 [32m✓[39m src/commands/doctor-auth.hints.test.ts [2m([22m[2m4 tests[22m[2m)[22m[32m 2[2mms[22m[39m
 [32m✓[39m src/media/base64.test.ts [2m([22m[2m3 tests[22m[2m)[22m[32m 2[2mms[22m[39m
 [32m✓[39m src/channels/plugins/message-actions.test.ts [2m([22m[2m2 tests[22m[2m)[22m[32m 2[2mms[22m[39m
 [32m✓[39m src/infra/system-message.test.ts [2m([22m[2m3 tests[22m[2m)[22m[32m 2[2mms[22m[39m
 [32m✓[39m src/routing/account-lookup.test.ts [2m([22m[2m2 tests[22m[2m)[22m[32m 2[2mms[22m[39m
 [32m✓[39m src/channels/plugins/account-action-gate.test.ts [2m([22m[2m3 tests[22m[2m)[22m[32m 2[2mms[22m[39m
 [32m✓[39m src/agents/image-sanitization.test.ts [2m([22m[2m2 tests[22m[2m)[22m[32m 2[2mms[22m[39m
 [32m✓[39m src/infra/update-channels.test.ts [2m([22m[2m3 tests[22m[2m)[22m[32m 2[2mms[22m[39m
 [32m✓[39m src/discord/monitor/thread-bindings.persona.test.ts [2m([22m[2m3 tests[22m[2m)[22m[32m 2[2mms[22m[39m
 [32m✓[39m src/slack/blocks-fallback.test.ts [2m([22m[2m3 tests[22m[2m)[22m[32m 2[2mms[22m[39m
 [32m✓[39m src/agents/pi-embedded-runner.splitsdktools.test.ts [2m([22m[2m2 tests[22m[2m)[22m[32m 3[2mms[22m[39m
 [32m✓[39m src/discord/monitor/commands.test.ts [2m([22m[2m4 tests[22m[2m)[22m[32m 2[2mms[22m[39m
 [32m✓[39m src/agents/pi-embedded-runner/kilocode.test.ts [2m([22m[2m4 tests[22m[2m)[22m[32m 2[2mms[22m[39m
 [32m✓[39m src/agents/skills/frontmatter.test.ts [2m([22m[2m2 tests[22m[2m)[22m[32m 2[2mms[22m[39m
 [32m✓[39m src/infra/heartbeat-events-filter.test.ts [2m([22m[2m3 tests[22m[2m)[22m[32m 2[2mms[22m[39m
 [32m✓[39m src/auto-reply/reply/queue-policy.test.ts [2m([22m[2m4 tests[22m[2m)[22m[32m 2[2mms[22m[39m
 [32m✓[39m src/logging/timestamps.test.ts [2m([22m[2m2 tests[22m[2m)[22m[32m 2[2mms[22m[39m
 [32m✓[39m src/config/legacy.shared.test.ts [2m([22m[2m1 test[22m[2m)[22m[32m 2[2mms[22m[39m
 [32m✓[39m src/agents/workspace.defaults.test.ts [2m([22m[2m1 test[22m[2m)[22m[32m 2[2mms[22m[39m
 [32m✓[39m src/cli/gateway.sigterm.test.ts [2m([22m[2m1 test[22m[2m)[22m[32m 2[2mms[22m[39m
 [32m✓[39m src/agents/sandbox/context.user-fallback.test.ts [2m([22m[2m3 tests[22m[2m)[22m[32m 2[2mms[22m[39m
 [32m✓[39m src/imessage/monitor/provider.group-policy.test.ts [2m([22m[2m3 tests[22m[2m)[22m[32m 2[2mms[22m[39m
 [32m✓[39m src/memory/embeddings-mistral.test.ts [2m([22m[2m3 tests[22m[2m)[22m[32m 2[2mms[22m[39m
 [32m✓[39m src/agents/pi-embedded-subscribe.handlers.messages.test.ts [2m([22m[2m3 tests[22m[2m)[22m[32m 2[2mms[22m[39m
 [32m✓[39m src/commands/status.summary.redaction.test.ts [2m([22m[2m1 test[22m[2m)[22m[32m 2[2mms[22m[39m
 [32m✓[39m src/commands/models/list.probe.test.ts [2m([22m[2m3 tests[22m[2m)[22m[32m 2[2mms[22m[39m
 [32m✓[39m src/agents/tools/tts-tool.test.ts [2m([22m[2m1 test[22m[2m)[22m[32m 2[2mms[22m[39m
 [32m✓[39m src/slack/monitor/provider.group-policy.test.ts [2m([22m[2m3 tests[22m[2m)[22m[32m 2[2mms[22m[39m
 [32m✓[39m src/agents/pi-embedded-runner.createsystempromptoverride.test.ts [2m([22m[2m2 tests[22m[2m)[22m[32m 2[2mms[22m[39m

[2m Test Files [22m [1m[32m1433 passed[39m[22m[90m (1433)[39m
[2m      Tests [22m [1m[32m11729 passed[39m[22m[90m (11729)[39m
[2m   Start at [22m 12:07:48
[2m   Duration [22m 92.22s[2m (transform 44.42s, setup 59.84s, import 854.19s, tests 158.46s, environment 95ms)[22m

 ELIFECYCLE  Test failed. See above for more details.
